[VMEM] WARNING: physical memory size is smaller than virtual memory size.
WARNING: option --warmup_instructions is deprecated. Use --warmup-instructions instead.
WARNING: option --simulation_instructions is deprecated. Use --simulation-instructions instead.

*** ChampSim Multicore Out-of-Order Simulator ***
Warmup Instructions: 5000000
Simulation Instructions: 25000000
Number of CPUs: 1
Page size: 4096

Off-chip DRAM Size: 16 GiB Channels: 1 Width: 64-bit Data Rate: 3205 MT/s
Warmup finished CPU 0 instructions: 5000003 cycles: 1406189 cumulative IPC: 3.556 (Simulation time: 00 hr 00 min 20 sec)
Warmup complete CPU 0 instructions: 5000003 cycles: 1406189 cumulative IPC: 3.556 (Simulation time: 00 hr 00 min 20 sec)
Heartbeat CPU 0 instructions: 10000004 cycles: 7087190 heartbeat IPC: 1.411 cumulative IPC: 0.8801 (Simulation time: 00 hr 01 min 04 sec)
Heartbeat CPU 0 instructions: 20000004 cycles: 18385229 heartbeat IPC: 0.8851 cumulative IPC: 0.8834 (Simulation time: 00 hr 02 min 38 sec)
Heartbeat CPU 0 instructions: 30000005 cycles: 29803211 heartbeat IPC: 0.8758 cumulative IPC: 0.8804 (Simulation time: 00 hr 04 min 09 sec)
Simulation finished CPU 0 instructions: 25000002 cycles: 28397022 cumulative IPC: 0.8804 (Simulation time: 00 hr 04 min 09 sec)
Simulation complete CPU 0 instructions: 25000002 cycles: 28397022 cumulative IPC: 0.8804 (Simulation time: 00 hr 04 min 09 sec)

ChampSim completed all CPUs

=== Simulation ===
CPU 0 runs /mnt/storage/mipt/microarch/data/traces/603.bwaves_s-2931B.champsimtrace.xz

Region of Interest Statistics

CPU 0 cumulative IPC: 0.8804 instructions: 25000002 cycles: 28397022
CPU 0 Branch Prediction Accuracy: 80.62% MPKI: 1.636 Average ROB Occupancy at Mispredict: 300.3
Branch type MPKI
BRANCH_DIRECT_JUMP: 0
BRANCH_INDIRECT: 0
BRANCH_CONDITIONAL: 1.636
BRANCH_DIRECT_CALL: 0
BRANCH_INDIRECT_CALL: 0
BRANCH_RETURN: 0

cpu0->cpu0_STLB TOTAL        ACCESS:      42990 HIT:      37658 MISS:       5332 MSHR_MERGE:          0
cpu0->cpu0_STLB LOAD         ACCESS:      42990 HIT:      37658 MISS:       5332 MSHR_MERGE:          0
cpu0->cpu0_STLB RFO          ACCESS:          0 HIT:          0 MISS:          0 MSHR_MERGE:          0
cpu0->cpu0_STLB PREFETCH     ACCESS:          0 HIT:          0 MISS:          0 MSHR_MERGE:          0
cpu0->cpu0_STLB WRITE        ACCESS:          0 HIT:          0 MISS:          0 MSHR_MERGE:          0
cpu0->cpu0_STLB TRANSLATION  ACCESS:          0 HIT:          0 MISS:          0 MSHR_MERGE:          0
cpu0->cpu0_STLB PREFETCH REQUESTED:          0 ISSUED:          0 USEFUL:          0 USELESS:          0
cpu0->cpu0_STLB AVERAGE MISS LATENCY: 708 cycles
cpu0->cpu0_L2C TOTAL        ACCESS:     586545 HIT:     116071 MISS:     470474 MSHR_MERGE:          0
cpu0->cpu0_L2C LOAD         ACCESS:     259218 HIT:      13434 MISS:     245784 MSHR_MERGE:          0
cpu0->cpu0_L2C RFO          ACCESS:     157374 HIT:       8514 MISS:     148860 MSHR_MERGE:          0
cpu0->cpu0_L2C PREFETCH     ACCESS:          0 HIT:          0 MISS:          0 MSHR_MERGE:          0
cpu0->cpu0_L2C WRITE        ACCESS:     159318 HIT:      92871 MISS:      66447 MSHR_MERGE:          0
cpu0->cpu0_L2C TRANSLATION  ACCESS:      10635 HIT:       1252 MISS:       9383 MSHR_MERGE:          0
cpu0->cpu0_L2C PREFETCH REQUESTED:          0 ISSUED:          0 USEFUL:          0 USELESS:          0
cpu0->cpu0_L2C AVERAGE MISS LATENCY: 179.7 cycles
cpu0->cpu0_L1I TOTAL        ACCESS:    2838384 HIT:    2838376 MISS:          8 MSHR_MERGE:          1
cpu0->cpu0_L1I LOAD         ACCESS:    2838384 HIT:    2838376 MISS:          8 MSHR_MERGE:          1
cpu0->cpu0_L1I RFO          ACCESS:          0 HIT:          0 MISS:          0 MSHR_MERGE:          0
cpu0->cpu0_L1I PREFETCH     ACCESS:          0 HIT:          0 MISS:          0 MSHR_MERGE:          0
cpu0->cpu0_L1I WRITE        ACCESS:          0 HIT:          0 MISS:          0 MSHR_MERGE:          0
cpu0->cpu0_L1I TRANSLATION  ACCESS:          0 HIT:          0 MISS:          0 MSHR_MERGE:          0
cpu0->cpu0_L1I PREFETCH REQUESTED:          0 ISSUED:          0 USEFUL:          0 USELESS:          0
cpu0->cpu0_L1I AVERAGE MISS LATENCY: 217 cycles
cpu0->cpu0_L1D TOTAL        ACCESS:    8275653 HIT:    7465019 MISS:     810634 MSHR_MERGE:     383252
cpu0->cpu0_L1D LOAD         ACCESS:    3691829 HIT:    3430296 MISS:     261533 MSHR_MERGE:       2320
cpu0->cpu0_L1D RFO          ACCESS:          0 HIT:          0 MISS:          0 MSHR_MERGE:          0
cpu0->cpu0_L1D PREFETCH     ACCESS:          0 HIT:          0 MISS:          0 MSHR_MERGE:          0
cpu0->cpu0_L1D WRITE        ACCESS:    4573143 HIT:    4034677 MISS:     538466 MSHR_MERGE:     380932
cpu0->cpu0_L1D TRANSLATION  ACCESS:      10681 HIT:         46 MISS:      10635 MSHR_MERGE:          0
cpu0->cpu0_L1D PREFETCH REQUESTED:          0 ISSUED:          0 USEFUL:          0 USELESS:          0
cpu0->cpu0_L1D AVERAGE MISS LATENCY: 206.2 cycles
cpu0->cpu0_ITLB TOTAL        ACCESS:    2269546 HIT:    2269546 MISS:          0 MSHR_MERGE:          0
cpu0->cpu0_ITLB LOAD         ACCESS:    2269546 HIT:    2269546 MISS:          0 MSHR_MERGE:          0
cpu0->cpu0_ITLB RFO          ACCESS:          0 HIT:          0 MISS:          0 MSHR_MERGE:          0
cpu0->cpu0_ITLB PREFETCH     ACCESS:          0 HIT:          0 MISS:          0 MSHR_MERGE:          0
cpu0->cpu0_ITLB WRITE        ACCESS:          0 HIT:          0 MISS:          0 MSHR_MERGE:          0
cpu0->cpu0_ITLB TRANSLATION  ACCESS:          0 HIT:          0 MISS:          0 MSHR_MERGE:          0
cpu0->cpu0_ITLB PREFETCH REQUESTED:          0 ISSUED:          0 USEFUL:          0 USELESS:          0
cpu0->cpu0_ITLB AVERAGE MISS LATENCY: - cycles
cpu0->cpu0_DTLB TOTAL        ACCESS:    7580512 HIT:    7532382 MISS:      48130 MSHR_MERGE:       5140
cpu0->cpu0_DTLB LOAD         ACCESS:    7580512 HIT:    7532382 MISS:      48130 MSHR_MERGE:       5140
cpu0->cpu0_DTLB RFO          ACCESS:          0 HIT:          0 MISS:          0 MSHR_MERGE:          0
cpu0->cpu0_DTLB PREFETCH     ACCESS:          0 HIT:          0 MISS:          0 MSHR_MERGE:          0
cpu0->cpu0_DTLB WRITE        ACCESS:          0 HIT:          0 MISS:          0 MSHR_MERGE:          0
cpu0->cpu0_DTLB TRANSLATION  ACCESS:          0 HIT:          0 MISS:          0 MSHR_MERGE:          0
cpu0->cpu0_DTLB PREFETCH REQUESTED:          0 ISSUED:          0 USEFUL:          0 USELESS:          0
cpu0->cpu0_DTLB AVERAGE MISS LATENCY: 92.94 cycles
cpu0->LLC TOTAL        ACCESS:     554084 HIT:     201261 MISS:     352823 MSHR_MERGE:          0
cpu0->LLC LOAD         ACCESS:     245784 HIT:      53373 MISS:     192411 MSHR_MERGE:          0
cpu0->LLC RFO          ACCESS:     148860 HIT:         19 MISS:     148841 MSHR_MERGE:          0
cpu0->LLC PREFETCH     ACCESS:          0 HIT:          0 MISS:          0 MSHR_MERGE:          0
cpu0->LLC WRITE        ACCESS:     150057 HIT:     144639 MISS:       5418 MSHR_MERGE:          0
cpu0->LLC TRANSLATION  ACCESS:       9383 HIT:       3230 MISS:       6153 MSHR_MERGE:          0
cpu0->LLC PREFETCH REQUESTED:          0 ISSUED:          0 USEFUL:          0 USELESS:          0
cpu0->LLC AVERAGE MISS LATENCY: 220.8 cycles

DRAM Statistics

Channel 0 RQ ROW_BUFFER_HIT:          3
  ROW_BUFFER_MISS:     347401
  AVG DBUS CONGESTED CYCLE: 11.47
Channel 0 WQ ROW_BUFFER_HIT:      53959
  ROW_BUFFER_MISS:      96080
  FULL:          0
Channel 0 REFRESHES ISSUED:       2366
