[VMEM] WARNING: physical memory size is smaller than virtual memory size.
WARNING: option --warmup_instructions is deprecated. Use --warmup-instructions instead.
WARNING: option --simulation_instructions is deprecated. Use --simulation-instructions instead.

*** ChampSim Multicore Out-of-Order Simulator ***
Warmup Instructions: 5000000
Simulation Instructions: 25000000
Number of CPUs: 1
Page size: 4096

Off-chip DRAM Size: 16 GiB Channels: 1 Width: 64-bit Data Rate: 3205 MT/s
Warmup finished CPU 0 instructions: 5000001 cycles: 2096303 cumulative IPC: 2.385 (Simulation time: 00 hr 00 min 20 sec)
Warmup complete CPU 0 instructions: 5000001 cycles: 2096303 cumulative IPC: 2.385 (Simulation time: 00 hr 00 min 20 sec)
Heartbeat CPU 0 instructions: 10000001 cycles: 23200512 heartbeat IPC: 0.431 cumulative IPC: 0.2369 (Simulation time: 00 hr 03 min 04 sec)
Heartbeat CPU 0 instructions: 20000001 cycles: 64587104 heartbeat IPC: 0.2416 cumulative IPC: 0.24 (Simulation time: 00 hr 07 min 42 sec)
Heartbeat CPU 0 instructions: 30000002 cycles: 105802680 heartbeat IPC: 0.2426 cumulative IPC: 0.2411 (Simulation time: 00 hr 11 min 29 sec)
Simulation finished CPU 0 instructions: 25000001 cycles: 103706377 cumulative IPC: 0.2411 (Simulation time: 00 hr 11 min 29 sec)
Simulation complete CPU 0 instructions: 25000001 cycles: 103706377 cumulative IPC: 0.2411 (Simulation time: 00 hr 11 min 29 sec)

ChampSim completed all CPUs

=== Simulation ===
CPU 0 runs /mnt/storage/mipt/microarch/data/traces/605.mcf_s-1536B.champsimtrace.xz

Region of Interest Statistics

CPU 0 cumulative IPC: 0.2411 instructions: 25000001 cycles: 103706377
CPU 0 Branch Prediction Accuracy: 99.98% MPKI: 0.03768 Average ROB Occupancy at Mispredict: 190.4
Branch type MPKI
BRANCH_DIRECT_JUMP: 0
BRANCH_INDIRECT: 0
BRANCH_CONDITIONAL: 0.03768
BRANCH_DIRECT_CALL: 0
BRANCH_INDIRECT_CALL: 0
BRANCH_RETURN: 0

cpu0->cpu0_STLB TOTAL        ACCESS:     691075 HIT:     130074 MISS:     561001 MSHR_MERGE:          0
cpu0->cpu0_STLB LOAD         ACCESS:     691075 HIT:     130074 MISS:     561001 MSHR_MERGE:          0
cpu0->cpu0_STLB RFO          ACCESS:          0 HIT:          0 MISS:          0 MSHR_MERGE:          0
cpu0->cpu0_STLB PREFETCH     ACCESS:          0 HIT:          0 MISS:          0 MSHR_MERGE:          0
cpu0->cpu0_STLB WRITE        ACCESS:          0 HIT:          0 MISS:          0 MSHR_MERGE:          0
cpu0->cpu0_STLB TRANSLATION  ACCESS:          0 HIT:          0 MISS:          0 MSHR_MERGE:          0
cpu0->cpu0_STLB PREFETCH REQUESTED:          0 ISSUED:          0 USEFUL:          0 USELESS:          0
cpu0->cpu0_STLB AVERAGE MISS LATENCY: 87.89 cycles
cpu0->cpu0_L2C TOTAL        ACCESS:    2906763 HIT:     714027 MISS:    2192736 MSHR_MERGE:          0
cpu0->cpu0_L2C LOAD         ACCESS:    1154933 HIT:     368725 MISS:     786208 MSHR_MERGE:          0
cpu0->cpu0_L2C RFO          ACCESS:      71350 HIT:       2067 MISS:      69283 MSHR_MERGE:          0
cpu0->cpu0_L2C PREFETCH     ACCESS:          0 HIT:          0 MISS:          0 MSHR_MERGE:          0
cpu0->cpu0_L2C WRITE        ACCESS:     556354 HIT:     260457 MISS:     295897 MSHR_MERGE:          0
cpu0->cpu0_L2C TRANSLATION  ACCESS:    1124126 HIT:      82778 MISS:    1041348 MSHR_MERGE:          0
cpu0->cpu0_L2C PREFETCH REQUESTED:          0 ISSUED:          0 USEFUL:          0 USELESS:          0
cpu0->cpu0_L2C AVERAGE MISS LATENCY: 83.54 cycles
cpu0->cpu0_L1I TOTAL        ACCESS:    5559045 HIT:    5559045 MISS:          0 MSHR_MERGE:          0
cpu0->cpu0_L1I LOAD         ACCESS:    5559045 HIT:    5559045 MISS:          0 MSHR_MERGE:          0
cpu0->cpu0_L1I RFO          ACCESS:          0 HIT:          0 MISS:          0 MSHR_MERGE:          0
cpu0->cpu0_L1I PREFETCH     ACCESS:          0 HIT:          0 MISS:          0 MSHR_MERGE:          0
cpu0->cpu0_L1I WRITE        ACCESS:          0 HIT:          0 MISS:          0 MSHR_MERGE:          0
cpu0->cpu0_L1I TRANSLATION  ACCESS:          0 HIT:          0 MISS:          0 MSHR_MERGE:          0
cpu0->cpu0_L1I PREFETCH REQUESTED:          0 ISSUED:          0 USEFUL:          0 USELESS:          0
cpu0->cpu0_L1I AVERAGE MISS LATENCY: - cycles
cpu0->cpu0_L1D TOTAL        ACCESS:    7299295 HIT:    4109193 MISS:    3190102 MSHR_MERGE:     839684
cpu0->cpu0_L1D LOAD         ACCESS:    4988661 HIT:    2999258 MISS:    1989403 MSHR_MERGE:     834470
cpu0->cpu0_L1D RFO          ACCESS:          0 HIT:          0 MISS:          0 MSHR_MERGE:          0
cpu0->cpu0_L1D PREFETCH     ACCESS:          0 HIT:          0 MISS:          0 MSHR_MERGE:          0
cpu0->cpu0_L1D WRITE        ACCESS:    1108563 HIT:    1037178 MISS:      71385 MSHR_MERGE:         26
cpu0->cpu0_L1D TRANSLATION  ACCESS:    1202071 HIT:      72757 MISS:    1129314 MSHR_MERGE:       5188
cpu0->cpu0_L1D PREFETCH REQUESTED:          0 ISSUED:          0 USEFUL:          0 USELESS:          0
cpu0->cpu0_L1D AVERAGE MISS LATENCY: 86.35 cycles
cpu0->cpu0_ITLB TOTAL        ACCESS:    4982330 HIT:    4982330 MISS:          0 MSHR_MERGE:          0
cpu0->cpu0_ITLB LOAD         ACCESS:    4982330 HIT:    4982330 MISS:          0 MSHR_MERGE:          0
cpu0->cpu0_ITLB RFO          ACCESS:          0 HIT:          0 MISS:          0 MSHR_MERGE:          0
cpu0->cpu0_ITLB PREFETCH     ACCESS:          0 HIT:          0 MISS:          0 MSHR_MERGE:          0
cpu0->cpu0_ITLB WRITE        ACCESS:          0 HIT:          0 MISS:          0 MSHR_MERGE:          0
cpu0->cpu0_ITLB TRANSLATION  ACCESS:          0 HIT:          0 MISS:          0 MSHR_MERGE:          0
cpu0->cpu0_ITLB PREFETCH REQUESTED:          0 ISSUED:          0 USEFUL:          0 USELESS:          0
cpu0->cpu0_ITLB AVERAGE MISS LATENCY: - cycles
cpu0->cpu0_DTLB TOTAL        ACCESS:    6052282 HIT:    4355503 MISS:    1696779 MSHR_MERGE:    1005704
cpu0->cpu0_DTLB LOAD         ACCESS:    6052282 HIT:    4355503 MISS:    1696779 MSHR_MERGE:    1005704
cpu0->cpu0_DTLB RFO          ACCESS:          0 HIT:          0 MISS:          0 MSHR_MERGE:          0
cpu0->cpu0_DTLB PREFETCH     ACCESS:          0 HIT:          0 MISS:          0 MSHR_MERGE:          0
cpu0->cpu0_DTLB WRITE        ACCESS:          0 HIT:          0 MISS:          0 MSHR_MERGE:          0
cpu0->cpu0_DTLB TRANSLATION  ACCESS:          0 HIT:          0 MISS:          0 MSHR_MERGE:          0
cpu0->cpu0_DTLB PREFETCH REQUESTED:          0 ISSUED:          0 USEFUL:          0 USELESS:          0
cpu0->cpu0_DTLB AVERAGE MISS LATENCY: 77.16 cycles
cpu0->LLC TOTAL        ACCESS:    2451876 HIT:    1771862 MISS:     680014 MSHR_MERGE:          0
cpu0->LLC LOAD         ACCESS:     786208 HIT:     153439 MISS:     632769 MSHR_MERGE:          0
cpu0->LLC RFO          ACCESS:      69283 HIT:      69277 MISS:          6 MSHR_MERGE:          0
cpu0->LLC PREFETCH     ACCESS:          0 HIT:          0 MISS:          0 MSHR_MERGE:          0
cpu0->LLC WRITE        ACCESS:     555037 HIT:     554279 MISS:        758 MSHR_MERGE:          0
cpu0->LLC TRANSLATION  ACCESS:    1041348 HIT:     994867 MISS:      46481 MSHR_MERGE:          0
cpu0->LLC PREFETCH REQUESTED:          0 ISSUED:          0 USEFUL:          0 USELESS:          0
cpu0->LLC AVERAGE MISS LATENCY: 224.8 cycles

DRAM Statistics

Channel 0 RQ ROW_BUFFER_HIT:        151
  ROW_BUFFER_MISS:     679104
  AVG DBUS CONGESTED CYCLE: 5.884
Channel 0 WQ ROW_BUFFER_HIT:     182345
  ROW_BUFFER_MISS:     373444
  FULL:          0
Channel 0 REFRESHES ISSUED:       8642
