[VMEM] WARNING: physical memory size is smaller than virtual memory size.
WARNING: option --warmup_instructions is deprecated. Use --warmup-instructions instead.
WARNING: option --simulation_instructions is deprecated. Use --simulation-instructions instead.

*** ChampSim Multicore Out-of-Order Simulator ***
Warmup Instructions: 5000000
Simulation Instructions: 25000000
Number of CPUs: 1
Page size: 4096

Off-chip DRAM Size: 16 GiB Channels: 1 Width: 64-bit Data Rate: 3205 MT/s
Warmup finished CPU 0 instructions: 5000000 cycles: 1494272 cumulative IPC: 3.346 (Simulation time: 00 hr 00 min 23 sec)
Warmup complete CPU 0 instructions: 5000000 cycles: 1494272 cumulative IPC: 3.346 (Simulation time: 00 hr 00 min 23 sec)
Heartbeat CPU 0 instructions: 10000002 cycles: 4536090 heartbeat IPC: 2.205 cumulative IPC: 1.644 (Simulation time: 00 hr 00 min 58 sec)
Heartbeat CPU 0 instructions: 20000002 cycles: 10969130 heartbeat IPC: 1.554 cumulative IPC: 1.583 (Simulation time: 00 hr 02 min 02 sec)
Simulation finished CPU 0 instructions: 25000001 cycles: 15873434 cumulative IPC: 1.575 (Simulation time: 00 hr 03 min 02 sec)
Simulation complete CPU 0 instructions: 25000001 cycles: 15873434 cumulative IPC: 1.575 (Simulation time: 00 hr 03 min 02 sec)

ChampSim completed all CPUs

=== Simulation ===
CPU 0 runs /mnt/storage/mipt/microarch/data/traces/607.cactuBSSN_s-2421B.champsimtrace.xz

Region of Interest Statistics

CPU 0 cumulative IPC: 1.575 instructions: 25000001 cycles: 15873434
CPU 0 Branch Prediction Accuracy: 91.63% MPKI: 0.7521 Average ROB Occupancy at Mispredict: 333.6
Branch type MPKI
BRANCH_DIRECT_JUMP: 0.00132
BRANCH_INDIRECT: 8e-05
BRANCH_CONDITIONAL: 0.3843
BRANCH_DIRECT_CALL: 0.00156
BRANCH_INDIRECT_CALL: 0
BRANCH_RETURN: 0.3649

cpu0->cpu0_STLB TOTAL        ACCESS:     962117 HIT:     961090 MISS:       1027 MSHR_MERGE:          0
cpu0->cpu0_STLB LOAD         ACCESS:     962117 HIT:     961090 MISS:       1027 MSHR_MERGE:          0
cpu0->cpu0_STLB RFO          ACCESS:          0 HIT:          0 MISS:          0 MSHR_MERGE:          0
cpu0->cpu0_STLB PREFETCH     ACCESS:          0 HIT:          0 MISS:          0 MSHR_MERGE:          0
cpu0->cpu0_STLB WRITE        ACCESS:          0 HIT:          0 MISS:          0 MSHR_MERGE:          0
cpu0->cpu0_STLB TRANSLATION  ACCESS:          0 HIT:          0 MISS:          0 MSHR_MERGE:          0
cpu0->cpu0_STLB PREFETCH REQUESTED:          0 ISSUED:          0 USEFUL:          0 USELESS:          0
cpu0->cpu0_STLB AVERAGE MISS LATENCY: 820.7 cycles
cpu0->cpu0_L2C TOTAL        ACCESS:    2661250 HIT:    1854643 MISS:     806607 MSHR_MERGE:          0
cpu0->cpu0_L2C LOAD         ACCESS:    2336023 HIT:    1669894 MISS:     666129 MSHR_MERGE:          0
cpu0->cpu0_L2C RFO          ACCESS:     153220 HIT:      73637 MISS:      79583 MSHR_MERGE:          0
cpu0->cpu0_L2C PREFETCH     ACCESS:          0 HIT:          0 MISS:          0 MSHR_MERGE:          0
cpu0->cpu0_L2C WRITE        ACCESS:     169453 HIT:     111069 MISS:      58384 MSHR_MERGE:          0
cpu0->cpu0_L2C TRANSLATION  ACCESS:       2554 HIT:         43 MISS:       2511 MSHR_MERGE:          0
cpu0->cpu0_L2C PREFETCH REQUESTED:          0 ISSUED:          0 USEFUL:          0 USELESS:          0
cpu0->cpu0_L2C AVERAGE MISS LATENCY: 32.59 cycles
cpu0->cpu0_L1I TOTAL        ACCESS:    5620917 HIT:    4354056 MISS:    1266861 MSHR_MERGE:     616754
cpu0->cpu0_L1I LOAD         ACCESS:    5620917 HIT:    4354056 MISS:    1266861 MSHR_MERGE:     616754
cpu0->cpu0_L1I RFO          ACCESS:          0 HIT:          0 MISS:          0 MSHR_MERGE:          0
cpu0->cpu0_L1I PREFETCH     ACCESS:          0 HIT:          0 MISS:          0 MSHR_MERGE:          0
cpu0->cpu0_L1I WRITE        ACCESS:          0 HIT:          0 MISS:          0 MSHR_MERGE:          0
cpu0->cpu0_L1I TRANSLATION  ACCESS:          0 HIT:          0 MISS:          0 MSHR_MERGE:          0
cpu0->cpu0_L1I PREFETCH REQUESTED:          0 ISSUED:          0 USEFUL:          0 USELESS:          0
cpu0->cpu0_L1I AVERAGE MISS LATENCY: 7.164 cycles
cpu0->cpu0_L1D TOTAL        ACCESS:    9677090 HIT:    7636244 MISS:    2040846 MSHR_MERGE:     199115
cpu0->cpu0_L1D LOAD         ACCESS:    7665251 HIT:    5797716 MISS:    1867535 MSHR_MERGE:     181584
cpu0->cpu0_L1D RFO          ACCESS:          0 HIT:          0 MISS:          0 MSHR_MERGE:          0
cpu0->cpu0_L1D PREFETCH     ACCESS:          0 HIT:          0 MISS:          0 MSHR_MERGE:          0
cpu0->cpu0_L1D WRITE        ACCESS:    2009269 HIT:    1838513 MISS:     170756 MSHR_MERGE:      17530
cpu0->cpu0_L1D TRANSLATION  ACCESS:       2570 HIT:         15 MISS:       2555 MSHR_MERGE:          1
cpu0->cpu0_L1D PREFETCH REQUESTED:          0 ISSUED:          0 USEFUL:          0 USELESS:          0
cpu0->cpu0_L1D AVERAGE MISS LATENCY: 23.49 cycles
cpu0->cpu0_ITLB TOTAL        ACCESS:    4492166 HIT:    4492151 MISS:         15 MSHR_MERGE:          5
cpu0->cpu0_ITLB LOAD         ACCESS:    4492166 HIT:    4492151 MISS:         15 MSHR_MERGE:          5
cpu0->cpu0_ITLB RFO          ACCESS:          0 HIT:          0 MISS:          0 MSHR_MERGE:          0
cpu0->cpu0_ITLB PREFETCH     ACCESS:          0 HIT:          0 MISS:          0 MSHR_MERGE:          0
cpu0->cpu0_ITLB WRITE        ACCESS:          0 HIT:          0 MISS:          0 MSHR_MERGE:          0
cpu0->cpu0_ITLB TRANSLATION  ACCESS:          0 HIT:          0 MISS:          0 MSHR_MERGE:          0
cpu0->cpu0_ITLB PREFETCH REQUESTED:          0 ISSUED:          0 USEFUL:          0 USELESS:          0
cpu0->cpu0_ITLB AVERAGE MISS LATENCY: 821.5 cycles
cpu0->cpu0_DTLB TOTAL        ACCESS:    9146455 HIT:    8082705 MISS:    1063750 MSHR_MERGE:     101643
cpu0->cpu0_DTLB LOAD         ACCESS:    9146455 HIT:    8082705 MISS:    1063750 MSHR_MERGE:     101643
cpu0->cpu0_DTLB RFO          ACCESS:          0 HIT:          0 MISS:          0 MSHR_MERGE:          0
cpu0->cpu0_DTLB PREFETCH     ACCESS:          0 HIT:          0 MISS:          0 MSHR_MERGE:          0
cpu0->cpu0_DTLB WRITE        ACCESS:          0 HIT:          0 MISS:          0 MSHR_MERGE:          0
cpu0->cpu0_DTLB TRANSLATION  ACCESS:          0 HIT:          0 MISS:          0 MSHR_MERGE:          0
cpu0->cpu0_DTLB PREFETCH REQUESTED:          0 ISSUED:          0 USEFUL:          0 USELESS:          0
cpu0->cpu0_DTLB AVERAGE MISS LATENCY: 5.913 cycles
cpu0->LLC TOTAL        ACCESS:     827356 HIT:     760053 MISS:      67303 MSHR_MERGE:          0
cpu0->LLC LOAD         ACCESS:     666129 HIT:     615180 MISS:      50949 MSHR_MERGE:          0
cpu0->LLC RFO          ACCESS:      79456 HIT:      64715 MISS:      14741 MSHR_MERGE:          0
cpu0->LLC PREFETCH     ACCESS:          0 HIT:          0 MISS:          0 MSHR_MERGE:          0
cpu0->LLC WRITE        ACCESS:      79260 HIT:      79258 MISS:          2 MSHR_MERGE:          0
cpu0->LLC TRANSLATION  ACCESS:       2511 HIT:        900 MISS:       1611 MSHR_MERGE:          0
cpu0->LLC PREFETCH REQUESTED:          0 ISSUED:          0 USEFUL:          0 USELESS:          0
cpu0->LLC AVERAGE MISS LATENCY: 218.8 cycles

DRAM Statistics

Channel 0 RQ ROW_BUFFER_HIT:         27
  ROW_BUFFER_MISS:      67273
  AVG DBUS CONGESTED CYCLE: 10.17
Channel 0 WQ ROW_BUFFER_HIT:        867
  ROW_BUFFER_MISS:      10498
  FULL:          0
Channel 0 REFRESHES ISSUED:       1323
