[VMEM] WARNING: physical memory size is smaller than virtual memory size.
WARNING: option --warmup_instructions is deprecated. Use --warmup-instructions instead.
WARNING: option --simulation_instructions is deprecated. Use --simulation-instructions instead.

*** ChampSim Multicore Out-of-Order Simulator ***
Warmup Instructions: 5000000
Simulation Instructions: 25000000
Number of CPUs: 1
Page size: 4096

Off-chip DRAM Size: 16 GiB Channels: 1 Width: 64-bit Data Rate: 3205 MT/s
Warmup finished CPU 0 instructions: 5000001 cycles: 1797479 cumulative IPC: 2.782 (Simulation time: 00 hr 00 min 22 sec)
Warmup complete CPU 0 instructions: 5000001 cycles: 1797479 cumulative IPC: 2.782 (Simulation time: 00 hr 00 min 22 sec)
Heartbeat CPU 0 instructions: 10000001 cycles: 12812380 heartbeat IPC: 0.7805 cumulative IPC: 0.4539 (Simulation time: 00 hr 02 min 18 sec)
Heartbeat CPU 0 instructions: 20000004 cycles: 34384870 heartbeat IPC: 0.4636 cumulative IPC: 0.4603 (Simulation time: 00 hr 05 min 39 sec)
Simulation finished CPU 0 instructions: 25000002 cycles: 53708719 cumulative IPC: 0.4655 (Simulation time: 00 hr 08 min 00 sec)
Simulation complete CPU 0 instructions: 25000002 cycles: 53708719 cumulative IPC: 0.4655 (Simulation time: 00 hr 08 min 00 sec)

ChampSim completed all CPUs

=== Simulation ===
CPU 0 runs /mnt/storage/mipt/microarch/data/traces/619.lbm_s-2676B.champsimtrace.xz

Region of Interest Statistics

CPU 0 cumulative IPC: 0.4655 instructions: 25000002 cycles: 53708719
CPU 0 Branch Prediction Accuracy: 95.63% MPKI: 0.7376 Average ROB Occupancy at Mispredict: 211.1
Branch type MPKI
BRANCH_DIRECT_JUMP: 0
BRANCH_INDIRECT: 0
BRANCH_CONDITIONAL: 0.7376
BRANCH_DIRECT_CALL: 0
BRANCH_INDIRECT_CALL: 0
BRANCH_RETURN: 0

cpu0->cpu0_STLB TOTAL        ACCESS:      31491 HIT:      14402 MISS:      17089 MSHR_MERGE:          0
cpu0->cpu0_STLB LOAD         ACCESS:      31491 HIT:      14402 MISS:      17089 MSHR_MERGE:          0
cpu0->cpu0_STLB RFO          ACCESS:          0 HIT:          0 MISS:          0 MSHR_MERGE:          0
cpu0->cpu0_STLB PREFETCH     ACCESS:          0 HIT:          0 MISS:          0 MSHR_MERGE:          0
cpu0->cpu0_STLB WRITE        ACCESS:          0 HIT:          0 MISS:          0 MSHR_MERGE:          0
cpu0->cpu0_STLB TRANSLATION  ACCESS:          0 HIT:          0 MISS:          0 MSHR_MERGE:          0
cpu0->cpu0_STLB PREFETCH REQUESTED:          0 ISSUED:          0 USEFUL:          0 USELESS:          0
cpu0->cpu0_STLB AVERAGE MISS LATENCY: 904.3 cycles
cpu0->cpu0_L2C TOTAL        ACCESS:    3375734 HIT:     463919 MISS:    2911815 MSHR_MERGE:          0
cpu0->cpu0_L2C LOAD         ACCESS:     273391 HIT:          1 MISS:     273390 MSHR_MERGE:          0
cpu0->cpu0_L2C RFO          ACCESS:    1541533 HIT:      48707 MISS:    1492826 MSHR_MERGE:          0
cpu0->cpu0_L2C PREFETCH     ACCESS:          0 HIT:          0 MISS:          0 MSHR_MERGE:          0
cpu0->cpu0_L2C WRITE        ACCESS:    1541566 HIT:     415211 MISS:    1126355 MSHR_MERGE:          0
cpu0->cpu0_L2C TRANSLATION  ACCESS:      19244 HIT:          0 MISS:      19244 MSHR_MERGE:          0
cpu0->cpu0_L2C PREFETCH REQUESTED:          0 ISSUED:          0 USEFUL:          0 USELESS:          0
cpu0->cpu0_L2C AVERAGE MISS LATENCY: 189.2 cycles
cpu0->cpu0_L1I TOTAL        ACCESS:    3957765 HIT:    3957765 MISS:          0 MSHR_MERGE:          0
cpu0->cpu0_L1I LOAD         ACCESS:    3957765 HIT:    3957765 MISS:          0 MSHR_MERGE:          0
cpu0->cpu0_L1I RFO          ACCESS:          0 HIT:          0 MISS:          0 MSHR_MERGE:          0
cpu0->cpu0_L1I PREFETCH     ACCESS:          0 HIT:          0 MISS:          0 MSHR_MERGE:          0
cpu0->cpu0_L1I WRITE        ACCESS:          0 HIT:          0 MISS:          0 MSHR_MERGE:          0
cpu0->cpu0_L1I TRANSLATION  ACCESS:          0 HIT:          0 MISS:          0 MSHR_MERGE:          0
cpu0->cpu0_L1I PREFETCH REQUESTED:          0 ISSUED:          0 USEFUL:          0 USELESS:          0
cpu0->cpu0_L1I AVERAGE MISS LATENCY: - cycles
cpu0->cpu0_L1D TOTAL        ACCESS:    6082600 HIT:    3813089 MISS:    2269511 MSHR_MERGE:     435313
cpu0->cpu0_L1D LOAD         ACCESS:    1583817 HIT:     950919 MISS:     632898 MSHR_MERGE:     359507
cpu0->cpu0_L1D RFO          ACCESS:          0 HIT:          0 MISS:          0 MSHR_MERGE:          0
cpu0->cpu0_L1D PREFETCH     ACCESS:          0 HIT:          0 MISS:          0 MSHR_MERGE:          0
cpu0->cpu0_L1D WRITE        ACCESS:    4464587 HIT:    2847218 MISS:    1617369 MSHR_MERGE:      75806
cpu0->cpu0_L1D TRANSLATION  ACCESS:      34196 HIT:      14952 MISS:      19244 MSHR_MERGE:          0
cpu0->cpu0_L1D PREFETCH REQUESTED:          0 ISSUED:          0 USEFUL:          0 USELESS:          0
cpu0->cpu0_L1D AVERAGE MISS LATENCY: 307.4 cycles
cpu0->cpu0_ITLB TOTAL        ACCESS:    2938721 HIT:    2938721 MISS:          0 MSHR_MERGE:          0
cpu0->cpu0_ITLB LOAD         ACCESS:    2938721 HIT:    2938721 MISS:          0 MSHR_MERGE:          0
cpu0->cpu0_ITLB RFO          ACCESS:          0 HIT:          0 MISS:          0 MSHR_MERGE:          0
cpu0->cpu0_ITLB PREFETCH     ACCESS:          0 HIT:          0 MISS:          0 MSHR_MERGE:          0
cpu0->cpu0_ITLB WRITE        ACCESS:          0 HIT:          0 MISS:          0 MSHR_MERGE:          0
cpu0->cpu0_ITLB TRANSLATION  ACCESS:          0 HIT:          0 MISS:          0 MSHR_MERGE:          0
cpu0->cpu0_ITLB PREFETCH REQUESTED:          0 ISSUED:          0 USEFUL:          0 USELESS:          0
cpu0->cpu0_ITLB AVERAGE MISS LATENCY: - cycles
cpu0->cpu0_DTLB TOTAL        ACCESS:    5698841 HIT:    5604620 MISS:      94221 MSHR_MERGE:      62730
cpu0->cpu0_DTLB LOAD         ACCESS:    5698841 HIT:    5604620 MISS:      94221 MSHR_MERGE:      62730
cpu0->cpu0_DTLB RFO          ACCESS:          0 HIT:          0 MISS:          0 MSHR_MERGE:          0
cpu0->cpu0_DTLB PREFETCH     ACCESS:          0 HIT:          0 MISS:          0 MSHR_MERGE:          0
cpu0->cpu0_DTLB WRITE        ACCESS:          0 HIT:          0 MISS:          0 MSHR_MERGE:          0
cpu0->cpu0_DTLB TRANSLATION  ACCESS:          0 HIT:          0 MISS:          0 MSHR_MERGE:          0
cpu0->cpu0_DTLB PREFETCH REQUESTED:          0 ISSUED:          0 USEFUL:          0 USELESS:          0
cpu0->cpu0_DTLB AVERAGE MISS LATENCY: 496.3 cycles
cpu0->LLC TOTAL        ACCESS:    3277934 HIT:    2143137 MISS:    1134797 MSHR_MERGE:          0
cpu0->LLC LOAD         ACCESS:     273390 HIT:         24 MISS:     273366 MSHR_MERGE:          0
cpu0->LLC RFO          ACCESS:    1492825 HIT:     675912 MISS:     816913 MSHR_MERGE:          0
cpu0->LLC PREFETCH     ACCESS:          0 HIT:          0 MISS:          0 MSHR_MERGE:          0
cpu0->LLC WRITE        ACCESS:    1492475 HIT:    1467201 MISS:      25274 MSHR_MERGE:          0
cpu0->LLC TRANSLATION  ACCESS:      19244 HIT:          0 MISS:      19244 MSHR_MERGE:          0
cpu0->LLC PREFETCH REQUESTED:          0 ISSUED:          0 USEFUL:          0 USELESS:          0
cpu0->LLC AVERAGE MISS LATENCY: 456.7 cycles

DRAM Statistics

Channel 0 RQ ROW_BUFFER_HIT:      54750
  ROW_BUFFER_MISS:    1054768
  AVG DBUS CONGESTED CYCLE: 7.202
Channel 0 WQ ROW_BUFFER_HIT:     134084
  ROW_BUFFER_MISS:     690247
  FULL:          0
Channel 0 REFRESHES ISSUED:       4476
