[VMEM] WARNING: physical memory size is smaller than virtual memory size.
WARNING: option --warmup_instructions is deprecated. Use --warmup-instructions instead.
WARNING: option --simulation_instructions is deprecated. Use --simulation-instructions instead.

*** ChampSim Multicore Out-of-Order Simulator ***
Warmup Instructions: 5000000
Simulation Instructions: 25000000
Number of CPUs: 1
Page size: 4096

Off-chip DRAM Size: 16 GiB Channels: 1 Width: 64-bit Data Rate: 3205 MT/s
Warmup finished CPU 0 instructions: 5000003 cycles: 3491123 cumulative IPC: 1.432 (Simulation time: 00 hr 00 min 42 sec)
Warmup complete CPU 0 instructions: 5000003 cycles: 3491123 cumulative IPC: 1.432 (Simulation time: 00 hr 00 min 42 sec)
Heartbeat CPU 0 instructions: 10000004 cycles: 21527121 heartbeat IPC: 0.4645 cumulative IPC: 0.2772 (Simulation time: 00 hr 02 min 39 sec)
Heartbeat CPU 0 instructions: 20000007 cycles: 58442297 heartbeat IPC: 0.2709 cumulative IPC: 0.273 (Simulation time: 00 hr 06 min 03 sec)
Simulation finished CPU 0 instructions: 25000001 cycles: 89582495 cumulative IPC: 0.2791 (Simulation time: 00 hr 08 min 28 sec)
Simulation complete CPU 0 instructions: 25000001 cycles: 89582495 cumulative IPC: 0.2791 (Simulation time: 00 hr 08 min 28 sec)

ChampSim completed all CPUs

=== Simulation ===
CPU 0 runs /mnt/storage/mipt/microarch/data/traces/620.omnetpp_s-141B.champsimtrace.xz

Region of Interest Statistics

CPU 0 cumulative IPC: 0.2791 instructions: 25000001 cycles: 89582495
CPU 0 Branch Prediction Accuracy: 92.89% MPKI: 14.98 Average ROB Occupancy at Mispredict: 42.89
Branch type MPKI
BRANCH_DIRECT_JUMP: 0.8414
BRANCH_INDIRECT: 0.3648
BRANCH_CONDITIONAL: 12.48
BRANCH_DIRECT_CALL: 0.00052
BRANCH_INDIRECT_CALL: 0.8609
BRANCH_RETURN: 0.4358

cpu0->cpu0_STLB TOTAL        ACCESS:     562933 HIT:     442457 MISS:     120476 MSHR_MERGE:          0
cpu0->cpu0_STLB LOAD         ACCESS:     562933 HIT:     442457 MISS:     120476 MSHR_MERGE:          0
cpu0->cpu0_STLB RFO          ACCESS:          0 HIT:          0 MISS:          0 MSHR_MERGE:          0
cpu0->cpu0_STLB PREFETCH     ACCESS:          0 HIT:          0 MISS:          0 MSHR_MERGE:          0
cpu0->cpu0_STLB WRITE        ACCESS:          0 HIT:          0 MISS:          0 MSHR_MERGE:          0
cpu0->cpu0_STLB TRANSLATION  ACCESS:          0 HIT:          0 MISS:          0 MSHR_MERGE:          0
cpu0->cpu0_STLB PREFETCH REQUESTED:          0 ISSUED:          0 USEFUL:          0 USELESS:          0
cpu0->cpu0_STLB AVERAGE MISS LATENCY: 354.1 cycles
cpu0->cpu0_L2C TOTAL        ACCESS:    1018000 HIT:     350470 MISS:     667530 MSHR_MERGE:          0
cpu0->cpu0_L2C LOAD         ACCESS:     451677 HIT:     113872 MISS:     337805 MSHR_MERGE:          0
cpu0->cpu0_L2C RFO          ACCESS:      58114 HIT:      13897 MISS:      44217 MSHR_MERGE:          0
cpu0->cpu0_L2C PREFETCH     ACCESS:          0 HIT:          0 MISS:          0 MSHR_MERGE:          0
cpu0->cpu0_L2C WRITE        ACCESS:     240273 HIT:     151721 MISS:      88552 MSHR_MERGE:          0
cpu0->cpu0_L2C TRANSLATION  ACCESS:     267936 HIT:      70980 MISS:     196956 MSHR_MERGE:          0
cpu0->cpu0_L2C PREFETCH REQUESTED:          0 ISSUED:          0 USEFUL:          0 USELESS:          0
cpu0->cpu0_L2C AVERAGE MISS LATENCY: 129.9 cycles
cpu0->cpu0_L1I TOTAL        ACCESS:    3342611 HIT:    3324413 MISS:      18198 MSHR_MERGE:       4333
cpu0->cpu0_L1I LOAD         ACCESS:    3342611 HIT:    3324413 MISS:      18198 MSHR_MERGE:       4333
cpu0->cpu0_L1I RFO          ACCESS:          0 HIT:          0 MISS:          0 MSHR_MERGE:          0
cpu0->cpu0_L1I PREFETCH     ACCESS:          0 HIT:          0 MISS:          0 MSHR_MERGE:          0
cpu0->cpu0_L1I WRITE        ACCESS:          0 HIT:          0 MISS:          0 MSHR_MERGE:          0
cpu0->cpu0_L1I TRANSLATION  ACCESS:          0 HIT:          0 MISS:          0 MSHR_MERGE:          0
cpu0->cpu0_L1I PREFETCH REQUESTED:          0 ISSUED:          0 USEFUL:          0 USELESS:          0
cpu0->cpu0_L1I AVERAGE MISS LATENCY: 11.73 cycles
cpu0->cpu0_L1D TOTAL        ACCESS:   10261124 HIT:    9249806 MISS:    1011318 MSHR_MERGE:     247456
cpu0->cpu0_L1D LOAD         ACCESS:    5443600 HIT:    4879905 MISS:     563695 MSHR_MERGE:     125883
cpu0->cpu0_L1D RFO          ACCESS:          0 HIT:          0 MISS:          0 MSHR_MERGE:          0
cpu0->cpu0_L1D PREFETCH     ACCESS:          0 HIT:          0 MISS:          0 MSHR_MERGE:          0
cpu0->cpu0_L1D WRITE        ACCESS:    4527340 HIT:    4348322 MISS:     179018 MSHR_MERGE:     120904
cpu0->cpu0_L1D TRANSLATION  ACCESS:     290184 HIT:      21579 MISS:     268605 MSHR_MERGE:        669
cpu0->cpu0_L1D PREFETCH REQUESTED:          0 ISSUED:          0 USEFUL:          0 USELESS:          0
cpu0->cpu0_L1D AVERAGE MISS LATENCY: 121.7 cycles
cpu0->cpu0_ITLB TOTAL        ACCESS:    2948730 HIT:    2871032 MISS:      77698 MSHR_MERGE:      37553
cpu0->cpu0_ITLB LOAD         ACCESS:    2948730 HIT:    2871032 MISS:      77698 MSHR_MERGE:      37553
cpu0->cpu0_ITLB RFO          ACCESS:          0 HIT:          0 MISS:          0 MSHR_MERGE:          0
cpu0->cpu0_ITLB PREFETCH     ACCESS:          0 HIT:          0 MISS:          0 MSHR_MERGE:          0
cpu0->cpu0_ITLB WRITE        ACCESS:          0 HIT:          0 MISS:          0 MSHR_MERGE:          0
cpu0->cpu0_ITLB TRANSLATION  ACCESS:          0 HIT:          0 MISS:          0 MSHR_MERGE:          0
cpu0->cpu0_ITLB PREFETCH REQUESTED:          0 ISSUED:          0 USEFUL:          0 USELESS:          0
cpu0->cpu0_ITLB AVERAGE MISS LATENCY: 7.322 cycles
cpu0->cpu0_DTLB TOTAL        ACCESS:    9479077 HIT:    8869218 MISS:     609859 MSHR_MERGE:      87071
cpu0->cpu0_DTLB LOAD         ACCESS:    9479077 HIT:    8869218 MISS:     609859 MSHR_MERGE:      87071
cpu0->cpu0_DTLB RFO          ACCESS:          0 HIT:          0 MISS:          0 MSHR_MERGE:          0
cpu0->cpu0_DTLB PREFETCH     ACCESS:          0 HIT:          0 MISS:          0 MSHR_MERGE:          0
cpu0->cpu0_DTLB WRITE        ACCESS:          0 HIT:          0 MISS:          0 MSHR_MERGE:          0
cpu0->cpu0_DTLB TRANSLATION  ACCESS:          0 HIT:          0 MISS:          0 MSHR_MERGE:          0
cpu0->cpu0_DTLB PREFETCH REQUESTED:          0 ISSUED:          0 USEFUL:          0 USELESS:          0
cpu0->cpu0_DTLB AVERAGE MISS LATENCY: 86.65 cycles
cpu0->LLC TOTAL        ACCESS:     756500 HIT:     337368 MISS:     419132 MSHR_MERGE:          0
cpu0->LLC LOAD         ACCESS:     337805 HIT:      96520 MISS:     241285 MSHR_MERGE:          0
cpu0->LLC RFO          ACCESS:      44217 HIT:      15906 MISS:      28311 MSHR_MERGE:          0
cpu0->LLC PREFETCH     ACCESS:          0 HIT:          0 MISS:          0 MSHR_MERGE:          0
cpu0->LLC WRITE        ACCESS:     177522 HIT:     165524 MISS:      11998 MSHR_MERGE:          0
cpu0->LLC TRANSLATION  ACCESS:     196956 HIT:      59418 MISS:     137538 MSHR_MERGE:          0
cpu0->LLC PREFETCH REQUESTED:          0 ISSUED:          0 USEFUL:          0 USELESS:          0
cpu0->LLC AVERAGE MISS LATENCY: 184.5 cycles

DRAM Statistics

Channel 0 RQ ROW_BUFFER_HIT:       1440
  ROW_BUFFER_MISS:     405686
  AVG DBUS CONGESTED CYCLE: 20.01
Channel 0 WQ ROW_BUFFER_HIT:      43896
  ROW_BUFFER_MISS:      86828
  FULL:          0
Channel 0 REFRESHES ISSUED:       7466
