[VMEM] WARNING: physical memory size is smaller than virtual memory size.
WARNING: option --warmup_instructions is deprecated. Use --warmup-instructions instead.
WARNING: option --simulation_instructions is deprecated. Use --simulation-instructions instead.

*** ChampSim Multicore Out-of-Order Simulator ***
Warmup Instructions: 5000000
Simulation Instructions: 25000000
Number of CPUs: 1
Page size: 4096

Off-chip DRAM Size: 16 GiB Channels: 1 Width: 64-bit Data Rate: 3205 MT/s
Warmup finished CPU 0 instructions: 5000000 cycles: 1449659 cumulative IPC: 3.449 (Simulation time: 00 hr 00 min 14 sec)
Warmup complete CPU 0 instructions: 5000000 cycles: 1449659 cumulative IPC: 3.449 (Simulation time: 00 hr 00 min 14 sec)
Heartbeat CPU 0 instructions: 10000001 cycles: 7518838 heartbeat IPC: 1.33 cumulative IPC: 0.8238 (Simulation time: 00 hr 00 min 50 sec)
Heartbeat CPU 0 instructions: 20000003 cycles: 19879033 heartbeat IPC: 0.809 cumulative IPC: 0.8139 (Simulation time: 00 hr 02 min 07 sec)
Simulation finished CPU 0 instructions: 25000001 cycles: 30555233 cumulative IPC: 0.8182 (Simulation time: 00 hr 03 min 24 sec)
Simulation complete CPU 0 instructions: 25000001 cycles: 30555233 cumulative IPC: 0.8182 (Simulation time: 00 hr 03 min 24 sec)

ChampSim completed all CPUs

=== Simulation ===
CPU 0 runs /mnt/storage/mipt/microarch/data/traces/623.xalancbmk_s-165B.champsimtrace.xz

Region of Interest Statistics

CPU 0 cumulative IPC: 0.8182 instructions: 25000001 cycles: 30555233
CPU 0 Branch Prediction Accuracy: 96.52% MPKI: 9.701 Average ROB Occupancy at Mispredict: 59.31
Branch type MPKI
BRANCH_DIRECT_JUMP: 0
BRANCH_INDIRECT: 0
BRANCH_CONDITIONAL: 9.701
BRANCH_DIRECT_CALL: 0
BRANCH_INDIRECT_CALL: 0
BRANCH_RETURN: 0

cpu0->cpu0_STLB TOTAL        ACCESS:       8836 HIT:       8807 MISS:         29 MSHR_MERGE:          0
cpu0->cpu0_STLB LOAD         ACCESS:       8836 HIT:       8807 MISS:         29 MSHR_MERGE:          0
cpu0->cpu0_STLB RFO          ACCESS:          0 HIT:          0 MISS:          0 MSHR_MERGE:          0
cpu0->cpu0_STLB PREFETCH     ACCESS:          0 HIT:          0 MISS:          0 MSHR_MERGE:          0
cpu0->cpu0_STLB WRITE        ACCESS:          0 HIT:          0 MISS:          0 MSHR_MERGE:          0
cpu0->cpu0_STLB TRANSLATION  ACCESS:          0 HIT:          0 MISS:          0 MSHR_MERGE:          0
cpu0->cpu0_STLB PREFETCH REQUESTED:          0 ISSUED:          0 USEFUL:          0 USELESS:          0
cpu0->cpu0_STLB AVERAGE MISS LATENCY: 759.4 cycles
cpu0->cpu0_L2C TOTAL        ACCESS:     475745 HIT:      96845 MISS:     378900 MSHR_MERGE:          0
cpu0->cpu0_L2C LOAD         ACCESS:     475333 HIT:      96606 MISS:     378727 MSHR_MERGE:          0
cpu0->cpu0_L2C RFO          ACCESS:        146 HIT:         42 MISS:        104 MSHR_MERGE:          0
cpu0->cpu0_L2C PREFETCH     ACCESS:          0 HIT:          0 MISS:          0 MSHR_MERGE:          0
cpu0->cpu0_L2C WRITE        ACCESS:        214 HIT:        197 MISS:         17 MSHR_MERGE:          0
cpu0->cpu0_L2C TRANSLATION  ACCESS:         52 HIT:          0 MISS:         52 MSHR_MERGE:          0
cpu0->cpu0_L2C PREFETCH REQUESTED:          0 ISSUED:          0 USEFUL:          0 USELESS:          0
cpu0->cpu0_L2C AVERAGE MISS LATENCY: 76.33 cycles
cpu0->cpu0_L1I TOTAL        ACCESS:        787 HIT:        787 MISS:          0 MSHR_MERGE:          0
cpu0->cpu0_L1I LOAD         ACCESS:        787 HIT:        787 MISS:          0 MSHR_MERGE:          0
cpu0->cpu0_L1I RFO          ACCESS:          0 HIT:          0 MISS:          0 MSHR_MERGE:          0
cpu0->cpu0_L1I PREFETCH     ACCESS:          0 HIT:          0 MISS:          0 MSHR_MERGE:          0
cpu0->cpu0_L1I WRITE        ACCESS:          0 HIT:          0 MISS:          0 MSHR_MERGE:          0
cpu0->cpu0_L1I TRANSLATION  ACCESS:          0 HIT:          0 MISS:          0 MSHR_MERGE:          0
cpu0->cpu0_L1I PREFETCH REQUESTED:          0 ISSUED:          0 USEFUL:          0 USELESS:          0
cpu0->cpu0_L1I AVERAGE MISS LATENCY: - cycles
cpu0->cpu0_L1D TOTAL        ACCESS:    7031650 HIT:    5511759 MISS:    1519891 MSHR_MERGE:    1044360
cpu0->cpu0_L1D LOAD         ACCESS:    6703399 HIT:    5184267 MISS:    1519132 MSHR_MERGE:    1043799
cpu0->cpu0_L1D RFO          ACCESS:          0 HIT:          0 MISS:          0 MSHR_MERGE:          0
cpu0->cpu0_L1D PREFETCH     ACCESS:          0 HIT:          0 MISS:          0 MSHR_MERGE:          0
cpu0->cpu0_L1D WRITE        ACCESS:     328193 HIT:     327488 MISS:        705 MSHR_MERGE:        559
cpu0->cpu0_L1D TRANSLATION  ACCESS:         58 HIT:          4 MISS:         54 MSHR_MERGE:          2
cpu0->cpu0_L1D PREFETCH REQUESTED:          0 ISSUED:          0 USEFUL:          0 USELESS:          0
cpu0->cpu0_L1D AVERAGE MISS LATENCY: 69.63 cycles
cpu0->cpu0_ITLB TOTAL        ACCESS:        688 HIT:        688 MISS:          0 MSHR_MERGE:          0
cpu0->cpu0_ITLB LOAD         ACCESS:        688 HIT:        688 MISS:          0 MSHR_MERGE:          0
cpu0->cpu0_ITLB RFO          ACCESS:          0 HIT:          0 MISS:          0 MSHR_MERGE:          0
cpu0->cpu0_ITLB PREFETCH     ACCESS:          0 HIT:          0 MISS:          0 MSHR_MERGE:          0
cpu0->cpu0_ITLB WRITE        ACCESS:          0 HIT:          0 MISS:          0 MSHR_MERGE:          0
cpu0->cpu0_ITLB TRANSLATION  ACCESS:          0 HIT:          0 MISS:          0 MSHR_MERGE:          0
cpu0->cpu0_ITLB PREFETCH REQUESTED:          0 ISSUED:          0 USEFUL:          0 USELESS:          0
cpu0->cpu0_ITLB AVERAGE MISS LATENCY: - cycles
cpu0->cpu0_DTLB TOTAL        ACCESS:    6978697 HIT:    6957643 MISS:      21054 MSHR_MERGE:      12218
cpu0->cpu0_DTLB LOAD         ACCESS:    6978697 HIT:    6957643 MISS:      21054 MSHR_MERGE:      12218
cpu0->cpu0_DTLB RFO          ACCESS:          0 HIT:          0 MISS:          0 MSHR_MERGE:          0
cpu0->cpu0_DTLB PREFETCH     ACCESS:          0 HIT:          0 MISS:          0 MSHR_MERGE:          0
cpu0->cpu0_DTLB WRITE        ACCESS:          0 HIT:          0 MISS:          0 MSHR_MERGE:          0
cpu0->cpu0_DTLB TRANSLATION  ACCESS:          0 HIT:          0 MISS:          0 MSHR_MERGE:          0
cpu0->cpu0_DTLB PREFETCH REQUESTED:          0 ISSUED:          0 USEFUL:          0 USELESS:          0
cpu0->cpu0_DTLB AVERAGE MISS LATENCY: 7.496 cycles
cpu0->LLC TOTAL        ACCESS:     379013 HIT:     227366 MISS:     151647 MSHR_MERGE:          0
cpu0->LLC LOAD         ACCESS:     378727 HIT:     227218 MISS:     151509 MSHR_MERGE:          0
cpu0->LLC RFO          ACCESS:        104 HIT:         14 MISS:         90 MSHR_MERGE:          0
cpu0->LLC PREFETCH     ACCESS:          0 HIT:          0 MISS:          0 MSHR_MERGE:          0
cpu0->LLC WRITE        ACCESS:        130 HIT:        130 MISS:          0 MSHR_MERGE:          0
cpu0->LLC TRANSLATION  ACCESS:         52 HIT:          4 MISS:         48 MSHR_MERGE:          0
cpu0->LLC PREFETCH REQUESTED:          0 ISSUED:          0 USEFUL:          0 USELESS:          0
cpu0->LLC AVERAGE MISS LATENCY: 152.2 cycles

DRAM Statistics

Channel 0 RQ ROW_BUFFER_HIT:      39996
  ROW_BUFFER_MISS:     111651
  AVG DBUS CONGESTED CYCLE: 3.114
Channel 0 WQ ROW_BUFFER_HIT:         13
  ROW_BUFFER_MISS:         33
  FULL:          0
Channel 0 REFRESHES ISSUED:       2547
