[VMEM] WARNING: physical memory size is smaller than virtual memory size.
WARNING: option --warmup_instructions is deprecated. Use --warmup-instructions instead.
WARNING: option --simulation_instructions is deprecated. Use --simulation-instructions instead.

*** ChampSim Multicore Out-of-Order Simulator ***
Warmup Instructions: 5000000
Simulation Instructions: 25000000
Number of CPUs: 1
Page size: 4096

Off-chip DRAM Size: 16 GiB Channels: 1 Width: 64-bit Data Rate: 3205 MT/s
Warmup finished CPU 0 instructions: 5000002 cycles: 1482286 cumulative IPC: 3.373 (Simulation time: 00 hr 00 min 18 sec)
Warmup complete CPU 0 instructions: 5000002 cycles: 1482286 cumulative IPC: 3.373 (Simulation time: 00 hr 00 min 18 sec)
Heartbeat CPU 0 instructions: 10000000 cycles: 6142843 heartbeat IPC: 1.628 cumulative IPC: 1.073 (Simulation time: 00 hr 00 min 55 sec)
Heartbeat CPU 0 instructions: 20000000 cycles: 13016752 heartbeat IPC: 1.455 cumulative IPC: 1.3 (Simulation time: 00 hr 01 min 55 sec)
Heartbeat CPU 0 instructions: 30000002 cycles: 22375991 heartbeat IPC: 1.068 cumulative IPC: 1.197 (Simulation time: 00 hr 03 min 15 sec)
Simulation finished CPU 0 instructions: 25000000 cycles: 20893705 cumulative IPC: 1.197 (Simulation time: 00 hr 03 min 15 sec)
Simulation complete CPU 0 instructions: 25000000 cycles: 20893705 cumulative IPC: 1.197 (Simulation time: 00 hr 03 min 15 sec)

ChampSim completed all CPUs

=== Simulation ===
CPU 0 runs /mnt/storage/mipt/microarch/data/traces/627.cam4_s-490B.champsimtrace.xz

Region of Interest Statistics

CPU 0 cumulative IPC: 1.197 instructions: 25000000 cycles: 20893705
CPU 0 Branch Prediction Accuracy: 88.99% MPKI: 10.5 Average ROB Occupancy at Mispredict: 31.32
Branch type MPKI
BRANCH_DIRECT_JUMP: 0.00488
BRANCH_INDIRECT: 0
BRANCH_CONDITIONAL: 10.5
BRANCH_DIRECT_CALL: 0.00032
BRANCH_INDIRECT_CALL: 0
BRANCH_RETURN: 0.00044

cpu0->cpu0_STLB TOTAL        ACCESS:       8024 HIT:       7373 MISS:        651 MSHR_MERGE:          0
cpu0->cpu0_STLB LOAD         ACCESS:       8024 HIT:       7373 MISS:        651 MSHR_MERGE:          0
cpu0->cpu0_STLB RFO          ACCESS:          0 HIT:          0 MISS:          0 MSHR_MERGE:          0
cpu0->cpu0_STLB PREFETCH     ACCESS:          0 HIT:          0 MISS:          0 MSHR_MERGE:          0
cpu0->cpu0_STLB WRITE        ACCESS:          0 HIT:          0 MISS:          0 MSHR_MERGE:          0
cpu0->cpu0_STLB TRANSLATION  ACCESS:          0 HIT:          0 MISS:          0 MSHR_MERGE:          0
cpu0->cpu0_STLB PREFETCH REQUESTED:          0 ISSUED:          0 USEFUL:          0 USELESS:          0
cpu0->cpu0_STLB AVERAGE MISS LATENCY: 704.1 cycles
cpu0->cpu0_L2C TOTAL        ACCESS:     667943 HIT:     213345 MISS:     454598 MSHR_MERGE:          0
cpu0->cpu0_L2C LOAD         ACCESS:     330484 HIT:      77514 MISS:     252970 MSHR_MERGE:          0
cpu0->cpu0_L2C RFO          ACCESS:     136461 HIT:      35558 MISS:     100903 MSHR_MERGE:          0
cpu0->cpu0_L2C PREFETCH     ACCESS:          0 HIT:          0 MISS:          0 MSHR_MERGE:          0
cpu0->cpu0_L2C WRITE        ACCESS:     200177 HIT:     100272 MISS:      99905 MSHR_MERGE:          0
cpu0->cpu0_L2C TRANSLATION  ACCESS:        821 HIT:          1 MISS:        820 MSHR_MERGE:          0
cpu0->cpu0_L2C PREFETCH REQUESTED:          0 ISSUED:          0 USEFUL:          0 USELESS:          0
cpu0->cpu0_L2C AVERAGE MISS LATENCY: 64.41 cycles
cpu0->cpu0_L1I TOTAL        ACCESS:    1736963 HIT:    1735931 MISS:       1032 MSHR_MERGE:        495
cpu0->cpu0_L1I LOAD         ACCESS:    1736963 HIT:    1735931 MISS:       1032 MSHR_MERGE:        495
cpu0->cpu0_L1I RFO          ACCESS:          0 HIT:          0 MISS:          0 MSHR_MERGE:          0
cpu0->cpu0_L1I PREFETCH     ACCESS:          0 HIT:          0 MISS:          0 MSHR_MERGE:          0
cpu0->cpu0_L1I WRITE        ACCESS:          0 HIT:          0 MISS:          0 MSHR_MERGE:          0
cpu0->cpu0_L1I TRANSLATION  ACCESS:          0 HIT:          0 MISS:          0 MSHR_MERGE:          0
cpu0->cpu0_L1I PREFETCH REQUESTED:          0 ISSUED:          0 USEFUL:          0 USELESS:          0
cpu0->cpu0_L1I AVERAGE MISS LATENCY: 243.5 cycles
cpu0->cpu0_L1D TOTAL        ACCESS:    4982308 HIT:    3665459 MISS:    1316849 MSHR_MERGE:     849619
cpu0->cpu0_L1D LOAD         ACCESS:    3324097 HIT:    2585555 MISS:     738542 MSHR_MERGE:     408594
cpu0->cpu0_L1D RFO          ACCESS:          0 HIT:          0 MISS:          0 MSHR_MERGE:          0
cpu0->cpu0_L1D PREFETCH     ACCESS:          0 HIT:          0 MISS:          0 MSHR_MERGE:          0
cpu0->cpu0_L1D WRITE        ACCESS:    1656897 HIT:    1079413 MISS:     577484 MSHR_MERGE:     441023
cpu0->cpu0_L1D TRANSLATION  ACCESS:       1314 HIT:        491 MISS:        823 MSHR_MERGE:          2
cpu0->cpu0_L1D PREFETCH REQUESTED:          0 ISSUED:          0 USEFUL:          0 USELESS:          0
cpu0->cpu0_L1D AVERAGE MISS LATENCY: 70.34 cycles
cpu0->cpu0_ITLB TOTAL        ACCESS:    1561178 HIT:    1561156 MISS:         22 MSHR_MERGE:         16
cpu0->cpu0_ITLB LOAD         ACCESS:    1561178 HIT:    1561156 MISS:         22 MSHR_MERGE:         16
cpu0->cpu0_ITLB RFO          ACCESS:          0 HIT:          0 MISS:          0 MSHR_MERGE:          0
cpu0->cpu0_ITLB PREFETCH     ACCESS:          0 HIT:          0 MISS:          0 MSHR_MERGE:          0
cpu0->cpu0_ITLB WRITE        ACCESS:          0 HIT:          0 MISS:          0 MSHR_MERGE:          0
cpu0->cpu0_ITLB TRANSLATION  ACCESS:          0 HIT:          0 MISS:          0 MSHR_MERGE:          0
cpu0->cpu0_ITLB PREFETCH REQUESTED:          0 ISSUED:          0 USEFUL:          0 USELESS:          0
cpu0->cpu0_ITLB AVERAGE MISS LATENCY: 943.5 cycles
cpu0->cpu0_DTLB TOTAL        ACCESS:    4825372 HIT:    4809864 MISS:      15508 MSHR_MERGE:       7490
cpu0->cpu0_DTLB LOAD         ACCESS:    4825372 HIT:    4809864 MISS:      15508 MSHR_MERGE:       7490
cpu0->cpu0_DTLB RFO          ACCESS:          0 HIT:          0 MISS:          0 MSHR_MERGE:          0
cpu0->cpu0_DTLB PREFETCH     ACCESS:          0 HIT:          0 MISS:          0 MSHR_MERGE:          0
cpu0->cpu0_DTLB WRITE        ACCESS:          0 HIT:          0 MISS:          0 MSHR_MERGE:          0
cpu0->cpu0_DTLB TRANSLATION  ACCESS:          0 HIT:          0 MISS:          0 MSHR_MERGE:          0
cpu0->cpu0_DTLB PREFETCH REQUESTED:          0 ISSUED:          0 USEFUL:          0 USELESS:          0
cpu0->cpu0_DTLB AVERAGE MISS LATENCY: 61.55 cycles
cpu0->LLC TOTAL        ACCESS:     511541 HIT:     414504 MISS:      97037 MSHR_MERGE:          0
cpu0->LLC LOAD         ACCESS:     252970 HIT:     209427 MISS:      43543 MSHR_MERGE:          0
cpu0->LLC RFO          ACCESS:     100903 HIT:      49850 MISS:      51053 MSHR_MERGE:          0
cpu0->LLC PREFETCH     ACCESS:          0 HIT:          0 MISS:          0 MSHR_MERGE:          0
cpu0->LLC WRITE        ACCESS:     156848 HIT:     155218 MISS:       1630 MSHR_MERGE:          0
cpu0->LLC TRANSLATION  ACCESS:        820 HIT:          9 MISS:        811 MSHR_MERGE:          0
cpu0->LLC PREFETCH REQUESTED:          0 ISSUED:          0 USEFUL:          0 USELESS:          0
cpu0->LLC AVERAGE MISS LATENCY: 241.8 cycles

DRAM Statistics

Channel 0 RQ ROW_BUFFER_HIT:       6955
  ROW_BUFFER_MISS:      88362
  AVG DBUS CONGESTED CYCLE: 10.98
Channel 0 WQ ROW_BUFFER_HIT:      15282
  ROW_BUFFER_MISS:      51212
  FULL:          0
Channel 0 REFRESHES ISSUED:       1741
