[VMEM] WARNING: physical memory size is smaller than virtual memory size.
WARNING: option --warmup_instructions is deprecated. Use --warmup-instructions instead.
WARNING: option --simulation_instructions is deprecated. Use --simulation-instructions instead.

*** ChampSim Multicore Out-of-Order Simulator ***
Warmup Instructions: 5000000
Simulation Instructions: 25000000
Number of CPUs: 1
Page size: 4096

Off-chip DRAM Size: 16 GiB Channels: 1 Width: 64-bit Data Rate: 3205 MT/s
Warmup finished CPU 0 instructions: 5000001 cycles: 1465706 cumulative IPC: 3.411 (Simulation time: 00 hr 00 min 16 sec)
Warmup complete CPU 0 instructions: 5000001 cycles: 1465706 cumulative IPC: 3.411 (Simulation time: 00 hr 00 min 16 sec)
Heartbeat CPU 0 instructions: 10000002 cycles: 5355562 heartbeat IPC: 1.867 cumulative IPC: 1.285 (Simulation time: 00 hr 00 min 46 sec)
Heartbeat CPU 0 instructions: 20000003 cycles: 13220426 heartbeat IPC: 1.271 cumulative IPC: 1.276 (Simulation time: 00 hr 01 min 48 sec)
Simulation finished CPU 0 instructions: 25000001 cycles: 19650056 cumulative IPC: 1.272 (Simulation time: 00 hr 02 min 58 sec)
Simulation complete CPU 0 instructions: 25000001 cycles: 19650056 cumulative IPC: 1.272 (Simulation time: 00 hr 02 min 58 sec)

ChampSim completed all CPUs

=== Simulation ===
CPU 0 runs /mnt/storage/mipt/microarch/data/traces/628.pop2_s-17B.champsimtrace.xz

Region of Interest Statistics

CPU 0 cumulative IPC: 1.272 instructions: 25000001 cycles: 19650056
CPU 0 Branch Prediction Accuracy: 96.44% MPKI: 4.069 Average ROB Occupancy at Mispredict: 91.48
Branch type MPKI
BRANCH_DIRECT_JUMP: 0.05124
BRANCH_INDIRECT: 0.0016
BRANCH_CONDITIONAL: 4.016
BRANCH_DIRECT_CALL: 0
BRANCH_INDIRECT_CALL: 0
BRANCH_RETURN: 0

cpu0->cpu0_STLB TOTAL        ACCESS:      21985 HIT:      20755 MISS:       1230 MSHR_MERGE:          0
cpu0->cpu0_STLB LOAD         ACCESS:      21985 HIT:      20755 MISS:       1230 MSHR_MERGE:          0
cpu0->cpu0_STLB RFO          ACCESS:          0 HIT:          0 MISS:          0 MSHR_MERGE:          0
cpu0->cpu0_STLB PREFETCH     ACCESS:          0 HIT:          0 MISS:          0 MSHR_MERGE:          0
cpu0->cpu0_STLB WRITE        ACCESS:          0 HIT:          0 MISS:          0 MSHR_MERGE:          0
cpu0->cpu0_STLB TRANSLATION  ACCESS:          0 HIT:          0 MISS:          0 MSHR_MERGE:          0
cpu0->cpu0_STLB PREFETCH REQUESTED:          0 ISSUED:          0 USEFUL:          0 USELESS:          0
cpu0->cpu0_STLB AVERAGE MISS LATENCY: 745.1 cycles
cpu0->cpu0_L2C TOTAL        ACCESS:     753637 HIT:     513783 MISS:     239854 MSHR_MERGE:          0
cpu0->cpu0_L2C LOAD         ACCESS:     410749 HIT:     216969 MISS:     193780 MSHR_MERGE:          0
cpu0->cpu0_L2C RFO          ACCESS:     136439 HIT:     112232 MISS:      24207 MSHR_MERGE:          0
cpu0->cpu0_L2C PREFETCH     ACCESS:          0 HIT:          0 MISS:          0 MSHR_MERGE:          0
cpu0->cpu0_L2C WRITE        ACCESS:     203851 HIT:     184488 MISS:      19363 MSHR_MERGE:          0
cpu0->cpu0_L2C TRANSLATION  ACCESS:       2598 HIT:         94 MISS:       2504 MSHR_MERGE:          0
cpu0->cpu0_L2C PREFETCH REQUESTED:          0 ISSUED:          0 USEFUL:          0 USELESS:          0
cpu0->cpu0_L2C AVERAGE MISS LATENCY: 75.57 cycles
cpu0->cpu0_L1I TOTAL        ACCESS:    1899118 HIT:    1845121 MISS:      53997 MSHR_MERGE:      24456
cpu0->cpu0_L1I LOAD         ACCESS:    1899118 HIT:    1845121 MISS:      53997 MSHR_MERGE:      24456
cpu0->cpu0_L1I RFO          ACCESS:          0 HIT:          0 MISS:          0 MSHR_MERGE:          0
cpu0->cpu0_L1I PREFETCH     ACCESS:          0 HIT:          0 MISS:          0 MSHR_MERGE:          0
cpu0->cpu0_L1I WRITE        ACCESS:          0 HIT:          0 MISS:          0 MSHR_MERGE:          0
cpu0->cpu0_L1I TRANSLATION  ACCESS:          0 HIT:          0 MISS:          0 MSHR_MERGE:          0
cpu0->cpu0_L1I PREFETCH REQUESTED:          0 ISSUED:          0 USEFUL:          0 USELESS:          0
cpu0->cpu0_L1I AVERAGE MISS LATENCY: 20.35 cycles
cpu0->cpu0_L1D TOTAL        ACCESS:    6517855 HIT:    5357261 MISS:    1160594 MSHR_MERGE:     640343
cpu0->cpu0_L1D LOAD         ACCESS:    4622829 HIT:    3895330 MISS:     727499 MSHR_MERGE:     346287
cpu0->cpu0_L1D RFO          ACCESS:          0 HIT:          0 MISS:          0 MSHR_MERGE:          0
cpu0->cpu0_L1D PREFETCH     ACCESS:          0 HIT:          0 MISS:          0 MSHR_MERGE:          0
cpu0->cpu0_L1D WRITE        ACCESS:    1892166 HIT:    1461740 MISS:     430426 MSHR_MERGE:     293985
cpu0->cpu0_L1D TRANSLATION  ACCESS:       2860 HIT:        191 MISS:       2669 MSHR_MERGE:         71
cpu0->cpu0_L1D PREFETCH REQUESTED:          0 ISSUED:          0 USEFUL:          0 USELESS:          0
cpu0->cpu0_L1D AVERAGE MISS LATENCY: 42.43 cycles
cpu0->cpu0_ITLB TOTAL        ACCESS:    1548443 HIT:    1545306 MISS:       3137 MSHR_MERGE:       1898
cpu0->cpu0_ITLB LOAD         ACCESS:    1548443 HIT:    1545306 MISS:       3137 MSHR_MERGE:       1898
cpu0->cpu0_ITLB RFO          ACCESS:          0 HIT:          0 MISS:          0 MSHR_MERGE:          0
cpu0->cpu0_ITLB PREFETCH     ACCESS:          0 HIT:          0 MISS:          0 MSHR_MERGE:          0
cpu0->cpu0_ITLB WRITE        ACCESS:          0 HIT:          0 MISS:          0 MSHR_MERGE:          0
cpu0->cpu0_ITLB TRANSLATION  ACCESS:          0 HIT:          0 MISS:          0 MSHR_MERGE:          0
cpu0->cpu0_ITLB PREFETCH REQUESTED:          0 ISSUED:          0 USEFUL:          0 USELESS:          0
cpu0->cpu0_ITLB AVERAGE MISS LATENCY: 5 cycles
cpu0->cpu0_DTLB TOTAL        ACCESS:    6264332 HIT:    6228843 MISS:      35489 MSHR_MERGE:      14743
cpu0->cpu0_DTLB LOAD         ACCESS:    6264332 HIT:    6228843 MISS:      35489 MSHR_MERGE:      14743
cpu0->cpu0_DTLB RFO          ACCESS:          0 HIT:          0 MISS:          0 MSHR_MERGE:          0
cpu0->cpu0_DTLB PREFETCH     ACCESS:          0 HIT:          0 MISS:          0 MSHR_MERGE:          0
cpu0->cpu0_DTLB WRITE        ACCESS:          0 HIT:          0 MISS:          0 MSHR_MERGE:          0
cpu0->cpu0_DTLB TRANSLATION  ACCESS:          0 HIT:          0 MISS:          0 MSHR_MERGE:          0
cpu0->cpu0_DTLB PREFETCH REQUESTED:          0 ISSUED:          0 USEFUL:          0 USELESS:          0
cpu0->cpu0_DTLB AVERAGE MISS LATENCY: 49.24 cycles
cpu0->LLC TOTAL        ACCESS:     271905 HIT:     194561 MISS:      77344 MSHR_MERGE:          0
cpu0->LLC LOAD         ACCESS:     193780 HIT:     124016 MISS:      69764 MSHR_MERGE:          0
cpu0->LLC RFO          ACCESS:      24207 HIT:      18803 MISS:       5404 MSHR_MERGE:          0
cpu0->LLC PREFETCH     ACCESS:          0 HIT:          0 MISS:          0 MSHR_MERGE:          0
cpu0->LLC WRITE        ACCESS:      51414 HIT:      50991 MISS:        423 MSHR_MERGE:          0
cpu0->LLC TRANSLATION  ACCESS:       2504 HIT:        751 MISS:       1753 MSHR_MERGE:          0
cpu0->LLC PREFETCH REQUESTED:          0 ISSUED:          0 USEFUL:          0 USELESS:          0
cpu0->LLC AVERAGE MISS LATENCY: 189.6 cycles

DRAM Statistics

Channel 0 RQ ROW_BUFFER_HIT:       2309
  ROW_BUFFER_MISS:      74612
  AVG DBUS CONGESTED CYCLE: 15.34
Channel 0 WQ ROW_BUFFER_HIT:       4787
  ROW_BUFFER_MISS:      13923
  FULL:          0
Channel 0 REFRESHES ISSUED:       1637
