[VMEM] WARNING: physical memory size is smaller than virtual memory size.
WARNING: option --warmup_instructions is deprecated. Use --warmup-instructions instead.
WARNING: option --simulation_instructions is deprecated. Use --simulation-instructions instead.

*** ChampSim Multicore Out-of-Order Simulator ***
Warmup Instructions: 5000000
Simulation Instructions: 25000000
Number of CPUs: 1
Page size: 4096

Off-chip DRAM Size: 16 GiB Channels: 1 Width: 64-bit Data Rate: 3205 MT/s
Warmup finished CPU 0 instructions: 5000001 cycles: 1343832 cumulative IPC: 3.721 (Simulation time: 00 hr 00 min 15 sec)
Warmup complete CPU 0 instructions: 5000001 cycles: 1343832 cumulative IPC: 3.721 (Simulation time: 00 hr 00 min 15 sec)
Heartbeat CPU 0 instructions: 10000002 cycles: 5043297 heartbeat IPC: 1.983 cumulative IPC: 1.352 (Simulation time: 00 hr 00 min 42 sec)
Heartbeat CPU 0 instructions: 20000003 cycles: 17148690 heartbeat IPC: 0.8261 cumulative IPC: 0.9491 (Simulation time: 00 hr 02 min 15 sec)
Simulation finished CPU 0 instructions: 25000000 cycles: 23519089 cumulative IPC: 1.063 (Simulation time: 00 hr 02 min 58 sec)
Simulation complete CPU 0 instructions: 25000000 cycles: 23519089 cumulative IPC: 1.063 (Simulation time: 00 hr 02 min 58 sec)

ChampSim completed all CPUs

=== Simulation ===
CPU 0 runs /mnt/storage/mipt/microarch/data/traces/641.leela_s-149B.champsimtrace.xz

Region of Interest Statistics

CPU 0 cumulative IPC: 1.063 instructions: 25000000 cycles: 23519089
CPU 0 Branch Prediction Accuracy: 89.11% MPKI: 18.82 Average ROB Occupancy at Mispredict: 21.72
Branch type MPKI
BRANCH_DIRECT_JUMP: 0.1037
BRANCH_INDIRECT: 0.02064
BRANCH_CONDITIONAL: 18.64
BRANCH_DIRECT_CALL: 0.01192
BRANCH_INDIRECT_CALL: 0.0072
BRANCH_RETURN: 0.03844

cpu0->cpu0_STLB TOTAL        ACCESS:      12552 HIT:      12074 MISS:        478 MSHR_MERGE:          0
cpu0->cpu0_STLB LOAD         ACCESS:      12552 HIT:      12074 MISS:        478 MSHR_MERGE:          0
cpu0->cpu0_STLB RFO          ACCESS:          0 HIT:          0 MISS:          0 MSHR_MERGE:          0
cpu0->cpu0_STLB PREFETCH     ACCESS:          0 HIT:          0 MISS:          0 MSHR_MERGE:          0
cpu0->cpu0_STLB WRITE        ACCESS:          0 HIT:          0 MISS:          0 MSHR_MERGE:          0
cpu0->cpu0_STLB TRANSLATION  ACCESS:          0 HIT:          0 MISS:          0 MSHR_MERGE:          0
cpu0->cpu0_STLB PREFETCH REQUESTED:          0 ISSUED:          0 USEFUL:          0 USELESS:          0
cpu0->cpu0_STLB AVERAGE MISS LATENCY: 737.6 cycles
cpu0->cpu0_L2C TOTAL        ACCESS:     292658 HIT:     162368 MISS:     130290 MSHR_MERGE:          0
cpu0->cpu0_L2C LOAD         ACCESS:     124378 HIT:      72248 MISS:      52130 MSHR_MERGE:          0
cpu0->cpu0_L2C RFO          ACCESS:      63897 HIT:      28773 MISS:      35124 MSHR_MERGE:          0
cpu0->cpu0_L2C PREFETCH     ACCESS:          0 HIT:          0 MISS:          0 MSHR_MERGE:          0
cpu0->cpu0_L2C WRITE        ACCESS:     103632 HIT:      61340 MISS:      42292 MSHR_MERGE:          0
cpu0->cpu0_L2C TRANSLATION  ACCESS:        751 HIT:          7 MISS:        744 MSHR_MERGE:          0
cpu0->cpu0_L2C PREFETCH REQUESTED:          0 ISSUED:          0 USEFUL:          0 USELESS:          0
cpu0->cpu0_L2C AVERAGE MISS LATENCY: 45.63 cycles
cpu0->cpu0_L1I TOTAL        ACCESS:    3051347 HIT:    3040269 MISS:      11078 MSHR_MERGE:       3805
cpu0->cpu0_L1I LOAD         ACCESS:    3051347 HIT:    3040269 MISS:      11078 MSHR_MERGE:       3805
cpu0->cpu0_L1I RFO          ACCESS:          0 HIT:          0 MISS:          0 MSHR_MERGE:          0
cpu0->cpu0_L1I PREFETCH     ACCESS:          0 HIT:          0 MISS:          0 MSHR_MERGE:          0
cpu0->cpu0_L1I WRITE        ACCESS:          0 HIT:          0 MISS:          0 MSHR_MERGE:          0
cpu0->cpu0_L1I TRANSLATION  ACCESS:          0 HIT:          0 MISS:          0 MSHR_MERGE:          0
cpu0->cpu0_L1I PREFETCH REQUESTED:          0 ISSUED:          0 USEFUL:          0 USELESS:          0
cpu0->cpu0_L1I AVERAGE MISS LATENCY: 27.56 cycles
cpu0->cpu0_L1D TOTAL        ACCESS:    8178880 HIT:    7727955 MISS:     450925 MSHR_MERGE:     269172
cpu0->cpu0_L1D LOAD         ACCESS:    4621138 HIT:    4436316 MISS:     184822 MSHR_MERGE:      67717
cpu0->cpu0_L1D RFO          ACCESS:          0 HIT:          0 MISS:          0 MSHR_MERGE:          0
cpu0->cpu0_L1D PREFETCH     ACCESS:          0 HIT:          0 MISS:          0 MSHR_MERGE:          0
cpu0->cpu0_L1D WRITE        ACCESS:    3556785 HIT:    3291433 MISS:     265352 MSHR_MERGE:     201455
cpu0->cpu0_L1D TRANSLATION  ACCESS:        957 HIT:        206 MISS:        751 MSHR_MERGE:          0
cpu0->cpu0_L1D PREFETCH REQUESTED:          0 ISSUED:          0 USEFUL:          0 USELESS:          0
cpu0->cpu0_L1D AVERAGE MISS LATENCY: 39.53 cycles
cpu0->cpu0_ITLB TOTAL        ACCESS:    2773328 HIT:    2772700 MISS:        628 MSHR_MERGE:        342
cpu0->cpu0_ITLB LOAD         ACCESS:    2773328 HIT:    2772700 MISS:        628 MSHR_MERGE:        342
cpu0->cpu0_ITLB RFO          ACCESS:          0 HIT:          0 MISS:          0 MSHR_MERGE:          0
cpu0->cpu0_ITLB PREFETCH     ACCESS:          0 HIT:          0 MISS:          0 MSHR_MERGE:          0
cpu0->cpu0_ITLB WRITE        ACCESS:          0 HIT:          0 MISS:          0 MSHR_MERGE:          0
cpu0->cpu0_ITLB TRANSLATION  ACCESS:          0 HIT:          0 MISS:          0 MSHR_MERGE:          0
cpu0->cpu0_ITLB PREFETCH REQUESTED:          0 ISSUED:          0 USEFUL:          0 USELESS:          0
cpu0->cpu0_ITLB AVERAGE MISS LATENCY: 125.3 cycles
cpu0->cpu0_DTLB TOTAL        ACCESS:    7744895 HIT:    7727290 MISS:      17605 MSHR_MERGE:       5339
cpu0->cpu0_DTLB LOAD         ACCESS:    7744895 HIT:    7727290 MISS:      17605 MSHR_MERGE:       5339
cpu0->cpu0_DTLB RFO          ACCESS:          0 HIT:          0 MISS:          0 MSHR_MERGE:          0
cpu0->cpu0_DTLB PREFETCH     ACCESS:          0 HIT:          0 MISS:          0 MSHR_MERGE:          0
cpu0->cpu0_DTLB WRITE        ACCESS:          0 HIT:          0 MISS:          0 MSHR_MERGE:          0
cpu0->cpu0_DTLB TRANSLATION  ACCESS:          0 HIT:          0 MISS:          0 MSHR_MERGE:          0
cpu0->cpu0_DTLB PREFETCH REQUESTED:          0 ISSUED:          0 USEFUL:          0 USELESS:          0
cpu0->cpu0_DTLB AVERAGE MISS LATENCY: 30.98 cycles
cpu0->LLC TOTAL        ACCESS:     146758 HIT:     120713 MISS:      26045 MSHR_MERGE:          0
cpu0->LLC LOAD         ACCESS:      52130 HIT:      34358 MISS:      17772 MSHR_MERGE:          0
cpu0->LLC RFO          ACCESS:      35124 HIT:      27620 MISS:       7504 MSHR_MERGE:          0
cpu0->LLC PREFETCH     ACCESS:          0 HIT:          0 MISS:          0 MSHR_MERGE:          0
cpu0->LLC WRITE        ACCESS:      58760 HIT:      58733 MISS:         27 MSHR_MERGE:          0
cpu0->LLC TRANSLATION  ACCESS:        744 HIT:          2 MISS:        742 MSHR_MERGE:          0
cpu0->LLC PREFETCH REQUESTED:          0 ISSUED:          0 USEFUL:          0 USELESS:          0
cpu0->LLC AVERAGE MISS LATENCY: 170.1 cycles

DRAM Statistics

Channel 0 RQ ROW_BUFFER_HIT:       2577
  ROW_BUFFER_MISS:      23441
  AVG DBUS CONGESTED CYCLE: 14.9
Channel 0 WQ ROW_BUFFER_HIT:         67
  ROW_BUFFER_MISS:        320
  FULL:          0
Channel 0 REFRESHES ISSUED:       1960
