[VMEM] WARNING: physical memory size is smaller than virtual memory size.
WARNING: option --warmup_instructions is deprecated. Use --warmup-instructions instead.
WARNING: option --simulation_instructions is deprecated. Use --simulation-instructions instead.

*** ChampSim Multicore Out-of-Order Simulator ***
Warmup Instructions: 5000000
Simulation Instructions: 25000000
Number of CPUs: 1
Page size: 4096

Off-chip DRAM Size: 16 GiB Channels: 1 Width: 64-bit Data Rate: 3205 MT/s
Warmup finished CPU 0 instructions: 5000002 cycles: 1300176 cumulative IPC: 3.846 (Simulation time: 00 hr 00 min 18 sec)
Warmup complete CPU 0 instructions: 5000002 cycles: 1300176 cumulative IPC: 3.846 (Simulation time: 00 hr 00 min 18 sec)
Heartbeat CPU 0 instructions: 10000001 cycles: 4151251 heartbeat IPC: 2.409 cumulative IPC: 1.754 (Simulation time: 00 hr 00 min 42 sec)
Heartbeat CPU 0 instructions: 20000002 cycles: 10083405 heartbeat IPC: 1.686 cumulative IPC: 1.708 (Simulation time: 00 hr 01 min 24 sec)
Heartbeat CPU 0 instructions: 30000002 cycles: 16004993 heartbeat IPC: 1.689 cumulative IPC: 1.7 (Simulation time: 00 hr 02 min 00 sec)
Simulation finished CPU 0 instructions: 25000000 cycles: 14704817 cumulative IPC: 1.7 (Simulation time: 00 hr 02 min 00 sec)
Simulation complete CPU 0 instructions: 25000000 cycles: 14704817 cumulative IPC: 1.7 (Simulation time: 00 hr 02 min 00 sec)

ChampSim completed all CPUs

=== Simulation ===
CPU 0 runs /mnt/storage/mipt/microarch/data/traces/644.nab_s-12459B.champsimtrace.xz

Region of Interest Statistics

CPU 0 cumulative IPC: 1.7 instructions: 25000000 cycles: 14704817
CPU 0 Branch Prediction Accuracy: 91.2% MPKI: 12.64 Average ROB Occupancy at Mispredict: 42.8
Branch type MPKI
BRANCH_DIRECT_JUMP: 0.2805
BRANCH_INDIRECT: 0
BRANCH_CONDITIONAL: 12.36
BRANCH_DIRECT_CALL: 0
BRANCH_INDIRECT_CALL: 0
BRANCH_RETURN: 0

cpu0->cpu0_STLB TOTAL        ACCESS:       5230 HIT:       5150 MISS:         80 MSHR_MERGE:          0
cpu0->cpu0_STLB LOAD         ACCESS:       5230 HIT:       5150 MISS:         80 MSHR_MERGE:          0
cpu0->cpu0_STLB RFO          ACCESS:          0 HIT:          0 MISS:          0 MSHR_MERGE:          0
cpu0->cpu0_STLB PREFETCH     ACCESS:          0 HIT:          0 MISS:          0 MSHR_MERGE:          0
cpu0->cpu0_STLB WRITE        ACCESS:          0 HIT:          0 MISS:          0 MSHR_MERGE:          0
cpu0->cpu0_STLB TRANSLATION  ACCESS:          0 HIT:          0 MISS:          0 MSHR_MERGE:          0
cpu0->cpu0_STLB PREFETCH REQUESTED:          0 ISSUED:          0 USEFUL:          0 USELESS:          0
cpu0->cpu0_STLB AVERAGE MISS LATENCY: 697.3 cycles
cpu0->cpu0_L2C TOTAL        ACCESS:     160001 HIT:     142029 MISS:      17972 MSHR_MERGE:          0
cpu0->cpu0_L2C LOAD         ACCESS:     139535 HIT:     125956 MISS:      13579 MSHR_MERGE:          0
cpu0->cpu0_L2C RFO          ACCESS:       8206 HIT:       4353 MISS:       3853 MSHR_MERGE:          0
cpu0->cpu0_L2C PREFETCH     ACCESS:          0 HIT:          0 MISS:          0 MSHR_MERGE:          0
cpu0->cpu0_L2C WRITE        ACCESS:      12134 HIT:      11715 MISS:        419 MSHR_MERGE:          0
cpu0->cpu0_L2C TRANSLATION  ACCESS:        126 HIT:          5 MISS:        121 MSHR_MERGE:          0
cpu0->cpu0_L2C PREFETCH REQUESTED:          0 ISSUED:          0 USEFUL:          0 USELESS:          0
cpu0->cpu0_L2C AVERAGE MISS LATENCY: 62.7 cycles
cpu0->cpu0_L1I TOTAL        ACCESS:      81131 HIT:      81131 MISS:          0 MSHR_MERGE:          0
cpu0->cpu0_L1I LOAD         ACCESS:      81131 HIT:      81131 MISS:          0 MSHR_MERGE:          0
cpu0->cpu0_L1I RFO          ACCESS:          0 HIT:          0 MISS:          0 MSHR_MERGE:          0
cpu0->cpu0_L1I PREFETCH     ACCESS:          0 HIT:          0 MISS:          0 MSHR_MERGE:          0
cpu0->cpu0_L1I WRITE        ACCESS:          0 HIT:          0 MISS:          0 MSHR_MERGE:          0
cpu0->cpu0_L1I TRANSLATION  ACCESS:          0 HIT:          0 MISS:          0 MSHR_MERGE:          0
cpu0->cpu0_L1I PREFETCH REQUESTED:          0 ISSUED:          0 USEFUL:          0 USELESS:          0
cpu0->cpu0_L1I AVERAGE MISS LATENCY: - cycles
cpu0->cpu0_L1D TOTAL        ACCESS:    6816983 HIT:    6582732 MISS:     234251 MSHR_MERGE:      86384
cpu0->cpu0_L1D LOAD         ACCESS:    4354156 HIT:    4187415 MISS:     166741 MSHR_MERGE:      27206
cpu0->cpu0_L1D RFO          ACCESS:          0 HIT:          0 MISS:          0 MSHR_MERGE:          0
cpu0->cpu0_L1D PREFETCH     ACCESS:          0 HIT:          0 MISS:          0 MSHR_MERGE:          0
cpu0->cpu0_L1D WRITE        ACCESS:    2462667 HIT:    2395284 MISS:      67383 MSHR_MERGE:      59177
cpu0->cpu0_L1D TRANSLATION  ACCESS:        160 HIT:         33 MISS:        127 MSHR_MERGE:          1
cpu0->cpu0_L1D PREFETCH REQUESTED:          0 ISSUED:          0 USEFUL:          0 USELESS:          0
cpu0->cpu0_L1D AVERAGE MISS LATENCY: 15.74 cycles
cpu0->cpu0_ITLB TOTAL        ACCESS:      66962 HIT:      66962 MISS:          0 MSHR_MERGE:          0
cpu0->cpu0_ITLB LOAD         ACCESS:      66962 HIT:      66962 MISS:          0 MSHR_MERGE:          0
cpu0->cpu0_ITLB RFO          ACCESS:          0 HIT:          0 MISS:          0 MSHR_MERGE:          0
cpu0->cpu0_ITLB PREFETCH     ACCESS:          0 HIT:          0 MISS:          0 MSHR_MERGE:          0
cpu0->cpu0_ITLB WRITE        ACCESS:          0 HIT:          0 MISS:          0 MSHR_MERGE:          0
cpu0->cpu0_ITLB TRANSLATION  ACCESS:          0 HIT:          0 MISS:          0 MSHR_MERGE:          0
cpu0->cpu0_ITLB PREFETCH REQUESTED:          0 ISSUED:          0 USEFUL:          0 USELESS:          0
cpu0->cpu0_ITLB AVERAGE MISS LATENCY: - cycles
cpu0->cpu0_DTLB TOTAL        ACCESS:    6501896 HIT:    6495061 MISS:       6835 MSHR_MERGE:       1605
cpu0->cpu0_DTLB LOAD         ACCESS:    6501896 HIT:    6495061 MISS:       6835 MSHR_MERGE:       1605
cpu0->cpu0_DTLB RFO          ACCESS:          0 HIT:          0 MISS:          0 MSHR_MERGE:          0
cpu0->cpu0_DTLB PREFETCH     ACCESS:          0 HIT:          0 MISS:          0 MSHR_MERGE:          0
cpu0->cpu0_DTLB WRITE        ACCESS:          0 HIT:          0 MISS:          0 MSHR_MERGE:          0
cpu0->cpu0_DTLB TRANSLATION  ACCESS:          0 HIT:          0 MISS:          0 MSHR_MERGE:          0
cpu0->cpu0_DTLB PREFETCH REQUESTED:          0 ISSUED:          0 USEFUL:          0 USELESS:          0
cpu0->cpu0_DTLB AVERAGE MISS LATENCY: 15.68 cycles
cpu0->LLC TOTAL        ACCESS:      20584 HIT:      15194 MISS:       5390 MSHR_MERGE:          0
cpu0->LLC LOAD         ACCESS:      13579 HIT:      12130 MISS:       1449 MSHR_MERGE:          0
cpu0->LLC RFO          ACCESS:       3853 HIT:         20 MISS:       3833 MSHR_MERGE:          0
cpu0->LLC PREFETCH     ACCESS:          0 HIT:          0 MISS:          0 MSHR_MERGE:          0
cpu0->LLC WRITE        ACCESS:       3031 HIT:       3031 MISS:          0 MSHR_MERGE:          0
cpu0->LLC TRANSLATION  ACCESS:        121 HIT:         13 MISS:        108 MSHR_MERGE:          0
cpu0->LLC PREFETCH REQUESTED:          0 ISSUED:          0 USEFUL:          0 USELESS:          0
cpu0->LLC AVERAGE MISS LATENCY: 158.9 cycles

DRAM Statistics

Channel 0 RQ ROW_BUFFER_HIT:       1385
  ROW_BUFFER_MISS:       4005
  AVG DBUS CONGESTED CYCLE: 2.639
Channel 0 WQ ROW_BUFFER_HIT:          0
  ROW_BUFFER_MISS:          0
  FULL:          0
Channel 0 REFRESHES ISSUED:       1225
