[VMEM] WARNING: physical memory size is smaller than virtual memory size.
WARNING: option --warmup_instructions is deprecated. Use --warmup-instructions instead.
WARNING: option --simulation_instructions is deprecated. Use --simulation-instructions instead.

*** ChampSim Multicore Out-of-Order Simulator ***
Warmup Instructions: 5000000
Simulation Instructions: 25000000
Number of CPUs: 1
Page size: 4096

Off-chip DRAM Size: 16 GiB Channels: 1 Width: 64-bit Data Rate: 3205 MT/s
Warmup finished CPU 0 instructions: 5000004 cycles: 1493915 cumulative IPC: 3.347 (Simulation time: 00 hr 00 min 21 sec)
Warmup complete CPU 0 instructions: 5000004 cycles: 1493915 cumulative IPC: 3.347 (Simulation time: 00 hr 00 min 21 sec)
Heartbeat CPU 0 instructions: 10000003 cycles: 14023833 heartbeat IPC: 0.7131 cumulative IPC: 0.399 (Simulation time: 00 hr 01 min 52 sec)
Heartbeat CPU 0 instructions: 20000007 cycles: 39263650 heartbeat IPC: 0.3962 cumulative IPC: 0.3971 (Simulation time: 00 hr 04 min 24 sec)
Heartbeat CPU 0 instructions: 30000007 cycles: 64495765 heartbeat IPC: 0.3963 cumulative IPC: 0.3968 (Simulation time: 00 hr 06 min 46 sec)
Simulation finished CPU 0 instructions: 25000003 cycles: 63001850 cumulative IPC: 0.3968 (Simulation time: 00 hr 06 min 46 sec)
Simulation complete CPU 0 instructions: 25000003 cycles: 63001850 cumulative IPC: 0.3968 (Simulation time: 00 hr 06 min 46 sec)

ChampSim completed all CPUs

=== Simulation ===
CPU 0 runs /mnt/storage/mipt/microarch/data/traces/649.fotonik3d_s-1176B.champsimtrace.xz

Region of Interest Statistics

CPU 0 cumulative IPC: 0.3968 instructions: 25000003 cycles: 63001850
CPU 0 Branch Prediction Accuracy: 99.97% MPKI: 0.0044 Average ROB Occupancy at Mispredict: 352
Branch type MPKI
BRANCH_DIRECT_JUMP: 0
BRANCH_INDIRECT: 0
BRANCH_CONDITIONAL: 0.0044
BRANCH_DIRECT_CALL: 0
BRANCH_INDIRECT_CALL: 0
BRANCH_RETURN: 0

cpu0->cpu0_STLB TOTAL        ACCESS:       5815 HIT:       2377 MISS:       3438 MSHR_MERGE:          0
cpu0->cpu0_STLB LOAD         ACCESS:       5815 HIT:       2377 MISS:       3438 MSHR_MERGE:          0
cpu0->cpu0_STLB RFO          ACCESS:          0 HIT:          0 MISS:          0 MSHR_MERGE:          0
cpu0->cpu0_STLB PREFETCH     ACCESS:          0 HIT:          0 MISS:          0 MSHR_MERGE:          0
cpu0->cpu0_STLB WRITE        ACCESS:          0 HIT:          0 MISS:          0 MSHR_MERGE:          0
cpu0->cpu0_STLB TRANSLATION  ACCESS:          0 HIT:          0 MISS:          0 MSHR_MERGE:          0
cpu0->cpu0_STLB PREFETCH REQUESTED:          0 ISSUED:          0 USEFUL:          0 USELESS:          0
cpu0->cpu0_STLB AVERAGE MISS LATENCY: 664.2 cycles
cpu0->cpu0_L2C TOTAL        ACCESS:     554463 HIT:     184612 MISS:     369851 MSHR_MERGE:          0
cpu0->cpu0_L2C LOAD         ACCESS:     330465 HIT:     106280 MISS:     224185 MSHR_MERGE:          0
cpu0->cpu0_L2C RFO          ACCESS:        385 HIT:        385 MISS:          0 MSHR_MERGE:          0
cpu0->cpu0_L2C PREFETCH     ACCESS:          0 HIT:          0 MISS:          0 MSHR_MERGE:          0
cpu0->cpu0_L2C WRITE        ACCESS:     219626 HIT:      77935 MISS:     141691 MSHR_MERGE:          0
cpu0->cpu0_L2C TRANSLATION  ACCESS:       3987 HIT:         12 MISS:       3975 MSHR_MERGE:          0
cpu0->cpu0_L2C PREFETCH REQUESTED:          0 ISSUED:          0 USEFUL:          0 USELESS:          0
cpu0->cpu0_L2C AVERAGE MISS LATENCY: 144.4 cycles
cpu0->cpu0_L1I TOTAL        ACCESS:    4433845 HIT:    4433845 MISS:          0 MSHR_MERGE:          0
cpu0->cpu0_L1I LOAD         ACCESS:    4433845 HIT:    4433845 MISS:          0 MSHR_MERGE:          0
cpu0->cpu0_L1I RFO          ACCESS:          0 HIT:          0 MISS:          0 MSHR_MERGE:          0
cpu0->cpu0_L1I PREFETCH     ACCESS:          0 HIT:          0 MISS:          0 MSHR_MERGE:          0
cpu0->cpu0_L1I WRITE        ACCESS:          0 HIT:          0 MISS:          0 MSHR_MERGE:          0
cpu0->cpu0_L1I TRANSLATION  ACCESS:          0 HIT:          0 MISS:          0 MSHR_MERGE:          0
cpu0->cpu0_L1I PREFETCH REQUESTED:          0 ISSUED:          0 USEFUL:          0 USELESS:          0
cpu0->cpu0_L1I AVERAGE MISS LATENCY: - cycles
cpu0->cpu0_L1D TOTAL        ACCESS:    7684665 HIT:    6416149 MISS:    1268516 MSHR_MERGE:     933679
cpu0->cpu0_L1D LOAD         ACCESS:    5922634 HIT:    4659344 MISS:    1263290 MSHR_MERGE:     932825
cpu0->cpu0_L1D RFO          ACCESS:          0 HIT:          0 MISS:          0 MSHR_MERGE:          0
cpu0->cpu0_L1D PREFETCH     ACCESS:          0 HIT:          0 MISS:          0 MSHR_MERGE:          0
cpu0->cpu0_L1D WRITE        ACCESS:    1755141 HIT:    1753902 MISS:       1239 MSHR_MERGE:        854
cpu0->cpu0_L1D TRANSLATION  ACCESS:       6890 HIT:       2903 MISS:       3987 MSHR_MERGE:          0
cpu0->cpu0_L1D PREFETCH REQUESTED:          0 ISSUED:          0 USEFUL:          0 USELESS:          0
cpu0->cpu0_L1D AVERAGE MISS LATENCY: 166.5 cycles
cpu0->cpu0_ITLB TOTAL        ACCESS:    3559754 HIT:    3559754 MISS:          0 MSHR_MERGE:          0
cpu0->cpu0_ITLB LOAD         ACCESS:    3559754 HIT:    3559754 MISS:          0 MSHR_MERGE:          0
cpu0->cpu0_ITLB RFO          ACCESS:          0 HIT:          0 MISS:          0 MSHR_MERGE:          0
cpu0->cpu0_ITLB PREFETCH     ACCESS:          0 HIT:          0 MISS:          0 MSHR_MERGE:          0
cpu0->cpu0_ITLB WRITE        ACCESS:          0 HIT:          0 MISS:          0 MSHR_MERGE:          0
cpu0->cpu0_ITLB TRANSLATION  ACCESS:          0 HIT:          0 MISS:          0 MSHR_MERGE:          0
cpu0->cpu0_ITLB PREFETCH REQUESTED:          0 ISSUED:          0 USEFUL:          0 USELESS:          0
cpu0->cpu0_ITLB AVERAGE MISS LATENCY: - cycles
cpu0->cpu0_DTLB TOTAL        ACCESS:    7073187 HIT:    7053381 MISS:      19806 MSHR_MERGE:      13991
cpu0->cpu0_DTLB LOAD         ACCESS:    7073187 HIT:    7053381 MISS:      19806 MSHR_MERGE:      13991
cpu0->cpu0_DTLB RFO          ACCESS:          0 HIT:          0 MISS:          0 MSHR_MERGE:          0
cpu0->cpu0_DTLB PREFETCH     ACCESS:          0 HIT:          0 MISS:          0 MSHR_MERGE:          0
cpu0->cpu0_DTLB WRITE        ACCESS:          0 HIT:          0 MISS:          0 MSHR_MERGE:          0
cpu0->cpu0_DTLB TRANSLATION  ACCESS:          0 HIT:          0 MISS:          0 MSHR_MERGE:          0
cpu0->cpu0_DTLB PREFETCH REQUESTED:          0 ISSUED:          0 USEFUL:          0 USELESS:          0
cpu0->cpu0_DTLB AVERAGE MISS LATENCY: 398.3 cycles
cpu0->LLC TOTAL        ACCESS:     447436 HIT:     224281 MISS:     223155 MSHR_MERGE:          0
cpu0->LLC LOAD         ACCESS:     224185 HIT:       4956 MISS:     219229 MSHR_MERGE:          0
cpu0->LLC RFO          ACCESS:          0 HIT:          0 MISS:          0 MSHR_MERGE:          0
cpu0->LLC PREFETCH     ACCESS:          0 HIT:          0 MISS:          0 MSHR_MERGE:          0
cpu0->LLC WRITE        ACCESS:     219276 HIT:     219238 MISS:         38 MSHR_MERGE:          0
cpu0->LLC TRANSLATION  ACCESS:       3975 HIT:         87 MISS:       3888 MSHR_MERGE:          0
cpu0->LLC PREFETCH REQUESTED:          0 ISSUED:          0 USEFUL:          0 USELESS:          0
cpu0->LLC AVERAGE MISS LATENCY: 220.5 cycles

DRAM Statistics

Channel 0 RQ ROW_BUFFER_HIT:       1520
  ROW_BUFFER_MISS:     221598
  AVG DBUS CONGESTED CYCLE: 9.89
Channel 0 WQ ROW_BUFFER_HIT:      88727
  ROW_BUFFER_MISS:     129125
  FULL:          0
Channel 0 REFRESHES ISSUED:       5250
