[VMEM] WARNING: physical memory size is smaller than virtual memory size.
WARNING: option --warmup_instructions is deprecated. Use --warmup-instructions instead.
WARNING: option --simulation_instructions is deprecated. Use --simulation-instructions instead.

*** ChampSim Multicore Out-of-Order Simulator ***
Warmup Instructions: 5000000
Simulation Instructions: 25000000
Number of CPUs: 1
Page size: 4096

Off-chip DRAM Size: 16 GiB Channels: 1 Width: 64-bit Data Rate: 3205 MT/s
Warmup finished CPU 0 instructions: 5000003 cycles: 1752005 cumulative IPC: 2.854 (Simulation time: 00 hr 00 min 17 sec)
Warmup complete CPU 0 instructions: 5000003 cycles: 1752005 cumulative IPC: 2.854 (Simulation time: 00 hr 00 min 17 sec)
Heartbeat CPU 0 instructions: 10000002 cycles: 21214870 heartbeat IPC: 0.4714 cumulative IPC: 0.2569 (Simulation time: 00 hr 01 min 47 sec)
Heartbeat CPU 0 instructions: 20000002 cycles: 61153445 heartbeat IPC: 0.2504 cumulative IPC: 0.2525 (Simulation time: 00 hr 05 min 08 sec)
Heartbeat CPU 0 instructions: 30000004 cycles: 100684816 heartbeat IPC: 0.253 cumulative IPC: 0.2527 (Simulation time: 00 hr 07 min 34 sec)
Simulation finished CPU 0 instructions: 25000001 cycles: 98932811 cumulative IPC: 0.2527 (Simulation time: 00 hr 07 min 34 sec)
Simulation complete CPU 0 instructions: 25000001 cycles: 98932811 cumulative IPC: 0.2527 (Simulation time: 00 hr 07 min 34 sec)

ChampSim completed all CPUs

=== Simulation ===
CPU 0 runs /mnt/storage/mipt/microarch/data/traces/602.gcc_s-1850B.champsimtrace.xz

Region of Interest Statistics

CPU 0 cumulative IPC: 0.2527 instructions: 25000001 cycles: 98932811
CPU 0 Branch Prediction Accuracy: 92.26% MPKI: 19.85 Average ROB Occupancy at Mispredict: 28.68
Branch type MPKI
BRANCH_DIRECT_JUMP: 0.01196
BRANCH_INDIRECT: 0
BRANCH_CONDITIONAL: 19.84
BRANCH_DIRECT_CALL: 0
BRANCH_INDIRECT_CALL: 0
BRANCH_RETURN: 0

cpu0->cpu0_STLB TOTAL        ACCESS:       8295 HIT:        659 MISS:       7636 MSHR_MERGE:          0
cpu0->cpu0_STLB LOAD         ACCESS:       8295 HIT:        659 MISS:       7636 MSHR_MERGE:          0
cpu0->cpu0_STLB RFO          ACCESS:          0 HIT:          0 MISS:          0 MSHR_MERGE:          0
cpu0->cpu0_STLB PREFETCH     ACCESS:          0 HIT:          0 MISS:          0 MSHR_MERGE:          0
cpu0->cpu0_STLB WRITE        ACCESS:          0 HIT:          0 MISS:          0 MSHR_MERGE:          0
cpu0->cpu0_STLB TRANSLATION  ACCESS:          0 HIT:          0 MISS:          0 MSHR_MERGE:          0
cpu0->cpu0_STLB PREFETCH REQUESTED:          0 ISSUED:          0 USEFUL:          0 USELESS:          0
cpu0->cpu0_STLB AVERAGE MISS LATENCY: 681 cycles
cpu0->cpu0_L2C TOTAL        ACCESS:     615130 HIT:     160268 MISS:     454862 MSHR_MERGE:          0
cpu0->cpu0_L2C LOAD         ACCESS:     603938 HIT:     158775 MISS:     445163 MSHR_MERGE:          0
cpu0->cpu0_L2C RFO          ACCESS:        158 HIT:          0 MISS:        158 MSHR_MERGE:          0
cpu0->cpu0_L2C PREFETCH     ACCESS:          0 HIT:          0 MISS:          0 MSHR_MERGE:          0
cpu0->cpu0_L2C WRITE        ACCESS:       1586 HIT:       1421 MISS:        165 MSHR_MERGE:          0
cpu0->cpu0_L2C TRANSLATION  ACCESS:       9448 HIT:         72 MISS:       9376 MSHR_MERGE:          0
cpu0->cpu0_L2C PREFETCH REQUESTED:          0 ISSUED:          0 USEFUL:          0 USELESS:          0
cpu0->cpu0_L2C AVERAGE MISS LATENCY: 159.2 cycles
cpu0->cpu0_L1I TOTAL        ACCESS:        320 HIT:        320 MISS:          0 MSHR_MERGE:          0
cpu0->cpu0_L1I LOAD         ACCESS:        320 HIT:        320 MISS:          0 MSHR_MERGE:          0
cpu0->cpu0_L1I RFO          ACCESS:          0 HIT:          0 MISS:          0 MSHR_MERGE:          0
cpu0->cpu0_L1I PREFETCH     ACCESS:          0 HIT:          0 MISS:          0 MSHR_MERGE:          0
cpu0->cpu0_L1I WRITE        ACCESS:          0 HIT:          0 MISS:          0 MSHR_MERGE:          0
cpu0->cpu0_L1I TRANSLATION  ACCESS:          0 HIT:          0 MISS:          0 MSHR_MERGE:          0
cpu0->cpu0_L1I PREFETCH REQUESTED:          0 ISSUED:          0 USEFUL:          0 USELESS:          0
cpu0->cpu0_L1I AVERAGE MISS LATENCY: - cycles
cpu0->cpu0_L1D TOTAL        ACCESS:    7475998 HIT:    6418245 MISS:    1057753 MSHR_MERGE:     444209
cpu0->cpu0_L1D LOAD         ACCESS:    5303116 HIT:    4254969 MISS:    1048147 MSHR_MERGE:     444209
cpu0->cpu0_L1D RFO          ACCESS:          0 HIT:          0 MISS:          0 MSHR_MERGE:          0
cpu0->cpu0_L1D PREFETCH     ACCESS:          0 HIT:          0 MISS:          0 MSHR_MERGE:          0
cpu0->cpu0_L1D WRITE        ACCESS:    2157534 HIT:    2157376 MISS:        158 MSHR_MERGE:          0
cpu0->cpu0_L1D TRANSLATION  ACCESS:      15348 HIT:       5900 MISS:       9448 MSHR_MERGE:          0
cpu0->cpu0_L1D PREFETCH REQUESTED:          0 ISSUED:          0 USEFUL:          0 USELESS:          0
cpu0->cpu0_L1D AVERAGE MISS LATENCY: 126.7 cycles
cpu0->cpu0_ITLB TOTAL        ACCESS:        241 HIT:        241 MISS:          0 MSHR_MERGE:          0
cpu0->cpu0_ITLB LOAD         ACCESS:        241 HIT:        241 MISS:          0 MSHR_MERGE:          0
cpu0->cpu0_ITLB RFO          ACCESS:          0 HIT:          0 MISS:          0 MSHR_MERGE:          0
cpu0->cpu0_ITLB PREFETCH     ACCESS:          0 HIT:          0 MISS:          0 MSHR_MERGE:          0
cpu0->cpu0_ITLB WRITE        ACCESS:          0 HIT:          0 MISS:          0 MSHR_MERGE:          0
cpu0->cpu0_ITLB TRANSLATION  ACCESS:          0 HIT:          0 MISS:          0 MSHR_MERGE:          0
cpu0->cpu0_ITLB PREFETCH REQUESTED:          0 ISSUED:          0 USEFUL:          0 USELESS:          0
cpu0->cpu0_ITLB AVERAGE MISS LATENCY: - cycles
cpu0->cpu0_DTLB TOTAL        ACCESS:    7266558 HIT:    7250887 MISS:      15671 MSHR_MERGE:       7376
cpu0->cpu0_DTLB LOAD         ACCESS:    7266558 HIT:    7250887 MISS:      15671 MSHR_MERGE:       7376
cpu0->cpu0_DTLB RFO          ACCESS:          0 HIT:          0 MISS:          0 MSHR_MERGE:          0
cpu0->cpu0_DTLB PREFETCH     ACCESS:          0 HIT:          0 MISS:          0 MSHR_MERGE:          0
cpu0->cpu0_DTLB WRITE        ACCESS:          0 HIT:          0 MISS:          0 MSHR_MERGE:          0
cpu0->cpu0_DTLB TRANSLATION  ACCESS:          0 HIT:          0 MISS:          0 MSHR_MERGE:          0
cpu0->cpu0_DTLB PREFETCH REQUESTED:          0 ISSUED:          0 USEFUL:          0 USELESS:          0
cpu0->cpu0_DTLB AVERAGE MISS LATENCY: 632.8 cycles
cpu0->LLC TOTAL        ACCESS:     455256 HIT:       1520 MISS:     453736 MSHR_MERGE:          0
cpu0->LLC LOAD         ACCESS:     445163 HIT:       1028 MISS:     444135 MSHR_MERGE:          0
cpu0->LLC RFO          ACCESS:        158 HIT:          0 MISS:        158 MSHR_MERGE:          0
cpu0->LLC PREFETCH     ACCESS:          0 HIT:          0 MISS:          0 MSHR_MERGE:          0
cpu0->LLC WRITE        ACCESS:        559 HIT:        248 MISS:        311 MSHR_MERGE:          0
cpu0->LLC TRANSLATION  ACCESS:       9376 HIT:        244 MISS:       9132 MSHR_MERGE:          0
cpu0->LLC PREFETCH REQUESTED:          0 ISSUED:          0 USEFUL:          0 USELESS:          0
cpu0->LLC AVERAGE MISS LATENCY: 143.5 cycles

DRAM Statistics

Channel 0 RQ ROW_BUFFER_HIT:     115411
  ROW_BUFFER_MISS:     338015
  AVG DBUS CONGESTED CYCLE: 22.41
Channel 0 WQ ROW_BUFFER_HIT:        141
  ROW_BUFFER_MISS:        392
  FULL:          0
Channel 0 REFRESHES ISSUED:       8244
