[VMEM] WARNING: physical memory size is smaller than virtual memory size.
WARNING: option --warmup_instructions is deprecated. Use --warmup-instructions instead.
WARNING: option --simulation_instructions is deprecated. Use --simulation-instructions instead.

*** ChampSim Multicore Out-of-Order Simulator ***
Warmup Instructions: 5000000
Simulation Instructions: 25000000
Number of CPUs: 1
Page size: 4096

Off-chip DRAM Size: 16 GiB Channels: 1 Width: 64-bit Data Rate: 3205 MT/s
Warmup finished CPU 0 instructions: 5000003 cycles: 1406579 cumulative IPC: 3.555 (Simulation time: 00 hr 00 min 20 sec)
Warmup complete CPU 0 instructions: 5000003 cycles: 1406579 cumulative IPC: 3.555 (Simulation time: 00 hr 00 min 20 sec)
Heartbeat CPU 0 instructions: 10000004 cycles: 7077895 heartbeat IPC: 1.413 cumulative IPC: 0.8816 (Simulation time: 00 hr 01 min 10 sec)
Heartbeat CPU 0 instructions: 20000004 cycles: 18376859 heartbeat IPC: 0.885 cumulative IPC: 0.8839 (Simulation time: 00 hr 02 min 49 sec)
Heartbeat CPU 0 instructions: 30000005 cycles: 29793216 heartbeat IPC: 0.8759 cumulative IPC: 0.8807 (Simulation time: 00 hr 04 min 20 sec)
Simulation finished CPU 0 instructions: 25000002 cycles: 28386637 cumulative IPC: 0.8807 (Simulation time: 00 hr 04 min 20 sec)
Simulation complete CPU 0 instructions: 25000002 cycles: 28386637 cumulative IPC: 0.8807 (Simulation time: 00 hr 04 min 20 sec)

ChampSim completed all CPUs

=== Simulation ===
CPU 0 runs /mnt/storage/mipt/microarch/data/traces/603.bwaves_s-2931B.champsimtrace.xz

Region of Interest Statistics

CPU 0 cumulative IPC: 0.8807 instructions: 25000002 cycles: 28386637
CPU 0 Branch Prediction Accuracy: 80.62% MPKI: 1.636 Average ROB Occupancy at Mispredict: 300.3
Branch type MPKI
BRANCH_DIRECT_JUMP: 0
BRANCH_INDIRECT: 0
BRANCH_CONDITIONAL: 1.636
BRANCH_DIRECT_CALL: 0
BRANCH_INDIRECT_CALL: 0
BRANCH_RETURN: 0

cpu0->cpu0_STLB TOTAL        ACCESS:      42922 HIT:      37590 MISS:       5332 MSHR_MERGE:          0
cpu0->cpu0_STLB LOAD         ACCESS:      42922 HIT:      37590 MISS:       5332 MSHR_MERGE:          0
cpu0->cpu0_STLB RFO          ACCESS:          0 HIT:          0 MISS:          0 MSHR_MERGE:          0
cpu0->cpu0_STLB PREFETCH     ACCESS:          0 HIT:          0 MISS:          0 MSHR_MERGE:          0
cpu0->cpu0_STLB WRITE        ACCESS:          0 HIT:          0 MISS:          0 MSHR_MERGE:          0
cpu0->cpu0_STLB TRANSLATION  ACCESS:          0 HIT:          0 MISS:          0 MSHR_MERGE:          0
cpu0->cpu0_STLB PREFETCH REQUESTED:          0 ISSUED:          0 USEFUL:          0 USELESS:          0
cpu0->cpu0_STLB AVERAGE MISS LATENCY: 710.1 cycles
cpu0->cpu0_L2C TOTAL        ACCESS:     586530 HIT:     120113 MISS:     466417 MSHR_MERGE:          0
cpu0->cpu0_L2C LOAD         ACCESS:     259184 HIT:      15105 MISS:     244079 MSHR_MERGE:          0
cpu0->cpu0_L2C RFO          ACCESS:     157382 HIT:       8519 MISS:     148863 MSHR_MERGE:          0
cpu0->cpu0_L2C PREFETCH     ACCESS:          0 HIT:          0 MISS:          0 MSHR_MERGE:          0
cpu0->cpu0_L2C WRITE        ACCESS:     159329 HIT:      95152 MISS:      64177 MSHR_MERGE:          0
cpu0->cpu0_L2C TRANSLATION  ACCESS:      10635 HIT:       1337 MISS:       9298 MSHR_MERGE:          0
cpu0->cpu0_L2C PREFETCH REQUESTED:          0 ISSUED:          0 USEFUL:          0 USELESS:          0
cpu0->cpu0_L2C AVERAGE MISS LATENCY: 180.6 cycles
cpu0->cpu0_L1I TOTAL        ACCESS:    2838084 HIT:    2838076 MISS:          8 MSHR_MERGE:          1
cpu0->cpu0_L1I LOAD         ACCESS:    2838084 HIT:    2838076 MISS:          8 MSHR_MERGE:          1
cpu0->cpu0_L1I RFO          ACCESS:          0 HIT:          0 MISS:          0 MSHR_MERGE:          0
cpu0->cpu0_L1I PREFETCH     ACCESS:          0 HIT:          0 MISS:          0 MSHR_MERGE:          0
cpu0->cpu0_L1I WRITE        ACCESS:          0 HIT:          0 MISS:          0 MSHR_MERGE:          0
cpu0->cpu0_L1I TRANSLATION  ACCESS:          0 HIT:          0 MISS:          0 MSHR_MERGE:          0
cpu0->cpu0_L1I PREFETCH REQUESTED:          0 ISSUED:          0 USEFUL:          0 USELESS:          0
cpu0->cpu0_L1I AVERAGE MISS LATENCY: 240.6 cycles
cpu0->cpu0_L1D TOTAL        ACCESS:    8275079 HIT:    7462649 MISS:     812430 MSHR_MERGE:     385071
cpu0->cpu0_L1D LOAD         ACCESS:    3691263 HIT:    3429739 MISS:     261524 MSHR_MERGE:       2345
cpu0->cpu0_L1D RFO          ACCESS:          0 HIT:          0 MISS:          0 MSHR_MERGE:          0
cpu0->cpu0_L1D PREFETCH     ACCESS:          0 HIT:          0 MISS:          0 MSHR_MERGE:          0
cpu0->cpu0_L1D WRITE        ACCESS:    4573135 HIT:    4032864 MISS:     540271 MSHR_MERGE:     382726
cpu0->cpu0_L1D TRANSLATION  ACCESS:      10681 HIT:         46 MISS:      10635 MSHR_MERGE:          0
cpu0->cpu0_L1D PREFETCH REQUESTED:          0 ISSUED:          0 USEFUL:          0 USELESS:          0
cpu0->cpu0_L1D AVERAGE MISS LATENCY: 205.5 cycles
cpu0->cpu0_ITLB TOTAL        ACCESS:    2269287 HIT:    2269287 MISS:          0 MSHR_MERGE:          0
cpu0->cpu0_ITLB LOAD         ACCESS:    2269287 HIT:    2269287 MISS:          0 MSHR_MERGE:          0
cpu0->cpu0_ITLB RFO          ACCESS:          0 HIT:          0 MISS:          0 MSHR_MERGE:          0
cpu0->cpu0_ITLB PREFETCH     ACCESS:          0 HIT:          0 MISS:          0 MSHR_MERGE:          0
cpu0->cpu0_ITLB WRITE        ACCESS:          0 HIT:          0 MISS:          0 MSHR_MERGE:          0
cpu0->cpu0_ITLB TRANSLATION  ACCESS:          0 HIT:          0 MISS:          0 MSHR_MERGE:          0
cpu0->cpu0_ITLB PREFETCH REQUESTED:          0 ISSUED:          0 USEFUL:          0 USELESS:          0
cpu0->cpu0_ITLB AVERAGE MISS LATENCY: - cycles
cpu0->cpu0_DTLB TOTAL        ACCESS:    7580275 HIT:    7532200 MISS:      48075 MSHR_MERGE:       5153
cpu0->cpu0_DTLB LOAD         ACCESS:    7580275 HIT:    7532200 MISS:      48075 MSHR_MERGE:       5153
cpu0->cpu0_DTLB RFO          ACCESS:          0 HIT:          0 MISS:          0 MSHR_MERGE:          0
cpu0->cpu0_DTLB PREFETCH     ACCESS:          0 HIT:          0 MISS:          0 MSHR_MERGE:          0
cpu0->cpu0_DTLB WRITE        ACCESS:          0 HIT:          0 MISS:          0 MSHR_MERGE:          0
cpu0->cpu0_DTLB TRANSLATION  ACCESS:          0 HIT:          0 MISS:          0 MSHR_MERGE:          0
cpu0->cpu0_DTLB PREFETCH REQUESTED:          0 ISSUED:          0 USEFUL:          0 USELESS:          0
cpu0->cpu0_DTLB AVERAGE MISS LATENCY: 93.35 cycles
cpu0->LLC TOTAL        ACCESS:     550979 HIT:     194338 MISS:     356641 MSHR_MERGE:          0
cpu0->LLC LOAD         ACCESS:     244079 HIT:      51668 MISS:     192411 MSHR_MERGE:          0
cpu0->LLC RFO          ACCESS:     148863 HIT:         22 MISS:     148841 MSHR_MERGE:          0
cpu0->LLC PREFETCH     ACCESS:          0 HIT:          0 MISS:          0 MSHR_MERGE:          0
cpu0->LLC WRITE        ACCESS:     148739 HIT:     139503 MISS:       9236 MSHR_MERGE:          0
cpu0->LLC TRANSLATION  ACCESS:       9298 HIT:       3145 MISS:       6153 MSHR_MERGE:          0
cpu0->LLC PREFETCH REQUESTED:          0 ISSUED:          0 USEFUL:          0 USELESS:          0
cpu0->LLC AVERAGE MISS LATENCY: 217.8 cycles

DRAM Statistics

Channel 0 RQ ROW_BUFFER_HIT:          0
  ROW_BUFFER_MISS:     347404
  AVG DBUS CONGESTED CYCLE: 11.65
Channel 0 WQ ROW_BUFFER_HIT:      53259
  ROW_BUFFER_MISS:      95457
  FULL:          0
Channel 0 REFRESHES ISSUED:       2365
