[VMEM] WARNING: physical memory size is smaller than virtual memory size.
WARNING: option --warmup_instructions is deprecated. Use --warmup-instructions instead.
WARNING: option --simulation_instructions is deprecated. Use --simulation-instructions instead.

*** ChampSim Multicore Out-of-Order Simulator ***
Warmup Instructions: 5000000
Simulation Instructions: 25000000
Number of CPUs: 1
Page size: 4096

Off-chip DRAM Size: 16 GiB Channels: 1 Width: 64-bit Data Rate: 3205 MT/s
Warmup finished CPU 0 instructions: 5000001 cycles: 1497113 cumulative IPC: 3.34 (Simulation time: 00 hr 00 min 18 sec)
Warmup complete CPU 0 instructions: 5000001 cycles: 1497113 cumulative IPC: 3.34 (Simulation time: 00 hr 00 min 18 sec)
Heartbeat CPU 0 instructions: 10000002 cycles: 4497970 heartbeat IPC: 2.223 cumulative IPC: 1.666 (Simulation time: 00 hr 00 min 45 sec)
Heartbeat CPU 0 instructions: 20000002 cycles: 10850295 heartbeat IPC: 1.574 cumulative IPC: 1.604 (Simulation time: 00 hr 01 min 43 sec)
Simulation finished CPU 0 instructions: 25000000 cycles: 15645793 cumulative IPC: 1.598 (Simulation time: 00 hr 02 min 42 sec)
Simulation complete CPU 0 instructions: 25000000 cycles: 15645793 cumulative IPC: 1.598 (Simulation time: 00 hr 02 min 42 sec)

ChampSim completed all CPUs

=== Simulation ===
CPU 0 runs /mnt/storage/mipt/microarch/data/traces/607.cactuBSSN_s-2421B.champsimtrace.xz

Region of Interest Statistics

CPU 0 cumulative IPC: 1.598 instructions: 25000000 cycles: 15645793
CPU 0 Branch Prediction Accuracy: 91.63% MPKI: 0.7521 Average ROB Occupancy at Mispredict: 333.1
Branch type MPKI
BRANCH_DIRECT_JUMP: 0.00132
BRANCH_INDIRECT: 8e-05
BRANCH_CONDITIONAL: 0.3843
BRANCH_DIRECT_CALL: 0.00156
BRANCH_INDIRECT_CALL: 0
BRANCH_RETURN: 0.3649

cpu0->cpu0_STLB TOTAL        ACCESS:     962101 HIT:     961074 MISS:       1027 MSHR_MERGE:          0
cpu0->cpu0_STLB LOAD         ACCESS:     962101 HIT:     961074 MISS:       1027 MSHR_MERGE:          0
cpu0->cpu0_STLB RFO          ACCESS:          0 HIT:          0 MISS:          0 MSHR_MERGE:          0
cpu0->cpu0_STLB PREFETCH     ACCESS:          0 HIT:          0 MISS:          0 MSHR_MERGE:          0
cpu0->cpu0_STLB WRITE        ACCESS:          0 HIT:          0 MISS:          0 MSHR_MERGE:          0
cpu0->cpu0_STLB TRANSLATION  ACCESS:          0 HIT:          0 MISS:          0 MSHR_MERGE:          0
cpu0->cpu0_STLB PREFETCH REQUESTED:          0 ISSUED:          0 USEFUL:          0 USELESS:          0
cpu0->cpu0_STLB AVERAGE MISS LATENCY: 810.9 cycles
cpu0->cpu0_L2C TOTAL        ACCESS:    2662283 HIT:    2124774 MISS:     537509 MSHR_MERGE:          0
cpu0->cpu0_L2C LOAD         ACCESS:    2337000 HIT:    1901811 MISS:     435189 MSHR_MERGE:          0
cpu0->cpu0_L2C RFO          ACCESS:     153267 HIT:      90238 MISS:      63029 MSHR_MERGE:          0
cpu0->cpu0_L2C PREFETCH     ACCESS:          0 HIT:          0 MISS:          0 MSHR_MERGE:          0
cpu0->cpu0_L2C WRITE        ACCESS:     169462 HIT:     132708 MISS:      36754 MSHR_MERGE:          0
cpu0->cpu0_L2C TRANSLATION  ACCESS:       2554 HIT:         17 MISS:       2537 MSHR_MERGE:          0
cpu0->cpu0_L2C PREFETCH REQUESTED:          0 ISSUED:          0 USEFUL:          0 USELESS:          0
cpu0->cpu0_L2C AVERAGE MISS LATENCY: 41.95 cycles
cpu0->cpu0_L1I TOTAL        ACCESS:    5583899 HIT:    4311372 MISS:    1272527 MSHR_MERGE:     622420
cpu0->cpu0_L1I LOAD         ACCESS:    5583899 HIT:    4311372 MISS:    1272527 MSHR_MERGE:     622420
cpu0->cpu0_L1I RFO          ACCESS:          0 HIT:          0 MISS:          0 MSHR_MERGE:          0
cpu0->cpu0_L1I PREFETCH     ACCESS:          0 HIT:          0 MISS:          0 MSHR_MERGE:          0
cpu0->cpu0_L1I WRITE        ACCESS:          0 HIT:          0 MISS:          0 MSHR_MERGE:          0
cpu0->cpu0_L1I TRANSLATION  ACCESS:          0 HIT:          0 MISS:          0 MSHR_MERGE:          0
cpu0->cpu0_L1I PREFETCH REQUESTED:          0 ISSUED:          0 USEFUL:          0 USELESS:          0
cpu0->cpu0_L1I AVERAGE MISS LATENCY: 7.174 cycles
cpu0->cpu0_L1D TOTAL        ACCESS:    9661544 HIT:    7641954 MISS:    2019590 MSHR_MERGE:     176836
cpu0->cpu0_L1D LOAD         ACCESS:    7649731 HIT:    5803503 MISS:    1846228 MSHR_MERGE:     159303
cpu0->cpu0_L1D RFO          ACCESS:          0 HIT:          0 MISS:          0 MSHR_MERGE:          0
cpu0->cpu0_L1D PREFETCH     ACCESS:          0 HIT:          0 MISS:          0 MSHR_MERGE:          0
cpu0->cpu0_L1D WRITE        ACCESS:    2009241 HIT:    1838436 MISS:     170805 MSHR_MERGE:      17530
cpu0->cpu0_L1D TRANSLATION  ACCESS:       2572 HIT:         15 MISS:       2557 MSHR_MERGE:          3
cpu0->cpu0_L1D PREFETCH REQUESTED:          0 ISSUED:          0 USEFUL:          0 USELESS:          0
cpu0->cpu0_L1D AVERAGE MISS LATENCY: 21.4 cycles
cpu0->cpu0_ITLB TOTAL        ACCESS:    4457698 HIT:    4457683 MISS:         15 MSHR_MERGE:          5
cpu0->cpu0_ITLB LOAD         ACCESS:    4457698 HIT:    4457683 MISS:         15 MSHR_MERGE:          5
cpu0->cpu0_ITLB RFO          ACCESS:          0 HIT:          0 MISS:          0 MSHR_MERGE:          0
cpu0->cpu0_ITLB PREFETCH     ACCESS:          0 HIT:          0 MISS:          0 MSHR_MERGE:          0
cpu0->cpu0_ITLB WRITE        ACCESS:          0 HIT:          0 MISS:          0 MSHR_MERGE:          0
cpu0->cpu0_ITLB TRANSLATION  ACCESS:          0 HIT:          0 MISS:          0 MSHR_MERGE:          0
cpu0->cpu0_ITLB PREFETCH REQUESTED:          0 ISSUED:          0 USEFUL:          0 USELESS:          0
cpu0->cpu0_ITLB AVERAGE MISS LATENCY: 844.1 cycles
cpu0->cpu0_DTLB TOTAL        ACCESS:    9131747 HIT:    8066576 MISS:    1065171 MSHR_MERGE:     103080
cpu0->cpu0_DTLB LOAD         ACCESS:    9131747 HIT:    8066576 MISS:    1065171 MSHR_MERGE:     103080
cpu0->cpu0_DTLB RFO          ACCESS:          0 HIT:          0 MISS:          0 MSHR_MERGE:          0
cpu0->cpu0_DTLB PREFETCH     ACCESS:          0 HIT:          0 MISS:          0 MSHR_MERGE:          0
cpu0->cpu0_DTLB WRITE        ACCESS:          0 HIT:          0 MISS:          0 MSHR_MERGE:          0
cpu0->cpu0_DTLB TRANSLATION  ACCESS:          0 HIT:          0 MISS:          0 MSHR_MERGE:          0
cpu0->cpu0_DTLB PREFETCH REQUESTED:          0 ISSUED:          0 USEFUL:          0 USELESS:          0
cpu0->cpu0_DTLB AVERAGE MISS LATENCY: 5.902 cycles
cpu0->LLC TOTAL        ACCESS:     563527 HIT:     496212 MISS:      67315 MSHR_MERGE:          0
cpu0->LLC LOAD         ACCESS:     435189 HIT:     384231 MISS:      50958 MSHR_MERGE:          0
cpu0->LLC RFO          ACCESS:      62881 HIT:      48141 MISS:      14740 MSHR_MERGE:          0
cpu0->LLC PREFETCH     ACCESS:          0 HIT:          0 MISS:          0 MSHR_MERGE:          0
cpu0->LLC WRITE        ACCESS:      62920 HIT:      62918 MISS:          2 MSHR_MERGE:          0
cpu0->LLC TRANSLATION  ACCESS:       2537 HIT:        922 MISS:       1615 MSHR_MERGE:          0
cpu0->LLC PREFETCH REQUESTED:          0 ISSUED:          0 USEFUL:          0 USELESS:          0
cpu0->LLC AVERAGE MISS LATENCY: 220 cycles

DRAM Statistics

Channel 0 RQ ROW_BUFFER_HIT:         21
  ROW_BUFFER_MISS:      67292
  AVG DBUS CONGESTED CYCLE: 10.22
Channel 0 WQ ROW_BUFFER_HIT:        848
  ROW_BUFFER_MISS:      10508
  FULL:          0
Channel 0 REFRESHES ISSUED:       1304
