[VMEM] WARNING: physical memory size is smaller than virtual memory size.
WARNING: option --warmup_instructions is deprecated. Use --warmup-instructions instead.
WARNING: option --simulation_instructions is deprecated. Use --simulation-instructions instead.

*** ChampSim Multicore Out-of-Order Simulator ***
Warmup Instructions: 5000000
Simulation Instructions: 25000000
Number of CPUs: 1
Page size: 4096

Off-chip DRAM Size: 16 GiB Channels: 1 Width: 64-bit Data Rate: 3205 MT/s
Warmup finished CPU 0 instructions: 5000001 cycles: 1792403 cumulative IPC: 2.79 (Simulation time: 00 hr 00 min 24 sec)
Warmup complete CPU 0 instructions: 5000001 cycles: 1792403 cumulative IPC: 2.79 (Simulation time: 00 hr 00 min 24 sec)
Heartbeat CPU 0 instructions: 10000001 cycles: 12954605 heartbeat IPC: 0.7719 cumulative IPC: 0.4479 (Simulation time: 00 hr 02 min 17 sec)
Heartbeat CPU 0 instructions: 20000004 cycles: 34832818 heartbeat IPC: 0.4571 cumulative IPC: 0.454 (Simulation time: 00 hr 05 min 17 sec)
Simulation finished CPU 0 instructions: 25000002 cycles: 54478958 cumulative IPC: 0.4589 (Simulation time: 00 hr 07 min 37 sec)
Simulation complete CPU 0 instructions: 25000002 cycles: 54478958 cumulative IPC: 0.4589 (Simulation time: 00 hr 07 min 37 sec)

ChampSim completed all CPUs

=== Simulation ===
CPU 0 runs /mnt/storage/mipt/microarch/data/traces/619.lbm_s-2676B.champsimtrace.xz

Region of Interest Statistics

CPU 0 cumulative IPC: 0.4589 instructions: 25000002 cycles: 54478958
CPU 0 Branch Prediction Accuracy: 95.63% MPKI: 0.7376 Average ROB Occupancy at Mispredict: 210.9
Branch type MPKI
BRANCH_DIRECT_JUMP: 0
BRANCH_INDIRECT: 0
BRANCH_CONDITIONAL: 0.7376
BRANCH_DIRECT_CALL: 0
BRANCH_INDIRECT_CALL: 0
BRANCH_RETURN: 0

cpu0->cpu0_STLB TOTAL        ACCESS:      31491 HIT:      14402 MISS:      17089 MSHR_MERGE:          0
cpu0->cpu0_STLB LOAD         ACCESS:      31491 HIT:      14402 MISS:      17089 MSHR_MERGE:          0
cpu0->cpu0_STLB RFO          ACCESS:          0 HIT:          0 MISS:          0 MSHR_MERGE:          0
cpu0->cpu0_STLB PREFETCH     ACCESS:          0 HIT:          0 MISS:          0 MSHR_MERGE:          0
cpu0->cpu0_STLB WRITE        ACCESS:          0 HIT:          0 MISS:          0 MSHR_MERGE:          0
cpu0->cpu0_STLB TRANSLATION  ACCESS:          0 HIT:          0 MISS:          0 MSHR_MERGE:          0
cpu0->cpu0_STLB PREFETCH REQUESTED:          0 ISSUED:          0 USEFUL:          0 USELESS:          0
cpu0->cpu0_STLB AVERAGE MISS LATENCY: 919.1 cycles
cpu0->cpu0_L2C TOTAL        ACCESS:    3375694 HIT:     612138 MISS:    2763556 MSHR_MERGE:          0
cpu0->cpu0_L2C LOAD         ACCESS:     273393 HIT:          6 MISS:     273387 MSHR_MERGE:          0
cpu0->cpu0_L2C RFO          ACCESS:    1541509 HIT:      98290 MISS:    1443219 MSHR_MERGE:          0
cpu0->cpu0_L2C PREFETCH     ACCESS:          0 HIT:          0 MISS:          0 MSHR_MERGE:          0
cpu0->cpu0_L2C WRITE        ACCESS:    1541548 HIT:     513842 MISS:    1027706 MSHR_MERGE:          0
cpu0->cpu0_L2C TRANSLATION  ACCESS:      19244 HIT:          0 MISS:      19244 MSHR_MERGE:          0
cpu0->cpu0_L2C PREFETCH REQUESTED:          0 ISSUED:          0 USEFUL:          0 USELESS:          0
cpu0->cpu0_L2C AVERAGE MISS LATENCY: 203.4 cycles
cpu0->cpu0_L1I TOTAL        ACCESS:    3960123 HIT:    3960123 MISS:          0 MSHR_MERGE:          0
cpu0->cpu0_L1I LOAD         ACCESS:    3960123 HIT:    3960123 MISS:          0 MSHR_MERGE:          0
cpu0->cpu0_L1I RFO          ACCESS:          0 HIT:          0 MISS:          0 MSHR_MERGE:          0
cpu0->cpu0_L1I PREFETCH     ACCESS:          0 HIT:          0 MISS:          0 MSHR_MERGE:          0
cpu0->cpu0_L1I WRITE        ACCESS:          0 HIT:          0 MISS:          0 MSHR_MERGE:          0
cpu0->cpu0_L1I TRANSLATION  ACCESS:          0 HIT:          0 MISS:          0 MSHR_MERGE:          0
cpu0->cpu0_L1I PREFETCH REQUESTED:          0 ISSUED:          0 USEFUL:          0 USELESS:          0
cpu0->cpu0_L1I AVERAGE MISS LATENCY: - cycles
cpu0->cpu0_L1D TOTAL        ACCESS:    6080918 HIT:    3812910 MISS:    2268008 MSHR_MERGE:     433829
cpu0->cpu0_L1D LOAD         ACCESS:    1583014 HIT:     950251 MISS:     632763 MSHR_MERGE:     359370
cpu0->cpu0_L1D RFO          ACCESS:          0 HIT:          0 MISS:          0 MSHR_MERGE:          0
cpu0->cpu0_L1D PREFETCH     ACCESS:          0 HIT:          0 MISS:          0 MSHR_MERGE:          0
cpu0->cpu0_L1D WRITE        ACCESS:    4463708 HIT:    2847707 MISS:    1616001 MSHR_MERGE:      74459
cpu0->cpu0_L1D TRANSLATION  ACCESS:      34196 HIT:      14952 MISS:      19244 MSHR_MERGE:          0
cpu0->cpu0_L1D PREFETCH REQUESTED:          0 ISSUED:          0 USEFUL:          0 USELESS:          0
cpu0->cpu0_L1D AVERAGE MISS LATENCY: 313.8 cycles
cpu0->cpu0_ITLB TOTAL        ACCESS:    2940644 HIT:    2940644 MISS:          0 MSHR_MERGE:          0
cpu0->cpu0_ITLB LOAD         ACCESS:    2940644 HIT:    2940644 MISS:          0 MSHR_MERGE:          0
cpu0->cpu0_ITLB RFO          ACCESS:          0 HIT:          0 MISS:          0 MSHR_MERGE:          0
cpu0->cpu0_ITLB PREFETCH     ACCESS:          0 HIT:          0 MISS:          0 MSHR_MERGE:          0
cpu0->cpu0_ITLB WRITE        ACCESS:          0 HIT:          0 MISS:          0 MSHR_MERGE:          0
cpu0->cpu0_ITLB TRANSLATION  ACCESS:          0 HIT:          0 MISS:          0 MSHR_MERGE:          0
cpu0->cpu0_ITLB PREFETCH REQUESTED:          0 ISSUED:          0 USEFUL:          0 USELESS:          0
cpu0->cpu0_ITLB AVERAGE MISS LATENCY: - cycles
cpu0->cpu0_DTLB TOTAL        ACCESS:    5697219 HIT:    5603305 MISS:      93914 MSHR_MERGE:      62423
cpu0->cpu0_DTLB LOAD         ACCESS:    5697219 HIT:    5603305 MISS:      93914 MSHR_MERGE:      62423
cpu0->cpu0_DTLB RFO          ACCESS:          0 HIT:          0 MISS:          0 MSHR_MERGE:          0
cpu0->cpu0_DTLB PREFETCH     ACCESS:          0 HIT:          0 MISS:          0 MSHR_MERGE:          0
cpu0->cpu0_DTLB WRITE        ACCESS:          0 HIT:          0 MISS:          0 MSHR_MERGE:          0
cpu0->cpu0_DTLB TRANSLATION  ACCESS:          0 HIT:          0 MISS:          0 MSHR_MERGE:          0
cpu0->cpu0_DTLB PREFETCH REQUESTED:          0 ISSUED:          0 USEFUL:          0 USELESS:          0
cpu0->cpu0_DTLB AVERAGE MISS LATENCY: 504.3 cycles
cpu0->LLC TOTAL        ACCESS:    3179003 HIT:    1963083 MISS:    1215920 MSHR_MERGE:          0
cpu0->LLC LOAD         ACCESS:     273387 HIT:         25 MISS:     273362 MSHR_MERGE:          0
cpu0->LLC RFO          ACCESS:    1443218 HIT:     623203 MISS:     820015 MSHR_MERGE:          0
cpu0->LLC PREFETCH     ACCESS:          0 HIT:          0 MISS:          0 MSHR_MERGE:          0
cpu0->LLC WRITE        ACCESS:    1443154 HIT:    1339855 MISS:     103299 MSHR_MERGE:          0
cpu0->LLC TRANSLATION  ACCESS:      19244 HIT:          0 MISS:      19244 MSHR_MERGE:          0
cpu0->LLC PREFETCH REQUESTED:          0 ISSUED:          0 USEFUL:          0 USELESS:          0
cpu0->LLC AVERAGE MISS LATENCY: 437 cycles

DRAM Statistics

Channel 0 RQ ROW_BUFFER_HIT:      61545
  ROW_BUFFER_MISS:    1051076
  AVG DBUS CONGESTED CYCLE: 7.336
Channel 0 WQ ROW_BUFFER_HIT:     133764
  ROW_BUFFER_MISS:     727164
  FULL:          0
Channel 0 REFRESHES ISSUED:       4540
