[VMEM] WARNING: physical memory size is smaller than virtual memory size.
WARNING: option --warmup_instructions is deprecated. Use --warmup-instructions instead.
WARNING: option --simulation_instructions is deprecated. Use --simulation-instructions instead.

*** ChampSim Multicore Out-of-Order Simulator ***
Warmup Instructions: 5000000
Simulation Instructions: 25000000
Number of CPUs: 1
Page size: 4096

Off-chip DRAM Size: 16 GiB Channels: 1 Width: 64-bit Data Rate: 3205 MT/s
Warmup finished CPU 0 instructions: 5000000 cycles: 1449659 cumulative IPC: 3.449 (Simulation time: 00 hr 00 min 18 sec)
Warmup complete CPU 0 instructions: 5000000 cycles: 1449659 cumulative IPC: 3.449 (Simulation time: 00 hr 00 min 18 sec)
Heartbeat CPU 0 instructions: 10000001 cycles: 7925723 heartbeat IPC: 1.262 cumulative IPC: 0.7721 (Simulation time: 00 hr 01 min 04 sec)
Heartbeat CPU 0 instructions: 20000003 cycles: 21237255 heartbeat IPC: 0.7512 cumulative IPC: 0.7581 (Simulation time: 00 hr 02 min 26 sec)
Simulation finished CPU 0 instructions: 25000001 cycles: 33157808 cumulative IPC: 0.754 (Simulation time: 00 hr 03 min 53 sec)
Simulation complete CPU 0 instructions: 25000001 cycles: 33157808 cumulative IPC: 0.754 (Simulation time: 00 hr 03 min 53 sec)

ChampSim completed all CPUs

=== Simulation ===
CPU 0 runs /mnt/storage/mipt/microarch/data/traces/623.xalancbmk_s-165B.champsimtrace.xz

Region of Interest Statistics

CPU 0 cumulative IPC: 0.754 instructions: 25000001 cycles: 33157808
CPU 0 Branch Prediction Accuracy: 96.52% MPKI: 9.701 Average ROB Occupancy at Mispredict: 59.46
Branch type MPKI
BRANCH_DIRECT_JUMP: 0
BRANCH_INDIRECT: 0
BRANCH_CONDITIONAL: 9.701
BRANCH_DIRECT_CALL: 0
BRANCH_INDIRECT_CALL: 0
BRANCH_RETURN: 0

cpu0->cpu0_STLB TOTAL        ACCESS:       8836 HIT:       8807 MISS:         29 MSHR_MERGE:          0
cpu0->cpu0_STLB LOAD         ACCESS:       8836 HIT:       8807 MISS:         29 MSHR_MERGE:          0
cpu0->cpu0_STLB RFO          ACCESS:          0 HIT:          0 MISS:          0 MSHR_MERGE:          0
cpu0->cpu0_STLB PREFETCH     ACCESS:          0 HIT:          0 MISS:          0 MSHR_MERGE:          0
cpu0->cpu0_STLB WRITE        ACCESS:          0 HIT:          0 MISS:          0 MSHR_MERGE:          0
cpu0->cpu0_STLB TRANSLATION  ACCESS:          0 HIT:          0 MISS:          0 MSHR_MERGE:          0
cpu0->cpu0_STLB PREFETCH REQUESTED:          0 ISSUED:          0 USEFUL:          0 USELESS:          0
cpu0->cpu0_STLB AVERAGE MISS LATENCY: 758.4 cycles
cpu0->cpu0_L2C TOTAL        ACCESS:     475745 HIT:      89986 MISS:     385759 MSHR_MERGE:          0
cpu0->cpu0_L2C LOAD         ACCESS:     475333 HIT:      89792 MISS:     385541 MSHR_MERGE:          0
cpu0->cpu0_L2C RFO          ACCESS:        146 HIT:         38 MISS:        108 MSHR_MERGE:          0
cpu0->cpu0_L2C PREFETCH     ACCESS:          0 HIT:          0 MISS:          0 MSHR_MERGE:          0
cpu0->cpu0_L2C WRITE        ACCESS:        214 HIT:        156 MISS:         58 MSHR_MERGE:          0
cpu0->cpu0_L2C TRANSLATION  ACCESS:         52 HIT:          0 MISS:         52 MSHR_MERGE:          0
cpu0->cpu0_L2C PREFETCH REQUESTED:          0 ISSUED:          0 USEFUL:          0 USELESS:          0
cpu0->cpu0_L2C AVERAGE MISS LATENCY: 84.39 cycles
cpu0->cpu0_L1I TOTAL        ACCESS:        836 HIT:        836 MISS:          0 MSHR_MERGE:          0
cpu0->cpu0_L1I LOAD         ACCESS:        836 HIT:        836 MISS:          0 MSHR_MERGE:          0
cpu0->cpu0_L1I RFO          ACCESS:          0 HIT:          0 MISS:          0 MSHR_MERGE:          0
cpu0->cpu0_L1I PREFETCH     ACCESS:          0 HIT:          0 MISS:          0 MSHR_MERGE:          0
cpu0->cpu0_L1I WRITE        ACCESS:          0 HIT:          0 MISS:          0 MSHR_MERGE:          0
cpu0->cpu0_L1I TRANSLATION  ACCESS:          0 HIT:          0 MISS:          0 MSHR_MERGE:          0
cpu0->cpu0_L1I PREFETCH REQUESTED:          0 ISSUED:          0 USEFUL:          0 USELESS:          0
cpu0->cpu0_L1I AVERAGE MISS LATENCY: - cycles
cpu0->cpu0_L1D TOTAL        ACCESS:    7032785 HIT:    5513563 MISS:    1519222 MSHR_MERGE:    1043691
cpu0->cpu0_L1D LOAD         ACCESS:    6704534 HIT:    5186076 MISS:    1518458 MSHR_MERGE:    1043125
cpu0->cpu0_L1D RFO          ACCESS:          0 HIT:          0 MISS:          0 MSHR_MERGE:          0
cpu0->cpu0_L1D PREFETCH     ACCESS:          0 HIT:          0 MISS:          0 MSHR_MERGE:          0
cpu0->cpu0_L1D WRITE        ACCESS:     328193 HIT:     327483 MISS:        710 MSHR_MERGE:        564
cpu0->cpu0_L1D TRANSLATION  ACCESS:         58 HIT:          4 MISS:         54 MSHR_MERGE:          2
cpu0->cpu0_L1D PREFETCH REQUESTED:          0 ISSUED:          0 USEFUL:          0 USELESS:          0
cpu0->cpu0_L1D AVERAGE MISS LATENCY: 77.28 cycles
cpu0->cpu0_ITLB TOTAL        ACCESS:        722 HIT:        722 MISS:          0 MSHR_MERGE:          0
cpu0->cpu0_ITLB LOAD         ACCESS:        722 HIT:        722 MISS:          0 MSHR_MERGE:          0
cpu0->cpu0_ITLB RFO          ACCESS:          0 HIT:          0 MISS:          0 MSHR_MERGE:          0
cpu0->cpu0_ITLB PREFETCH     ACCESS:          0 HIT:          0 MISS:          0 MSHR_MERGE:          0
cpu0->cpu0_ITLB WRITE        ACCESS:          0 HIT:          0 MISS:          0 MSHR_MERGE:          0
cpu0->cpu0_ITLB TRANSLATION  ACCESS:          0 HIT:          0 MISS:          0 MSHR_MERGE:          0
cpu0->cpu0_ITLB PREFETCH REQUESTED:          0 ISSUED:          0 USEFUL:          0 USELESS:          0
cpu0->cpu0_ITLB AVERAGE MISS LATENCY: - cycles
cpu0->cpu0_DTLB TOTAL        ACCESS:    6983370 HIT:    6962296 MISS:      21074 MSHR_MERGE:      12238
cpu0->cpu0_DTLB LOAD         ACCESS:    6983370 HIT:    6962296 MISS:      21074 MSHR_MERGE:      12238
cpu0->cpu0_DTLB RFO          ACCESS:          0 HIT:          0 MISS:          0 MSHR_MERGE:          0
cpu0->cpu0_DTLB PREFETCH     ACCESS:          0 HIT:          0 MISS:          0 MSHR_MERGE:          0
cpu0->cpu0_DTLB WRITE        ACCESS:          0 HIT:          0 MISS:          0 MSHR_MERGE:          0
cpu0->cpu0_DTLB TRANSLATION  ACCESS:          0 HIT:          0 MISS:          0 MSHR_MERGE:          0
cpu0->cpu0_DTLB PREFETCH REQUESTED:          0 ISSUED:          0 USEFUL:          0 USELESS:          0
cpu0->cpu0_DTLB AVERAGE MISS LATENCY: 7.492 cycles
cpu0->LLC TOTAL        ACCESS:     385858 HIT:     215546 MISS:     170312 MSHR_MERGE:          0
cpu0->LLC LOAD         ACCESS:     385541 HIT:     215371 MISS:     170170 MSHR_MERGE:          0
cpu0->LLC RFO          ACCESS:        108 HIT:         15 MISS:         93 MSHR_MERGE:          0
cpu0->LLC PREFETCH     ACCESS:          0 HIT:          0 MISS:          0 MSHR_MERGE:          0
cpu0->LLC WRITE        ACCESS:        157 HIT:        154 MISS:          3 MSHR_MERGE:          0
cpu0->LLC TRANSLATION  ACCESS:         52 HIT:          6 MISS:         46 MSHR_MERGE:          0
cpu0->LLC PREFETCH REQUESTED:          0 ISSUED:          0 USEFUL:          0 USELESS:          0
cpu0->LLC AVERAGE MISS LATENCY: 156.2 cycles

DRAM Statistics

Channel 0 RQ ROW_BUFFER_HIT:      38778
  ROW_BUFFER_MISS:     131531
  AVG DBUS CONGESTED CYCLE: 3.11
Channel 0 WQ ROW_BUFFER_HIT:         19
  ROW_BUFFER_MISS:         32
  FULL:          0
Channel 0 REFRESHES ISSUED:       2763
