[VMEM] WARNING: physical memory size is smaller than virtual memory size.
WARNING: option --warmup_instructions is deprecated. Use --warmup-instructions instead.
WARNING: option --simulation_instructions is deprecated. Use --simulation-instructions instead.

*** ChampSim Multicore Out-of-Order Simulator ***
Warmup Instructions: 5000000
Simulation Instructions: 25000000
Number of CPUs: 1
Page size: 4096

Off-chip DRAM Size: 16 GiB Channels: 1 Width: 64-bit Data Rate: 3205 MT/s
Warmup finished CPU 0 instructions: 5000002 cycles: 1277111 cumulative IPC: 3.915 (Simulation time: 00 hr 00 min 12 sec)
Warmup complete CPU 0 instructions: 5000002 cycles: 1277111 cumulative IPC: 3.915 (Simulation time: 00 hr 00 min 12 sec)
Heartbeat CPU 0 instructions: 10000000 cycles: 3228458 heartbeat IPC: 3.097 cumulative IPC: 2.562 (Simulation time: 00 hr 00 min 27 sec)
Heartbeat CPU 0 instructions: 20000002 cycles: 6916911 heartbeat IPC: 2.711 cumulative IPC: 2.66 (Simulation time: 00 hr 01 min 00 sec)
Heartbeat CPU 0 instructions: 30000003 cycles: 10601903 heartbeat IPC: 2.714 cumulative IPC: 2.681 (Simulation time: 00 hr 01 min 30 sec)
Simulation finished CPU 0 instructions: 25000001 cycles: 9324792 cumulative IPC: 2.681 (Simulation time: 00 hr 01 min 30 sec)
Simulation complete CPU 0 instructions: 25000001 cycles: 9324792 cumulative IPC: 2.681 (Simulation time: 00 hr 01 min 30 sec)

ChampSim completed all CPUs

=== Simulation ===
CPU 0 runs /mnt/storage/mipt/microarch/data/traces/625.x264_s-12B.champsimtrace.xz

Region of Interest Statistics

CPU 0 cumulative IPC: 2.681 instructions: 25000001 cycles: 9324792
CPU 0 Branch Prediction Accuracy: 88.59% MPKI: 4.432 Average ROB Occupancy at Mispredict: 87.71
Branch type MPKI
BRANCH_DIRECT_JUMP: 0.00068
BRANCH_INDIRECT: 0.00016
BRANCH_CONDITIONAL: 4.425
BRANCH_DIRECT_CALL: 0.00028
BRANCH_INDIRECT_CALL: 0.0046
BRANCH_RETURN: 0.00116

cpu0->cpu0_STLB TOTAL        ACCESS:       2714 HIT:       2580 MISS:        134 MSHR_MERGE:          0
cpu0->cpu0_STLB LOAD         ACCESS:       2714 HIT:       2580 MISS:        134 MSHR_MERGE:          0
cpu0->cpu0_STLB RFO          ACCESS:          0 HIT:          0 MISS:          0 MSHR_MERGE:          0
cpu0->cpu0_STLB PREFETCH     ACCESS:          0 HIT:          0 MISS:          0 MSHR_MERGE:          0
cpu0->cpu0_STLB WRITE        ACCESS:          0 HIT:          0 MISS:          0 MSHR_MERGE:          0
cpu0->cpu0_STLB TRANSLATION  ACCESS:          0 HIT:          0 MISS:          0 MSHR_MERGE:          0
cpu0->cpu0_STLB PREFETCH REQUESTED:          0 ISSUED:          0 USEFUL:          0 USELESS:          0
cpu0->cpu0_STLB AVERAGE MISS LATENCY: 737 cycles
cpu0->cpu0_L2C TOTAL        ACCESS:      11999 HIT:       5030 MISS:       6969 MSHR_MERGE:          0
cpu0->cpu0_L2C LOAD         ACCESS:      11348 HIT:       4881 MISS:       6467 MSHR_MERGE:          0
cpu0->cpu0_L2C RFO          ACCESS:        245 HIT:          3 MISS:        242 MSHR_MERGE:          0
cpu0->cpu0_L2C PREFETCH     ACCESS:          0 HIT:          0 MISS:          0 MSHR_MERGE:          0
cpu0->cpu0_L2C WRITE        ACCESS:        189 HIT:        144 MISS:         45 MSHR_MERGE:          0
cpu0->cpu0_L2C TRANSLATION  ACCESS:        217 HIT:          2 MISS:        215 MSHR_MERGE:          0
cpu0->cpu0_L2C PREFETCH REQUESTED:          0 ISSUED:          0 USEFUL:          0 USELESS:          0
cpu0->cpu0_L2C AVERAGE MISS LATENCY: 158.6 cycles
cpu0->cpu0_L1I TOTAL        ACCESS:    2109813 HIT:    2109585 MISS:        228 MSHR_MERGE:         69
cpu0->cpu0_L1I LOAD         ACCESS:    2109813 HIT:    2109585 MISS:        228 MSHR_MERGE:         69
cpu0->cpu0_L1I RFO          ACCESS:          0 HIT:          0 MISS:          0 MSHR_MERGE:          0
cpu0->cpu0_L1I PREFETCH     ACCESS:          0 HIT:          0 MISS:          0 MSHR_MERGE:          0
cpu0->cpu0_L1I WRITE        ACCESS:          0 HIT:          0 MISS:          0 MSHR_MERGE:          0
cpu0->cpu0_L1I TRANSLATION  ACCESS:          0 HIT:          0 MISS:          0 MSHR_MERGE:          0
cpu0->cpu0_L1I PREFETCH REQUESTED:          0 ISSUED:          0 USEFUL:          0 USELESS:          0
cpu0->cpu0_L1I AVERAGE MISS LATENCY: 200.6 cycles
cpu0->cpu0_L1D TOTAL        ACCESS:    5051490 HIT:    5015288 MISS:      36202 MSHR_MERGE:      24551
cpu0->cpu0_L1D LOAD         ACCESS:    3528211 HIT:    3492653 MISS:      35558 MSHR_MERGE:      24369
cpu0->cpu0_L1D RFO          ACCESS:          0 HIT:          0 MISS:          0 MSHR_MERGE:          0
cpu0->cpu0_L1D PREFETCH     ACCESS:          0 HIT:          0 MISS:          0 MSHR_MERGE:          0
cpu0->cpu0_L1D WRITE        ACCESS:    1523011 HIT:    1522584 MISS:        427 MSHR_MERGE:        182
cpu0->cpu0_L1D TRANSLATION  ACCESS:        268 HIT:         51 MISS:        217 MSHR_MERGE:          0
cpu0->cpu0_L1D PREFETCH REQUESTED:          0 ISSUED:          0 USEFUL:          0 USELESS:          0
cpu0->cpu0_L1D AVERAGE MISS LATENCY: 100.8 cycles
cpu0->cpu0_ITLB TOTAL        ACCESS:    1932070 HIT:    1932032 MISS:         38 MSHR_MERGE:         28
cpu0->cpu0_ITLB LOAD         ACCESS:    1932070 HIT:    1932032 MISS:         38 MSHR_MERGE:         28
cpu0->cpu0_ITLB RFO          ACCESS:          0 HIT:          0 MISS:          0 MSHR_MERGE:          0
cpu0->cpu0_ITLB PREFETCH     ACCESS:          0 HIT:          0 MISS:          0 MSHR_MERGE:          0
cpu0->cpu0_ITLB WRITE        ACCESS:          0 HIT:          0 MISS:          0 MSHR_MERGE:          0
cpu0->cpu0_ITLB TRANSLATION  ACCESS:          0 HIT:          0 MISS:          0 MSHR_MERGE:          0
cpu0->cpu0_ITLB PREFETCH REQUESTED:          0 ISSUED:          0 USEFUL:          0 USELESS:          0
cpu0->cpu0_ITLB AVERAGE MISS LATENCY: 883.8 cycles
cpu0->cpu0_DTLB TOTAL        ACCESS:    4789854 HIT:    4785225 MISS:       4629 MSHR_MERGE:       1925
cpu0->cpu0_DTLB LOAD         ACCESS:    4789854 HIT:    4785225 MISS:       4629 MSHR_MERGE:       1925
cpu0->cpu0_DTLB RFO          ACCESS:          0 HIT:          0 MISS:          0 MSHR_MERGE:          0
cpu0->cpu0_DTLB PREFETCH     ACCESS:          0 HIT:          0 MISS:          0 MSHR_MERGE:          0
cpu0->cpu0_DTLB WRITE        ACCESS:          0 HIT:          0 MISS:          0 MSHR_MERGE:          0
cpu0->cpu0_DTLB TRANSLATION  ACCESS:          0 HIT:          0 MISS:          0 MSHR_MERGE:          0
cpu0->cpu0_DTLB PREFETCH REQUESTED:          0 ISSUED:          0 USEFUL:          0 USELESS:          0
cpu0->cpu0_DTLB AVERAGE MISS LATENCY: 38.32 cycles
cpu0->LLC TOTAL        ACCESS:       7002 HIT:        831 MISS:       6171 MSHR_MERGE:          0
cpu0->LLC LOAD         ACCESS:       6467 HIT:        751 MISS:       5716 MSHR_MERGE:          0
cpu0->LLC RFO          ACCESS:        242 HIT:          0 MISS:        242 MSHR_MERGE:          0
cpu0->LLC PREFETCH     ACCESS:          0 HIT:          0 MISS:          0 MSHR_MERGE:          0
cpu0->LLC WRITE        ACCESS:         78 HIT:         78 MISS:          0 MSHR_MERGE:          0
cpu0->LLC TRANSLATION  ACCESS:        215 HIT:          2 MISS:        213 MSHR_MERGE:          0
cpu0->LLC PREFETCH REQUESTED:          0 ISSUED:          0 USEFUL:          0 USELESS:          0
cpu0->LLC AVERAGE MISS LATENCY: 161.2 cycles

DRAM Statistics

Channel 0 RQ ROW_BUFFER_HIT:        151
  ROW_BUFFER_MISS:       6020
  AVG DBUS CONGESTED CYCLE: 2.747
Channel 0 WQ ROW_BUFFER_HIT:          0
  ROW_BUFFER_MISS:          0
  FULL:          0
Channel 0 REFRESHES ISSUED:        777
