[VMEM] WARNING: physical memory size is smaller than virtual memory size.
WARNING: option --warmup_instructions is deprecated. Use --warmup-instructions instead.
WARNING: option --simulation_instructions is deprecated. Use --simulation-instructions instead.

*** ChampSim Multicore Out-of-Order Simulator ***
Warmup Instructions: 5000000
Simulation Instructions: 25000000
Number of CPUs: 1
Page size: 4096

Off-chip DRAM Size: 16 GiB Channels: 1 Width: 64-bit Data Rate: 3205 MT/s
Warmup finished CPU 0 instructions: 5000002 cycles: 1482376 cumulative IPC: 3.373 (Simulation time: 00 hr 00 min 19 sec)
Warmup complete CPU 0 instructions: 5000002 cycles: 1482376 cumulative IPC: 3.373 (Simulation time: 00 hr 00 min 19 sec)
Heartbeat CPU 0 instructions: 10000000 cycles: 6197327 heartbeat IPC: 1.614 cumulative IPC: 1.06 (Simulation time: 00 hr 00 min 57 sec)
Heartbeat CPU 0 instructions: 20000000 cycles: 13228984 heartbeat IPC: 1.422 cumulative IPC: 1.277 (Simulation time: 00 hr 01 min 59 sec)
Heartbeat CPU 0 instructions: 30000002 cycles: 22814435 heartbeat IPC: 1.043 cumulative IPC: 1.172 (Simulation time: 00 hr 03 min 10 sec)
Simulation finished CPU 0 instructions: 25000000 cycles: 21332059 cumulative IPC: 1.172 (Simulation time: 00 hr 03 min 10 sec)
Simulation complete CPU 0 instructions: 25000000 cycles: 21332059 cumulative IPC: 1.172 (Simulation time: 00 hr 03 min 10 sec)

ChampSim completed all CPUs

=== Simulation ===
CPU 0 runs /mnt/storage/mipt/microarch/data/traces/627.cam4_s-490B.champsimtrace.xz

Region of Interest Statistics

CPU 0 cumulative IPC: 1.172 instructions: 25000000 cycles: 21332059
CPU 0 Branch Prediction Accuracy: 88.99% MPKI: 10.5 Average ROB Occupancy at Mispredict: 31.3
Branch type MPKI
BRANCH_DIRECT_JUMP: 0.00488
BRANCH_INDIRECT: 0
BRANCH_CONDITIONAL: 10.5
BRANCH_DIRECT_CALL: 0.00032
BRANCH_INDIRECT_CALL: 0
BRANCH_RETURN: 0.00044

cpu0->cpu0_STLB TOTAL        ACCESS:       8024 HIT:       7373 MISS:        651 MSHR_MERGE:          0
cpu0->cpu0_STLB LOAD         ACCESS:       8024 HIT:       7373 MISS:        651 MSHR_MERGE:          0
cpu0->cpu0_STLB RFO          ACCESS:          0 HIT:          0 MISS:          0 MSHR_MERGE:          0
cpu0->cpu0_STLB PREFETCH     ACCESS:          0 HIT:          0 MISS:          0 MSHR_MERGE:          0
cpu0->cpu0_STLB WRITE        ACCESS:          0 HIT:          0 MISS:          0 MSHR_MERGE:          0
cpu0->cpu0_STLB TRANSLATION  ACCESS:          0 HIT:          0 MISS:          0 MSHR_MERGE:          0
cpu0->cpu0_STLB PREFETCH REQUESTED:          0 ISSUED:          0 USEFUL:          0 USELESS:          0
cpu0->cpu0_STLB AVERAGE MISS LATENCY: 706.8 cycles
cpu0->cpu0_L2C TOTAL        ACCESS:     667939 HIT:     215925 MISS:     452014 MSHR_MERGE:          0
cpu0->cpu0_L2C LOAD         ACCESS:     330485 HIT:      82459 MISS:     248026 MSHR_MERGE:          0
cpu0->cpu0_L2C RFO          ACCESS:     136460 HIT:      27580 MISS:     108880 MSHR_MERGE:          0
cpu0->cpu0_L2C PREFETCH     ACCESS:          0 HIT:          0 MISS:          0 MSHR_MERGE:          0
cpu0->cpu0_L2C WRITE        ACCESS:     200173 HIT:     105886 MISS:      94287 MSHR_MERGE:          0
cpu0->cpu0_L2C TRANSLATION  ACCESS:        821 HIT:          0 MISS:        821 MSHR_MERGE:          0
cpu0->cpu0_L2C PREFETCH REQUESTED:          0 ISSUED:          0 USEFUL:          0 USELESS:          0
cpu0->cpu0_L2C AVERAGE MISS LATENCY: 67.09 cycles
cpu0->cpu0_L1I TOTAL        ACCESS:    1747294 HIT:    1746267 MISS:       1027 MSHR_MERGE:        490
cpu0->cpu0_L1I LOAD         ACCESS:    1747294 HIT:    1746267 MISS:       1027 MSHR_MERGE:        490
cpu0->cpu0_L1I RFO          ACCESS:          0 HIT:          0 MISS:          0 MSHR_MERGE:          0
cpu0->cpu0_L1I PREFETCH     ACCESS:          0 HIT:          0 MISS:          0 MSHR_MERGE:          0
cpu0->cpu0_L1I WRITE        ACCESS:          0 HIT:          0 MISS:          0 MSHR_MERGE:          0
cpu0->cpu0_L1I TRANSLATION  ACCESS:          0 HIT:          0 MISS:          0 MSHR_MERGE:          0
cpu0->cpu0_L1I PREFETCH REQUESTED:          0 ISSUED:          0 USEFUL:          0 USELESS:          0
cpu0->cpu0_L1I AVERAGE MISS LATENCY: 250.1 cycles
cpu0->cpu0_L1D TOTAL        ACCESS:    4984269 HIT:    3653522 MISS:    1330747 MSHR_MERGE:     863517
cpu0->cpu0_L1D LOAD         ACCESS:    3325982 HIT:    2589717 MISS:     736265 MSHR_MERGE:     406316
cpu0->cpu0_L1D RFO          ACCESS:          0 HIT:          0 MISS:          0 MSHR_MERGE:          0
cpu0->cpu0_L1D PREFETCH     ACCESS:          0 HIT:          0 MISS:          0 MSHR_MERGE:          0
cpu0->cpu0_L1D WRITE        ACCESS:    1656973 HIT:    1063314 MISS:     593659 MSHR_MERGE:     457199
cpu0->cpu0_L1D TRANSLATION  ACCESS:       1314 HIT:        491 MISS:        823 MSHR_MERGE:          2
cpu0->cpu0_L1D PREFETCH REQUESTED:          0 ISSUED:          0 USEFUL:          0 USELESS:          0
cpu0->cpu0_L1D AVERAGE MISS LATENCY: 72.62 cycles
cpu0->cpu0_ITLB TOTAL        ACCESS:    1571573 HIT:    1571551 MISS:         22 MSHR_MERGE:         16
cpu0->cpu0_ITLB LOAD         ACCESS:    1571573 HIT:    1571551 MISS:         22 MSHR_MERGE:         16
cpu0->cpu0_ITLB RFO          ACCESS:          0 HIT:          0 MISS:          0 MSHR_MERGE:          0
cpu0->cpu0_ITLB PREFETCH     ACCESS:          0 HIT:          0 MISS:          0 MSHR_MERGE:          0
cpu0->cpu0_ITLB WRITE        ACCESS:          0 HIT:          0 MISS:          0 MSHR_MERGE:          0
cpu0->cpu0_ITLB TRANSLATION  ACCESS:          0 HIT:          0 MISS:          0 MSHR_MERGE:          0
cpu0->cpu0_ITLB PREFETCH REQUESTED:          0 ISSUED:          0 USEFUL:          0 USELESS:          0
cpu0->cpu0_ITLB AVERAGE MISS LATENCY: 876.7 cycles
cpu0->cpu0_DTLB TOTAL        ACCESS:    4824667 HIT:    4809236 MISS:      15431 MSHR_MERGE:       7413
cpu0->cpu0_DTLB LOAD         ACCESS:    4824667 HIT:    4809236 MISS:      15431 MSHR_MERGE:       7413
cpu0->cpu0_DTLB RFO          ACCESS:          0 HIT:          0 MISS:          0 MSHR_MERGE:          0
cpu0->cpu0_DTLB PREFETCH     ACCESS:          0 HIT:          0 MISS:          0 MSHR_MERGE:          0
cpu0->cpu0_DTLB WRITE        ACCESS:          0 HIT:          0 MISS:          0 MSHR_MERGE:          0
cpu0->cpu0_DTLB TRANSLATION  ACCESS:          0 HIT:          0 MISS:          0 MSHR_MERGE:          0
cpu0->cpu0_DTLB PREFETCH REQUESTED:          0 ISSUED:          0 USEFUL:          0 USELESS:          0
cpu0->cpu0_DTLB AVERAGE MISS LATENCY: 61.81 cycles
cpu0->LLC TOTAL        ACCESS:     522050 HIT:     413397 MISS:     108653 MSHR_MERGE:          0
cpu0->LLC LOAD         ACCESS:     248026 HIT:     202299 MISS:      45727 MSHR_MERGE:          0
cpu0->LLC RFO          ACCESS:     108879 HIT:      56027 MISS:      52852 MSHR_MERGE:          0
cpu0->LLC PREFETCH     ACCESS:          0 HIT:          0 MISS:          0 MSHR_MERGE:          0
cpu0->LLC WRITE        ACCESS:     164324 HIT:     155063 MISS:       9261 MSHR_MERGE:          0
cpu0->LLC TRANSLATION  ACCESS:        821 HIT:          8 MISS:        813 MSHR_MERGE:          0
cpu0->LLC PREFETCH REQUESTED:          0 ISSUED:          0 USEFUL:          0 USELESS:          0
cpu0->LLC AVERAGE MISS LATENCY: 226 cycles

DRAM Statistics

Channel 0 RQ ROW_BUFFER_HIT:       6200
  ROW_BUFFER_MISS:      93098
  AVG DBUS CONGESTED CYCLE: 11.42
Channel 0 WQ ROW_BUFFER_HIT:      15930
  ROW_BUFFER_MISS:      58611
  FULL:          0
Channel 0 REFRESHES ISSUED:       1778
