[VMEM] WARNING: physical memory size is smaller than virtual memory size.
WARNING: option --warmup_instructions is deprecated. Use --warmup-instructions instead.
WARNING: option --simulation_instructions is deprecated. Use --simulation-instructions instead.

*** ChampSim Multicore Out-of-Order Simulator ***
Warmup Instructions: 5000000
Simulation Instructions: 25000000
Number of CPUs: 1
Page size: 4096

Off-chip DRAM Size: 16 GiB Channels: 1 Width: 64-bit Data Rate: 3205 MT/s
Warmup finished CPU 0 instructions: 5000001 cycles: 1465616 cumulative IPC: 3.412 (Simulation time: 00 hr 00 min 19 sec)
Warmup complete CPU 0 instructions: 5000001 cycles: 1465616 cumulative IPC: 3.412 (Simulation time: 00 hr 00 min 19 sec)
Heartbeat CPU 0 instructions: 10000002 cycles: 5356493 heartbeat IPC: 1.867 cumulative IPC: 1.285 (Simulation time: 00 hr 00 min 52 sec)
Heartbeat CPU 0 instructions: 20000003 cycles: 13247129 heartbeat IPC: 1.267 cumulative IPC: 1.273 (Simulation time: 00 hr 01 min 52 sec)
Simulation finished CPU 0 instructions: 25000001 cycles: 19685302 cumulative IPC: 1.27 (Simulation time: 00 hr 02 min 57 sec)
Simulation complete CPU 0 instructions: 25000001 cycles: 19685302 cumulative IPC: 1.27 (Simulation time: 00 hr 02 min 57 sec)

ChampSim completed all CPUs

=== Simulation ===
CPU 0 runs /mnt/storage/mipt/microarch/data/traces/628.pop2_s-17B.champsimtrace.xz

Region of Interest Statistics

CPU 0 cumulative IPC: 1.27 instructions: 25000001 cycles: 19685302
CPU 0 Branch Prediction Accuracy: 96.44% MPKI: 4.069 Average ROB Occupancy at Mispredict: 91.42
Branch type MPKI
BRANCH_DIRECT_JUMP: 0.05124
BRANCH_INDIRECT: 0.0016
BRANCH_CONDITIONAL: 4.016
BRANCH_DIRECT_CALL: 0
BRANCH_INDIRECT_CALL: 0
BRANCH_RETURN: 0

cpu0->cpu0_STLB TOTAL        ACCESS:      21999 HIT:      20769 MISS:       1230 MSHR_MERGE:          0
cpu0->cpu0_STLB LOAD         ACCESS:      21999 HIT:      20769 MISS:       1230 MSHR_MERGE:          0
cpu0->cpu0_STLB RFO          ACCESS:          0 HIT:          0 MISS:          0 MSHR_MERGE:          0
cpu0->cpu0_STLB PREFETCH     ACCESS:          0 HIT:          0 MISS:          0 MSHR_MERGE:          0
cpu0->cpu0_STLB WRITE        ACCESS:          0 HIT:          0 MISS:          0 MSHR_MERGE:          0
cpu0->cpu0_STLB TRANSLATION  ACCESS:          0 HIT:          0 MISS:          0 MSHR_MERGE:          0
cpu0->cpu0_STLB PREFETCH REQUESTED:          0 ISSUED:          0 USEFUL:          0 USELESS:          0
cpu0->cpu0_STLB AVERAGE MISS LATENCY: 748.6 cycles
cpu0->cpu0_L2C TOTAL        ACCESS:     753627 HIT:     526577 MISS:     227050 MSHR_MERGE:          0
cpu0->cpu0_L2C LOAD         ACCESS:     410738 HIT:     227241 MISS:     183497 MSHR_MERGE:          0
cpu0->cpu0_L2C RFO          ACCESS:     136441 HIT:     112812 MISS:      23629 MSHR_MERGE:          0
cpu0->cpu0_L2C PREFETCH     ACCESS:          0 HIT:          0 MISS:          0 MSHR_MERGE:          0
cpu0->cpu0_L2C WRITE        ACCESS:     203850 HIT:     186393 MISS:      17457 MSHR_MERGE:          0
cpu0->cpu0_L2C TRANSLATION  ACCESS:       2598 HIT:        131 MISS:       2467 MSHR_MERGE:          0
cpu0->cpu0_L2C PREFETCH REQUESTED:          0 ISSUED:          0 USEFUL:          0 USELESS:          0
cpu0->cpu0_L2C AVERAGE MISS LATENCY: 79.4 cycles
cpu0->cpu0_L1I TOTAL        ACCESS:    1896752 HIT:    1843376 MISS:      53376 MSHR_MERGE:      23835
cpu0->cpu0_L1I LOAD         ACCESS:    1896752 HIT:    1843376 MISS:      53376 MSHR_MERGE:      23835
cpu0->cpu0_L1I RFO          ACCESS:          0 HIT:          0 MISS:          0 MSHR_MERGE:          0
cpu0->cpu0_L1I PREFETCH     ACCESS:          0 HIT:          0 MISS:          0 MSHR_MERGE:          0
cpu0->cpu0_L1I WRITE        ACCESS:          0 HIT:          0 MISS:          0 MSHR_MERGE:          0
cpu0->cpu0_L1I TRANSLATION  ACCESS:          0 HIT:          0 MISS:          0 MSHR_MERGE:          0
cpu0->cpu0_L1I PREFETCH REQUESTED:          0 ISSUED:          0 USEFUL:          0 USELESS:          0
cpu0->cpu0_L1I AVERAGE MISS LATENCY: 20 cycles
cpu0->cpu0_L1D TOTAL        ACCESS:    6518661 HIT:    5362503 MISS:    1156158 MSHR_MERGE:     635917
cpu0->cpu0_L1D LOAD         ACCESS:    4623630 HIT:    3900607 MISS:     723023 MSHR_MERGE:     341823
cpu0->cpu0_L1D RFO          ACCESS:          0 HIT:          0 MISS:          0 MSHR_MERGE:          0
cpu0->cpu0_L1D PREFETCH     ACCESS:          0 HIT:          0 MISS:          0 MSHR_MERGE:          0
cpu0->cpu0_L1D WRITE        ACCESS:    1892163 HIT:    1461704 MISS:     430459 MSHR_MERGE:     294016
cpu0->cpu0_L1D TRANSLATION  ACCESS:       2868 HIT:        192 MISS:       2676 MSHR_MERGE:         78
cpu0->cpu0_L1D PREFETCH REQUESTED:          0 ISSUED:          0 USEFUL:          0 USELESS:          0
cpu0->cpu0_L1D AVERAGE MISS LATENCY: 42.25 cycles
cpu0->cpu0_ITLB TOTAL        ACCESS:    1545856 HIT:    1542778 MISS:       3078 MSHR_MERGE:       1839
cpu0->cpu0_ITLB LOAD         ACCESS:    1545856 HIT:    1542778 MISS:       3078 MSHR_MERGE:       1839
cpu0->cpu0_ITLB RFO          ACCESS:          0 HIT:          0 MISS:          0 MSHR_MERGE:          0
cpu0->cpu0_ITLB PREFETCH     ACCESS:          0 HIT:          0 MISS:          0 MSHR_MERGE:          0
cpu0->cpu0_ITLB WRITE        ACCESS:          0 HIT:          0 MISS:          0 MSHR_MERGE:          0
cpu0->cpu0_ITLB TRANSLATION  ACCESS:          0 HIT:          0 MISS:          0 MSHR_MERGE:          0
cpu0->cpu0_ITLB PREFETCH REQUESTED:          0 ISSUED:          0 USEFUL:          0 USELESS:          0
cpu0->cpu0_ITLB AVERAGE MISS LATENCY: 5 cycles
cpu0->cpu0_DTLB TOTAL        ACCESS:    6265186 HIT:    6229815 MISS:      35371 MSHR_MERGE:      14611
cpu0->cpu0_DTLB LOAD         ACCESS:    6265186 HIT:    6229815 MISS:      35371 MSHR_MERGE:      14611
cpu0->cpu0_DTLB RFO          ACCESS:          0 HIT:          0 MISS:          0 MSHR_MERGE:          0
cpu0->cpu0_DTLB PREFETCH     ACCESS:          0 HIT:          0 MISS:          0 MSHR_MERGE:          0
cpu0->cpu0_DTLB WRITE        ACCESS:          0 HIT:          0 MISS:          0 MSHR_MERGE:          0
cpu0->cpu0_DTLB TRANSLATION  ACCESS:          0 HIT:          0 MISS:          0 MSHR_MERGE:          0
cpu0->cpu0_DTLB PREFETCH REQUESTED:          0 ISSUED:          0 USEFUL:          0 USELESS:          0
cpu0->cpu0_DTLB AVERAGE MISS LATENCY: 49.41 cycles
cpu0->LLC TOTAL        ACCESS:     259940 HIT:     181619 MISS:      78321 MSHR_MERGE:          0
cpu0->LLC LOAD         ACCESS:     183497 HIT:     113254 MISS:      70243 MSHR_MERGE:          0
cpu0->LLC RFO          ACCESS:      23629 HIT:      18218 MISS:       5411 MSHR_MERGE:          0
cpu0->LLC PREFETCH     ACCESS:          0 HIT:          0 MISS:          0 MSHR_MERGE:          0
cpu0->LLC WRITE        ACCESS:      50347 HIT:      49440 MISS:        907 MSHR_MERGE:          0
cpu0->LLC TRANSLATION  ACCESS:       2467 HIT:        707 MISS:       1760 MSHR_MERGE:          0
cpu0->LLC PREFETCH REQUESTED:          0 ISSUED:          0 USEFUL:          0 USELESS:          0
cpu0->LLC AVERAGE MISS LATENCY: 188.2 cycles

DRAM Statistics

Channel 0 RQ ROW_BUFFER_HIT:       2164
  ROW_BUFFER_MISS:      75250
  AVG DBUS CONGESTED CYCLE: 15.15
Channel 0 WQ ROW_BUFFER_HIT:       4987
  ROW_BUFFER_MISS:      14303
  FULL:          0
Channel 0 REFRESHES ISSUED:       1640
