[VMEM] WARNING: physical memory size is smaller than virtual memory size.
WARNING: option --warmup_instructions is deprecated. Use --warmup-instructions instead.
WARNING: option --simulation_instructions is deprecated. Use --simulation-instructions instead.

*** ChampSim Multicore Out-of-Order Simulator ***
Warmup Instructions: 5000000
Simulation Instructions: 25000000
Number of CPUs: 1
Page size: 4096

Off-chip DRAM Size: 16 GiB Channels: 1 Width: 64-bit Data Rate: 3205 MT/s
Warmup finished CPU 0 instructions: 5000002 cycles: 1766146 cumulative IPC: 2.831 (Simulation time: 00 hr 00 min 19 sec)
Warmup complete CPU 0 instructions: 5000002 cycles: 1766146 cumulative IPC: 2.831 (Simulation time: 00 hr 00 min 19 sec)
Heartbeat CPU 0 instructions: 10000001 cycles: 5591347 heartbeat IPC: 1.788 cumulative IPC: 1.307 (Simulation time: 00 hr 00 min 43 sec)
Heartbeat CPU 0 instructions: 20000002 cycles: 13372536 heartbeat IPC: 1.285 cumulative IPC: 1.292 (Simulation time: 00 hr 01 min 39 sec)
Heartbeat CPU 0 instructions: 30000004 cycles: 21040360 heartbeat IPC: 1.304 cumulative IPC: 1.297 (Simulation time: 00 hr 02 min 42 sec)
Simulation finished CPU 0 instructions: 25000002 cycles: 19274214 cumulative IPC: 1.297 (Simulation time: 00 hr 02 min 42 sec)
Simulation complete CPU 0 instructions: 25000002 cycles: 19274214 cumulative IPC: 1.297 (Simulation time: 00 hr 02 min 42 sec)

ChampSim completed all CPUs

=== Simulation ===
CPU 0 runs /mnt/storage/mipt/microarch/data/traces/631.deepsjeng_s-928B.champsimtrace.xz

Region of Interest Statistics

CPU 0 cumulative IPC: 1.297 instructions: 25000002 cycles: 19274214
CPU 0 Branch Prediction Accuracy: 90.01% MPKI: 14.97 Average ROB Occupancy at Mispredict: 32.65
Branch type MPKI
BRANCH_DIRECT_JUMP: 0.02156
BRANCH_INDIRECT: 0.00908
BRANCH_CONDITIONAL: 14.48
BRANCH_DIRECT_CALL: 0.02132
BRANCH_INDIRECT_CALL: 0
BRANCH_RETURN: 0.432

cpu0->cpu0_STLB TOTAL        ACCESS:       6386 HIT:       2006 MISS:       4380 MSHR_MERGE:          0
cpu0->cpu0_STLB LOAD         ACCESS:       6386 HIT:       2006 MISS:       4380 MSHR_MERGE:          0
cpu0->cpu0_STLB RFO          ACCESS:          0 HIT:          0 MISS:          0 MSHR_MERGE:          0
cpu0->cpu0_STLB PREFETCH     ACCESS:          0 HIT:          0 MISS:          0 MSHR_MERGE:          0
cpu0->cpu0_STLB WRITE        ACCESS:          0 HIT:          0 MISS:          0 MSHR_MERGE:          0
cpu0->cpu0_STLB TRANSLATION  ACCESS:          0 HIT:          0 MISS:          0 MSHR_MERGE:          0
cpu0->cpu0_STLB PREFETCH REQUESTED:          0 ISSUED:          0 USEFUL:          0 USELESS:          0
cpu0->cpu0_STLB AVERAGE MISS LATENCY: 935.2 cycles
cpu0->cpu0_L2C TOTAL        ACCESS:      70876 HIT:      50381 MISS:      20495 MSHR_MERGE:          0
cpu0->cpu0_L2C LOAD         ACCESS:      36340 HIT:      28880 MISS:       7460 MSHR_MERGE:          0
cpu0->cpu0_L2C RFO          ACCESS:       7709 HIT:       7049 MISS:        660 MSHR_MERGE:          0
cpu0->cpu0_L2C PREFETCH     ACCESS:          0 HIT:          0 MISS:          0 MSHR_MERGE:          0
cpu0->cpu0_L2C WRITE        ACCESS:      13997 HIT:      12751 MISS:       1246 MSHR_MERGE:          0
cpu0->cpu0_L2C TRANSLATION  ACCESS:      12830 HIT:       1701 MISS:      11129 MSHR_MERGE:          0
cpu0->cpu0_L2C PREFETCH REQUESTED:          0 ISSUED:          0 USEFUL:          0 USELESS:          0
cpu0->cpu0_L2C AVERAGE MISS LATENCY: 154.1 cycles
cpu0->cpu0_L1I TOTAL        ACCESS:    2891739 HIT:    2864078 MISS:      27661 MSHR_MERGE:       6379
cpu0->cpu0_L1I LOAD         ACCESS:    2891739 HIT:    2864078 MISS:      27661 MSHR_MERGE:       6379
cpu0->cpu0_L1I RFO          ACCESS:          0 HIT:          0 MISS:          0 MSHR_MERGE:          0
cpu0->cpu0_L1I PREFETCH     ACCESS:          0 HIT:          0 MISS:          0 MSHR_MERGE:          0
cpu0->cpu0_L1I WRITE        ACCESS:          0 HIT:          0 MISS:          0 MSHR_MERGE:          0
cpu0->cpu0_L1I TRANSLATION  ACCESS:          0 HIT:          0 MISS:          0 MSHR_MERGE:          0
cpu0->cpu0_L1I PREFETCH REQUESTED:          0 ISSUED:          0 USEFUL:          0 USELESS:          0
cpu0->cpu0_L1I AVERAGE MISS LATENCY: 7.142 cycles
cpu0->cpu0_L1D TOTAL        ACCESS:    7636769 HIT:    7582982 MISS:      53787 MSHR_MERGE:      18187
cpu0->cpu0_L1D LOAD         ACCESS:    4591758 HIT:    4571638 MISS:      20120 MSHR_MERGE:       5059
cpu0->cpu0_L1D RFO          ACCESS:          0 HIT:          0 MISS:          0 MSHR_MERGE:          0
cpu0->cpu0_L1D PREFETCH     ACCESS:          0 HIT:          0 MISS:          0 MSHR_MERGE:          0
cpu0->cpu0_L1D WRITE        ACCESS:    3031819 HIT:    3011016 MISS:      20803 MSHR_MERGE:      13094
cpu0->cpu0_L1D TRANSLATION  ACCESS:      13192 HIT:        328 MISS:      12864 MSHR_MERGE:         34
cpu0->cpu0_L1D PREFETCH REQUESTED:          0 ISSUED:          0 USEFUL:          0 USELESS:          0
cpu0->cpu0_L1D AVERAGE MISS LATENCY: 97.11 cycles
cpu0->cpu0_ITLB TOTAL        ACCESS:    2451730 HIT:    2451730 MISS:          0 MSHR_MERGE:          0
cpu0->cpu0_ITLB LOAD         ACCESS:    2451730 HIT:    2451730 MISS:          0 MSHR_MERGE:          0
cpu0->cpu0_ITLB RFO          ACCESS:          0 HIT:          0 MISS:          0 MSHR_MERGE:          0
cpu0->cpu0_ITLB PREFETCH     ACCESS:          0 HIT:          0 MISS:          0 MSHR_MERGE:          0
cpu0->cpu0_ITLB WRITE        ACCESS:          0 HIT:          0 MISS:          0 MSHR_MERGE:          0
cpu0->cpu0_ITLB TRANSLATION  ACCESS:          0 HIT:          0 MISS:          0 MSHR_MERGE:          0
cpu0->cpu0_ITLB PREFETCH REQUESTED:          0 ISSUED:          0 USEFUL:          0 USELESS:          0
cpu0->cpu0_ITLB AVERAGE MISS LATENCY: - cycles
cpu0->cpu0_DTLB TOTAL        ACCESS:    7140631 HIT:    7128701 MISS:      11930 MSHR_MERGE:       5544
cpu0->cpu0_DTLB LOAD         ACCESS:    7140631 HIT:    7128701 MISS:      11930 MSHR_MERGE:       5544
cpu0->cpu0_DTLB RFO          ACCESS:          0 HIT:          0 MISS:          0 MSHR_MERGE:          0
cpu0->cpu0_DTLB PREFETCH     ACCESS:          0 HIT:          0 MISS:          0 MSHR_MERGE:          0
cpu0->cpu0_DTLB WRITE        ACCESS:          0 HIT:          0 MISS:          0 MSHR_MERGE:          0
cpu0->cpu0_DTLB TRANSLATION  ACCESS:          0 HIT:          0 MISS:          0 MSHR_MERGE:          0
cpu0->cpu0_DTLB PREFETCH REQUESTED:          0 ISSUED:          0 USEFUL:          0 USELESS:          0
cpu0->cpu0_DTLB AVERAGE MISS LATENCY: 647.1 cycles
cpu0->LLC TOTAL        ACCESS:      23662 HIT:       6112 MISS:      17550 MSHR_MERGE:          0
cpu0->LLC LOAD         ACCESS:       7460 HIT:        494 MISS:       6966 MSHR_MERGE:          0
cpu0->LLC RFO          ACCESS:        660 HIT:        211 MISS:        449 MSHR_MERGE:          0
cpu0->LLC PREFETCH     ACCESS:          0 HIT:          0 MISS:          0 MSHR_MERGE:          0
cpu0->LLC WRITE        ACCESS:       4413 HIT:       4412 MISS:          1 MSHR_MERGE:          0
cpu0->LLC TRANSLATION  ACCESS:      11129 HIT:        995 MISS:      10134 MSHR_MERGE:          0
cpu0->LLC PREFETCH REQUESTED:          0 ISSUED:          0 USEFUL:          0 USELESS:          0
cpu0->LLC AVERAGE MISS LATENCY: 162.3 cycles

DRAM Statistics

Channel 0 RQ ROW_BUFFER_HIT:         28
  ROW_BUFFER_MISS:      17521
  AVG DBUS CONGESTED CYCLE: 3.02
Channel 0 WQ ROW_BUFFER_HIT:          0
  ROW_BUFFER_MISS:         28
  FULL:          0
Channel 0 REFRESHES ISSUED:       1606
