[VMEM] WARNING: physical memory size is smaller than virtual memory size.
WARNING: option --warmup_instructions is deprecated. Use --warmup-instructions instead.
WARNING: option --simulation_instructions is deprecated. Use --simulation-instructions instead.

*** ChampSim Multicore Out-of-Order Simulator ***
Warmup Instructions: 5000000
Simulation Instructions: 25000000
Number of CPUs: 1
Page size: 4096

Off-chip DRAM Size: 16 GiB Channels: 1 Width: 64-bit Data Rate: 3205 MT/s
Warmup finished CPU 0 instructions: 5000001 cycles: 1343832 cumulative IPC: 3.721 (Simulation time: 00 hr 00 min 16 sec)
Warmup complete CPU 0 instructions: 5000001 cycles: 1343832 cumulative IPC: 3.721 (Simulation time: 00 hr 00 min 16 sec)
Heartbeat CPU 0 instructions: 10000002 cycles: 5043297 heartbeat IPC: 1.983 cumulative IPC: 1.352 (Simulation time: 00 hr 00 min 41 sec)
Heartbeat CPU 0 instructions: 20000003 cycles: 17159586 heartbeat IPC: 0.8253 cumulative IPC: 0.9484 (Simulation time: 00 hr 02 min 10 sec)
Simulation finished CPU 0 instructions: 25000000 cycles: 23599087 cumulative IPC: 1.059 (Simulation time: 00 hr 02 min 53 sec)
Simulation complete CPU 0 instructions: 25000000 cycles: 23599087 cumulative IPC: 1.059 (Simulation time: 00 hr 02 min 53 sec)

ChampSim completed all CPUs

=== Simulation ===
CPU 0 runs /mnt/storage/mipt/microarch/data/traces/641.leela_s-149B.champsimtrace.xz

Region of Interest Statistics

CPU 0 cumulative IPC: 1.059 instructions: 25000000 cycles: 23599087
CPU 0 Branch Prediction Accuracy: 89.11% MPKI: 18.82 Average ROB Occupancy at Mispredict: 21.74
Branch type MPKI
BRANCH_DIRECT_JUMP: 0.1037
BRANCH_INDIRECT: 0.02064
BRANCH_CONDITIONAL: 18.64
BRANCH_DIRECT_CALL: 0.01192
BRANCH_INDIRECT_CALL: 0.0072
BRANCH_RETURN: 0.03844

cpu0->cpu0_STLB TOTAL        ACCESS:      12552 HIT:      12074 MISS:        478 MSHR_MERGE:          0
cpu0->cpu0_STLB LOAD         ACCESS:      12552 HIT:      12074 MISS:        478 MSHR_MERGE:          0
cpu0->cpu0_STLB RFO          ACCESS:          0 HIT:          0 MISS:          0 MSHR_MERGE:          0
cpu0->cpu0_STLB PREFETCH     ACCESS:          0 HIT:          0 MISS:          0 MSHR_MERGE:          0
cpu0->cpu0_STLB WRITE        ACCESS:          0 HIT:          0 MISS:          0 MSHR_MERGE:          0
cpu0->cpu0_STLB TRANSLATION  ACCESS:          0 HIT:          0 MISS:          0 MSHR_MERGE:          0
cpu0->cpu0_STLB PREFETCH REQUESTED:          0 ISSUED:          0 USEFUL:          0 USELESS:          0
cpu0->cpu0_STLB AVERAGE MISS LATENCY: 735.6 cycles
cpu0->cpu0_L2C TOTAL        ACCESS:     292663 HIT:     172444 MISS:     120219 MSHR_MERGE:          0
cpu0->cpu0_L2C LOAD         ACCESS:     124405 HIT:      71928 MISS:      52477 MSHR_MERGE:          0
cpu0->cpu0_L2C RFO          ACCESS:      63873 HIT:      32668 MISS:      31205 MSHR_MERGE:          0
cpu0->cpu0_L2C PREFETCH     ACCESS:          0 HIT:          0 MISS:          0 MSHR_MERGE:          0
cpu0->cpu0_L2C WRITE        ACCESS:     103634 HIT:      67843 MISS:      35791 MSHR_MERGE:          0
cpu0->cpu0_L2C TRANSLATION  ACCESS:        751 HIT:          5 MISS:        746 MSHR_MERGE:          0
cpu0->cpu0_L2C PREFETCH REQUESTED:          0 ISSUED:          0 USEFUL:          0 USELESS:          0
cpu0->cpu0_L2C AVERAGE MISS LATENCY: 49.66 cycles
cpu0->cpu0_L1I TOTAL        ACCESS:    3052113 HIT:    3040998 MISS:      11115 MSHR_MERGE:       3841
cpu0->cpu0_L1I LOAD         ACCESS:    3052113 HIT:    3040998 MISS:      11115 MSHR_MERGE:       3841
cpu0->cpu0_L1I RFO          ACCESS:          0 HIT:          0 MISS:          0 MSHR_MERGE:          0
cpu0->cpu0_L1I PREFETCH     ACCESS:          0 HIT:          0 MISS:          0 MSHR_MERGE:          0
cpu0->cpu0_L1I WRITE        ACCESS:          0 HIT:          0 MISS:          0 MSHR_MERGE:          0
cpu0->cpu0_L1I TRANSLATION  ACCESS:          0 HIT:          0 MISS:          0 MSHR_MERGE:          0
cpu0->cpu0_L1I PREFETCH REQUESTED:          0 ISSUED:          0 USEFUL:          0 USELESS:          0
cpu0->cpu0_L1I AVERAGE MISS LATENCY: 28.4 cycles
cpu0->cpu0_L1D TOTAL        ACCESS:    8178734 HIT:    7739754 MISS:     438980 MSHR_MERGE:     257225
cpu0->cpu0_L1D LOAD         ACCESS:    4620957 HIT:    4436435 MISS:     184522 MSHR_MERGE:      67391
cpu0->cpu0_L1D RFO          ACCESS:          0 HIT:          0 MISS:          0 MSHR_MERGE:          0
cpu0->cpu0_L1D PREFETCH     ACCESS:          0 HIT:          0 MISS:          0 MSHR_MERGE:          0
cpu0->cpu0_L1D WRITE        ACCESS:    3556820 HIT:    3303113 MISS:     253707 MSHR_MERGE:     189834
cpu0->cpu0_L1D TRANSLATION  ACCESS:        957 HIT:        206 MISS:        751 MSHR_MERGE:          0
cpu0->cpu0_L1D PREFETCH REQUESTED:          0 ISSUED:          0 USEFUL:          0 USELESS:          0
cpu0->cpu0_L1D AVERAGE MISS LATENCY: 39.75 cycles
cpu0->cpu0_ITLB TOTAL        ACCESS:    2774375 HIT:    2773737 MISS:        638 MSHR_MERGE:        352
cpu0->cpu0_ITLB LOAD         ACCESS:    2774375 HIT:    2773737 MISS:        638 MSHR_MERGE:        352
cpu0->cpu0_ITLB RFO          ACCESS:          0 HIT:          0 MISS:          0 MSHR_MERGE:          0
cpu0->cpu0_ITLB PREFETCH     ACCESS:          0 HIT:          0 MISS:          0 MSHR_MERGE:          0
cpu0->cpu0_ITLB WRITE        ACCESS:          0 HIT:          0 MISS:          0 MSHR_MERGE:          0
cpu0->cpu0_ITLB TRANSLATION  ACCESS:          0 HIT:          0 MISS:          0 MSHR_MERGE:          0
cpu0->cpu0_ITLB PREFETCH REQUESTED:          0 ISSUED:          0 USEFUL:          0 USELESS:          0
cpu0->cpu0_ITLB AVERAGE MISS LATENCY: 122.9 cycles
cpu0->cpu0_DTLB TOTAL        ACCESS:    7745071 HIT:    7727442 MISS:      17629 MSHR_MERGE:       5363
cpu0->cpu0_DTLB LOAD         ACCESS:    7745071 HIT:    7727442 MISS:      17629 MSHR_MERGE:       5363
cpu0->cpu0_DTLB RFO          ACCESS:          0 HIT:          0 MISS:          0 MSHR_MERGE:          0
cpu0->cpu0_DTLB PREFETCH     ACCESS:          0 HIT:          0 MISS:          0 MSHR_MERGE:          0
cpu0->cpu0_DTLB WRITE        ACCESS:          0 HIT:          0 MISS:          0 MSHR_MERGE:          0
cpu0->cpu0_DTLB TRANSLATION  ACCESS:          0 HIT:          0 MISS:          0 MSHR_MERGE:          0
cpu0->cpu0_DTLB PREFETCH REQUESTED:          0 ISSUED:          0 USEFUL:          0 USELESS:          0
cpu0->cpu0_DTLB AVERAGE MISS LATENCY: 30.96 cycles
cpu0->LLC TOTAL        ACCESS:     138728 HIT:     111806 MISS:      26922 MSHR_MERGE:          0
cpu0->LLC LOAD         ACCESS:      52477 HIT:      34216 MISS:      18261 MSHR_MERGE:          0
cpu0->LLC RFO          ACCESS:      31205 HIT:      23608 MISS:       7597 MSHR_MERGE:          0
cpu0->LLC PREFETCH     ACCESS:          0 HIT:          0 MISS:          0 MSHR_MERGE:          0
cpu0->LLC WRITE        ACCESS:      54300 HIT:      53978 MISS:        322 MSHR_MERGE:          0
cpu0->LLC TRANSLATION  ACCESS:        746 HIT:          4 MISS:        742 MSHR_MERGE:          0
cpu0->LLC PREFETCH REQUESTED:          0 ISSUED:          0 USEFUL:          0 USELESS:          0
cpu0->LLC AVERAGE MISS LATENCY: 168.5 cycles

DRAM Statistics

Channel 0 RQ ROW_BUFFER_HIT:       2708
  ROW_BUFFER_MISS:      23892
  AVG DBUS CONGESTED CYCLE: 16.47
Channel 0 WQ ROW_BUFFER_HIT:        129
  ROW_BUFFER_MISS:        845
  FULL:          0
Channel 0 REFRESHES ISSUED:       1967
