[VMEM] WARNING: physical memory size is smaller than virtual memory size.
WARNING: option --warmup_instructions is deprecated. Use --warmup-instructions instead.
WARNING: option --simulation_instructions is deprecated. Use --simulation-instructions instead.

*** ChampSim Multicore Out-of-Order Simulator ***
Warmup Instructions: 5000000
Simulation Instructions: 25000000
Number of CPUs: 1
Page size: 4096

Off-chip DRAM Size: 16 GiB Channels: 1 Width: 64-bit Data Rate: 3205 MT/s
Warmup finished CPU 0 instructions: 5000002 cycles: 1300171 cumulative IPC: 3.846 (Simulation time: 00 hr 00 min 13 sec)
Warmup complete CPU 0 instructions: 5000002 cycles: 1300171 cumulative IPC: 3.846 (Simulation time: 00 hr 00 min 13 sec)
Heartbeat CPU 0 instructions: 10000001 cycles: 4148696 heartbeat IPC: 2.41 cumulative IPC: 1.755 (Simulation time: 00 hr 00 min 32 sec)
Heartbeat CPU 0 instructions: 20000002 cycles: 10068951 heartbeat IPC: 1.689 cumulative IPC: 1.711 (Simulation time: 00 hr 01 min 18 sec)
Heartbeat CPU 0 instructions: 30000002 cycles: 15984583 heartbeat IPC: 1.69 cumulative IPC: 1.702 (Simulation time: 00 hr 01 min 56 sec)
Simulation finished CPU 0 instructions: 25000000 cycles: 14684412 cumulative IPC: 1.702 (Simulation time: 00 hr 01 min 56 sec)
Simulation complete CPU 0 instructions: 25000000 cycles: 14684412 cumulative IPC: 1.702 (Simulation time: 00 hr 01 min 56 sec)

ChampSim completed all CPUs

=== Simulation ===
CPU 0 runs /mnt/storage/mipt/microarch/data/traces/644.nab_s-12459B.champsimtrace.xz

Region of Interest Statistics

CPU 0 cumulative IPC: 1.702 instructions: 25000000 cycles: 14684412
CPU 0 Branch Prediction Accuracy: 91.2% MPKI: 12.64 Average ROB Occupancy at Mispredict: 42.78
Branch type MPKI
BRANCH_DIRECT_JUMP: 0.2805
BRANCH_INDIRECT: 0
BRANCH_CONDITIONAL: 12.36
BRANCH_DIRECT_CALL: 0
BRANCH_INDIRECT_CALL: 0
BRANCH_RETURN: 0

cpu0->cpu0_STLB TOTAL        ACCESS:       5230 HIT:       5150 MISS:         80 MSHR_MERGE:          0
cpu0->cpu0_STLB LOAD         ACCESS:       5230 HIT:       5150 MISS:         80 MSHR_MERGE:          0
cpu0->cpu0_STLB RFO          ACCESS:          0 HIT:          0 MISS:          0 MSHR_MERGE:          0
cpu0->cpu0_STLB PREFETCH     ACCESS:          0 HIT:          0 MISS:          0 MSHR_MERGE:          0
cpu0->cpu0_STLB WRITE        ACCESS:          0 HIT:          0 MISS:          0 MSHR_MERGE:          0
cpu0->cpu0_STLB TRANSLATION  ACCESS:          0 HIT:          0 MISS:          0 MSHR_MERGE:          0
cpu0->cpu0_STLB PREFETCH REQUESTED:          0 ISSUED:          0 USEFUL:          0 USELESS:          0
cpu0->cpu0_STLB AVERAGE MISS LATENCY: 691.1 cycles
cpu0->cpu0_L2C TOTAL        ACCESS:     159995 HIT:     144168 MISS:      15827 MSHR_MERGE:          0
cpu0->cpu0_L2C LOAD         ACCESS:     139535 HIT:     128124 MISS:      11411 MSHR_MERGE:          0
cpu0->cpu0_L2C RFO          ACCESS:       8203 HIT:       4352 MISS:       3851 MSHR_MERGE:          0
cpu0->cpu0_L2C PREFETCH     ACCESS:          0 HIT:          0 MISS:          0 MSHR_MERGE:          0
cpu0->cpu0_L2C WRITE        ACCESS:      12131 HIT:      11686 MISS:        445 MSHR_MERGE:          0
cpu0->cpu0_L2C TRANSLATION  ACCESS:        126 HIT:          6 MISS:        120 MSHR_MERGE:          0
cpu0->cpu0_L2C PREFETCH REQUESTED:          0 ISSUED:          0 USEFUL:          0 USELESS:          0
cpu0->cpu0_L2C AVERAGE MISS LATENCY: 70.49 cycles
cpu0->cpu0_L1I TOTAL        ACCESS:      81289 HIT:      81289 MISS:          0 MSHR_MERGE:          0
cpu0->cpu0_L1I LOAD         ACCESS:      81289 HIT:      81289 MISS:          0 MSHR_MERGE:          0
cpu0->cpu0_L1I RFO          ACCESS:          0 HIT:          0 MISS:          0 MSHR_MERGE:          0
cpu0->cpu0_L1I PREFETCH     ACCESS:          0 HIT:          0 MISS:          0 MSHR_MERGE:          0
cpu0->cpu0_L1I WRITE        ACCESS:          0 HIT:          0 MISS:          0 MSHR_MERGE:          0
cpu0->cpu0_L1I TRANSLATION  ACCESS:          0 HIT:          0 MISS:          0 MSHR_MERGE:          0
cpu0->cpu0_L1I PREFETCH REQUESTED:          0 ISSUED:          0 USEFUL:          0 USELESS:          0
cpu0->cpu0_L1I AVERAGE MISS LATENCY: - cycles
cpu0->cpu0_L1D TOTAL        ACCESS:    6816125 HIT:    6581999 MISS:     234126 MSHR_MERGE:      86262
cpu0->cpu0_L1D LOAD         ACCESS:    4353298 HIT:    4186669 MISS:     166629 MSHR_MERGE:      27094
cpu0->cpu0_L1D RFO          ACCESS:          0 HIT:          0 MISS:          0 MSHR_MERGE:          0
cpu0->cpu0_L1D PREFETCH     ACCESS:          0 HIT:          0 MISS:          0 MSHR_MERGE:          0
cpu0->cpu0_L1D WRITE        ACCESS:    2462667 HIT:    2395297 MISS:      67370 MSHR_MERGE:      59167
cpu0->cpu0_L1D TRANSLATION  ACCESS:        160 HIT:         33 MISS:        127 MSHR_MERGE:          1
cpu0->cpu0_L1D PREFETCH REQUESTED:          0 ISSUED:          0 USEFUL:          0 USELESS:          0
cpu0->cpu0_L1D AVERAGE MISS LATENCY: 15.65 cycles
cpu0->cpu0_ITLB TOTAL        ACCESS:      67120 HIT:      67120 MISS:          0 MSHR_MERGE:          0
cpu0->cpu0_ITLB LOAD         ACCESS:      67120 HIT:      67120 MISS:          0 MSHR_MERGE:          0
cpu0->cpu0_ITLB RFO          ACCESS:          0 HIT:          0 MISS:          0 MSHR_MERGE:          0
cpu0->cpu0_ITLB PREFETCH     ACCESS:          0 HIT:          0 MISS:          0 MSHR_MERGE:          0
cpu0->cpu0_ITLB WRITE        ACCESS:          0 HIT:          0 MISS:          0 MSHR_MERGE:          0
cpu0->cpu0_ITLB TRANSLATION  ACCESS:          0 HIT:          0 MISS:          0 MSHR_MERGE:          0
cpu0->cpu0_ITLB PREFETCH REQUESTED:          0 ISSUED:          0 USEFUL:          0 USELESS:          0
cpu0->cpu0_ITLB AVERAGE MISS LATENCY: - cycles
cpu0->cpu0_DTLB TOTAL        ACCESS:    6499909 HIT:    6493081 MISS:       6828 MSHR_MERGE:       1598
cpu0->cpu0_DTLB LOAD         ACCESS:    6499909 HIT:    6493081 MISS:       6828 MSHR_MERGE:       1598
cpu0->cpu0_DTLB RFO          ACCESS:          0 HIT:          0 MISS:          0 MSHR_MERGE:          0
cpu0->cpu0_DTLB PREFETCH     ACCESS:          0 HIT:          0 MISS:          0 MSHR_MERGE:          0
cpu0->cpu0_DTLB WRITE        ACCESS:          0 HIT:          0 MISS:          0 MSHR_MERGE:          0
cpu0->cpu0_DTLB TRANSLATION  ACCESS:          0 HIT:          0 MISS:          0 MSHR_MERGE:          0
cpu0->cpu0_DTLB PREFETCH REQUESTED:          0 ISSUED:          0 USEFUL:          0 USELESS:          0
cpu0->cpu0_DTLB AVERAGE MISS LATENCY: 15.59 cycles
cpu0->LLC TOTAL        ACCESS:      18419 HIT:      13029 MISS:       5390 MSHR_MERGE:          0
cpu0->LLC LOAD         ACCESS:      11411 HIT:       9962 MISS:       1449 MSHR_MERGE:          0
cpu0->LLC RFO          ACCESS:       3851 HIT:         18 MISS:       3833 MSHR_MERGE:          0
cpu0->LLC PREFETCH     ACCESS:          0 HIT:          0 MISS:          0 MSHR_MERGE:          0
cpu0->LLC WRITE        ACCESS:       3037 HIT:       3037 MISS:          0 MSHR_MERGE:          0
cpu0->LLC TRANSLATION  ACCESS:        120 HIT:         12 MISS:        108 MSHR_MERGE:          0
cpu0->LLC PREFETCH REQUESTED:          0 ISSUED:          0 USEFUL:          0 USELESS:          0
cpu0->LLC AVERAGE MISS LATENCY: 162.8 cycles

DRAM Statistics

Channel 0 RQ ROW_BUFFER_HIT:       1343
  ROW_BUFFER_MISS:       4047
  AVG DBUS CONGESTED CYCLE: 2.713
Channel 0 WQ ROW_BUFFER_HIT:          0
  ROW_BUFFER_MISS:          0
  FULL:          0
Channel 0 REFRESHES ISSUED:       1224
