[VMEM] WARNING: physical memory size is smaller than virtual memory size.
WARNING: option --warmup_instructions is deprecated. Use --warmup-instructions instead.
WARNING: option --simulation_instructions is deprecated. Use --simulation-instructions instead.

*** ChampSim Multicore Out-of-Order Simulator ***
Warmup Instructions: 5000000
Simulation Instructions: 25000000
Number of CPUs: 1
Page size: 4096

Off-chip DRAM Size: 16 GiB Channels: 1 Width: 64-bit Data Rate: 3205 MT/s
Warmup finished CPU 0 instructions: 5000004 cycles: 1493915 cumulative IPC: 3.347 (Simulation time: 00 hr 00 min 18 sec)
Warmup complete CPU 0 instructions: 5000004 cycles: 1493915 cumulative IPC: 3.347 (Simulation time: 00 hr 00 min 18 sec)
Heartbeat CPU 0 instructions: 10000003 cycles: 14086950 heartbeat IPC: 0.7099 cumulative IPC: 0.397 (Simulation time: 00 hr 01 min 45 sec)
Heartbeat CPU 0 instructions: 20000007 cycles: 39427263 heartbeat IPC: 0.3946 cumulative IPC: 0.3954 (Simulation time: 00 hr 04 min 13 sec)
Heartbeat CPU 0 instructions: 30000007 cycles: 64760280 heartbeat IPC: 0.3947 cumulative IPC: 0.3952 (Simulation time: 00 hr 06 min 31 sec)
Simulation finished CPU 0 instructions: 25000003 cycles: 63266365 cumulative IPC: 0.3952 (Simulation time: 00 hr 06 min 31 sec)
Simulation complete CPU 0 instructions: 25000003 cycles: 63266365 cumulative IPC: 0.3952 (Simulation time: 00 hr 06 min 31 sec)

ChampSim completed all CPUs

=== Simulation ===
CPU 0 runs /mnt/storage/mipt/microarch/data/traces/649.fotonik3d_s-1176B.champsimtrace.xz

Region of Interest Statistics

CPU 0 cumulative IPC: 0.3952 instructions: 25000003 cycles: 63266365
CPU 0 Branch Prediction Accuracy: 99.97% MPKI: 0.0044 Average ROB Occupancy at Mispredict: 352
Branch type MPKI
BRANCH_DIRECT_JUMP: 0
BRANCH_INDIRECT: 0
BRANCH_CONDITIONAL: 0.0044
BRANCH_DIRECT_CALL: 0
BRANCH_INDIRECT_CALL: 0
BRANCH_RETURN: 0

cpu0->cpu0_STLB TOTAL        ACCESS:       5815 HIT:       2377 MISS:       3438 MSHR_MERGE:          0
cpu0->cpu0_STLB LOAD         ACCESS:       5815 HIT:       2377 MISS:       3438 MSHR_MERGE:          0
cpu0->cpu0_STLB RFO          ACCESS:          0 HIT:          0 MISS:          0 MSHR_MERGE:          0
cpu0->cpu0_STLB PREFETCH     ACCESS:          0 HIT:          0 MISS:          0 MSHR_MERGE:          0
cpu0->cpu0_STLB WRITE        ACCESS:          0 HIT:          0 MISS:          0 MSHR_MERGE:          0
cpu0->cpu0_STLB TRANSLATION  ACCESS:          0 HIT:          0 MISS:          0 MSHR_MERGE:          0
cpu0->cpu0_STLB PREFETCH REQUESTED:          0 ISSUED:          0 USEFUL:          0 USELESS:          0
cpu0->cpu0_STLB AVERAGE MISS LATENCY: 669.7 cycles
cpu0->cpu0_L2C TOTAL        ACCESS:     554463 HIT:     193234 MISS:     361229 MSHR_MERGE:          0
cpu0->cpu0_L2C LOAD         ACCESS:     330465 HIT:     108892 MISS:     221573 MSHR_MERGE:          0
cpu0->cpu0_L2C RFO          ACCESS:        385 HIT:        385 MISS:          0 MSHR_MERGE:          0
cpu0->cpu0_L2C PREFETCH     ACCESS:          0 HIT:          0 MISS:          0 MSHR_MERGE:          0
cpu0->cpu0_L2C WRITE        ACCESS:     219626 HIT:      83946 MISS:     135680 MSHR_MERGE:          0
cpu0->cpu0_L2C TRANSLATION  ACCESS:       3987 HIT:         11 MISS:       3976 MSHR_MERGE:          0
cpu0->cpu0_L2C PREFETCH REQUESTED:          0 ISSUED:          0 USEFUL:          0 USELESS:          0
cpu0->cpu0_L2C AVERAGE MISS LATENCY: 148.5 cycles
cpu0->cpu0_L1I TOTAL        ACCESS:    4433847 HIT:    4433847 MISS:          0 MSHR_MERGE:          0
cpu0->cpu0_L1I LOAD         ACCESS:    4433847 HIT:    4433847 MISS:          0 MSHR_MERGE:          0
cpu0->cpu0_L1I RFO          ACCESS:          0 HIT:          0 MISS:          0 MSHR_MERGE:          0
cpu0->cpu0_L1I PREFETCH     ACCESS:          0 HIT:          0 MISS:          0 MSHR_MERGE:          0
cpu0->cpu0_L1I WRITE        ACCESS:          0 HIT:          0 MISS:          0 MSHR_MERGE:          0
cpu0->cpu0_L1I TRANSLATION  ACCESS:          0 HIT:          0 MISS:          0 MSHR_MERGE:          0
cpu0->cpu0_L1I PREFETCH REQUESTED:          0 ISSUED:          0 USEFUL:          0 USELESS:          0
cpu0->cpu0_L1I AVERAGE MISS LATENCY: - cycles
cpu0->cpu0_L1D TOTAL        ACCESS:    7682119 HIT:    6414830 MISS:    1267289 MSHR_MERGE:     932452
cpu0->cpu0_L1D LOAD         ACCESS:    5920088 HIT:    4658026 MISS:    1262062 MSHR_MERGE:     931597
cpu0->cpu0_L1D RFO          ACCESS:          0 HIT:          0 MISS:          0 MSHR_MERGE:          0
cpu0->cpu0_L1D PREFETCH     ACCESS:          0 HIT:          0 MISS:          0 MSHR_MERGE:          0
cpu0->cpu0_L1D WRITE        ACCESS:    1755141 HIT:    1753901 MISS:       1240 MSHR_MERGE:        855
cpu0->cpu0_L1D TRANSLATION  ACCESS:       6890 HIT:       2903 MISS:       3987 MSHR_MERGE:          0
cpu0->cpu0_L1D PREFETCH REQUESTED:          0 ISSUED:          0 USEFUL:          0 USELESS:          0
cpu0->cpu0_L1D AVERAGE MISS LATENCY: 167.2 cycles
cpu0->cpu0_ITLB TOTAL        ACCESS:    3559749 HIT:    3559749 MISS:          0 MSHR_MERGE:          0
cpu0->cpu0_ITLB LOAD         ACCESS:    3559749 HIT:    3559749 MISS:          0 MSHR_MERGE:          0
cpu0->cpu0_ITLB RFO          ACCESS:          0 HIT:          0 MISS:          0 MSHR_MERGE:          0
cpu0->cpu0_ITLB PREFETCH     ACCESS:          0 HIT:          0 MISS:          0 MSHR_MERGE:          0
cpu0->cpu0_ITLB WRITE        ACCESS:          0 HIT:          0 MISS:          0 MSHR_MERGE:          0
cpu0->cpu0_ITLB TRANSLATION  ACCESS:          0 HIT:          0 MISS:          0 MSHR_MERGE:          0
cpu0->cpu0_ITLB PREFETCH REQUESTED:          0 ISSUED:          0 USEFUL:          0 USELESS:          0
cpu0->cpu0_ITLB AVERAGE MISS LATENCY: - cycles
cpu0->cpu0_DTLB TOTAL        ACCESS:    7071846 HIT:    7052034 MISS:      19812 MSHR_MERGE:      13997
cpu0->cpu0_DTLB LOAD         ACCESS:    7071846 HIT:    7052034 MISS:      19812 MSHR_MERGE:      13997
cpu0->cpu0_DTLB RFO          ACCESS:          0 HIT:          0 MISS:          0 MSHR_MERGE:          0
cpu0->cpu0_DTLB PREFETCH     ACCESS:          0 HIT:          0 MISS:          0 MSHR_MERGE:          0
cpu0->cpu0_DTLB WRITE        ACCESS:          0 HIT:          0 MISS:          0 MSHR_MERGE:          0
cpu0->cpu0_DTLB TRANSLATION  ACCESS:          0 HIT:          0 MISS:          0 MSHR_MERGE:          0
cpu0->cpu0_DTLB PREFETCH REQUESTED:          0 ISSUED:          0 USEFUL:          0 USELESS:          0
cpu0->cpu0_DTLB AVERAGE MISS LATENCY: 401.6 cycles
cpu0->LLC TOTAL        ACCESS:     444781 HIT:     211026 MISS:     233755 MSHR_MERGE:          0
cpu0->LLC LOAD         ACCESS:     221573 HIT:       2341 MISS:     219232 MSHR_MERGE:          0
cpu0->LLC RFO          ACCESS:          0 HIT:          0 MISS:          0 MSHR_MERGE:          0
cpu0->LLC PREFETCH     ACCESS:          0 HIT:          0 MISS:          0 MSHR_MERGE:          0
cpu0->LLC WRITE        ACCESS:     219232 HIT:     208599 MISS:      10633 MSHR_MERGE:          0
cpu0->LLC TRANSLATION  ACCESS:       3976 HIT:         86 MISS:       3890 MSHR_MERGE:          0
cpu0->LLC PREFETCH REQUESTED:          0 ISSUED:          0 USEFUL:          0 USELESS:          0
cpu0->LLC AVERAGE MISS LATENCY: 212.1 cycles

DRAM Statistics

Channel 0 RQ ROW_BUFFER_HIT:       2858
  ROW_BUFFER_MISS:     220265
  AVG DBUS CONGESTED CYCLE: 8.9
Channel 0 WQ ROW_BUFFER_HIT:      81465
  ROW_BUFFER_MISS:     136402
  FULL:          0
Channel 0 REFRESHES ISSUED:       5272
