[VMEM] WARNING: physical memory size is smaller than virtual memory size.
WARNING: option --warmup_instructions is deprecated. Use --warmup-instructions instead.
WARNING: option --simulation_instructions is deprecated. Use --simulation-instructions instead.

*** ChampSim Multicore Out-of-Order Simulator ***
Warmup Instructions: 5000000
Simulation Instructions: 25000000
Number of CPUs: 1
Page size: 4096

Off-chip DRAM Size: 16 GiB Channels: 1 Width: 64-bit Data Rate: 3205 MT/s
Warmup finished CPU 0 instructions: 5000001 cycles: 1470994 cumulative IPC: 3.399 (Simulation time: 00 hr 00 min 19 sec)
Warmup complete CPU 0 instructions: 5000001 cycles: 1470994 cumulative IPC: 3.399 (Simulation time: 00 hr 00 min 19 sec)
Heartbeat CPU 0 instructions: 10000004 cycles: 3909582 heartbeat IPC: 2.558 cumulative IPC: 2.05 (Simulation time: 00 hr 00 min 49 sec)
Heartbeat CPU 0 instructions: 20000005 cycles: 12237115 heartbeat IPC: 1.201 cumulative IPC: 1.393 (Simulation time: 00 hr 01 min 59 sec)
Simulation finished CPU 0 instructions: 25000001 cycles: 17381589 cumulative IPC: 1.438 (Simulation time: 00 hr 02 min 48 sec)
Simulation complete CPU 0 instructions: 25000001 cycles: 17381589 cumulative IPC: 1.438 (Simulation time: 00 hr 02 min 48 sec)

ChampSim completed all CPUs

=== Simulation ===
CPU 0 runs /mnt/storage/mipt/microarch/data/traces/654.roms_s-293B.champsimtrace.xz

Region of Interest Statistics

CPU 0 cumulative IPC: 1.438 instructions: 25000001 cycles: 17381589
CPU 0 Branch Prediction Accuracy: 99.8% MPKI: 0.02152 Average ROB Occupancy at Mispredict: 337.1
Branch type MPKI
BRANCH_DIRECT_JUMP: 0
BRANCH_INDIRECT: 0
BRANCH_CONDITIONAL: 0.02152
BRANCH_DIRECT_CALL: 0
BRANCH_INDIRECT_CALL: 0
BRANCH_RETURN: 0

cpu0->cpu0_STLB TOTAL        ACCESS:       6441 HIT:       4189 MISS:       2252 MSHR_MERGE:          0
cpu0->cpu0_STLB LOAD         ACCESS:       6441 HIT:       4189 MISS:       2252 MSHR_MERGE:          0
cpu0->cpu0_STLB RFO          ACCESS:          0 HIT:          0 MISS:          0 MSHR_MERGE:          0
cpu0->cpu0_STLB PREFETCH     ACCESS:          0 HIT:          0 MISS:          0 MSHR_MERGE:          0
cpu0->cpu0_STLB WRITE        ACCESS:          0 HIT:          0 MISS:          0 MSHR_MERGE:          0
cpu0->cpu0_STLB TRANSLATION  ACCESS:          0 HIT:          0 MISS:          0 MSHR_MERGE:          0
cpu0->cpu0_STLB PREFETCH REQUESTED:          0 ISSUED:          0 USEFUL:          0 USELESS:          0
cpu0->cpu0_STLB AVERAGE MISS LATENCY: 882 cycles
cpu0->cpu0_L2C TOTAL        ACCESS:     401646 HIT:     114315 MISS:     287331 MSHR_MERGE:          0
cpu0->cpu0_L2C LOAD         ACCESS:     146960 HIT:      37501 MISS:     109459 MSHR_MERGE:          0
cpu0->cpu0_L2C RFO          ACCESS:     124939 HIT:      19539 MISS:     105400 MSHR_MERGE:          0
cpu0->cpu0_L2C PREFETCH     ACCESS:          0 HIT:          0 MISS:          0 MSHR_MERGE:          0
cpu0->cpu0_L2C WRITE        ACCESS:     125175 HIT:      57073 MISS:      68102 MSHR_MERGE:          0
cpu0->cpu0_L2C TRANSLATION  ACCESS:       4572 HIT:        202 MISS:       4370 MSHR_MERGE:          0
cpu0->cpu0_L2C PREFETCH REQUESTED:          0 ISSUED:          0 USEFUL:          0 USELESS:          0
cpu0->cpu0_L2C AVERAGE MISS LATENCY: 121.5 cycles
cpu0->cpu0_L1I TOTAL        ACCESS:    4958230 HIT:    4958222 MISS:          8 MSHR_MERGE:          2
cpu0->cpu0_L1I LOAD         ACCESS:    4958230 HIT:    4958222 MISS:          8 MSHR_MERGE:          2
cpu0->cpu0_L1I RFO          ACCESS:          0 HIT:          0 MISS:          0 MSHR_MERGE:          0
cpu0->cpu0_L1I PREFETCH     ACCESS:          0 HIT:          0 MISS:          0 MSHR_MERGE:          0
cpu0->cpu0_L1I WRITE        ACCESS:          0 HIT:          0 MISS:          0 MSHR_MERGE:          0
cpu0->cpu0_L1I TRANSLATION  ACCESS:          0 HIT:          0 MISS:          0 MSHR_MERGE:          0
cpu0->cpu0_L1I PREFETCH REQUESTED:          0 ISSUED:          0 USEFUL:          0 USELESS:          0
cpu0->cpu0_L1I AVERAGE MISS LATENCY: 235 cycles
cpu0->cpu0_L1D TOTAL        ACCESS:    7640321 HIT:    7024494 MISS:     615827 MSHR_MERGE:     339344
cpu0->cpu0_L1D LOAD         ACCESS:    5268068 HIT:    5030625 MISS:     237443 MSHR_MERGE:      90489
cpu0->cpu0_L1D RFO          ACCESS:          0 HIT:          0 MISS:          0 MSHR_MERGE:          0
cpu0->cpu0_L1D PREFETCH     ACCESS:          0 HIT:          0 MISS:          0 MSHR_MERGE:          0
cpu0->cpu0_L1D WRITE        ACCESS:    2366627 HIT:    1992837 MISS:     373790 MSHR_MERGE:     248833
cpu0->cpu0_L1D TRANSLATION  ACCESS:       5626 HIT:       1032 MISS:       4594 MSHR_MERGE:         22
cpu0->cpu0_L1D PREFETCH REQUESTED:          0 ISSUED:          0 USEFUL:          0 USELESS:          0
cpu0->cpu0_L1D AVERAGE MISS LATENCY: 134.1 cycles
cpu0->cpu0_ITLB TOTAL        ACCESS:    3644004 HIT:    3644004 MISS:          0 MSHR_MERGE:          0
cpu0->cpu0_ITLB LOAD         ACCESS:    3644004 HIT:    3644004 MISS:          0 MSHR_MERGE:          0
cpu0->cpu0_ITLB RFO          ACCESS:          0 HIT:          0 MISS:          0 MSHR_MERGE:          0
cpu0->cpu0_ITLB PREFETCH     ACCESS:          0 HIT:          0 MISS:          0 MSHR_MERGE:          0
cpu0->cpu0_ITLB WRITE        ACCESS:          0 HIT:          0 MISS:          0 MSHR_MERGE:          0
cpu0->cpu0_ITLB TRANSLATION  ACCESS:          0 HIT:          0 MISS:          0 MSHR_MERGE:          0
cpu0->cpu0_ITLB PREFETCH REQUESTED:          0 ISSUED:          0 USEFUL:          0 USELESS:          0
cpu0->cpu0_ITLB AVERAGE MISS LATENCY: - cycles
cpu0->cpu0_DTLB TOTAL        ACCESS:    7199278 HIT:    7182903 MISS:      16375 MSHR_MERGE:       9934
cpu0->cpu0_DTLB LOAD         ACCESS:    7199278 HIT:    7182903 MISS:      16375 MSHR_MERGE:       9934
cpu0->cpu0_DTLB RFO          ACCESS:          0 HIT:          0 MISS:          0 MSHR_MERGE:          0
cpu0->cpu0_DTLB PREFETCH     ACCESS:          0 HIT:          0 MISS:          0 MSHR_MERGE:          0
cpu0->cpu0_DTLB WRITE        ACCESS:          0 HIT:          0 MISS:          0 MSHR_MERGE:          0
cpu0->cpu0_DTLB TRANSLATION  ACCESS:          0 HIT:          0 MISS:          0 MSHR_MERGE:          0
cpu0->cpu0_DTLB PREFETCH REQUESTED:          0 ISSUED:          0 USEFUL:          0 USELESS:          0
cpu0->cpu0_DTLB AVERAGE MISS LATENCY: 313.7 cycles
cpu0->LLC TOTAL        ACCESS:     330820 HIT:     186662 MISS:     144158 MSHR_MERGE:          0
cpu0->LLC LOAD         ACCESS:     109459 HIT:      55483 MISS:      53976 MSHR_MERGE:          0
cpu0->LLC RFO          ACCESS:     105400 HIT:      28526 MISS:      76874 MSHR_MERGE:          0
cpu0->LLC PREFETCH     ACCESS:          0 HIT:          0 MISS:          0 MSHR_MERGE:          0
cpu0->LLC WRITE        ACCESS:     111591 HIT:     102211 MISS:       9380 MSHR_MERGE:          0
cpu0->LLC TRANSLATION  ACCESS:       4370 HIT:        442 MISS:       3928 MSHR_MERGE:          0
cpu0->LLC PREFETCH REQUESTED:          0 ISSUED:          0 USEFUL:          0 USELESS:          0
cpu0->LLC AVERAGE MISS LATENCY: 217.1 cycles

DRAM Statistics

Channel 0 RQ ROW_BUFFER_HIT:        807
  ROW_BUFFER_MISS:     133753
  AVG DBUS CONGESTED CYCLE: 7.699
Channel 0 WQ ROW_BUFFER_HIT:      25118
  ROW_BUFFER_MISS:      59039
  FULL:          0
Channel 0 REFRESHES ISSUED:       1449
