[VMEM] WARNING: physical memory size is smaller than virtual memory size.
WARNING: option --warmup_instructions is deprecated. Use --warmup-instructions instead.
WARNING: option --simulation_instructions is deprecated. Use --simulation-instructions instead.

*** ChampSim Multicore Out-of-Order Simulator ***
Warmup Instructions: 5000000
Simulation Instructions: 25000000
Number of CPUs: 1
Page size: 4096

Off-chip DRAM Size: 16 GiB Channels: 1 Width: 64-bit Data Rate: 3205 MT/s
Warmup finished CPU 0 instructions: 5000000 cycles: 1494476 cumulative IPC: 3.346 (Simulation time: 00 hr 00 min 21 sec)
Warmup complete CPU 0 instructions: 5000000 cycles: 1494476 cumulative IPC: 3.346 (Simulation time: 00 hr 00 min 21 sec)
Heartbeat CPU 0 instructions: 10000002 cycles: 4412017 heartbeat IPC: 2.267 cumulative IPC: 1.714 (Simulation time: 00 hr 00 min 55 sec)
Heartbeat CPU 0 instructions: 20000002 cycles: 10581478 heartbeat IPC: 1.621 cumulative IPC: 1.651 (Simulation time: 00 hr 02 min 05 sec)
Simulation finished CPU 0 instructions: 25000001 cycles: 15197366 cumulative IPC: 1.645 (Simulation time: 00 hr 03 min 13 sec)
Simulation complete CPU 0 instructions: 25000001 cycles: 15197366 cumulative IPC: 1.645 (Simulation time: 00 hr 03 min 13 sec)

ChampSim completed all CPUs

=== Simulation ===
CPU 0 runs /mnt/storage/mipt/microarch/data/traces/607.cactuBSSN_s-2421B.champsimtrace.xz

Region of Interest Statistics

CPU 0 cumulative IPC: 1.645 instructions: 25000001 cycles: 15197366
CPU 0 Branch Prediction Accuracy: 91.63% MPKI: 0.7521 Average ROB Occupancy at Mispredict: 330
Branch type MPKI
BRANCH_DIRECT_JUMP: 0.00132
BRANCH_INDIRECT: 8e-05
BRANCH_CONDITIONAL: 0.3843
BRANCH_DIRECT_CALL: 0.00156
BRANCH_INDIRECT_CALL: 0
BRANCH_RETURN: 0.3649

cpu0->cpu0_STLB TOTAL        ACCESS:     962246 HIT:     961219 MISS:       1027 MSHR_MERGE:          0
cpu0->cpu0_STLB LOAD         ACCESS:     962246 HIT:     961219 MISS:       1027 MSHR_MERGE:          0
cpu0->cpu0_STLB RFO          ACCESS:          0 HIT:          0 MISS:          0 MSHR_MERGE:          0
cpu0->cpu0_STLB PREFETCH     ACCESS:          0 HIT:          0 MISS:          0 MSHR_MERGE:          0
cpu0->cpu0_STLB WRITE        ACCESS:          0 HIT:          0 MISS:          0 MSHR_MERGE:          0
cpu0->cpu0_STLB TRANSLATION  ACCESS:          0 HIT:          0 MISS:          0 MSHR_MERGE:          0
cpu0->cpu0_STLB PREFETCH REQUESTED:          0 ISSUED:          0 USEFUL:          0 USELESS:          0
cpu0->cpu0_STLB AVERAGE MISS LATENCY: 818.3 cycles
cpu0->cpu0_L2C TOTAL        ACCESS:    2660972 HIT:    2521535 MISS:     139437 MSHR_MERGE:          0
cpu0->cpu0_L2C LOAD         ACCESS:    2335637 HIT:    2214676 MISS:     120961 MSHR_MERGE:          0
cpu0->cpu0_L2C RFO          ACCESS:     153287 HIT:     137396 MISS:      15891 MSHR_MERGE:          0
cpu0->cpu0_L2C PREFETCH     ACCESS:          0 HIT:          0 MISS:          0 MSHR_MERGE:          0
cpu0->cpu0_L2C WRITE        ACCESS:     169494 HIT:     169406 MISS:         88 MSHR_MERGE:          0
cpu0->cpu0_L2C TRANSLATION  ACCESS:       2554 HIT:         57 MISS:       2497 MSHR_MERGE:          0
cpu0->cpu0_L2C PREFETCH REQUESTED:          0 ISSUED:          0 USEFUL:          0 USELESS:          0
cpu0->cpu0_L2C AVERAGE MISS LATENCY: 121.3 cycles
cpu0->cpu0_L1I TOTAL        ACCESS:    5509894 HIT:    4227252 MISS:    1282642 MSHR_MERGE:     632535
cpu0->cpu0_L1I LOAD         ACCESS:    5509894 HIT:    4227252 MISS:    1282642 MSHR_MERGE:     632535
cpu0->cpu0_L1I RFO          ACCESS:          0 HIT:          0 MISS:          0 MSHR_MERGE:          0
cpu0->cpu0_L1I PREFETCH     ACCESS:          0 HIT:          0 MISS:          0 MSHR_MERGE:          0
cpu0->cpu0_L1I WRITE        ACCESS:          0 HIT:          0 MISS:          0 MSHR_MERGE:          0
cpu0->cpu0_L1I TRANSLATION  ACCESS:          0 HIT:          0 MISS:          0 MSHR_MERGE:          0
cpu0->cpu0_L1I PREFETCH REQUESTED:          0 ISSUED:          0 USEFUL:          0 USELESS:          0
cpu0->cpu0_L1I AVERAGE MISS LATENCY: 7.198 cycles
cpu0->cpu0_L1D TOTAL        ACCESS:    9621043 HIT:    7645793 MISS:    1975250 MSHR_MERGE:     133841
cpu0->cpu0_L1D LOAD         ACCESS:    7609771 HIT:    5808135 MISS:    1801636 MSHR_MERGE:     116074
cpu0->cpu0_L1D RFO          ACCESS:          0 HIT:          0 MISS:          0 MSHR_MERGE:          0
cpu0->cpu0_L1D PREFETCH     ACCESS:          0 HIT:          0 MISS:          0 MSHR_MERGE:          0
cpu0->cpu0_L1D WRITE        ACCESS:    2008700 HIT:    1837643 MISS:     171057 MSHR_MERGE:      17764
cpu0->cpu0_L1D TRANSLATION  ACCESS:       2572 HIT:         15 MISS:       2557 MSHR_MERGE:          3
cpu0->cpu0_L1D PREFETCH REQUESTED:          0 ISSUED:          0 USEFUL:          0 USELESS:          0
cpu0->cpu0_L1D AVERAGE MISS LATENCY: 18.24 cycles
cpu0->cpu0_ITLB TOTAL        ACCESS:    4390678 HIT:    4390663 MISS:         15 MSHR_MERGE:          5
cpu0->cpu0_ITLB LOAD         ACCESS:    4390678 HIT:    4390663 MISS:         15 MSHR_MERGE:          5
cpu0->cpu0_ITLB RFO          ACCESS:          0 HIT:          0 MISS:          0 MSHR_MERGE:          0
cpu0->cpu0_ITLB PREFETCH     ACCESS:          0 HIT:          0 MISS:          0 MSHR_MERGE:          0
cpu0->cpu0_ITLB WRITE        ACCESS:          0 HIT:          0 MISS:          0 MSHR_MERGE:          0
cpu0->cpu0_ITLB TRANSLATION  ACCESS:          0 HIT:          0 MISS:          0 MSHR_MERGE:          0
cpu0->cpu0_ITLB PREFETCH REQUESTED:          0 ISSUED:          0 USEFUL:          0 USELESS:          0
cpu0->cpu0_ITLB AVERAGE MISS LATENCY: 880.5 cycles
cpu0->cpu0_DTLB TOTAL        ACCESS:    9094201 HIT:    8025884 MISS:    1068317 MSHR_MERGE:     106081
cpu0->cpu0_DTLB LOAD         ACCESS:    9094201 HIT:    8025884 MISS:    1068317 MSHR_MERGE:     106081
cpu0->cpu0_DTLB RFO          ACCESS:          0 HIT:          0 MISS:          0 MSHR_MERGE:          0
cpu0->cpu0_DTLB PREFETCH     ACCESS:          0 HIT:          0 MISS:          0 MSHR_MERGE:          0
cpu0->cpu0_DTLB WRITE        ACCESS:          0 HIT:          0 MISS:          0 MSHR_MERGE:          0
cpu0->cpu0_DTLB TRANSLATION  ACCESS:          0 HIT:          0 MISS:          0 MSHR_MERGE:          0
cpu0->cpu0_DTLB PREFETCH REQUESTED:          0 ISSUED:          0 USEFUL:          0 USELESS:          0
cpu0->cpu0_DTLB AVERAGE MISS LATENCY: 5.91 cycles
cpu0->LLC TOTAL        ACCESS:     155255 HIT:      87773 MISS:      67482 MSHR_MERGE:          0
cpu0->LLC LOAD         ACCESS:     120961 HIT:      69912 MISS:      51049 MSHR_MERGE:          0
cpu0->LLC RFO          ACCESS:      15891 HIT:       1151 MISS:      14740 MSHR_MERGE:          0
cpu0->LLC PREFETCH     ACCESS:          0 HIT:          0 MISS:          0 MSHR_MERGE:          0
cpu0->LLC WRITE        ACCESS:      15906 HIT:      15851 MISS:         55 MSHR_MERGE:          0
cpu0->LLC TRANSLATION  ACCESS:       2497 HIT:        859 MISS:       1638 MSHR_MERGE:          0
cpu0->LLC PREFETCH REQUESTED:          0 ISSUED:          0 USEFUL:          0 USELESS:          0
cpu0->LLC AVERAGE MISS LATENCY: 218.7 cycles

DRAM Statistics

Channel 0 RQ ROW_BUFFER_HIT:         31
  ROW_BUFFER_MISS:      67396
  AVG DBUS CONGESTED CYCLE: 10.21
Channel 0 WQ ROW_BUFFER_HIT:        826
  ROW_BUFFER_MISS:      10636
  FULL:          0
Channel 0 REFRESHES ISSUED:       1266
