[VMEM] WARNING: physical memory size is smaller than virtual memory size.
WARNING: option --warmup_instructions is deprecated. Use --warmup-instructions instead.
WARNING: option --simulation_instructions is deprecated. Use --simulation-instructions instead.

*** ChampSim Multicore Out-of-Order Simulator ***
Warmup Instructions: 5000000
Simulation Instructions: 25000000
Number of CPUs: 1
Page size: 4096

Off-chip DRAM Size: 16 GiB Channels: 1 Width: 64-bit Data Rate: 3205 MT/s
Warmup finished CPU 0 instructions: 5000003 cycles: 3490904 cumulative IPC: 1.432 (Simulation time: 00 hr 00 min 42 sec)
Warmup complete CPU 0 instructions: 5000003 cycles: 3490904 cumulative IPC: 1.432 (Simulation time: 00 hr 00 min 42 sec)
Heartbeat CPU 0 instructions: 10000004 cycles: 21878096 heartbeat IPC: 0.4571 cumulative IPC: 0.2719 (Simulation time: 00 hr 02 min 23 sec)
Heartbeat CPU 0 instructions: 20000007 cycles: 59437782 heartbeat IPC: 0.2662 cumulative IPC: 0.2681 (Simulation time: 00 hr 05 min 53 sec)
Simulation finished CPU 0 instructions: 25000001 cycles: 91110939 cumulative IPC: 0.2744 (Simulation time: 00 hr 08 min 25 sec)
Simulation complete CPU 0 instructions: 25000001 cycles: 91110939 cumulative IPC: 0.2744 (Simulation time: 00 hr 08 min 25 sec)

ChampSim completed all CPUs

=== Simulation ===
CPU 0 runs /mnt/storage/mipt/microarch/data/traces/620.omnetpp_s-141B.champsimtrace.xz

Region of Interest Statistics

CPU 0 cumulative IPC: 0.2744 instructions: 25000001 cycles: 91110939
CPU 0 Branch Prediction Accuracy: 92.89% MPKI: 14.98 Average ROB Occupancy at Mispredict: 42.82
Branch type MPKI
BRANCH_DIRECT_JUMP: 0.8414
BRANCH_INDIRECT: 0.3648
BRANCH_CONDITIONAL: 12.48
BRANCH_DIRECT_CALL: 0.00052
BRANCH_INDIRECT_CALL: 0.8609
BRANCH_RETURN: 0.4358

cpu0->cpu0_STLB TOTAL        ACCESS:     562955 HIT:     442478 MISS:     120477 MSHR_MERGE:          0
cpu0->cpu0_STLB LOAD         ACCESS:     562955 HIT:     442478 MISS:     120477 MSHR_MERGE:          0
cpu0->cpu0_STLB RFO          ACCESS:          0 HIT:          0 MISS:          0 MSHR_MERGE:          0
cpu0->cpu0_STLB PREFETCH     ACCESS:          0 HIT:          0 MISS:          0 MSHR_MERGE:          0
cpu0->cpu0_STLB WRITE        ACCESS:          0 HIT:          0 MISS:          0 MSHR_MERGE:          0
cpu0->cpu0_STLB TRANSLATION  ACCESS:          0 HIT:          0 MISS:          0 MSHR_MERGE:          0
cpu0->cpu0_STLB PREFETCH REQUESTED:          0 ISSUED:          0 USEFUL:          0 USELESS:          0
cpu0->cpu0_STLB AVERAGE MISS LATENCY: 361.7 cycles
cpu0->cpu0_L2C TOTAL        ACCESS:    1017889 HIT:     447573 MISS:     570316 MSHR_MERGE:          0
cpu0->cpu0_L2C LOAD         ACCESS:     451623 HIT:     131514 MISS:     320109 MSHR_MERGE:          0
cpu0->cpu0_L2C RFO          ACCESS:      58147 HIT:      11899 MISS:      46248 MSHR_MERGE:          0
cpu0->cpu0_L2C PREFETCH     ACCESS:          0 HIT:          0 MISS:          0 MSHR_MERGE:          0
cpu0->cpu0_L2C WRITE        ACCESS:     240226 HIT:     239627 MISS:        599 MSHR_MERGE:          0
cpu0->cpu0_L2C TRANSLATION  ACCESS:     267893 HIT:      64533 MISS:     203360 MSHR_MERGE:          0
cpu0->cpu0_L2C PREFETCH REQUESTED:          0 ISSUED:          0 USEFUL:          0 USELESS:          0
cpu0->cpu0_L2C AVERAGE MISS LATENCY: 155.2 cycles
cpu0->cpu0_L1I TOTAL        ACCESS:    3342749 HIT:    3324523 MISS:      18226 MSHR_MERGE:       4371
cpu0->cpu0_L1I LOAD         ACCESS:    3342749 HIT:    3324523 MISS:      18226 MSHR_MERGE:       4371
cpu0->cpu0_L1I RFO          ACCESS:          0 HIT:          0 MISS:          0 MSHR_MERGE:          0
cpu0->cpu0_L1I PREFETCH     ACCESS:          0 HIT:          0 MISS:          0 MSHR_MERGE:          0
cpu0->cpu0_L1I WRITE        ACCESS:          0 HIT:          0 MISS:          0 MSHR_MERGE:          0
cpu0->cpu0_L1I TRANSLATION  ACCESS:          0 HIT:          0 MISS:          0 MSHR_MERGE:          0
cpu0->cpu0_L1I PREFETCH REQUESTED:          0 ISSUED:          0 USEFUL:          0 USELESS:          0
cpu0->cpu0_L1I AVERAGE MISS LATENCY: 19.63 cycles
cpu0->cpu0_L1D TOTAL        ACCESS:   10260420 HIT:    9244529 MISS:    1015891 MSHR_MERGE:     252083
cpu0->cpu0_L1D LOAD         ACCESS:    5442725 HIT:    4879601 MISS:     563124 MSHR_MERGE:     125356
cpu0->cpu0_L1D RFO          ACCESS:          0 HIT:          0 MISS:          0 MSHR_MERGE:          0
cpu0->cpu0_L1D PREFETCH     ACCESS:          0 HIT:          0 MISS:          0 MSHR_MERGE:          0
cpu0->cpu0_L1D WRITE        ACCESS:    4527515 HIT:    4343356 MISS:     184159 MSHR_MERGE:     126012
cpu0->cpu0_L1D TRANSLATION  ACCESS:     290180 HIT:      21572 MISS:     268608 MSHR_MERGE:        715
cpu0->cpu0_L1D PREFETCH REQUESTED:          0 ISSUED:          0 USEFUL:          0 USELESS:          0
cpu0->cpu0_L1D AVERAGE MISS LATENCY: 124.4 cycles
cpu0->cpu0_ITLB TOTAL        ACCESS:    2948971 HIT:    2871390 MISS:      77581 MSHR_MERGE:      37436
cpu0->cpu0_ITLB LOAD         ACCESS:    2948971 HIT:    2871390 MISS:      77581 MSHR_MERGE:      37436
cpu0->cpu0_ITLB RFO          ACCESS:          0 HIT:          0 MISS:          0 MSHR_MERGE:          0
cpu0->cpu0_ITLB PREFETCH     ACCESS:          0 HIT:          0 MISS:          0 MSHR_MERGE:          0
cpu0->cpu0_ITLB WRITE        ACCESS:          0 HIT:          0 MISS:          0 MSHR_MERGE:          0
cpu0->cpu0_ITLB TRANSLATION  ACCESS:          0 HIT:          0 MISS:          0 MSHR_MERGE:          0
cpu0->cpu0_ITLB PREFETCH REQUESTED:          0 ISSUED:          0 USEFUL:          0 USELESS:          0
cpu0->cpu0_ITLB AVERAGE MISS LATENCY: 7.347 cycles
cpu0->cpu0_DTLB TOTAL        ACCESS:    9476406 HIT:    8866457 MISS:     609949 MSHR_MERGE:      87139
cpu0->cpu0_DTLB LOAD         ACCESS:    9476406 HIT:    8866457 MISS:     609949 MSHR_MERGE:      87139
cpu0->cpu0_DTLB RFO          ACCESS:          0 HIT:          0 MISS:          0 MSHR_MERGE:          0
cpu0->cpu0_DTLB PREFETCH     ACCESS:          0 HIT:          0 MISS:          0 MSHR_MERGE:          0
cpu0->cpu0_DTLB WRITE        ACCESS:          0 HIT:          0 MISS:          0 MSHR_MERGE:          0
cpu0->cpu0_DTLB TRANSLATION  ACCESS:          0 HIT:          0 MISS:          0 MSHR_MERGE:          0
cpu0->cpu0_DTLB PREFETCH REQUESTED:          0 ISSUED:          0 USEFUL:          0 USELESS:          0
cpu0->cpu0_DTLB AVERAGE MISS LATENCY: 88.41 cycles
cpu0->LLC TOTAL        ACCESS:     751274 HIT:     331128 MISS:     420146 MSHR_MERGE:          0
cpu0->LLC LOAD         ACCESS:     320109 HIT:      71840 MISS:     248269 MSHR_MERGE:          0
cpu0->LLC RFO          ACCESS:      46248 HIT:      16785 MISS:      29463 MSHR_MERGE:          0
cpu0->LLC PREFETCH     ACCESS:          0 HIT:          0 MISS:          0 MSHR_MERGE:          0
cpu0->LLC WRITE        ACCESS:     181557 HIT:     180758 MISS:        799 MSHR_MERGE:          0
cpu0->LLC TRANSLATION  ACCESS:     203360 HIT:      61745 MISS:     141615 MSHR_MERGE:          0
cpu0->LLC PREFETCH REQUESTED:          0 ISSUED:          0 USEFUL:          0 USELESS:          0
cpu0->LLC AVERAGE MISS LATENCY: 189.4 cycles

DRAM Statistics

Channel 0 RQ ROW_BUFFER_HIT:       1480
  ROW_BUFFER_MISS:     417860
  AVG DBUS CONGESTED CYCLE: 19.84
Channel 0 WQ ROW_BUFFER_HIT:      44313
  ROW_BUFFER_MISS:      88303
  FULL:          0
Channel 0 REFRESHES ISSUED:       7593
