[VMEM] WARNING: physical memory size is smaller than virtual memory size.
WARNING: option --warmup_instructions is deprecated. Use --warmup-instructions instead.
WARNING: option --simulation_instructions is deprecated. Use --simulation-instructions instead.

*** ChampSim Multicore Out-of-Order Simulator ***
Warmup Instructions: 5000000
Simulation Instructions: 25000000
Number of CPUs: 1
Page size: 4096

Off-chip DRAM Size: 16 GiB Channels: 1 Width: 64-bit Data Rate: 3205 MT/s
Warmup finished CPU 0 instructions: 5000001 cycles: 1465235 cumulative IPC: 3.412 (Simulation time: 00 hr 00 min 17 sec)
Warmup complete CPU 0 instructions: 5000001 cycles: 1465235 cumulative IPC: 3.412 (Simulation time: 00 hr 00 min 17 sec)
Heartbeat CPU 0 instructions: 10000002 cycles: 5341446 heartbeat IPC: 1.872 cumulative IPC: 1.29 (Simulation time: 00 hr 00 min 45 sec)
Heartbeat CPU 0 instructions: 20000003 cycles: 13201387 heartbeat IPC: 1.272 cumulative IPC: 1.278 (Simulation time: 00 hr 01 min 41 sec)
Simulation finished CPU 0 instructions: 25000001 cycles: 19573267 cumulative IPC: 1.277 (Simulation time: 00 hr 02 min 45 sec)
Simulation complete CPU 0 instructions: 25000001 cycles: 19573267 cumulative IPC: 1.277 (Simulation time: 00 hr 02 min 45 sec)

ChampSim completed all CPUs

=== Simulation ===
CPU 0 runs /mnt/storage/mipt/microarch/data/traces/628.pop2_s-17B.champsimtrace.xz

Region of Interest Statistics

CPU 0 cumulative IPC: 1.277 instructions: 25000001 cycles: 19573267
CPU 0 Branch Prediction Accuracy: 96.44% MPKI: 4.069 Average ROB Occupancy at Mispredict: 91.91
Branch type MPKI
BRANCH_DIRECT_JUMP: 0.05124
BRANCH_INDIRECT: 0.0016
BRANCH_CONDITIONAL: 4.016
BRANCH_DIRECT_CALL: 0
BRANCH_INDIRECT_CALL: 0
BRANCH_RETURN: 0

cpu0->cpu0_STLB TOTAL        ACCESS:      21994 HIT:      20764 MISS:       1230 MSHR_MERGE:          0
cpu0->cpu0_STLB LOAD         ACCESS:      21994 HIT:      20764 MISS:       1230 MSHR_MERGE:          0
cpu0->cpu0_STLB RFO          ACCESS:          0 HIT:          0 MISS:          0 MSHR_MERGE:          0
cpu0->cpu0_STLB PREFETCH     ACCESS:          0 HIT:          0 MISS:          0 MSHR_MERGE:          0
cpu0->cpu0_STLB WRITE        ACCESS:          0 HIT:          0 MISS:          0 MSHR_MERGE:          0
cpu0->cpu0_STLB TRANSLATION  ACCESS:          0 HIT:          0 MISS:          0 MSHR_MERGE:          0
cpu0->cpu0_STLB PREFETCH REQUESTED:          0 ISSUED:          0 USEFUL:          0 USELESS:          0
cpu0->cpu0_STLB AVERAGE MISS LATENCY: 755.2 cycles
cpu0->cpu0_L2C TOTAL        ACCESS:     753621 HIT:     522889 MISS:     230732 MSHR_MERGE:          0
cpu0->cpu0_L2C LOAD         ACCESS:     410756 HIT:     235776 MISS:     174980 MSHR_MERGE:          0
cpu0->cpu0_L2C RFO          ACCESS:     136428 HIT:      83294 MISS:      53134 MSHR_MERGE:          0
cpu0->cpu0_L2C PREFETCH     ACCESS:          0 HIT:          0 MISS:          0 MSHR_MERGE:          0
cpu0->cpu0_L2C WRITE        ACCESS:     203839 HIT:     203686 MISS:        153 MSHR_MERGE:          0
cpu0->cpu0_L2C TRANSLATION  ACCESS:       2598 HIT:        133 MISS:       2465 MSHR_MERGE:          0
cpu0->cpu0_L2C PREFETCH REQUESTED:          0 ISSUED:          0 USEFUL:          0 USELESS:          0
cpu0->cpu0_L2C AVERAGE MISS LATENCY: 78.72 cycles
cpu0->cpu0_L1I TOTAL        ACCESS:    1893651 HIT:    1839360 MISS:      54291 MSHR_MERGE:      24750
cpu0->cpu0_L1I LOAD         ACCESS:    1893651 HIT:    1839360 MISS:      54291 MSHR_MERGE:      24750
cpu0->cpu0_L1I RFO          ACCESS:          0 HIT:          0 MISS:          0 MSHR_MERGE:          0
cpu0->cpu0_L1I PREFETCH     ACCESS:          0 HIT:          0 MISS:          0 MSHR_MERGE:          0
cpu0->cpu0_L1I WRITE        ACCESS:          0 HIT:          0 MISS:          0 MSHR_MERGE:          0
cpu0->cpu0_L1I TRANSLATION  ACCESS:          0 HIT:          0 MISS:          0 MSHR_MERGE:          0
cpu0->cpu0_L1I PREFETCH REQUESTED:          0 ISSUED:          0 USEFUL:          0 USELESS:          0
cpu0->cpu0_L1I AVERAGE MISS LATENCY: 21.3 cycles
cpu0->cpu0_L1D TOTAL        ACCESS:    6520533 HIT:    5347093 MISS:    1173440 MSHR_MERGE:     653193
cpu0->cpu0_L1D LOAD         ACCESS:    4625483 HIT:    3909213 MISS:     716270 MSHR_MERGE:     335051
cpu0->cpu0_L1D RFO          ACCESS:          0 HIT:          0 MISS:          0 MSHR_MERGE:          0
cpu0->cpu0_L1D PREFETCH     ACCESS:          0 HIT:          0 MISS:          0 MSHR_MERGE:          0
cpu0->cpu0_L1D WRITE        ACCESS:    1892183 HIT:    1437692 MISS:     454491 MSHR_MERGE:     318061
cpu0->cpu0_L1D TRANSLATION  ACCESS:       2867 HIT:        188 MISS:       2679 MSHR_MERGE:         81
cpu0->cpu0_L1D PREFETCH REQUESTED:          0 ISSUED:          0 USEFUL:          0 USELESS:          0
cpu0->cpu0_L1D AVERAGE MISS LATENCY: 42.61 cycles
cpu0->cpu0_ITLB TOTAL        ACCESS:    1541983 HIT:    1538865 MISS:       3118 MSHR_MERGE:       1879
cpu0->cpu0_ITLB LOAD         ACCESS:    1541983 HIT:    1538865 MISS:       3118 MSHR_MERGE:       1879
cpu0->cpu0_ITLB RFO          ACCESS:          0 HIT:          0 MISS:          0 MSHR_MERGE:          0
cpu0->cpu0_ITLB PREFETCH     ACCESS:          0 HIT:          0 MISS:          0 MSHR_MERGE:          0
cpu0->cpu0_ITLB WRITE        ACCESS:          0 HIT:          0 MISS:          0 MSHR_MERGE:          0
cpu0->cpu0_ITLB TRANSLATION  ACCESS:          0 HIT:          0 MISS:          0 MSHR_MERGE:          0
cpu0->cpu0_ITLB PREFETCH REQUESTED:          0 ISSUED:          0 USEFUL:          0 USELESS:          0
cpu0->cpu0_ITLB AVERAGE MISS LATENCY: 5.002 cycles
cpu0->cpu0_DTLB TOTAL        ACCESS:    6267417 HIT:    6231994 MISS:      35423 MSHR_MERGE:      14668
cpu0->cpu0_DTLB LOAD         ACCESS:    6267417 HIT:    6231994 MISS:      35423 MSHR_MERGE:      14668
cpu0->cpu0_DTLB RFO          ACCESS:          0 HIT:          0 MISS:          0 MSHR_MERGE:          0
cpu0->cpu0_DTLB PREFETCH     ACCESS:          0 HIT:          0 MISS:          0 MSHR_MERGE:          0
cpu0->cpu0_DTLB WRITE        ACCESS:          0 HIT:          0 MISS:          0 MSHR_MERGE:          0
cpu0->cpu0_DTLB TRANSLATION  ACCESS:          0 HIT:          0 MISS:          0 MSHR_MERGE:          0
cpu0->cpu0_DTLB PREFETCH REQUESTED:          0 ISSUED:          0 USEFUL:          0 USELESS:          0
cpu0->cpu0_DTLB AVERAGE MISS LATENCY: 49.82 cycles
cpu0->LLC TOTAL        ACCESS:     316928 HIT:     239566 MISS:      77362 MSHR_MERGE:          0
cpu0->LLC LOAD         ACCESS:     174980 HIT:     105352 MISS:      69628 MSHR_MERGE:          0
cpu0->LLC RFO          ACCESS:      53134 HIT:      47697 MISS:       5437 MSHR_MERGE:          0
cpu0->LLC PREFETCH     ACCESS:          0 HIT:          0 MISS:          0 MSHR_MERGE:          0
cpu0->LLC WRITE        ACCESS:      86349 HIT:      85841 MISS:        508 MSHR_MERGE:          0
cpu0->LLC TRANSLATION  ACCESS:       2465 HIT:        676 MISS:       1789 MSHR_MERGE:          0
cpu0->LLC PREFETCH REQUESTED:          0 ISSUED:          0 USEFUL:          0 USELESS:          0
cpu0->LLC AVERAGE MISS LATENCY: 189.1 cycles

DRAM Statistics

Channel 0 RQ ROW_BUFFER_HIT:       2333
  ROW_BUFFER_MISS:      74521
  AVG DBUS CONGESTED CYCLE: 15.19
Channel 0 WQ ROW_BUFFER_HIT:       5031
  ROW_BUFFER_MISS:      14412
  FULL:          0
Channel 0 REFRESHES ISSUED:       1631
