[VMEM] WARNING: physical memory size is smaller than virtual memory size.
WARNING: option --warmup_instructions is deprecated. Use --warmup-instructions instead.
WARNING: option --simulation_instructions is deprecated. Use --simulation-instructions instead.

*** ChampSim Multicore Out-of-Order Simulator ***
Warmup Instructions: 5000000
Simulation Instructions: 25000000
Number of CPUs: 1
Page size: 4096

Off-chip DRAM Size: 16 GiB Channels: 1 Width: 64-bit Data Rate: 3205 MT/s
Warmup finished CPU 0 instructions: 5000002 cycles: 1766136 cumulative IPC: 2.831 (Simulation time: 00 hr 00 min 23 sec)
Warmup complete CPU 0 instructions: 5000002 cycles: 1766136 cumulative IPC: 2.831 (Simulation time: 00 hr 00 min 23 sec)
Heartbeat CPU 0 instructions: 10000001 cycles: 5591262 heartbeat IPC: 1.789 cumulative IPC: 1.307 (Simulation time: 00 hr 00 min 54 sec)
Heartbeat CPU 0 instructions: 20000002 cycles: 13375049 heartbeat IPC: 1.285 cumulative IPC: 1.292 (Simulation time: 00 hr 01 min 59 sec)
Heartbeat CPU 0 instructions: 30000004 cycles: 21052373 heartbeat IPC: 1.303 cumulative IPC: 1.296 (Simulation time: 00 hr 03 min 01 sec)
Simulation finished CPU 0 instructions: 25000002 cycles: 19286237 cumulative IPC: 1.296 (Simulation time: 00 hr 03 min 01 sec)
Simulation complete CPU 0 instructions: 25000002 cycles: 19286237 cumulative IPC: 1.296 (Simulation time: 00 hr 03 min 01 sec)

ChampSim completed all CPUs

=== Simulation ===
CPU 0 runs /mnt/storage/mipt/microarch/data/traces/631.deepsjeng_s-928B.champsimtrace.xz

Region of Interest Statistics

CPU 0 cumulative IPC: 1.296 instructions: 25000002 cycles: 19286237
CPU 0 Branch Prediction Accuracy: 90.01% MPKI: 14.97 Average ROB Occupancy at Mispredict: 32.65
Branch type MPKI
BRANCH_DIRECT_JUMP: 0.02156
BRANCH_INDIRECT: 0.00908
BRANCH_CONDITIONAL: 14.48
BRANCH_DIRECT_CALL: 0.02132
BRANCH_INDIRECT_CALL: 0
BRANCH_RETURN: 0.432

cpu0->cpu0_STLB TOTAL        ACCESS:       6386 HIT:       2006 MISS:       4380 MSHR_MERGE:          0
cpu0->cpu0_STLB LOAD         ACCESS:       6386 HIT:       2006 MISS:       4380 MSHR_MERGE:          0
cpu0->cpu0_STLB RFO          ACCESS:          0 HIT:          0 MISS:          0 MSHR_MERGE:          0
cpu0->cpu0_STLB PREFETCH     ACCESS:          0 HIT:          0 MISS:          0 MSHR_MERGE:          0
cpu0->cpu0_STLB WRITE        ACCESS:          0 HIT:          0 MISS:          0 MSHR_MERGE:          0
cpu0->cpu0_STLB TRANSLATION  ACCESS:          0 HIT:          0 MISS:          0 MSHR_MERGE:          0
cpu0->cpu0_STLB PREFETCH REQUESTED:          0 ISSUED:          0 USEFUL:          0 USELESS:          0
cpu0->cpu0_STLB AVERAGE MISS LATENCY: 937.2 cycles
cpu0->cpu0_L2C TOTAL        ACCESS:      70876 HIT:      51421 MISS:      19455 MSHR_MERGE:          0
cpu0->cpu0_L2C LOAD         ACCESS:      36340 HIT:      28874 MISS:       7466 MSHR_MERGE:          0
cpu0->cpu0_L2C RFO          ACCESS:       7709 HIT:       6968 MISS:        741 MSHR_MERGE:          0
cpu0->cpu0_L2C PREFETCH     ACCESS:          0 HIT:          0 MISS:          0 MSHR_MERGE:          0
cpu0->cpu0_L2C WRITE        ACCESS:      13997 HIT:      13978 MISS:         19 MSHR_MERGE:          0
cpu0->cpu0_L2C TRANSLATION  ACCESS:      12830 HIT:       1601 MISS:      11229 MSHR_MERGE:          0
cpu0->cpu0_L2C PREFETCH REQUESTED:          0 ISSUED:          0 USEFUL:          0 USELESS:          0
cpu0->cpu0_L2C AVERAGE MISS LATENCY: 163 cycles
cpu0->cpu0_L1I TOTAL        ACCESS:    2891820 HIT:    2864142 MISS:      27678 MSHR_MERGE:       6396
cpu0->cpu0_L1I LOAD         ACCESS:    2891820 HIT:    2864142 MISS:      27678 MSHR_MERGE:       6396
cpu0->cpu0_L1I RFO          ACCESS:          0 HIT:          0 MISS:          0 MSHR_MERGE:          0
cpu0->cpu0_L1I PREFETCH     ACCESS:          0 HIT:          0 MISS:          0 MSHR_MERGE:          0
cpu0->cpu0_L1I WRITE        ACCESS:          0 HIT:          0 MISS:          0 MSHR_MERGE:          0
cpu0->cpu0_L1I TRANSLATION  ACCESS:          0 HIT:          0 MISS:          0 MSHR_MERGE:          0
cpu0->cpu0_L1I PREFETCH REQUESTED:          0 ISSUED:          0 USEFUL:          0 USELESS:          0
cpu0->cpu0_L1I AVERAGE MISS LATENCY: 7.234 cycles
cpu0->cpu0_L1D TOTAL        ACCESS:    7636726 HIT:    7582948 MISS:      53778 MSHR_MERGE:      18178
cpu0->cpu0_L1D LOAD         ACCESS:    4591726 HIT:    4571678 MISS:      20048 MSHR_MERGE:       4987
cpu0->cpu0_L1D RFO          ACCESS:          0 HIT:          0 MISS:          0 MSHR_MERGE:          0
cpu0->cpu0_L1D PREFETCH     ACCESS:          0 HIT:          0 MISS:          0 MSHR_MERGE:          0
cpu0->cpu0_L1D WRITE        ACCESS:    3031809 HIT:    3010942 MISS:      20867 MSHR_MERGE:      13158
cpu0->cpu0_L1D TRANSLATION  ACCESS:      13191 HIT:        328 MISS:      12863 MSHR_MERGE:         33
cpu0->cpu0_L1D PREFETCH REQUESTED:          0 ISSUED:          0 USEFUL:          0 USELESS:          0
cpu0->cpu0_L1D AVERAGE MISS LATENCY: 97.56 cycles
cpu0->cpu0_ITLB TOTAL        ACCESS:    2451797 HIT:    2451797 MISS:          0 MSHR_MERGE:          0
cpu0->cpu0_ITLB LOAD         ACCESS:    2451797 HIT:    2451797 MISS:          0 MSHR_MERGE:          0
cpu0->cpu0_ITLB RFO          ACCESS:          0 HIT:          0 MISS:          0 MSHR_MERGE:          0
cpu0->cpu0_ITLB PREFETCH     ACCESS:          0 HIT:          0 MISS:          0 MSHR_MERGE:          0
cpu0->cpu0_ITLB WRITE        ACCESS:          0 HIT:          0 MISS:          0 MSHR_MERGE:          0
cpu0->cpu0_ITLB TRANSLATION  ACCESS:          0 HIT:          0 MISS:          0 MSHR_MERGE:          0
cpu0->cpu0_ITLB PREFETCH REQUESTED:          0 ISSUED:          0 USEFUL:          0 USELESS:          0
cpu0->cpu0_ITLB AVERAGE MISS LATENCY: - cycles
cpu0->cpu0_DTLB TOTAL        ACCESS:    7140554 HIT:    7128629 MISS:      11925 MSHR_MERGE:       5539
cpu0->cpu0_DTLB LOAD         ACCESS:    7140554 HIT:    7128629 MISS:      11925 MSHR_MERGE:       5539
cpu0->cpu0_DTLB RFO          ACCESS:          0 HIT:          0 MISS:          0 MSHR_MERGE:          0
cpu0->cpu0_DTLB PREFETCH     ACCESS:          0 HIT:          0 MISS:          0 MSHR_MERGE:          0
cpu0->cpu0_DTLB WRITE        ACCESS:          0 HIT:          0 MISS:          0 MSHR_MERGE:          0
cpu0->cpu0_DTLB TRANSLATION  ACCESS:          0 HIT:          0 MISS:          0 MSHR_MERGE:          0
cpu0->cpu0_DTLB PREFETCH REQUESTED:          0 ISSUED:          0 USEFUL:          0 USELESS:          0
cpu0->cpu0_DTLB AVERAGE MISS LATENCY: 648.5 cycles
cpu0->LLC TOTAL        ACCESS:      24142 HIT:       6579 MISS:      17563 MSHR_MERGE:          0
cpu0->LLC LOAD         ACCESS:       7466 HIT:        495 MISS:       6971 MSHR_MERGE:          0
cpu0->LLC RFO          ACCESS:        741 HIT:        291 MISS:        450 MSHR_MERGE:          0
cpu0->LLC PREFETCH     ACCESS:          0 HIT:          0 MISS:          0 MSHR_MERGE:          0
cpu0->LLC WRITE        ACCESS:       4706 HIT:       4703 MISS:          3 MSHR_MERGE:          0
cpu0->LLC TRANSLATION  ACCESS:      11229 HIT:       1090 MISS:      10139 MSHR_MERGE:          0
cpu0->LLC PREFETCH REQUESTED:          0 ISSUED:          0 USEFUL:          0 USELESS:          0
cpu0->LLC AVERAGE MISS LATENCY: 163 cycles

DRAM Statistics

Channel 0 RQ ROW_BUFFER_HIT:         28
  ROW_BUFFER_MISS:      17532
  AVG DBUS CONGESTED CYCLE: 3.08
Channel 0 WQ ROW_BUFFER_HIT:          0
  ROW_BUFFER_MISS:         76
  FULL:          0
Channel 0 REFRESHES ISSUED:       1607
