[VMEM] WARNING: physical memory size is smaller than virtual memory size.
WARNING: option --warmup_instructions is deprecated. Use --warmup-instructions instead.
WARNING: option --simulation_instructions is deprecated. Use --simulation-instructions instead.

*** ChampSim Multicore Out-of-Order Simulator ***
Warmup Instructions: 5000000
Simulation Instructions: 25000000
Number of CPUs: 1
Page size: 4096

Off-chip DRAM Size: 16 GiB Channels: 1 Width: 64-bit Data Rate: 3205 MT/s
Warmup finished CPU 0 instructions: 5000001 cycles: 1343832 cumulative IPC: 3.721 (Simulation time: 00 hr 00 min 14 sec)
Warmup complete CPU 0 instructions: 5000001 cycles: 1343832 cumulative IPC: 3.721 (Simulation time: 00 hr 00 min 14 sec)
Heartbeat CPU 0 instructions: 10000002 cycles: 5043312 heartbeat IPC: 1.983 cumulative IPC: 1.352 (Simulation time: 00 hr 00 min 37 sec)
Heartbeat CPU 0 instructions: 20000003 cycles: 17341483 heartbeat IPC: 0.8131 cumulative IPC: 0.9376 (Simulation time: 00 hr 02 min 01 sec)
Simulation finished CPU 0 instructions: 25000000 cycles: 23802473 cumulative IPC: 1.05 (Simulation time: 00 hr 02 min 49 sec)
Simulation complete CPU 0 instructions: 25000000 cycles: 23802473 cumulative IPC: 1.05 (Simulation time: 00 hr 02 min 49 sec)

ChampSim completed all CPUs

=== Simulation ===
CPU 0 runs /mnt/storage/mipt/microarch/data/traces/641.leela_s-149B.champsimtrace.xz

Region of Interest Statistics

CPU 0 cumulative IPC: 1.05 instructions: 25000000 cycles: 23802473
CPU 0 Branch Prediction Accuracy: 89.11% MPKI: 18.82 Average ROB Occupancy at Mispredict: 21.73
Branch type MPKI
BRANCH_DIRECT_JUMP: 0.1037
BRANCH_INDIRECT: 0.02064
BRANCH_CONDITIONAL: 18.64
BRANCH_DIRECT_CALL: 0.01192
BRANCH_INDIRECT_CALL: 0.0072
BRANCH_RETURN: 0.03844

cpu0->cpu0_STLB TOTAL        ACCESS:      12552 HIT:      12074 MISS:        478 MSHR_MERGE:          0
cpu0->cpu0_STLB LOAD         ACCESS:      12552 HIT:      12074 MISS:        478 MSHR_MERGE:          0
cpu0->cpu0_STLB RFO          ACCESS:          0 HIT:          0 MISS:          0 MSHR_MERGE:          0
cpu0->cpu0_STLB PREFETCH     ACCESS:          0 HIT:          0 MISS:          0 MSHR_MERGE:          0
cpu0->cpu0_STLB WRITE        ACCESS:          0 HIT:          0 MISS:          0 MSHR_MERGE:          0
cpu0->cpu0_STLB TRANSLATION  ACCESS:          0 HIT:          0 MISS:          0 MSHR_MERGE:          0
cpu0->cpu0_STLB PREFETCH REQUESTED:          0 ISSUED:          0 USEFUL:          0 USELESS:          0
cpu0->cpu0_STLB AVERAGE MISS LATENCY: 735 cycles
cpu0->cpu0_L2C TOTAL        ACCESS:     292649 HIT:     199447 MISS:      93202 MSHR_MERGE:          0
cpu0->cpu0_L2C LOAD         ACCESS:     124394 HIT:      68061 MISS:      56333 MSHR_MERGE:          0
cpu0->cpu0_L2C RFO          ACCESS:      63885 HIT:      27779 MISS:      36106 MSHR_MERGE:          0
cpu0->cpu0_L2C PREFETCH     ACCESS:          0 HIT:          0 MISS:          0 MSHR_MERGE:          0
cpu0->cpu0_L2C WRITE        ACCESS:     103619 HIT:     103602 MISS:         17 MSHR_MERGE:          0
cpu0->cpu0_L2C TRANSLATION  ACCESS:        751 HIT:          5 MISS:        746 MSHR_MERGE:          0
cpu0->cpu0_L2C PREFETCH REQUESTED:          0 ISSUED:          0 USEFUL:          0 USELESS:          0
cpu0->cpu0_L2C AVERAGE MISS LATENCY: 67.35 cycles
cpu0->cpu0_L1I TOTAL        ACCESS:    3051415 HIT:    3040273 MISS:      11142 MSHR_MERGE:       3867
cpu0->cpu0_L1I LOAD         ACCESS:    3051415 HIT:    3040273 MISS:      11142 MSHR_MERGE:       3867
cpu0->cpu0_L1I RFO          ACCESS:          0 HIT:          0 MISS:          0 MSHR_MERGE:          0
cpu0->cpu0_L1I PREFETCH     ACCESS:          0 HIT:          0 MISS:          0 MSHR_MERGE:          0
cpu0->cpu0_L1I WRITE        ACCESS:          0 HIT:          0 MISS:          0 MSHR_MERGE:          0
cpu0->cpu0_L1I TRANSLATION  ACCESS:          0 HIT:          0 MISS:          0 MSHR_MERGE:          0
cpu0->cpu0_L1I PREFETCH REQUESTED:          0 ISSUED:          0 USEFUL:          0 USELESS:          0
cpu0->cpu0_L1I AVERAGE MISS LATENCY: 29.65 cycles
cpu0->cpu0_L1D TOTAL        ACCESS:    8178462 HIT:    7730435 MISS:     448027 MSHR_MERGE:     266272
cpu0->cpu0_L1D LOAD         ACCESS:    4620720 HIT:    4441822 MISS:     178898 MSHR_MERGE:      61779
cpu0->cpu0_L1D RFO          ACCESS:          0 HIT:          0 MISS:          0 MSHR_MERGE:          0
cpu0->cpu0_L1D PREFETCH     ACCESS:          0 HIT:          0 MISS:          0 MSHR_MERGE:          0
cpu0->cpu0_L1D WRITE        ACCESS:    3556785 HIT:    3288407 MISS:     268378 MSHR_MERGE:     204493
cpu0->cpu0_L1D TRANSLATION  ACCESS:        957 HIT:        206 MISS:        751 MSHR_MERGE:          0
cpu0->cpu0_L1D PREFETCH REQUESTED:          0 ISSUED:          0 USEFUL:          0 USELESS:          0
cpu0->cpu0_L1D AVERAGE MISS LATENCY: 42.23 cycles
cpu0->cpu0_ITLB TOTAL        ACCESS:    2773952 HIT:    2773338 MISS:        614 MSHR_MERGE:        328
cpu0->cpu0_ITLB LOAD         ACCESS:    2773952 HIT:    2773338 MISS:        614 MSHR_MERGE:        328
cpu0->cpu0_ITLB RFO          ACCESS:          0 HIT:          0 MISS:          0 MSHR_MERGE:          0
cpu0->cpu0_ITLB PREFETCH     ACCESS:          0 HIT:          0 MISS:          0 MSHR_MERGE:          0
cpu0->cpu0_ITLB WRITE        ACCESS:          0 HIT:          0 MISS:          0 MSHR_MERGE:          0
cpu0->cpu0_ITLB TRANSLATION  ACCESS:          0 HIT:          0 MISS:          0 MSHR_MERGE:          0
cpu0->cpu0_ITLB PREFETCH REQUESTED:          0 ISSUED:          0 USEFUL:          0 USELESS:          0
cpu0->cpu0_ITLB AVERAGE MISS LATENCY: 123.6 cycles
cpu0->cpu0_DTLB TOTAL        ACCESS:    7745449 HIT:    7727805 MISS:      17644 MSHR_MERGE:       5378
cpu0->cpu0_DTLB LOAD         ACCESS:    7745449 HIT:    7727805 MISS:      17644 MSHR_MERGE:       5378
cpu0->cpu0_DTLB RFO          ACCESS:          0 HIT:          0 MISS:          0 MSHR_MERGE:          0
cpu0->cpu0_DTLB PREFETCH     ACCESS:          0 HIT:          0 MISS:          0 MSHR_MERGE:          0
cpu0->cpu0_DTLB WRITE        ACCESS:          0 HIT:          0 MISS:          0 MSHR_MERGE:          0
cpu0->cpu0_DTLB TRANSLATION  ACCESS:          0 HIT:          0 MISS:          0 MSHR_MERGE:          0
cpu0->cpu0_DTLB PREFETCH REQUESTED:          0 ISSUED:          0 USEFUL:          0 USELESS:          0
cpu0->cpu0_DTLB AVERAGE MISS LATENCY: 30.92 cycles
cpu0->LLC TOTAL        ACCESS:     151333 HIT:     123496 MISS:      27837 MSHR_MERGE:          0
cpu0->LLC LOAD         ACCESS:      56333 HIT:      37627 MISS:      18706 MSHR_MERGE:          0
cpu0->LLC RFO          ACCESS:      36106 HIT:      27719 MISS:       8387 MSHR_MERGE:          0
cpu0->LLC PREFETCH     ACCESS:          0 HIT:          0 MISS:          0 MSHR_MERGE:          0
cpu0->LLC WRITE        ACCESS:      58148 HIT:      58146 MISS:          2 MSHR_MERGE:          0
cpu0->LLC TRANSLATION  ACCESS:        746 HIT:          4 MISS:        742 MSHR_MERGE:          0
cpu0->LLC PREFETCH REQUESTED:          0 ISSUED:          0 USEFUL:          0 USELESS:          0
cpu0->LLC AVERAGE MISS LATENCY: 174.3 cycles

DRAM Statistics

Channel 0 RQ ROW_BUFFER_HIT:       2574
  ROW_BUFFER_MISS:      25250
  AVG DBUS CONGESTED CYCLE: 14.13
Channel 0 WQ ROW_BUFFER_HIT:        505
  ROW_BUFFER_MISS:       1843
  FULL:          0
Channel 0 REFRESHES ISSUED:       1984
