[VMEM] WARNING: physical memory size is smaller than virtual memory size.
WARNING: option --warmup_instructions is deprecated. Use --warmup-instructions instead.
WARNING: option --simulation_instructions is deprecated. Use --simulation-instructions instead.

*** ChampSim Multicore Out-of-Order Simulator ***
Warmup Instructions: 5000000
Simulation Instructions: 25000000
Number of CPUs: 1
Page size: 4096

Off-chip DRAM Size: 16 GiB Channels: 1 Width: 64-bit Data Rate: 3205 MT/s
Warmup finished CPU 0 instructions: 5000001 cycles: 1493860 cumulative IPC: 3.347 (Simulation time: 00 hr 00 min 20 sec)
Warmup complete CPU 0 instructions: 5000001 cycles: 1493860 cumulative IPC: 3.347 (Simulation time: 00 hr 00 min 20 sec)
Heartbeat CPU 0 instructions: 10000003 cycles: 14209850 heartbeat IPC: 0.7037 cumulative IPC: 0.3932 (Simulation time: 00 hr 02 min 10 sec)
Heartbeat CPU 0 instructions: 20000007 cycles: 39686075 heartbeat IPC: 0.3925 cumulative IPC: 0.3928 (Simulation time: 00 hr 04 min 45 sec)
Simulation finished CPU 0 instructions: 25000001 cycles: 63721781 cumulative IPC: 0.3923 (Simulation time: 00 hr 07 min 06 sec)
Simulation complete CPU 0 instructions: 25000001 cycles: 63721781 cumulative IPC: 0.3923 (Simulation time: 00 hr 07 min 06 sec)

ChampSim completed all CPUs

=== Simulation ===
CPU 0 runs /mnt/storage/mipt/microarch/data/traces/649.fotonik3d_s-1176B.champsimtrace.xz

Region of Interest Statistics

CPU 0 cumulative IPC: 0.3923 instructions: 25000001 cycles: 63721781
CPU 0 Branch Prediction Accuracy: 99.97% MPKI: 0.0044 Average ROB Occupancy at Mispredict: 352
Branch type MPKI
BRANCH_DIRECT_JUMP: 0
BRANCH_INDIRECT: 0
BRANCH_CONDITIONAL: 0.0044
BRANCH_DIRECT_CALL: 0
BRANCH_INDIRECT_CALL: 0
BRANCH_RETURN: 0

cpu0->cpu0_STLB TOTAL        ACCESS:       5815 HIT:       2377 MISS:       3438 MSHR_MERGE:          0
cpu0->cpu0_STLB LOAD         ACCESS:       5815 HIT:       2377 MISS:       3438 MSHR_MERGE:          0
cpu0->cpu0_STLB RFO          ACCESS:          0 HIT:          0 MISS:          0 MSHR_MERGE:          0
cpu0->cpu0_STLB PREFETCH     ACCESS:          0 HIT:          0 MISS:          0 MSHR_MERGE:          0
cpu0->cpu0_STLB WRITE        ACCESS:          0 HIT:          0 MISS:          0 MSHR_MERGE:          0
cpu0->cpu0_STLB TRANSLATION  ACCESS:          0 HIT:          0 MISS:          0 MSHR_MERGE:          0
cpu0->cpu0_STLB PREFETCH REQUESTED:          0 ISSUED:          0 USEFUL:          0 USELESS:          0
cpu0->cpu0_STLB AVERAGE MISS LATENCY: 665.4 cycles
cpu0->cpu0_L2C TOTAL        ACCESS:     554464 HIT:     313168 MISS:     241296 MSHR_MERGE:          0
cpu0->cpu0_L2C LOAD         ACCESS:     330466 HIT:      93105 MISS:     237361 MSHR_MERGE:          0
cpu0->cpu0_L2C RFO          ACCESS:        385 HIT:        342 MISS:         43 MSHR_MERGE:          0
cpu0->cpu0_L2C PREFETCH     ACCESS:          0 HIT:          0 MISS:          0 MSHR_MERGE:          0
cpu0->cpu0_L2C WRITE        ACCESS:     219626 HIT:     219626 MISS:          0 MSHR_MERGE:          0
cpu0->cpu0_L2C TRANSLATION  ACCESS:       3987 HIT:         95 MISS:       3892 MSHR_MERGE:          0
cpu0->cpu0_L2C PREFETCH REQUESTED:          0 ISSUED:          0 USEFUL:          0 USELESS:          0
cpu0->cpu0_L2C AVERAGE MISS LATENCY: 223.9 cycles
cpu0->cpu0_L1I TOTAL        ACCESS:    4437219 HIT:    4437219 MISS:          0 MSHR_MERGE:          0
cpu0->cpu0_L1I LOAD         ACCESS:    4437219 HIT:    4437219 MISS:          0 MSHR_MERGE:          0
cpu0->cpu0_L1I RFO          ACCESS:          0 HIT:          0 MISS:          0 MSHR_MERGE:          0
cpu0->cpu0_L1I PREFETCH     ACCESS:          0 HIT:          0 MISS:          0 MSHR_MERGE:          0
cpu0->cpu0_L1I WRITE        ACCESS:          0 HIT:          0 MISS:          0 MSHR_MERGE:          0
cpu0->cpu0_L1I TRANSLATION  ACCESS:          0 HIT:          0 MISS:          0 MSHR_MERGE:          0
cpu0->cpu0_L1I PREFETCH REQUESTED:          0 ISSUED:          0 USEFUL:          0 USELESS:          0
cpu0->cpu0_L1I AVERAGE MISS LATENCY: - cycles
cpu0->cpu0_L1D TOTAL        ACCESS:    7698774 HIT:    6426982 MISS:    1271792 MSHR_MERGE:     936954
cpu0->cpu0_L1D LOAD         ACCESS:    5936743 HIT:    4670098 MISS:    1266645 MSHR_MERGE:     936179
cpu0->cpu0_L1D RFO          ACCESS:          0 HIT:          0 MISS:          0 MSHR_MERGE:          0
cpu0->cpu0_L1D PREFETCH     ACCESS:          0 HIT:          0 MISS:          0 MSHR_MERGE:          0
cpu0->cpu0_L1D WRITE        ACCESS:    1755141 HIT:    1753981 MISS:       1160 MSHR_MERGE:        775
cpu0->cpu0_L1D TRANSLATION  ACCESS:       6890 HIT:       2903 MISS:       3987 MSHR_MERGE:          0
cpu0->cpu0_L1D PREFETCH REQUESTED:          0 ISSUED:          0 USEFUL:          0 USELESS:          0
cpu0->cpu0_L1D AVERAGE MISS LATENCY: 170 cycles
cpu0->cpu0_ITLB TOTAL        ACCESS:    3562603 HIT:    3562603 MISS:          0 MSHR_MERGE:          0
cpu0->cpu0_ITLB LOAD         ACCESS:    3562603 HIT:    3562603 MISS:          0 MSHR_MERGE:          0
cpu0->cpu0_ITLB RFO          ACCESS:          0 HIT:          0 MISS:          0 MSHR_MERGE:          0
cpu0->cpu0_ITLB PREFETCH     ACCESS:          0 HIT:          0 MISS:          0 MSHR_MERGE:          0
cpu0->cpu0_ITLB WRITE        ACCESS:          0 HIT:          0 MISS:          0 MSHR_MERGE:          0
cpu0->cpu0_ITLB TRANSLATION  ACCESS:          0 HIT:          0 MISS:          0 MSHR_MERGE:          0
cpu0->cpu0_ITLB PREFETCH REQUESTED:          0 ISSUED:          0 USEFUL:          0 USELESS:          0
cpu0->cpu0_ITLB AVERAGE MISS LATENCY: - cycles
cpu0->cpu0_DTLB TOTAL        ACCESS:    7081538 HIT:    7061726 MISS:      19812 MSHR_MERGE:      13997
cpu0->cpu0_DTLB LOAD         ACCESS:    7081538 HIT:    7061726 MISS:      19812 MSHR_MERGE:      13997
cpu0->cpu0_DTLB RFO          ACCESS:          0 HIT:          0 MISS:          0 MSHR_MERGE:          0
cpu0->cpu0_DTLB PREFETCH     ACCESS:          0 HIT:          0 MISS:          0 MSHR_MERGE:          0
cpu0->cpu0_DTLB WRITE        ACCESS:          0 HIT:          0 MISS:          0 MSHR_MERGE:          0
cpu0->cpu0_DTLB TRANSLATION  ACCESS:          0 HIT:          0 MISS:          0 MSHR_MERGE:          0
cpu0->cpu0_DTLB PREFETCH REQUESTED:          0 ISSUED:          0 USEFUL:          0 USELESS:          0
cpu0->cpu0_DTLB AVERAGE MISS LATENCY: 399 cycles
cpu0->LLC TOTAL        ACCESS:     460468 HIT:     233352 MISS:     227116 MSHR_MERGE:          0
cpu0->LLC LOAD         ACCESS:     237361 HIT:      14156 MISS:     223205 MSHR_MERGE:          0
cpu0->LLC RFO          ACCESS:         43 HIT:         41 MISS:          2 MSHR_MERGE:          0
cpu0->LLC PREFETCH     ACCESS:          0 HIT:          0 MISS:          0 MSHR_MERGE:          0
cpu0->LLC WRITE        ACCESS:     219172 HIT:     219154 MISS:         18 MSHR_MERGE:          0
cpu0->LLC TRANSLATION  ACCESS:       3892 HIT:          1 MISS:       3891 MSHR_MERGE:          0
cpu0->LLC PREFETCH REQUESTED:          0 ISSUED:          0 USEFUL:          0 USELESS:          0
cpu0->LLC AVERAGE MISS LATENCY: 220.9 cycles

DRAM Statistics

Channel 0 RQ ROW_BUFFER_HIT:       1526
  ROW_BUFFER_MISS:     225572
  AVG DBUS CONGESTED CYCLE: 9.737
Channel 0 WQ ROW_BUFFER_HIT:      88621
  ROW_BUFFER_MISS:     130299
  FULL:          0
Channel 0 REFRESHES ISSUED:       5310
