[VMEM] WARNING: physical memory size is smaller than virtual memory size.
WARNING: option --warmup_instructions is deprecated. Use --warmup-instructions instead.
WARNING: option --simulation_instructions is deprecated. Use --simulation-instructions instead.

*** ChampSim Multicore Out-of-Order Simulator ***
Warmup Instructions: 5000000
Simulation Instructions: 25000000
Number of CPUs: 1
Page size: 4096

Off-chip DRAM Size: 16 GiB Channels: 1 Width: 64-bit Data Rate: 3205 MT/s
Warmup finished CPU 0 instructions: 5000001 cycles: 1471184 cumulative IPC: 3.399 (Simulation time: 00 hr 00 min 19 sec)
Warmup complete CPU 0 instructions: 5000001 cycles: 1471184 cumulative IPC: 3.399 (Simulation time: 00 hr 00 min 19 sec)
Heartbeat CPU 0 instructions: 10000004 cycles: 3916634 heartbeat IPC: 2.553 cumulative IPC: 2.045 (Simulation time: 00 hr 00 min 45 sec)
Heartbeat CPU 0 instructions: 20000005 cycles: 13347271 heartbeat IPC: 1.06 cumulative IPC: 1.263 (Simulation time: 00 hr 02 min 03 sec)
Simulation finished CPU 0 instructions: 25000001 cycles: 19162495 cumulative IPC: 1.305 (Simulation time: 00 hr 02 min 59 sec)
Simulation complete CPU 0 instructions: 25000001 cycles: 19162495 cumulative IPC: 1.305 (Simulation time: 00 hr 02 min 59 sec)

ChampSim completed all CPUs

=== Simulation ===
CPU 0 runs /mnt/storage/mipt/microarch/data/traces/654.roms_s-293B.champsimtrace.xz

Region of Interest Statistics

CPU 0 cumulative IPC: 1.305 instructions: 25000001 cycles: 19162495
CPU 0 Branch Prediction Accuracy: 99.8% MPKI: 0.02152 Average ROB Occupancy at Mispredict: 336.4
Branch type MPKI
BRANCH_DIRECT_JUMP: 0
BRANCH_INDIRECT: 0
BRANCH_CONDITIONAL: 0.02152
BRANCH_DIRECT_CALL: 0
BRANCH_INDIRECT_CALL: 0
BRANCH_RETURN: 0

cpu0->cpu0_STLB TOTAL        ACCESS:       6417 HIT:       4165 MISS:       2252 MSHR_MERGE:          0
cpu0->cpu0_STLB LOAD         ACCESS:       6417 HIT:       4165 MISS:       2252 MSHR_MERGE:          0
cpu0->cpu0_STLB RFO          ACCESS:          0 HIT:          0 MISS:          0 MSHR_MERGE:          0
cpu0->cpu0_STLB PREFETCH     ACCESS:          0 HIT:          0 MISS:          0 MSHR_MERGE:          0
cpu0->cpu0_STLB WRITE        ACCESS:          0 HIT:          0 MISS:          0 MSHR_MERGE:          0
cpu0->cpu0_STLB TRANSLATION  ACCESS:          0 HIT:          0 MISS:          0 MSHR_MERGE:          0
cpu0->cpu0_STLB PREFETCH REQUESTED:          0 ISSUED:          0 USEFUL:          0 USELESS:          0
cpu0->cpu0_STLB AVERAGE MISS LATENCY: 887.7 cycles
cpu0->cpu0_L2C TOTAL        ACCESS:     401579 HIT:     165454 MISS:     236125 MSHR_MERGE:          0
cpu0->cpu0_L2C LOAD         ACCESS:     146895 HIT:      39379 MISS:     107516 MSHR_MERGE:          0
cpu0->cpu0_L2C RFO          ACCESS:     124931 HIT:        466 MISS:     124465 MSHR_MERGE:          0
cpu0->cpu0_L2C PREFETCH     ACCESS:          0 HIT:          0 MISS:          0 MSHR_MERGE:          0
cpu0->cpu0_L2C WRITE        ACCESS:     125180 HIT:     125120 MISS:         60 MSHR_MERGE:          0
cpu0->cpu0_L2C TRANSLATION  ACCESS:       4573 HIT:        489 MISS:       4084 MSHR_MERGE:          0
cpu0->cpu0_L2C PREFETCH REQUESTED:          0 ISSUED:          0 USEFUL:          0 USELESS:          0
cpu0->cpu0_L2C AVERAGE MISS LATENCY: 172.2 cycles
cpu0->cpu0_L1I TOTAL        ACCESS:    4940600 HIT:    4940592 MISS:          8 MSHR_MERGE:          2
cpu0->cpu0_L1I LOAD         ACCESS:    4940600 HIT:    4940592 MISS:          8 MSHR_MERGE:          2
cpu0->cpu0_L1I RFO          ACCESS:          0 HIT:          0 MISS:          0 MSHR_MERGE:          0
cpu0->cpu0_L1I PREFETCH     ACCESS:          0 HIT:          0 MISS:          0 MSHR_MERGE:          0
cpu0->cpu0_L1I WRITE        ACCESS:          0 HIT:          0 MISS:          0 MSHR_MERGE:          0
cpu0->cpu0_L1I TRANSLATION  ACCESS:          0 HIT:          0 MISS:          0 MSHR_MERGE:          0
cpu0->cpu0_L1I PREFETCH REQUESTED:          0 ISSUED:          0 USEFUL:          0 USELESS:          0
cpu0->cpu0_L1I AVERAGE MISS LATENCY: 257 cycles
cpu0->cpu0_L1D TOTAL        ACCESS:    7640680 HIT:    7005433 MISS:     635247 MSHR_MERGE:     358828
cpu0->cpu0_L1D LOAD         ACCESS:    5268429 HIT:    5025961 MISS:     242468 MSHR_MERGE:      95579
cpu0->cpu0_L1D RFO          ACCESS:          0 HIT:          0 MISS:          0 MSHR_MERGE:          0
cpu0->cpu0_L1D PREFETCH     ACCESS:          0 HIT:          0 MISS:          0 MSHR_MERGE:          0
cpu0->cpu0_L1D WRITE        ACCESS:    2366627 HIT:    1978440 MISS:     388187 MSHR_MERGE:     263230
cpu0->cpu0_L1D TRANSLATION  ACCESS:       5624 HIT:       1032 MISS:       4592 MSHR_MERGE:         19
cpu0->cpu0_L1D PREFETCH REQUESTED:          0 ISSUED:          0 USEFUL:          0 USELESS:          0
cpu0->cpu0_L1D AVERAGE MISS LATENCY: 156 cycles
cpu0->cpu0_ITLB TOTAL        ACCESS:    3622141 HIT:    3622141 MISS:          0 MSHR_MERGE:          0
cpu0->cpu0_ITLB LOAD         ACCESS:    3622141 HIT:    3622141 MISS:          0 MSHR_MERGE:          0
cpu0->cpu0_ITLB RFO          ACCESS:          0 HIT:          0 MISS:          0 MSHR_MERGE:          0
cpu0->cpu0_ITLB PREFETCH     ACCESS:          0 HIT:          0 MISS:          0 MSHR_MERGE:          0
cpu0->cpu0_ITLB WRITE        ACCESS:          0 HIT:          0 MISS:          0 MSHR_MERGE:          0
cpu0->cpu0_ITLB TRANSLATION  ACCESS:          0 HIT:          0 MISS:          0 MSHR_MERGE:          0
cpu0->cpu0_ITLB PREFETCH REQUESTED:          0 ISSUED:          0 USEFUL:          0 USELESS:          0
cpu0->cpu0_ITLB AVERAGE MISS LATENCY: - cycles
cpu0->cpu0_DTLB TOTAL        ACCESS:    7200623 HIT:    7184836 MISS:      15787 MSHR_MERGE:       9370
cpu0->cpu0_DTLB LOAD         ACCESS:    7200623 HIT:    7184836 MISS:      15787 MSHR_MERGE:       9370
cpu0->cpu0_DTLB RFO          ACCESS:          0 HIT:          0 MISS:          0 MSHR_MERGE:          0
cpu0->cpu0_DTLB PREFETCH     ACCESS:          0 HIT:          0 MISS:          0 MSHR_MERGE:          0
cpu0->cpu0_DTLB WRITE        ACCESS:          0 HIT:          0 MISS:          0 MSHR_MERGE:          0
cpu0->cpu0_DTLB TRANSLATION  ACCESS:          0 HIT:          0 MISS:          0 MSHR_MERGE:          0
cpu0->cpu0_DTLB PREFETCH REQUESTED:          0 ISSUED:          0 USEFUL:          0 USELESS:          0
cpu0->cpu0_DTLB AVERAGE MISS LATENCY: 316.9 cycles
cpu0->LLC TOTAL        ACCESS:     358443 HIT:     199915 MISS:     158528 MSHR_MERGE:          0
cpu0->LLC LOAD         ACCESS:     107516 HIT:      43824 MISS:      63692 MSHR_MERGE:          0
cpu0->LLC RFO          ACCESS:     124465 HIT:      33684 MISS:      90781 MSHR_MERGE:          0
cpu0->LLC PREFETCH     ACCESS:          0 HIT:          0 MISS:          0 MSHR_MERGE:          0
cpu0->LLC WRITE        ACCESS:     122378 HIT:     122336 MISS:         42 MSHR_MERGE:          0
cpu0->LLC TRANSLATION  ACCESS:       4084 HIT:         71 MISS:       4013 MSHR_MERGE:          0
cpu0->LLC PREFETCH REQUESTED:          0 ISSUED:          0 USEFUL:          0 USELESS:          0
cpu0->LLC AVERAGE MISS LATENCY: 233.2 cycles

DRAM Statistics

Channel 0 RQ ROW_BUFFER_HIT:        647
  ROW_BUFFER_MISS:     157568
  AVG DBUS CONGESTED CYCLE: 6.948
Channel 0 WQ ROW_BUFFER_HIT:      29055
  ROW_BUFFER_MISS:      65905
  FULL:          0
Channel 0 REFRESHES ISSUED:       1597
