[VMEM] WARNING: physical memory size is smaller than virtual memory size.
WARNING: option --warmup_instructions is deprecated. Use --warmup-instructions instead.
WARNING: option --simulation_instructions is deprecated. Use --simulation-instructions instead.

*** ChampSim Multicore Out-of-Order Simulator ***
Warmup Instructions: 10000000
Simulation Instructions: 50000000
Number of CPUs: 1
Page size: 4096

Off-chip DRAM Size: 16 GiB Channels: 1 Width: 64-bit Data Rate: 3205 MT/s
Heartbeat CPU 0 instructions: 10000000 cycles: 2857132 heartbeat IPC: 3.5 cumulative IPC: 3.5 (Simulation time: 00 hr 00 min 27 sec)
Warmup finished CPU 0 instructions: 10000000 cycles: 2857132 cumulative IPC: 3.5 (Simulation time: 00 hr 00 min 27 sec)
Warmup complete CPU 0 instructions: 10000000 cycles: 2857132 cumulative IPC: 3.5 (Simulation time: 00 hr 00 min 27 sec)
Heartbeat CPU 0 instructions: 20000004 cycles: 7594613 heartbeat IPC: 2.111 cumulative IPC: 2.111 (Simulation time: 00 hr 00 min 58 sec)
Heartbeat CPU 0 instructions: 30000006 cycles: 12107438 heartbeat IPC: 2.216 cumulative IPC: 2.162 (Simulation time: 00 hr 01 min 28 sec)
Heartbeat CPU 0 instructions: 40000010 cycles: 16817248 heartbeat IPC: 2.123 cumulative IPC: 2.149 (Simulation time: 00 hr 01 min 59 sec)
Heartbeat CPU 0 instructions: 50000010 cycles: 21466072 heartbeat IPC: 2.151 cumulative IPC: 2.15 (Simulation time: 00 hr 02 min 30 sec)
Simulation finished CPU 0 instructions: 50000001 cycles: 22948265 cumulative IPC: 2.179 (Simulation time: 00 hr 03 min 00 sec)
Simulation complete CPU 0 instructions: 50000001 cycles: 22948265 cumulative IPC: 2.179 (Simulation time: 00 hr 03 min 00 sec)

ChampSim completed all CPUs

=== Simulation ===
CPU 0 runs /mnt/storage/mipt/microarch/data/traces/600.perlbench_s-1273B.champsimtrace.xz

Region of Interest Statistics

CPU 0 cumulative IPC: 2.179 instructions: 50000001 cycles: 22948265
CPU 0 Branch Prediction Accuracy: 97.61% MPKI: 3.232 Average ROB Occupancy at Mispredict: 122.1
Branch type MPKI
BRANCH_DIRECT_JUMP: 0.01212
BRANCH_INDIRECT: 0.379
BRANCH_CONDITIONAL: 2.838
BRANCH_DIRECT_CALL: 0.00112
BRANCH_INDIRECT_CALL: 0.00022
BRANCH_RETURN: 0.00112

cpu0->cpu0_STLB TOTAL        ACCESS:      13635 HIT:      13339 MISS:        296 MSHR_MERGE:          0
cpu0->cpu0_STLB LOAD         ACCESS:      13635 HIT:      13339 MISS:        296 MSHR_MERGE:          0
cpu0->cpu0_STLB RFO          ACCESS:          0 HIT:          0 MISS:          0 MSHR_MERGE:          0
cpu0->cpu0_STLB PREFETCH     ACCESS:          0 HIT:          0 MISS:          0 MSHR_MERGE:          0
cpu0->cpu0_STLB WRITE        ACCESS:          0 HIT:          0 MISS:          0 MSHR_MERGE:          0
cpu0->cpu0_STLB TRANSLATION  ACCESS:          0 HIT:          0 MISS:          0 MSHR_MERGE:          0
cpu0->cpu0_STLB PREFETCH REQUESTED:          0 ISSUED:          0 USEFUL:          0 USELESS:          0
cpu0->cpu0_STLB AVERAGE MISS LATENCY: 798.6 cycles
cpu0->cpu0_L2C TOTAL        ACCESS:       4483 HIT:       1446 MISS:       3037 MSHR_MERGE:          0
cpu0->cpu0_L2C LOAD         ACCESS:       3568 HIT:       1144 MISS:       2424 MSHR_MERGE:          0
cpu0->cpu0_L2C RFO          ACCESS:         96 HIT:         26 MISS:         70 MSHR_MERGE:          0
cpu0->cpu0_L2C PREFETCH     ACCESS:          0 HIT:          0 MISS:          0 MSHR_MERGE:          0
cpu0->cpu0_L2C WRITE        ACCESS:        264 HIT:        264 MISS:          0 MSHR_MERGE:          0
cpu0->cpu0_L2C TRANSLATION  ACCESS:        555 HIT:         12 MISS:        543 MSHR_MERGE:          0
cpu0->cpu0_L2C PREFETCH REQUESTED:          0 ISSUED:          0 USEFUL:          0 USELESS:          0
cpu0->cpu0_L2C AVERAGE MISS LATENCY: 188.7 cycles
cpu0->cpu0_L1I TOTAL        ACCESS:    2703615 HIT:    2702074 MISS:       1541 MSHR_MERGE:        271
cpu0->cpu0_L1I LOAD         ACCESS:    2703615 HIT:    2702074 MISS:       1541 MSHR_MERGE:        271
cpu0->cpu0_L1I RFO          ACCESS:          0 HIT:          0 MISS:          0 MSHR_MERGE:          0
cpu0->cpu0_L1I PREFETCH     ACCESS:          0 HIT:          0 MISS:          0 MSHR_MERGE:          0
cpu0->cpu0_L1I WRITE        ACCESS:          0 HIT:          0 MISS:          0 MSHR_MERGE:          0
cpu0->cpu0_L1I TRANSLATION  ACCESS:          0 HIT:          0 MISS:          0 MSHR_MERGE:          0
cpu0->cpu0_L1I PREFETCH REQUESTED:          0 ISSUED:          0 USEFUL:          0 USELESS:          0
cpu0->cpu0_L1I AVERAGE MISS LATENCY: 34.51 cycles
cpu0->cpu0_L1D TOTAL        ACCESS:   16462340 HIT:   16458420 MISS:       3920 MSHR_MERGE:        971
cpu0->cpu0_L1D LOAD         ACCESS:    6488327 HIT:    6485289 MISS:       3038 MSHR_MERGE:        740
cpu0->cpu0_L1D RFO          ACCESS:          0 HIT:          0 MISS:          0 MSHR_MERGE:          0
cpu0->cpu0_L1D PREFETCH     ACCESS:          0 HIT:          0 MISS:          0 MSHR_MERGE:          0
cpu0->cpu0_L1D WRITE        ACCESS:    9973396 HIT:    9973071 MISS:        325 MSHR_MERGE:        229
cpu0->cpu0_L1D TRANSLATION  ACCESS:        617 HIT:         60 MISS:        557 MSHR_MERGE:          2
cpu0->cpu0_L1D PREFETCH REQUESTED:          0 ISSUED:          0 USEFUL:          0 USELESS:          0
cpu0->cpu0_L1D AVERAGE MISS LATENCY: 191.6 cycles
cpu0->cpu0_ITLB TOTAL        ACCESS:    2321450 HIT:    2321047 MISS:        403 MSHR_MERGE:        276
cpu0->cpu0_ITLB LOAD         ACCESS:    2321450 HIT:    2321047 MISS:        403 MSHR_MERGE:        276
cpu0->cpu0_ITLB RFO          ACCESS:          0 HIT:          0 MISS:          0 MSHR_MERGE:          0
cpu0->cpu0_ITLB PREFETCH     ACCESS:          0 HIT:          0 MISS:          0 MSHR_MERGE:          0
cpu0->cpu0_ITLB WRITE        ACCESS:          0 HIT:          0 MISS:          0 MSHR_MERGE:          0
cpu0->cpu0_ITLB TRANSLATION  ACCESS:          0 HIT:          0 MISS:          0 MSHR_MERGE:          0
cpu0->cpu0_ITLB PREFETCH REQUESTED:          0 ISSUED:          0 USEFUL:          0 USELESS:          0
cpu0->cpu0_ITLB AVERAGE MISS LATENCY: 53.09 cycles
cpu0->cpu0_DTLB TOTAL        ACCESS:   14770415 HIT:   14755429 MISS:      14986 MSHR_MERGE:       1478
cpu0->cpu0_DTLB LOAD         ACCESS:   14770415 HIT:   14755429 MISS:      14986 MSHR_MERGE:       1478
cpu0->cpu0_DTLB RFO          ACCESS:          0 HIT:          0 MISS:          0 MSHR_MERGE:          0
cpu0->cpu0_DTLB PREFETCH     ACCESS:          0 HIT:          0 MISS:          0 MSHR_MERGE:          0
cpu0->cpu0_DTLB WRITE        ACCESS:          0 HIT:          0 MISS:          0 MSHR_MERGE:          0
cpu0->cpu0_DTLB TRANSLATION  ACCESS:          0 HIT:          0 MISS:          0 MSHR_MERGE:          0
cpu0->cpu0_DTLB PREFETCH REQUESTED:          0 ISSUED:          0 USEFUL:          0 USELESS:          0
cpu0->cpu0_DTLB AVERAGE MISS LATENCY: 22.07 cycles
cpu0->LLC TOTAL        ACCESS:       3043 HIT:          8 MISS:       3035 MSHR_MERGE:          0
cpu0->LLC LOAD         ACCESS:       2424 HIT:          2 MISS:       2422 MSHR_MERGE:          0
cpu0->LLC RFO          ACCESS:         70 HIT:          0 MISS:         70 MSHR_MERGE:          0
cpu0->LLC PREFETCH     ACCESS:          0 HIT:          0 MISS:          0 MSHR_MERGE:          0
cpu0->LLC WRITE        ACCESS:          6 HIT:          6 MISS:          0 MSHR_MERGE:          0
cpu0->LLC TRANSLATION  ACCESS:        543 HIT:          0 MISS:        543 MSHR_MERGE:          0
cpu0->LLC PREFETCH REQUESTED:          0 ISSUED:          0 USEFUL:          0 USELESS:          0
cpu0->LLC AVERAGE MISS LATENCY: 172.9 cycles

DRAM Statistics

Channel 0 RQ ROW_BUFFER_HIT:         39
  ROW_BUFFER_MISS:       2996
  AVG DBUS CONGESTED CYCLE: 2.742
Channel 0 WQ ROW_BUFFER_HIT:          0
  ROW_BUFFER_MISS:          0
  FULL:          0
Channel 0 REFRESHES ISSUED:       1912
