[VMEM] WARNING: physical memory size is smaller than virtual memory size.
WARNING: option --warmup_instructions is deprecated. Use --warmup-instructions instead.
WARNING: option --simulation_instructions is deprecated. Use --simulation-instructions instead.

*** ChampSim Multicore Out-of-Order Simulator ***
Warmup Instructions: 10000000
Simulation Instructions: 50000000
Number of CPUs: 1
Page size: 4096

Off-chip DRAM Size: 16 GiB Channels: 1 Width: 64-bit Data Rate: 3205 MT/s
Heartbeat CPU 0 instructions: 10000003 cycles: 3488191 heartbeat IPC: 2.867 cumulative IPC: 2.867 (Simulation time: 00 hr 00 min 28 sec)
Warmup finished CPU 0 instructions: 10000003 cycles: 3488191 cumulative IPC: 2.867 (Simulation time: 00 hr 00 min 28 sec)
Warmup complete CPU 0 instructions: 10000003 cycles: 3488191 cumulative IPC: 2.867 (Simulation time: 00 hr 00 min 28 sec)
Heartbeat CPU 0 instructions: 20000004 cycles: 39863602 heartbeat IPC: 0.2749 cumulative IPC: 0.2749 (Simulation time: 00 hr 02 min 58 sec)
Heartbeat CPU 0 instructions: 30000004 cycles: 76249931 heartbeat IPC: 0.2748 cumulative IPC: 0.2749 (Simulation time: 00 hr 05 min 31 sec)
Heartbeat CPU 0 instructions: 40000005 cycles: 112622361 heartbeat IPC: 0.2749 cumulative IPC: 0.2749 (Simulation time: 00 hr 08 min 04 sec)
Heartbeat CPU 0 instructions: 50000009 cycles: 148888089 heartbeat IPC: 0.2757 cumulative IPC: 0.2751 (Simulation time: 00 hr 10 min 35 sec)
Simulation finished CPU 0 instructions: 50000000 cycles: 181720925 cumulative IPC: 0.2751 (Simulation time: 00 hr 13 min 08 sec)
Simulation complete CPU 0 instructions: 50000000 cycles: 181720925 cumulative IPC: 0.2751 (Simulation time: 00 hr 13 min 08 sec)

ChampSim completed all CPUs

=== Simulation ===
CPU 0 runs /mnt/storage/mipt/microarch/data/traces/602.gcc_s-1850B.champsimtrace.xz

Region of Interest Statistics

CPU 0 cumulative IPC: 0.2751 instructions: 50000000 cycles: 181720925
CPU 0 Branch Prediction Accuracy: 96.46% MPKI: 9.085 Average ROB Occupancy at Mispredict: 55.65
Branch type MPKI
BRANCH_DIRECT_JUMP: 0.01114
BRANCH_INDIRECT: 0
BRANCH_CONDITIONAL: 9.074
BRANCH_DIRECT_CALL: 0
BRANCH_INDIRECT_CALL: 0
BRANCH_RETURN: 0

cpu0->cpu0_STLB TOTAL        ACCESS:      16363 HIT:       1144 MISS:      15219 MSHR_MERGE:          0
cpu0->cpu0_STLB LOAD         ACCESS:      16363 HIT:       1144 MISS:      15219 MSHR_MERGE:          0
cpu0->cpu0_STLB RFO          ACCESS:          0 HIT:          0 MISS:          0 MSHR_MERGE:          0
cpu0->cpu0_STLB PREFETCH     ACCESS:          0 HIT:          0 MISS:          0 MSHR_MERGE:          0
cpu0->cpu0_STLB WRITE        ACCESS:          0 HIT:          0 MISS:          0 MSHR_MERGE:          0
cpu0->cpu0_STLB TRANSLATION  ACCESS:          0 HIT:          0 MISS:          0 MSHR_MERGE:          0
cpu0->cpu0_STLB PREFETCH REQUESTED:          0 ISSUED:          0 USEFUL:          0 USELESS:          0
cpu0->cpu0_STLB AVERAGE MISS LATENCY: 685.5 cycles
cpu0->cpu0_L2C TOTAL        ACCESS:    1228902 HIT:     320573 MISS:     908329 MSHR_MERGE:          0
cpu0->cpu0_L2C LOAD         ACCESS:    1206584 HIT:     316846 MISS:     889738 MSHR_MERGE:          0
cpu0->cpu0_L2C RFO          ACCESS:        395 HIT:          0 MISS:        395 MSHR_MERGE:          0
cpu0->cpu0_L2C PREFETCH     ACCESS:          0 HIT:          0 MISS:          0 MSHR_MERGE:          0
cpu0->cpu0_L2C WRITE        ACCESS:       3137 HIT:       3137 MISS:          0 MSHR_MERGE:          0
cpu0->cpu0_L2C TRANSLATION  ACCESS:      18786 HIT:        590 MISS:      18196 MSHR_MERGE:          0
cpu0->cpu0_L2C PREFETCH REQUESTED:          0 ISSUED:          0 USEFUL:          0 USELESS:          0
cpu0->cpu0_L2C AVERAGE MISS LATENCY: 154.5 cycles
cpu0->cpu0_L1I TOTAL        ACCESS:    1730593 HIT:    1730593 MISS:          0 MSHR_MERGE:          0
cpu0->cpu0_L1I LOAD         ACCESS:    1730593 HIT:    1730593 MISS:          0 MSHR_MERGE:          0
cpu0->cpu0_L1I RFO          ACCESS:          0 HIT:          0 MISS:          0 MSHR_MERGE:          0
cpu0->cpu0_L1I PREFETCH     ACCESS:          0 HIT:          0 MISS:          0 MSHR_MERGE:          0
cpu0->cpu0_L1I WRITE        ACCESS:          0 HIT:          0 MISS:          0 MSHR_MERGE:          0
cpu0->cpu0_L1I TRANSLATION  ACCESS:          0 HIT:          0 MISS:          0 MSHR_MERGE:          0
cpu0->cpu0_L1I PREFETCH REQUESTED:          0 ISSUED:          0 USEFUL:          0 USELESS:          0
cpu0->cpu0_L1I AVERAGE MISS LATENCY: - cycles
cpu0->cpu0_L1D TOTAL        ACCESS:   13416352 HIT:   11081097 MISS:    2335255 MSHR_MERGE:    1109490
cpu0->cpu0_L1D LOAD         ACCESS:    9070180 HIT:    6754110 MISS:    2316070 MSHR_MERGE:    1109486
cpu0->cpu0_L1D RFO          ACCESS:          0 HIT:          0 MISS:          0 MSHR_MERGE:          0
cpu0->cpu0_L1D PREFETCH     ACCESS:          0 HIT:          0 MISS:          0 MSHR_MERGE:          0
cpu0->cpu0_L1D WRITE        ACCESS:    4315581 HIT:    4315185 MISS:        396 MSHR_MERGE:          1
cpu0->cpu0_L1D TRANSLATION  ACCESS:      30591 HIT:      11802 MISS:      18789 MSHR_MERGE:          3
cpu0->cpu0_L1D PREFETCH REQUESTED:          0 ISSUED:          0 USEFUL:          0 USELESS:          0
cpu0->cpu0_L1D AVERAGE MISS LATENCY: 123.2 cycles
cpu0->cpu0_ITLB TOTAL        ACCESS:    1449738 HIT:    1449738 MISS:          0 MSHR_MERGE:          0
cpu0->cpu0_ITLB LOAD         ACCESS:    1449738 HIT:    1449738 MISS:          0 MSHR_MERGE:          0
cpu0->cpu0_ITLB RFO          ACCESS:          0 HIT:          0 MISS:          0 MSHR_MERGE:          0
cpu0->cpu0_ITLB PREFETCH     ACCESS:          0 HIT:          0 MISS:          0 MSHR_MERGE:          0
cpu0->cpu0_ITLB WRITE        ACCESS:          0 HIT:          0 MISS:          0 MSHR_MERGE:          0
cpu0->cpu0_ITLB TRANSLATION  ACCESS:          0 HIT:          0 MISS:          0 MSHR_MERGE:          0
cpu0->cpu0_ITLB PREFETCH REQUESTED:          0 ISSUED:          0 USEFUL:          0 USELESS:          0
cpu0->cpu0_ITLB AVERAGE MISS LATENCY: - cycles
cpu0->cpu0_DTLB TOTAL        ACCESS:   12378503 HIT:   12344224 MISS:      34279 MSHR_MERGE:      17916
cpu0->cpu0_DTLB LOAD         ACCESS:   12378503 HIT:   12344224 MISS:      34279 MSHR_MERGE:      17916
cpu0->cpu0_DTLB RFO          ACCESS:          0 HIT:          0 MISS:          0 MSHR_MERGE:          0
cpu0->cpu0_DTLB PREFETCH     ACCESS:          0 HIT:          0 MISS:          0 MSHR_MERGE:          0
cpu0->cpu0_DTLB WRITE        ACCESS:          0 HIT:          0 MISS:          0 MSHR_MERGE:          0
cpu0->cpu0_DTLB TRANSLATION  ACCESS:          0 HIT:          0 MISS:          0 MSHR_MERGE:          0
cpu0->cpu0_DTLB PREFETCH REQUESTED:          0 ISSUED:          0 USEFUL:          0 USELESS:          0
cpu0->cpu0_DTLB AVERAGE MISS LATENCY: 643.5 cycles
cpu0->LLC TOTAL        ACCESS:     909590 HIT:       2613 MISS:     906977 MSHR_MERGE:          0
cpu0->LLC LOAD         ACCESS:     889738 HIT:       1262 MISS:     888476 MSHR_MERGE:          0
cpu0->LLC RFO          ACCESS:        395 HIT:          0 MISS:        395 MSHR_MERGE:          0
cpu0->LLC PREFETCH     ACCESS:          0 HIT:          0 MISS:          0 MSHR_MERGE:          0
cpu0->LLC WRITE        ACCESS:       1261 HIT:       1260 MISS:          1 MSHR_MERGE:          0
cpu0->LLC TRANSLATION  ACCESS:      18196 HIT:         91 MISS:      18105 MSHR_MERGE:          0
cpu0->LLC PREFETCH REQUESTED:          0 ISSUED:          0 USEFUL:          0 USELESS:          0
cpu0->LLC AVERAGE MISS LATENCY: 138.7 cycles

DRAM Statistics

Channel 0 RQ ROW_BUFFER_HIT:     284074
  ROW_BUFFER_MISS:     622902
  AVG DBUS CONGESTED CYCLE: 24.25
Channel 0 WQ ROW_BUFFER_HIT:        414
  ROW_BUFFER_MISS:        846
  FULL:          0
Channel 0 REFRESHES ISSUED:      15144
