[VMEM] WARNING: physical memory size is smaller than virtual memory size.
WARNING: option --warmup_instructions is deprecated. Use --warmup-instructions instead.
WARNING: option --simulation_instructions is deprecated. Use --simulation-instructions instead.

*** ChampSim Multicore Out-of-Order Simulator ***
Warmup Instructions: 10000000
Simulation Instructions: 50000000
Number of CPUs: 1
Page size: 4096

Off-chip DRAM Size: 16 GiB Channels: 1 Width: 64-bit Data Rate: 3205 MT/s
Heartbeat CPU 0 instructions: 10000004 cycles: 4024542 heartbeat IPC: 2.485 cumulative IPC: 2.485 (Simulation time: 00 hr 00 min 35 sec)
Warmup finished CPU 0 instructions: 10000004 cycles: 4024542 cumulative IPC: 2.485 (Simulation time: 00 hr 00 min 35 sec)
Warmup complete CPU 0 instructions: 10000004 cycles: 4024542 cumulative IPC: 2.485 (Simulation time: 00 hr 00 min 35 sec)
Heartbeat CPU 0 instructions: 20000007 cycles: 45584643 heartbeat IPC: 0.2406 cumulative IPC: 0.2406 (Simulation time: 00 hr 04 min 54 sec)
Heartbeat CPU 0 instructions: 30000007 cycles: 86853315 heartbeat IPC: 0.2423 cumulative IPC: 0.2415 (Simulation time: 00 hr 09 min 15 sec)
Heartbeat CPU 0 instructions: 40000008 cycles: 129276921 heartbeat IPC: 0.2357 cumulative IPC: 0.2395 (Simulation time: 00 hr 13 min 38 sec)
Heartbeat CPU 0 instructions: 50000011 cycles: 170725664 heartbeat IPC: 0.2413 cumulative IPC: 0.24 (Simulation time: 00 hr 17 min 39 sec)
Simulation finished CPU 0 instructions: 50000000 cycles: 208236456 cumulative IPC: 0.2401 (Simulation time: 00 hr 21 min 28 sec)
Simulation complete CPU 0 instructions: 50000000 cycles: 208236456 cumulative IPC: 0.2401 (Simulation time: 00 hr 21 min 28 sec)

ChampSim completed all CPUs

=== Simulation ===
CPU 0 runs /mnt/storage/mipt/microarch/data/traces/605.mcf_s-1536B.champsimtrace.xz

Region of Interest Statistics

CPU 0 cumulative IPC: 0.2401 instructions: 50000000 cycles: 208236456
CPU 0 Branch Prediction Accuracy: 99.97% MPKI: 0.04406 Average ROB Occupancy at Mispredict: 176.2
Branch type MPKI
BRANCH_DIRECT_JUMP: 0
BRANCH_INDIRECT: 0
BRANCH_CONDITIONAL: 0.04406
BRANCH_DIRECT_CALL: 0
BRANCH_INDIRECT_CALL: 0
BRANCH_RETURN: 0

cpu0->cpu0_STLB TOTAL        ACCESS:    1310393 HIT:     188955 MISS:    1121438 MSHR_MERGE:          0
cpu0->cpu0_STLB LOAD         ACCESS:    1310393 HIT:     188955 MISS:    1121438 MSHR_MERGE:          0
cpu0->cpu0_STLB RFO          ACCESS:          0 HIT:          0 MISS:          0 MSHR_MERGE:          0
cpu0->cpu0_STLB PREFETCH     ACCESS:          0 HIT:          0 MISS:          0 MSHR_MERGE:          0
cpu0->cpu0_STLB WRITE        ACCESS:          0 HIT:          0 MISS:          0 MSHR_MERGE:          0
cpu0->cpu0_STLB TRANSLATION  ACCESS:          0 HIT:          0 MISS:          0 MSHR_MERGE:          0
cpu0->cpu0_STLB PREFETCH REQUESTED:          0 ISSUED:          0 USEFUL:          0 USELESS:          0
cpu0->cpu0_STLB AVERAGE MISS LATENCY: 84.69 cycles
cpu0->cpu0_L2C TOTAL        ACCESS:    5935599 HIT:    2499576 MISS:    3436023 MSHR_MERGE:          0
cpu0->cpu0_L2C LOAD         ACCESS:    2443109 HIT:     908927 MISS:    1534182 MSHR_MERGE:          0
cpu0->cpu0_L2C RFO          ACCESS:     143246 HIT:      36398 MISS:     106848 MSHR_MERGE:          0
cpu0->cpu0_L2C PREFETCH     ACCESS:          0 HIT:          0 MISS:          0 MSHR_MERGE:          0
cpu0->cpu0_L2C WRITE        ACCESS:    1113252 HIT:    1113252 MISS:          0 MSHR_MERGE:          0
cpu0->cpu0_L2C TRANSLATION  ACCESS:    2235992 HIT:     440999 MISS:    1794993 MSHR_MERGE:          0
cpu0->cpu0_L2C PREFETCH REQUESTED:          0 ISSUED:          0 USEFUL:          0 USELESS:          0
cpu0->cpu0_L2C AVERAGE MISS LATENCY: 106.5 cycles
cpu0->cpu0_L1I TOTAL        ACCESS:   11109645 HIT:   11109645 MISS:          0 MSHR_MERGE:          0
cpu0->cpu0_L1I LOAD         ACCESS:   11109645 HIT:   11109645 MISS:          0 MSHR_MERGE:          0
cpu0->cpu0_L1I RFO          ACCESS:          0 HIT:          0 MISS:          0 MSHR_MERGE:          0
cpu0->cpu0_L1I PREFETCH     ACCESS:          0 HIT:          0 MISS:          0 MSHR_MERGE:          0
cpu0->cpu0_L1I WRITE        ACCESS:          0 HIT:          0 MISS:          0 MSHR_MERGE:          0
cpu0->cpu0_L1I TRANSLATION  ACCESS:          0 HIT:          0 MISS:          0 MSHR_MERGE:          0
cpu0->cpu0_L1I PREFETCH REQUESTED:          0 ISSUED:          0 USEFUL:          0 USELESS:          0
cpu0->cpu0_L1I AVERAGE MISS LATENCY: - cycles
cpu0->cpu0_L1D TOTAL        ACCESS:   14594398 HIT:    8097038 MISS:    6497360 MSHR_MERGE:    1674993
cpu0->cpu0_L1D LOAD         ACCESS:    9964521 HIT:    5867335 MISS:    4097186 MSHR_MERGE:    1654077
cpu0->cpu0_L1D RFO          ACCESS:          0 HIT:          0 MISS:          0 MSHR_MERGE:          0
cpu0->cpu0_L1D PREFETCH     ACCESS:          0 HIT:          0 MISS:          0 MSHR_MERGE:          0
cpu0->cpu0_L1D WRITE        ACCESS:    2217254 HIT:    2073939 MISS:     143315 MSHR_MERGE:         48
cpu0->cpu0_L1D TRANSLATION  ACCESS:    2412623 HIT:     155764 MISS:    2256859 MSHR_MERGE:      20868
cpu0->cpu0_L1D PREFETCH REQUESTED:          0 ISSUED:          0 USEFUL:          0 USELESS:          0
cpu0->cpu0_L1D AVERAGE MISS LATENCY: 84.68 cycles
cpu0->cpu0_ITLB TOTAL        ACCESS:    9955101 HIT:    9955101 MISS:          0 MSHR_MERGE:          0
cpu0->cpu0_ITLB LOAD         ACCESS:    9955101 HIT:    9955101 MISS:          0 MSHR_MERGE:          0
cpu0->cpu0_ITLB RFO          ACCESS:          0 HIT:          0 MISS:          0 MSHR_MERGE:          0
cpu0->cpu0_ITLB PREFETCH     ACCESS:          0 HIT:          0 MISS:          0 MSHR_MERGE:          0
cpu0->cpu0_ITLB WRITE        ACCESS:          0 HIT:          0 MISS:          0 MSHR_MERGE:          0
cpu0->cpu0_ITLB TRANSLATION  ACCESS:          0 HIT:          0 MISS:          0 MSHR_MERGE:          0
cpu0->cpu0_ITLB PREFETCH REQUESTED:          0 ISSUED:          0 USEFUL:          0 USELESS:          0
cpu0->cpu0_ITLB AVERAGE MISS LATENCY: - cycles
cpu0->cpu0_DTLB TOTAL        ACCESS:   12087163 HIT:    8794149 MISS:    3293014 MSHR_MERGE:    1982621
cpu0->cpu0_DTLB LOAD         ACCESS:   12087163 HIT:    8794149 MISS:    3293014 MSHR_MERGE:    1982621
cpu0->cpu0_DTLB RFO          ACCESS:          0 HIT:          0 MISS:          0 MSHR_MERGE:          0
cpu0->cpu0_DTLB PREFETCH     ACCESS:          0 HIT:          0 MISS:          0 MSHR_MERGE:          0
cpu0->cpu0_DTLB WRITE        ACCESS:          0 HIT:          0 MISS:          0 MSHR_MERGE:          0
cpu0->cpu0_DTLB TRANSLATION  ACCESS:          0 HIT:          0 MISS:          0 MSHR_MERGE:          0
cpu0->cpu0_DTLB PREFETCH REQUESTED:          0 ISSUED:          0 USEFUL:          0 USELESS:          0
cpu0->cpu0_DTLB AVERAGE MISS LATENCY: 78.33 cycles
cpu0->LLC TOTAL        ACCESS:    4544909 HIT:    3172574 MISS:    1372335 MSHR_MERGE:          0
cpu0->LLC LOAD         ACCESS:    1534181 HIT:     258338 MISS:    1275843 MSHR_MERGE:          0
cpu0->LLC RFO          ACCESS:     106848 HIT:     106827 MISS:         21 MSHR_MERGE:          0
cpu0->LLC PREFETCH     ACCESS:          0 HIT:          0 MISS:          0 MSHR_MERGE:          0
cpu0->LLC WRITE        ACCESS:    1108887 HIT:    1108887 MISS:          0 MSHR_MERGE:          0
cpu0->LLC TRANSLATION  ACCESS:    1794993 HIT:    1698522 MISS:      96471 MSHR_MERGE:          0
cpu0->LLC PREFETCH REQUESTED:          0 ISSUED:          0 USEFUL:          0 USELESS:          0
cpu0->LLC AVERAGE MISS LATENCY: 228 cycles

DRAM Statistics

Channel 0 RQ ROW_BUFFER_HIT:        400
  ROW_BUFFER_MISS:    1371935
  AVG DBUS CONGESTED CYCLE: 5.821
Channel 0 WQ ROW_BUFFER_HIT:     362531
  ROW_BUFFER_MISS:     745571
  FULL:          0
Channel 0 REFRESHES ISSUED:      17353
