[VMEM] WARNING: physical memory size is smaller than virtual memory size.
WARNING: option --warmup_instructions is deprecated. Use --warmup-instructions instead.
WARNING: option --simulation_instructions is deprecated. Use --simulation-instructions instead.

*** ChampSim Multicore Out-of-Order Simulator ***
Warmup Instructions: 10000000
Simulation Instructions: 50000000
Number of CPUs: 1
Page size: 4096

Off-chip DRAM Size: 16 GiB Channels: 1 Width: 64-bit Data Rate: 3205 MT/s
Heartbeat CPU 0 instructions: 10000001 cycles: 2964776 heartbeat IPC: 3.373 cumulative IPC: 3.373 (Simulation time: 00 hr 00 min 30 sec)
Warmup finished CPU 0 instructions: 10000001 cycles: 2964776 cumulative IPC: 3.373 (Simulation time: 00 hr 00 min 30 sec)
Warmup complete CPU 0 instructions: 10000001 cycles: 2964776 cumulative IPC: 3.373 (Simulation time: 00 hr 00 min 30 sec)
Heartbeat CPU 0 instructions: 20000002 cycles: 9167985 heartbeat IPC: 1.612 cumulative IPC: 1.612 (Simulation time: 00 hr 01 min 17 sec)
Heartbeat CPU 0 instructions: 30000006 cycles: 15297609 heartbeat IPC: 1.631 cumulative IPC: 1.622 (Simulation time: 00 hr 02 min 04 sec)
Heartbeat CPU 0 instructions: 40000007 cycles: 21393984 heartbeat IPC: 1.64 cumulative IPC: 1.628 (Simulation time: 00 hr 02 min 52 sec)
Heartbeat CPU 0 instructions: 50000007 cycles: 27515628 heartbeat IPC: 1.634 cumulative IPC: 1.629 (Simulation time: 00 hr 03 min 40 sec)
Simulation finished CPU 0 instructions: 50000001 cycles: 34114494 cumulative IPC: 1.466 (Simulation time: 00 hr 04 min 45 sec)
Simulation complete CPU 0 instructions: 50000001 cycles: 34114494 cumulative IPC: 1.466 (Simulation time: 00 hr 04 min 45 sec)

ChampSim completed all CPUs

=== Simulation ===
CPU 0 runs /mnt/storage/mipt/microarch/data/traces/607.cactuBSSN_s-2421B.champsimtrace.xz

Region of Interest Statistics

CPU 0 cumulative IPC: 1.466 instructions: 50000001 cycles: 34114494
CPU 0 Branch Prediction Accuracy: 91.88% MPKI: 0.6686 Average ROB Occupancy at Mispredict: 306.4
Branch type MPKI
BRANCH_DIRECT_JUMP: 0.00124
BRANCH_INDIRECT: 0.00164
BRANCH_CONDITIONAL: 0.3378
BRANCH_DIRECT_CALL: 0.01318
BRANCH_INDIRECT_CALL: 6e-05
BRANCH_RETURN: 0.3147

cpu0->cpu0_STLB TOTAL        ACCESS:    2211704 HIT:    2208646 MISS:       3058 MSHR_MERGE:          0
cpu0->cpu0_STLB LOAD         ACCESS:    2211704 HIT:    2208646 MISS:       3058 MSHR_MERGE:          0
cpu0->cpu0_STLB RFO          ACCESS:          0 HIT:          0 MISS:          0 MSHR_MERGE:          0
cpu0->cpu0_STLB PREFETCH     ACCESS:          0 HIT:          0 MISS:          0 MSHR_MERGE:          0
cpu0->cpu0_STLB WRITE        ACCESS:          0 HIT:          0 MISS:          0 MSHR_MERGE:          0
cpu0->cpu0_STLB TRANSLATION  ACCESS:          0 HIT:          0 MISS:          0 MSHR_MERGE:          0
cpu0->cpu0_STLB PREFETCH REQUESTED:          0 ISSUED:          0 USEFUL:          0 USELESS:          0
cpu0->cpu0_STLB AVERAGE MISS LATENCY: 831.1 cycles
cpu0->cpu0_L2C TOTAL        ACCESS:    5469292 HIT:    5128288 MISS:     341004 MSHR_MERGE:          0
cpu0->cpu0_L2C LOAD         ACCESS:    4785027 HIT:    4480276 MISS:     304751 MSHR_MERGE:          0
cpu0->cpu0_L2C RFO          ACCESS:     321717 HIT:     292621 MISS:      29096 MSHR_MERGE:          0
cpu0->cpu0_L2C PREFETCH     ACCESS:          0 HIT:          0 MISS:          0 MSHR_MERGE:          0
cpu0->cpu0_L2C WRITE        ACCESS:     355110 HIT:     355063 MISS:         47 MSHR_MERGE:          0
cpu0->cpu0_L2C TRANSLATION  ACCESS:       7438 HIT:        328 MISS:       7110 MSHR_MERGE:          0
cpu0->cpu0_L2C PREFETCH REQUESTED:          0 ISSUED:          0 USEFUL:          0 USELESS:          0
cpu0->cpu0_L2C AVERAGE MISS LATENCY: 130.5 cycles
cpu0->cpu0_L1I TOTAL        ACCESS:   10851035 HIT:    8691343 MISS:    2159692 MSHR_MERGE:    1069938
cpu0->cpu0_L1I LOAD         ACCESS:   10851035 HIT:    8691343 MISS:    2159692 MSHR_MERGE:    1069938
cpu0->cpu0_L1I RFO          ACCESS:          0 HIT:          0 MISS:          0 MSHR_MERGE:          0
cpu0->cpu0_L1I PREFETCH     ACCESS:          0 HIT:          0 MISS:          0 MSHR_MERGE:          0
cpu0->cpu0_L1I WRITE        ACCESS:          0 HIT:          0 MISS:          0 MSHR_MERGE:          0
cpu0->cpu0_L1I TRANSLATION  ACCESS:          0 HIT:          0 MISS:          0 MSHR_MERGE:          0
cpu0->cpu0_L1I PREFETCH REQUESTED:          0 ISSUED:          0 USEFUL:          0 USELESS:          0
cpu0->cpu0_L1I AVERAGE MISS LATENCY: 7.328 cycles
cpu0->cpu0_L1D TOTAL        ACCESS:   18695654 HIT:   14288451 MISS:    4407203 MSHR_MERGE:     380118
cpu0->cpu0_L1D LOAD         ACCESS:   14396531 HIT:   10353779 MISS:    4042752 MSHR_MERGE:     344868
cpu0->cpu0_L1D RFO          ACCESS:          0 HIT:          0 MISS:          0 MSHR_MERGE:          0
cpu0->cpu0_L1D PREFETCH     ACCESS:          0 HIT:          0 MISS:          0 MSHR_MERGE:          0
cpu0->cpu0_L1D WRITE        ACCESS:    4291478 HIT:    3934538 MISS:     356940 MSHR_MERGE:      35177
cpu0->cpu0_L1D TRANSLATION  ACCESS:       7645 HIT:        134 MISS:       7511 MSHR_MERGE:         73
cpu0->cpu0_L1D PREFETCH REQUESTED:          0 ISSUED:          0 USEFUL:          0 USELESS:          0
cpu0->cpu0_L1D AVERAGE MISS LATENCY: 19.94 cycles
cpu0->cpu0_ITLB TOTAL        ACCESS:    8675921 HIT:    8675798 MISS:        123 MSHR_MERGE:         63
cpu0->cpu0_ITLB LOAD         ACCESS:    8675921 HIT:    8675798 MISS:        123 MSHR_MERGE:         63
cpu0->cpu0_ITLB RFO          ACCESS:          0 HIT:          0 MISS:          0 MSHR_MERGE:          0
cpu0->cpu0_ITLB PREFETCH     ACCESS:          0 HIT:          0 MISS:          0 MSHR_MERGE:          0
cpu0->cpu0_ITLB WRITE        ACCESS:          0 HIT:          0 MISS:          0 MSHR_MERGE:          0
cpu0->cpu0_ITLB TRANSLATION  ACCESS:          0 HIT:          0 MISS:          0 MSHR_MERGE:          0
cpu0->cpu0_ITLB PREFETCH REQUESTED:          0 ISSUED:          0 USEFUL:          0 USELESS:          0
cpu0->cpu0_ITLB AVERAGE MISS LATENCY: 813.2 cycles
cpu0->cpu0_DTLB TOTAL        ACCESS:   17632407 HIT:   15036752 MISS:    2595655 MSHR_MERGE:     384011
cpu0->cpu0_DTLB LOAD         ACCESS:   17632407 HIT:   15036752 MISS:    2595655 MSHR_MERGE:     384011
cpu0->cpu0_DTLB RFO          ACCESS:          0 HIT:          0 MISS:          0 MSHR_MERGE:          0
cpu0->cpu0_DTLB PREFETCH     ACCESS:          0 HIT:          0 MISS:          0 MSHR_MERGE:          0
cpu0->cpu0_DTLB WRITE        ACCESS:          0 HIT:          0 MISS:          0 MSHR_MERGE:          0
cpu0->cpu0_DTLB TRANSLATION  ACCESS:          0 HIT:          0 MISS:          0 MSHR_MERGE:          0
cpu0->cpu0_DTLB PREFETCH REQUESTED:          0 ISSUED:          0 USEFUL:          0 USELESS:          0
cpu0->cpu0_DTLB AVERAGE MISS LATENCY: 6.169 cycles
cpu0->LLC TOTAL        ACCESS:     377252 HIT:     196667 MISS:     180585 MSHR_MERGE:          0
cpu0->LLC LOAD         ACCESS:     304751 HIT:     153863 MISS:     150888 MSHR_MERGE:          0
cpu0->LLC RFO          ACCESS:      29075 HIT:       4402 MISS:      24673 MSHR_MERGE:          0
cpu0->LLC PREFETCH     ACCESS:          0 HIT:          0 MISS:          0 MSHR_MERGE:          0
cpu0->LLC WRITE        ACCESS:      36316 HIT:      36217 MISS:         99 MSHR_MERGE:          0
cpu0->LLC TRANSLATION  ACCESS:       7110 HIT:       2185 MISS:       4925 MSHR_MERGE:          0
cpu0->LLC PREFETCH REQUESTED:          0 ISSUED:          0 USEFUL:          0 USELESS:          0
cpu0->LLC AVERAGE MISS LATENCY: 217.1 cycles

DRAM Statistics

Channel 0 RQ ROW_BUFFER_HIT:         87
  ROW_BUFFER_MISS:     180399
  AVG DBUS CONGESTED CYCLE: 9.315
Channel 0 WQ ROW_BUFFER_HIT:       4083
  ROW_BUFFER_MISS:      29694
  FULL:          0
Channel 0 REFRESHES ISSUED:       2842
