[VMEM] WARNING: physical memory size is smaller than virtual memory size.
WARNING: option --warmup_instructions is deprecated. Use --warmup-instructions instead.
WARNING: option --simulation_instructions is deprecated. Use --simulation-instructions instead.

*** ChampSim Multicore Out-of-Order Simulator ***
Warmup Instructions: 10000000
Simulation Instructions: 50000000
Number of CPUs: 1
Page size: 4096

Off-chip DRAM Size: 16 GiB Channels: 1 Width: 64-bit Data Rate: 3205 MT/s
Heartbeat CPU 0 instructions: 10000000 cycles: 3547766 heartbeat IPC: 2.819 cumulative IPC: 2.819 (Simulation time: 00 hr 00 min 30 sec)
Warmup finished CPU 0 instructions: 10000000 cycles: 3547766 cumulative IPC: 2.819 (Simulation time: 00 hr 00 min 30 sec)
Warmup complete CPU 0 instructions: 10000000 cycles: 3547766 cumulative IPC: 2.819 (Simulation time: 00 hr 00 min 30 sec)
Heartbeat CPU 0 instructions: 20000004 cycles: 24936872 heartbeat IPC: 0.4675 cumulative IPC: 0.4675 (Simulation time: 00 hr 02 min 57 sec)
Heartbeat CPU 0 instructions: 30000008 cycles: 45911102 heartbeat IPC: 0.4768 cumulative IPC: 0.4721 (Simulation time: 00 hr 05 min 22 sec)
Heartbeat CPU 0 instructions: 40000010 cycles: 66052694 heartbeat IPC: 0.4965 cumulative IPC: 0.48 (Simulation time: 00 hr 07 min 43 sec)
Heartbeat CPU 0 instructions: 50000011 cycles: 85463873 heartbeat IPC: 0.5152 cumulative IPC: 0.4883 (Simulation time: 00 hr 09 min 58 sec)
Simulation finished CPU 0 instructions: 50000000 cycles: 100552066 cumulative IPC: 0.4973 (Simulation time: 00 hr 12 min 08 sec)
Simulation complete CPU 0 instructions: 50000000 cycles: 100552066 cumulative IPC: 0.4973 (Simulation time: 00 hr 12 min 08 sec)

ChampSim completed all CPUs

=== Simulation ===
CPU 0 runs /mnt/storage/mipt/microarch/data/traces/619.lbm_s-2676B.champsimtrace.xz

Region of Interest Statistics

CPU 0 cumulative IPC: 0.4973 instructions: 50000000 cycles: 100552066
CPU 0 Branch Prediction Accuracy: 97.62% MPKI: 0.3805 Average ROB Occupancy at Mispredict: 243.6
Branch type MPKI
BRANCH_DIRECT_JUMP: 0
BRANCH_INDIRECT: 0
BRANCH_CONDITIONAL: 0.3805
BRANCH_DIRECT_CALL: 0
BRANCH_INDIRECT_CALL: 0
BRANCH_RETURN: 0

cpu0->cpu0_STLB TOTAL        ACCESS:      58518 HIT:      26765 MISS:      31753 MSHR_MERGE:          0
cpu0->cpu0_STLB LOAD         ACCESS:      58518 HIT:      26765 MISS:      31753 MSHR_MERGE:          0
cpu0->cpu0_STLB RFO          ACCESS:          0 HIT:          0 MISS:          0 MSHR_MERGE:          0
cpu0->cpu0_STLB PREFETCH     ACCESS:          0 HIT:          0 MISS:          0 MSHR_MERGE:          0
cpu0->cpu0_STLB WRITE        ACCESS:          0 HIT:          0 MISS:          0 MSHR_MERGE:          0
cpu0->cpu0_STLB TRANSLATION  ACCESS:          0 HIT:          0 MISS:          0 MSHR_MERGE:          0
cpu0->cpu0_STLB PREFETCH REQUESTED:          0 ISSUED:          0 USEFUL:          0 USELESS:          0
cpu0->cpu0_STLB AVERAGE MISS LATENCY: 892.1 cycles
cpu0->cpu0_L2C TOTAL        ACCESS:    6272901 HIT:    4156202 MISS:    2116699 MSHR_MERGE:          0
cpu0->cpu0_L2C LOAD         ACCESS:     507943 HIT:         15 MISS:     507928 MSHR_MERGE:          0
cpu0->cpu0_L2C RFO          ACCESS:    2864573 HIT:    1291555 MISS:    1573018 MSHR_MERGE:          0
cpu0->cpu0_L2C PREFETCH     ACCESS:          0 HIT:          0 MISS:          0 MSHR_MERGE:          0
cpu0->cpu0_L2C WRITE        ACCESS:    2864632 HIT:    2864632 MISS:          0 MSHR_MERGE:          0
cpu0->cpu0_L2C TRANSLATION  ACCESS:      35753 HIT:          0 MISS:      35753 MSHR_MERGE:          0
cpu0->cpu0_L2C PREFETCH REQUESTED:          0 ISSUED:          0 USEFUL:          0 USELESS:          0
cpu0->cpu0_L2C AVERAGE MISS LATENCY: 473.5 cycles
cpu0->cpu0_L1I TOTAL        ACCESS:    8254087 HIT:    8254087 MISS:          0 MSHR_MERGE:          0
cpu0->cpu0_L1I LOAD         ACCESS:    8254087 HIT:    8254087 MISS:          0 MSHR_MERGE:          0
cpu0->cpu0_L1I RFO          ACCESS:          0 HIT:          0 MISS:          0 MSHR_MERGE:          0
cpu0->cpu0_L1I PREFETCH     ACCESS:          0 HIT:          0 MISS:          0 MSHR_MERGE:          0
cpu0->cpu0_L1I WRITE        ACCESS:          0 HIT:          0 MISS:          0 MSHR_MERGE:          0
cpu0->cpu0_L1I TRANSLATION  ACCESS:          0 HIT:          0 MISS:          0 MSHR_MERGE:          0
cpu0->cpu0_L1I PREFETCH REQUESTED:          0 ISSUED:          0 USEFUL:          0 USELESS:          0
cpu0->cpu0_L1I AVERAGE MISS LATENCY: - cycles
cpu0->cpu0_L1D TOTAL        ACCESS:   11839892 HIT:    7646289 MISS:    4193603 MSHR_MERGE:     785272
cpu0->cpu0_L1D LOAD         ACCESS:    3069196 HIT:    1904517 MISS:    1164679 MSHR_MERGE:     656736
cpu0->cpu0_L1D RFO          ACCESS:          0 HIT:          0 MISS:          0 MSHR_MERGE:          0
cpu0->cpu0_L1D PREFETCH     ACCESS:          0 HIT:          0 MISS:          0 MSHR_MERGE:          0
cpu0->cpu0_L1D WRITE        ACCESS:    8707158 HIT:    5713987 MISS:    2993171 MSHR_MERGE:     128536
cpu0->cpu0_L1D TRANSLATION  ACCESS:      63538 HIT:      27785 MISS:      35753 MSHR_MERGE:          0
cpu0->cpu0_L1D PREFETCH REQUESTED:          0 ISSUED:          0 USEFUL:          0 USELESS:          0
cpu0->cpu0_L1D AVERAGE MISS LATENCY: 303.6 cycles
cpu0->cpu0_ITLB TOTAL        ACCESS:    6178498 HIT:    6178498 MISS:          0 MSHR_MERGE:          0
cpu0->cpu0_ITLB LOAD         ACCESS:    6178498 HIT:    6178498 MISS:          0 MSHR_MERGE:          0
cpu0->cpu0_ITLB RFO          ACCESS:          0 HIT:          0 MISS:          0 MSHR_MERGE:          0
cpu0->cpu0_ITLB PREFETCH     ACCESS:          0 HIT:          0 MISS:          0 MSHR_MERGE:          0
cpu0->cpu0_ITLB WRITE        ACCESS:          0 HIT:          0 MISS:          0 MSHR_MERGE:          0
cpu0->cpu0_ITLB TRANSLATION  ACCESS:          0 HIT:          0 MISS:          0 MSHR_MERGE:          0
cpu0->cpu0_ITLB PREFETCH REQUESTED:          0 ISSUED:          0 USEFUL:          0 USELESS:          0
cpu0->cpu0_ITLB AVERAGE MISS LATENCY: - cycles
cpu0->cpu0_DTLB TOTAL        ACCESS:   11061613 HIT:   10895988 MISS:     165625 MSHR_MERGE:     107107
cpu0->cpu0_DTLB LOAD         ACCESS:   11061613 HIT:   10895988 MISS:     165625 MSHR_MERGE:     107107
cpu0->cpu0_DTLB RFO          ACCESS:          0 HIT:          0 MISS:          0 MSHR_MERGE:          0
cpu0->cpu0_DTLB PREFETCH     ACCESS:          0 HIT:          0 MISS:          0 MSHR_MERGE:          0
cpu0->cpu0_DTLB WRITE        ACCESS:          0 HIT:          0 MISS:          0 MSHR_MERGE:          0
cpu0->cpu0_DTLB TRANSLATION  ACCESS:          0 HIT:          0 MISS:          0 MSHR_MERGE:          0
cpu0->cpu0_DTLB PREFETCH REQUESTED:          0 ISSUED:          0 USEFUL:          0 USELESS:          0
cpu0->cpu0_DTLB AVERAGE MISS LATENCY: 489.6 cycles
cpu0->LLC TOTAL        ACCESS:    3689504 HIT:    1622124 MISS:    2067380 MSHR_MERGE:          0
cpu0->LLC LOAD         ACCESS:     507928 HIT:          3 MISS:     507925 MSHR_MERGE:          0
cpu0->LLC RFO          ACCESS:    1573018 HIT:      49321 MISS:    1523697 MSHR_MERGE:          0
cpu0->LLC PREFETCH     ACCESS:          0 HIT:          0 MISS:          0 MSHR_MERGE:          0
cpu0->LLC WRITE        ACCESS:    1572805 HIT:    1572800 MISS:          5 MSHR_MERGE:          0
cpu0->LLC TRANSLATION  ACCESS:      35753 HIT:          0 MISS:      35753 MSHR_MERGE:          0
cpu0->LLC PREFETCH REQUESTED:          0 ISSUED:          0 USEFUL:          0 USELESS:          0
cpu0->LLC AVERAGE MISS LATENCY: 468.4 cycles

DRAM Statistics

Channel 0 RQ ROW_BUFFER_HIT:     100860
  ROW_BUFFER_MISS:    1966515
  AVG DBUS CONGESTED CYCLE: 7.102
Channel 0 WQ ROW_BUFFER_HIT:     248483
  ROW_BUFFER_MISS:    1275374
  FULL:          0
Channel 0 REFRESHES ISSUED:       8379
