[VMEM] WARNING: physical memory size is smaller than virtual memory size.
WARNING: option --warmup_instructions is deprecated. Use --warmup-instructions instead.
WARNING: option --simulation_instructions is deprecated. Use --simulation-instructions instead.

*** ChampSim Multicore Out-of-Order Simulator ***
Warmup Instructions: 10000000
Simulation Instructions: 50000000
Number of CPUs: 1
Page size: 4096

Off-chip DRAM Size: 16 GiB Channels: 1 Width: 64-bit Data Rate: 3205 MT/s
Heartbeat CPU 0 instructions: 10000002 cycles: 6366974 heartbeat IPC: 1.571 cumulative IPC: 1.571 (Simulation time: 00 hr 00 min 55 sec)
Warmup finished CPU 0 instructions: 10000002 cycles: 6366974 cumulative IPC: 1.571 (Simulation time: 00 hr 00 min 55 sec)
Warmup complete CPU 0 instructions: 10000002 cycles: 6366974 cumulative IPC: 1.571 (Simulation time: 00 hr 00 min 55 sec)
Heartbeat CPU 0 instructions: 20000002 cycles: 45287656 heartbeat IPC: 0.2569 cumulative IPC: 0.2569 (Simulation time: 00 hr 03 min 43 sec)
Heartbeat CPU 0 instructions: 30000003 cycles: 81808142 heartbeat IPC: 0.2738 cumulative IPC: 0.2651 (Simulation time: 00 hr 06 min 23 sec)
Heartbeat CPU 0 instructions: 40000003 cycles: 119289681 heartbeat IPC: 0.2668 cumulative IPC: 0.2657 (Simulation time: 00 hr 09 min 10 sec)
Heartbeat CPU 0 instructions: 50000003 cycles: 155946849 heartbeat IPC: 0.2728 cumulative IPC: 0.2674 (Simulation time: 00 hr 11 min 49 sec)
Heartbeat CPU 0 instructions: 60000006 cycles: 190793003 heartbeat IPC: 0.287 cumulative IPC: 0.2711 (Simulation time: 00 hr 14 min 23 sec)
Simulation finished CPU 0 instructions: 50000004 cycles: 184426029 cumulative IPC: 0.2711 (Simulation time: 00 hr 14 min 23 sec)
Simulation complete CPU 0 instructions: 50000004 cycles: 184426029 cumulative IPC: 0.2711 (Simulation time: 00 hr 14 min 23 sec)

ChampSim completed all CPUs

=== Simulation ===
CPU 0 runs /mnt/storage/mipt/microarch/data/traces/620.omnetpp_s-141B.champsimtrace.xz

Region of Interest Statistics

CPU 0 cumulative IPC: 0.2711 instructions: 50000004 cycles: 184426029
CPU 0 Branch Prediction Accuracy: 92.88% MPKI: 14.99 Average ROB Occupancy at Mispredict: 41.1
Branch type MPKI
BRANCH_DIRECT_JUMP: 0.8368
BRANCH_INDIRECT: 0.3548
BRANCH_CONDITIONAL: 12.5
BRANCH_DIRECT_CALL: 0.00142
BRANCH_INDIRECT_CALL: 0.8572
BRANCH_RETURN: 0.4452

cpu0->cpu0_STLB TOTAL        ACCESS:    1112329 HIT:     867498 MISS:     244831 MSHR_MERGE:          0
cpu0->cpu0_STLB LOAD         ACCESS:    1112329 HIT:     867498 MISS:     244831 MSHR_MERGE:          0
cpu0->cpu0_STLB RFO          ACCESS:          0 HIT:          0 MISS:          0 MSHR_MERGE:          0
cpu0->cpu0_STLB PREFETCH     ACCESS:          0 HIT:          0 MISS:          0 MSHR_MERGE:          0
cpu0->cpu0_STLB WRITE        ACCESS:          0 HIT:          0 MISS:          0 MSHR_MERGE:          0
cpu0->cpu0_STLB TRANSLATION  ACCESS:          0 HIT:          0 MISS:          0 MSHR_MERGE:          0
cpu0->cpu0_STLB PREFETCH REQUESTED:          0 ISSUED:          0 USEFUL:          0 USELESS:          0
cpu0->cpu0_STLB AVERAGE MISS LATENCY: 325.9 cycles
cpu0->cpu0_L2C TOTAL        ACCESS:    2041266 HIT:     891115 MISS:    1150151 MSHR_MERGE:          0
cpu0->cpu0_L2C LOAD         ACCESS:     901095 HIT:     259634 MISS:     641461 MSHR_MERGE:          0
cpu0->cpu0_L2C RFO          ACCESS:     118188 HIT:      23784 MISS:      94404 MSHR_MERGE:          0
cpu0->cpu0_L2C PREFETCH     ACCESS:          0 HIT:          0 MISS:          0 MSHR_MERGE:          0
cpu0->cpu0_L2C WRITE        ACCESS:     478321 HIT:     477180 MISS:       1141 MSHR_MERGE:          0
cpu0->cpu0_L2C TRANSLATION  ACCESS:     543662 HIT:     130517 MISS:     413145 MSHR_MERGE:          0
cpu0->cpu0_L2C PREFETCH REQUESTED:          0 ISSUED:          0 USEFUL:          0 USELESS:          0
cpu0->cpu0_L2C AVERAGE MISS LATENCY: 155.9 cycles
cpu0->cpu0_L1I TOTAL        ACCESS:    6664932 HIT:    6629406 MISS:      35526 MSHR_MERGE:       8048
cpu0->cpu0_L1I LOAD         ACCESS:    6664932 HIT:    6629406 MISS:      35526 MSHR_MERGE:       8048
cpu0->cpu0_L1I RFO          ACCESS:          0 HIT:          0 MISS:          0 MSHR_MERGE:          0
cpu0->cpu0_L1I PREFETCH     ACCESS:          0 HIT:          0 MISS:          0 MSHR_MERGE:          0
cpu0->cpu0_L1I WRITE        ACCESS:          0 HIT:          0 MISS:          0 MSHR_MERGE:          0
cpu0->cpu0_L1I TRANSLATION  ACCESS:          0 HIT:          0 MISS:          0 MSHR_MERGE:          0
cpu0->cpu0_L1I PREFETCH REQUESTED:          0 ISSUED:          0 USEFUL:          0 USELESS:          0
cpu0->cpu0_L1I AVERAGE MISS LATENCY: 23.66 cycles
cpu0->cpu0_L1D TOTAL        ACCESS:   20511607 HIT:   18466119 MISS:    2045488 MSHR_MERGE:     510016
cpu0->cpu0_L1D LOAD         ACCESS:   10859726 HIT:    9732205 MISS:    1127521 MSHR_MERGE:     253900
cpu0->cpu0_L1D RFO          ACCESS:          0 HIT:          0 MISS:          0 MSHR_MERGE:          0
cpu0->cpu0_L1D PREFETCH     ACCESS:          0 HIT:          0 MISS:          0 MSHR_MERGE:          0
cpu0->cpu0_L1D WRITE        ACCESS:    9062466 HIT:    8689553 MISS:     372913 MSHR_MERGE:     254724
cpu0->cpu0_L1D TRANSLATION  ACCESS:     589415 HIT:      44361 MISS:     545054 MSHR_MERGE:       1392
cpu0->cpu0_L1D PREFETCH REQUESTED:          0 ISSUED:          0 USEFUL:          0 USELESS:          0
cpu0->cpu0_L1D AVERAGE MISS LATENCY: 125.2 cycles
cpu0->cpu0_ITLB TOTAL        ACCESS:    5896115 HIT:    5744327 MISS:     151788 MSHR_MERGE:      72675
cpu0->cpu0_ITLB LOAD         ACCESS:    5896115 HIT:    5744327 MISS:     151788 MSHR_MERGE:      72675
cpu0->cpu0_ITLB RFO          ACCESS:          0 HIT:          0 MISS:          0 MSHR_MERGE:          0
cpu0->cpu0_ITLB PREFETCH     ACCESS:          0 HIT:          0 MISS:          0 MSHR_MERGE:          0
cpu0->cpu0_ITLB WRITE        ACCESS:          0 HIT:          0 MISS:          0 MSHR_MERGE:          0
cpu0->cpu0_ITLB TRANSLATION  ACCESS:          0 HIT:          0 MISS:          0 MSHR_MERGE:          0
cpu0->cpu0_ITLB PREFETCH REQUESTED:          0 ISSUED:          0 USEFUL:          0 USELESS:          0
cpu0->cpu0_ITLB AVERAGE MISS LATENCY: 7.776 cycles
cpu0->cpu0_DTLB TOTAL        ACCESS:   18926952 HIT:   17716899 MISS:    1210053 MSHR_MERGE:     176837
cpu0->cpu0_DTLB LOAD         ACCESS:   18926952 HIT:   17716899 MISS:    1210053 MSHR_MERGE:     176837
cpu0->cpu0_DTLB RFO          ACCESS:          0 HIT:          0 MISS:          0 MSHR_MERGE:          0
cpu0->cpu0_DTLB PREFETCH     ACCESS:          0 HIT:          0 MISS:          0 MSHR_MERGE:          0
cpu0->cpu0_DTLB WRITE        ACCESS:          0 HIT:          0 MISS:          0 MSHR_MERGE:          0
cpu0->cpu0_DTLB TRANSLATION  ACCESS:          0 HIT:          0 MISS:          0 MSHR_MERGE:          0
cpu0->cpu0_DTLB PREFETCH REQUESTED:          0 ISSUED:          0 USEFUL:          0 USELESS:          0
cpu0->cpu0_DTLB AVERAGE MISS LATENCY: 82.24 cycles
cpu0->LLC TOTAL        ACCESS:    1512101 HIT:     663480 MISS:     848621 MSHR_MERGE:          0
cpu0->LLC LOAD         ACCESS:     641461 HIT:     143544 MISS:     497917 MSHR_MERGE:          0
cpu0->LLC RFO          ACCESS:      94404 HIT:      33830 MISS:      60574 MSHR_MERGE:          0
cpu0->LLC PREFETCH     ACCESS:          0 HIT:          0 MISS:          0 MSHR_MERGE:          0
cpu0->LLC WRITE        ACCESS:     363091 HIT:     361683 MISS:       1408 MSHR_MERGE:          0
cpu0->LLC TRANSLATION  ACCESS:     413145 HIT:     124423 MISS:     288722 MSHR_MERGE:          0
cpu0->LLC PREFETCH REQUESTED:          0 ISSUED:          0 USEFUL:          0 USELESS:          0
cpu0->LLC AVERAGE MISS LATENCY: 190 cycles

DRAM Statistics

Channel 0 RQ ROW_BUFFER_HIT:       3061
  ROW_BUFFER_MISS:     844134
  AVG DBUS CONGESTED CYCLE: 19.71
Channel 0 WQ ROW_BUFFER_HIT:      93279
  ROW_BUFFER_MISS:     172583
  FULL:          0
Channel 0 REFRESHES ISSUED:      15369
