[VMEM] WARNING: physical memory size is smaller than virtual memory size.
WARNING: option --warmup_instructions is deprecated. Use --warmup-instructions instead.
WARNING: option --simulation_instructions is deprecated. Use --simulation-instructions instead.

*** ChampSim Multicore Out-of-Order Simulator ***
Warmup Instructions: 10000000
Simulation Instructions: 50000000
Number of CPUs: 1
Page size: 4096

Off-chip DRAM Size: 16 GiB Channels: 1 Width: 64-bit Data Rate: 3205 MT/s
Heartbeat CPU 0 instructions: 10000002 cycles: 2515362 heartbeat IPC: 3.976 cumulative IPC: 3.976 (Simulation time: 00 hr 00 min 20 sec)
Warmup finished CPU 0 instructions: 10000002 cycles: 2515362 cumulative IPC: 3.976 (Simulation time: 00 hr 00 min 20 sec)
Warmup complete CPU 0 instructions: 10000002 cycles: 2515362 cumulative IPC: 3.976 (Simulation time: 00 hr 00 min 20 sec)
Heartbeat CPU 0 instructions: 20000002 cycles: 10981956 heartbeat IPC: 1.181 cumulative IPC: 1.181 (Simulation time: 00 hr 01 min 02 sec)
Heartbeat CPU 0 instructions: 30000002 cycles: 19501891 heartbeat IPC: 1.174 cumulative IPC: 1.177 (Simulation time: 00 hr 01 min 44 sec)
Heartbeat CPU 0 instructions: 40000003 cycles: 28017487 heartbeat IPC: 1.174 cumulative IPC: 1.176 (Simulation time: 00 hr 02 min 27 sec)
Heartbeat CPU 0 instructions: 50000007 cycles: 36531695 heartbeat IPC: 1.175 cumulative IPC: 1.176 (Simulation time: 00 hr 03 min 11 sec)
Simulation finished CPU 0 instructions: 50000001 cycles: 42523389 cumulative IPC: 1.176 (Simulation time: 00 hr 03 min 54 sec)
Simulation complete CPU 0 instructions: 50000001 cycles: 42523389 cumulative IPC: 1.176 (Simulation time: 00 hr 03 min 54 sec)

ChampSim completed all CPUs

=== Simulation ===
CPU 0 runs /mnt/storage/mipt/microarch/data/traces/621.wrf_s-575B.champsimtrace.xz

Region of Interest Statistics

CPU 0 cumulative IPC: 1.176 instructions: 50000001 cycles: 42523389
CPU 0 Branch Prediction Accuracy: 93.06% MPKI: 9.243 Average ROB Occupancy at Mispredict: 65.13
Branch type MPKI
BRANCH_DIRECT_JUMP: 0
BRANCH_INDIRECT: 0
BRANCH_CONDITIONAL: 9.228
BRANCH_DIRECT_CALL: 0
BRANCH_INDIRECT_CALL: 0
BRANCH_RETURN: 0.01462

cpu0->cpu0_STLB TOTAL        ACCESS:       1976 HIT:       1928 MISS:         48 MSHR_MERGE:          0
cpu0->cpu0_STLB LOAD         ACCESS:       1976 HIT:       1928 MISS:         48 MSHR_MERGE:          0
cpu0->cpu0_STLB RFO          ACCESS:          0 HIT:          0 MISS:          0 MSHR_MERGE:          0
cpu0->cpu0_STLB PREFETCH     ACCESS:          0 HIT:          0 MISS:          0 MSHR_MERGE:          0
cpu0->cpu0_STLB WRITE        ACCESS:          0 HIT:          0 MISS:          0 MSHR_MERGE:          0
cpu0->cpu0_STLB TRANSLATION  ACCESS:          0 HIT:          0 MISS:          0 MSHR_MERGE:          0
cpu0->cpu0_STLB PREFETCH REQUESTED:          0 ISSUED:          0 USEFUL:          0 USELESS:          0
cpu0->cpu0_STLB AVERAGE MISS LATENCY: 726.3 cycles
cpu0->cpu0_L2C TOTAL        ACCESS:       2427 HIT:       1149 MISS:       1278 MSHR_MERGE:          0
cpu0->cpu0_L2C LOAD         ACCESS:        814 HIT:        357 MISS:        457 MSHR_MERGE:          0
cpu0->cpu0_L2C RFO          ACCESS:        772 HIT:         26 MISS:        746 MSHR_MERGE:          0
cpu0->cpu0_L2C PREFETCH     ACCESS:          0 HIT:          0 MISS:          0 MSHR_MERGE:          0
cpu0->cpu0_L2C WRITE        ACCESS:        761 HIT:        761 MISS:          0 MSHR_MERGE:          0
cpu0->cpu0_L2C TRANSLATION  ACCESS:         80 HIT:          5 MISS:         75 MSHR_MERGE:          0
cpu0->cpu0_L2C PREFETCH REQUESTED:          0 ISSUED:          0 USEFUL:          0 USELESS:          0
cpu0->cpu0_L2C AVERAGE MISS LATENCY: 189.3 cycles
cpu0->cpu0_L1I TOTAL        ACCESS:    1133423 HIT:    1132971 MISS:        452 MSHR_MERGE:        127
cpu0->cpu0_L1I LOAD         ACCESS:    1133423 HIT:    1132971 MISS:        452 MSHR_MERGE:        127
cpu0->cpu0_L1I RFO          ACCESS:          0 HIT:          0 MISS:          0 MSHR_MERGE:          0
cpu0->cpu0_L1I PREFETCH     ACCESS:          0 HIT:          0 MISS:          0 MSHR_MERGE:          0
cpu0->cpu0_L1I WRITE        ACCESS:          0 HIT:          0 MISS:          0 MSHR_MERGE:          0
cpu0->cpu0_L1I TRANSLATION  ACCESS:          0 HIT:          0 MISS:          0 MSHR_MERGE:          0
cpu0->cpu0_L1I PREFETCH REQUESTED:          0 ISSUED:          0 USEFUL:          0 USELESS:          0
cpu0->cpu0_L1I AVERAGE MISS LATENCY: 7.04 cycles
cpu0->cpu0_L1D TOTAL        ACCESS:    9318415 HIT:    9315719 MISS:       2696 MSHR_MERGE:       1355
cpu0->cpu0_L1D LOAD         ACCESS:    7383376 HIT:    7382344 MISS:       1032 MSHR_MERGE:        543
cpu0->cpu0_L1D RFO          ACCESS:          0 HIT:          0 MISS:          0 MSHR_MERGE:          0
cpu0->cpu0_L1D PREFETCH     ACCESS:          0 HIT:          0 MISS:          0 MSHR_MERGE:          0
cpu0->cpu0_L1D WRITE        ACCESS:    1934943 HIT:    1933361 MISS:       1582 MSHR_MERGE:        810
cpu0->cpu0_L1D TRANSLATION  ACCESS:         96 HIT:         14 MISS:         82 MSHR_MERGE:          2
cpu0->cpu0_L1D PREFETCH REQUESTED:          0 ISSUED:          0 USEFUL:          0 USELESS:          0
cpu0->cpu0_L1D AVERAGE MISS LATENCY: 189.4 cycles
cpu0->cpu0_ITLB TOTAL        ACCESS:     934686 HIT:     934686 MISS:          0 MSHR_MERGE:          0
cpu0->cpu0_ITLB LOAD         ACCESS:     934686 HIT:     934686 MISS:          0 MSHR_MERGE:          0
cpu0->cpu0_ITLB RFO          ACCESS:          0 HIT:          0 MISS:          0 MSHR_MERGE:          0
cpu0->cpu0_ITLB PREFETCH     ACCESS:          0 HIT:          0 MISS:          0 MSHR_MERGE:          0
cpu0->cpu0_ITLB WRITE        ACCESS:          0 HIT:          0 MISS:          0 MSHR_MERGE:          0
cpu0->cpu0_ITLB TRANSLATION  ACCESS:          0 HIT:          0 MISS:          0 MSHR_MERGE:          0
cpu0->cpu0_ITLB PREFETCH REQUESTED:          0 ISSUED:          0 USEFUL:          0 USELESS:          0
cpu0->cpu0_ITLB AVERAGE MISS LATENCY: - cycles
cpu0->cpu0_DTLB TOTAL        ACCESS:    9166757 HIT:    9164361 MISS:       2396 MSHR_MERGE:        420
cpu0->cpu0_DTLB LOAD         ACCESS:    9166757 HIT:    9164361 MISS:       2396 MSHR_MERGE:        420
cpu0->cpu0_DTLB RFO          ACCESS:          0 HIT:          0 MISS:          0 MSHR_MERGE:          0
cpu0->cpu0_DTLB PREFETCH     ACCESS:          0 HIT:          0 MISS:          0 MSHR_MERGE:          0
cpu0->cpu0_DTLB WRITE        ACCESS:          0 HIT:          0 MISS:          0 MSHR_MERGE:          0
cpu0->cpu0_DTLB TRANSLATION  ACCESS:          0 HIT:          0 MISS:          0 MSHR_MERGE:          0
cpu0->cpu0_DTLB PREFETCH REQUESTED:          0 ISSUED:          0 USEFUL:          0 USELESS:          0
cpu0->cpu0_DTLB AVERAGE MISS LATENCY: 22.67 cycles
cpu0->LLC TOTAL        ACCESS:       1278 HIT:          0 MISS:       1278 MSHR_MERGE:          0
cpu0->LLC LOAD         ACCESS:        457 HIT:          0 MISS:        457 MSHR_MERGE:          0
cpu0->LLC RFO          ACCESS:        746 HIT:          0 MISS:        746 MSHR_MERGE:          0
cpu0->LLC PREFETCH     ACCESS:          0 HIT:          0 MISS:          0 MSHR_MERGE:          0
cpu0->LLC WRITE        ACCESS:          0 HIT:          0 MISS:          0 MSHR_MERGE:          0
cpu0->LLC TRANSLATION  ACCESS:         75 HIT:          0 MISS:         75 MSHR_MERGE:          0
cpu0->LLC PREFETCH REQUESTED:          0 ISSUED:          0 USEFUL:          0 USELESS:          0
cpu0->LLC AVERAGE MISS LATENCY: 173.3 cycles

DRAM Statistics

Channel 0 RQ ROW_BUFFER_HIT:          0
  ROW_BUFFER_MISS:       1278
  AVG DBUS CONGESTED CYCLE: 2.904
Channel 0 WQ ROW_BUFFER_HIT:          0
  ROW_BUFFER_MISS:          0
  FULL:          0
Channel 0 REFRESHES ISSUED:       3544
