[VMEM] WARNING: physical memory size is smaller than virtual memory size.
WARNING: option --warmup_instructions is deprecated. Use --warmup-instructions instead.
WARNING: option --simulation_instructions is deprecated. Use --simulation-instructions instead.

*** ChampSim Multicore Out-of-Order Simulator ***
Warmup Instructions: 10000000
Simulation Instructions: 50000000
Number of CPUs: 1
Page size: 4096

Off-chip DRAM Size: 16 GiB Channels: 1 Width: 64-bit Data Rate: 3205 MT/s
Heartbeat CPU 0 instructions: 10000002 cycles: 2542456 heartbeat IPC: 3.933 cumulative IPC: 3.933 (Simulation time: 00 hr 00 min 20 sec)
Warmup finished CPU 0 instructions: 10000002 cycles: 2542456 cumulative IPC: 3.933 (Simulation time: 00 hr 00 min 20 sec)
Warmup complete CPU 0 instructions: 10000002 cycles: 2542456 cumulative IPC: 3.933 (Simulation time: 00 hr 00 min 20 sec)
Heartbeat CPU 0 instructions: 20000002 cycles: 6223695 heartbeat IPC: 2.716 cumulative IPC: 2.716 (Simulation time: 00 hr 00 min 46 sec)
Heartbeat CPU 0 instructions: 30000002 cycles: 9898264 heartbeat IPC: 2.721 cumulative IPC: 2.719 (Simulation time: 00 hr 01 min 11 sec)
Heartbeat CPU 0 instructions: 40000003 cycles: 13572967 heartbeat IPC: 2.721 cumulative IPC: 2.72 (Simulation time: 00 hr 01 min 37 sec)
Heartbeat CPU 0 instructions: 50000004 cycles: 17252096 heartbeat IPC: 2.718 cumulative IPC: 2.719 (Simulation time: 00 hr 02 min 02 sec)
Simulation finished CPU 0 instructions: 50000001 cycles: 18392561 cumulative IPC: 2.718 (Simulation time: 00 hr 02 min 28 sec)
Simulation complete CPU 0 instructions: 50000001 cycles: 18392561 cumulative IPC: 2.718 (Simulation time: 00 hr 02 min 28 sec)

ChampSim completed all CPUs

=== Simulation ===
CPU 0 runs /mnt/storage/mipt/microarch/data/traces/625.x264_s-12B.champsimtrace.xz

Region of Interest Statistics

CPU 0 cumulative IPC: 2.718 instructions: 50000001 cycles: 18392561
CPU 0 Branch Prediction Accuracy: 94.41% MPKI: 2.407 Average ROB Occupancy at Mispredict: 141.6
Branch type MPKI
BRANCH_DIRECT_JUMP: 4e-05
BRANCH_INDIRECT: 2e-05
BRANCH_CONDITIONAL: 2.406
BRANCH_DIRECT_CALL: 0
BRANCH_INDIRECT_CALL: 0.00136
BRANCH_RETURN: 0

cpu0->cpu0_STLB TOTAL        ACCESS:       3217 HIT:       3061 MISS:        156 MSHR_MERGE:          0
cpu0->cpu0_STLB LOAD         ACCESS:       3217 HIT:       3061 MISS:        156 MSHR_MERGE:          0
cpu0->cpu0_STLB RFO          ACCESS:          0 HIT:          0 MISS:          0 MSHR_MERGE:          0
cpu0->cpu0_STLB PREFETCH     ACCESS:          0 HIT:          0 MISS:          0 MSHR_MERGE:          0
cpu0->cpu0_STLB WRITE        ACCESS:          0 HIT:          0 MISS:          0 MSHR_MERGE:          0
cpu0->cpu0_STLB TRANSLATION  ACCESS:          0 HIT:          0 MISS:          0 MSHR_MERGE:          0
cpu0->cpu0_STLB PREFETCH REQUESTED:          0 ISSUED:          0 USEFUL:          0 USELESS:          0
cpu0->cpu0_STLB AVERAGE MISS LATENCY: 735.8 cycles
cpu0->cpu0_L2C TOTAL        ACCESS:      17154 HIT:       5234 MISS:      11920 MSHR_MERGE:          0
cpu0->cpu0_L2C LOAD         ACCESS:      15927 HIT:       4761 MISS:      11166 MSHR_MERGE:          0
cpu0->cpu0_L2C RFO          ACCESS:        475 HIT:          8 MISS:        467 MSHR_MERGE:          0
cpu0->cpu0_L2C PREFETCH     ACCESS:          0 HIT:          0 MISS:          0 MSHR_MERGE:          0
cpu0->cpu0_L2C WRITE        ACCESS:        469 HIT:        460 MISS:          9 MSHR_MERGE:          0
cpu0->cpu0_L2C TRANSLATION  ACCESS:        283 HIT:          5 MISS:        278 MSHR_MERGE:          0
cpu0->cpu0_L2C PREFETCH REQUESTED:          0 ISSUED:          0 USEFUL:          0 USELESS:          0
cpu0->cpu0_L2C AVERAGE MISS LATENCY: 135.5 cycles
cpu0->cpu0_L1I TOTAL        ACCESS:    4538943 HIT:    4538940 MISS:          3 MSHR_MERGE:          1
cpu0->cpu0_L1I LOAD         ACCESS:    4538943 HIT:    4538940 MISS:          3 MSHR_MERGE:          1
cpu0->cpu0_L1I RFO          ACCESS:          0 HIT:          0 MISS:          0 MSHR_MERGE:          0
cpu0->cpu0_L1I PREFETCH     ACCESS:          0 HIT:          0 MISS:          0 MSHR_MERGE:          0
cpu0->cpu0_L1I WRITE        ACCESS:          0 HIT:          0 MISS:          0 MSHR_MERGE:          0
cpu0->cpu0_L1I TRANSLATION  ACCESS:          0 HIT:          0 MISS:          0 MSHR_MERGE:          0
cpu0->cpu0_L1I PREFETCH REQUESTED:          0 ISSUED:          0 USEFUL:          0 USELESS:          0
cpu0->cpu0_L1I AVERAGE MISS LATENCY: 194.5 cycles
cpu0->cpu0_L1D TOTAL        ACCESS:   10134089 HIT:   10094398 MISS:      39691 MSHR_MERGE:      23008
cpu0->cpu0_L1D LOAD         ACCESS:    7131758 HIT:    7092842 MISS:      38916 MSHR_MERGE:      22991
cpu0->cpu0_L1D RFO          ACCESS:          0 HIT:          0 MISS:          0 MSHR_MERGE:          0
cpu0->cpu0_L1D PREFETCH     ACCESS:          0 HIT:          0 MISS:          0 MSHR_MERGE:          0
cpu0->cpu0_L1D WRITE        ACCESS:    3002019 HIT:    3001527 MISS:        492 MSHR_MERGE:         17
cpu0->cpu0_L1D TRANSLATION  ACCESS:        312 HIT:         29 MISS:        283 MSHR_MERGE:          0
cpu0->cpu0_L1D PREFETCH REQUESTED:          0 ISSUED:          0 USEFUL:          0 USELESS:          0
cpu0->cpu0_L1D AVERAGE MISS LATENCY: 105.6 cycles
cpu0->cpu0_ITLB TOTAL        ACCESS:    4157219 HIT:    4157219 MISS:          0 MSHR_MERGE:          0
cpu0->cpu0_ITLB LOAD         ACCESS:    4157219 HIT:    4157219 MISS:          0 MSHR_MERGE:          0
cpu0->cpu0_ITLB RFO          ACCESS:          0 HIT:          0 MISS:          0 MSHR_MERGE:          0
cpu0->cpu0_ITLB PREFETCH     ACCESS:          0 HIT:          0 MISS:          0 MSHR_MERGE:          0
cpu0->cpu0_ITLB WRITE        ACCESS:          0 HIT:          0 MISS:          0 MSHR_MERGE:          0
cpu0->cpu0_ITLB TRANSLATION  ACCESS:          0 HIT:          0 MISS:          0 MSHR_MERGE:          0
cpu0->cpu0_ITLB PREFETCH REQUESTED:          0 ISSUED:          0 USEFUL:          0 USELESS:          0
cpu0->cpu0_ITLB AVERAGE MISS LATENCY: - cycles
cpu0->cpu0_DTLB TOTAL        ACCESS:    9577457 HIT:    9572107 MISS:       5350 MSHR_MERGE:       2133
cpu0->cpu0_DTLB LOAD         ACCESS:    9577457 HIT:    9572107 MISS:       5350 MSHR_MERGE:       2133
cpu0->cpu0_DTLB RFO          ACCESS:          0 HIT:          0 MISS:          0 MSHR_MERGE:          0
cpu0->cpu0_DTLB PREFETCH     ACCESS:          0 HIT:          0 MISS:          0 MSHR_MERGE:          0
cpu0->cpu0_DTLB WRITE        ACCESS:          0 HIT:          0 MISS:          0 MSHR_MERGE:          0
cpu0->cpu0_DTLB TRANSLATION  ACCESS:          0 HIT:          0 MISS:          0 MSHR_MERGE:          0
cpu0->cpu0_DTLB PREFETCH REQUESTED:          0 ISSUED:          0 USEFUL:          0 USELESS:          0
cpu0->cpu0_DTLB AVERAGE MISS LATENCY: 40.73 cycles
cpu0->LLC TOTAL        ACCESS:      12079 HIT:       3024 MISS:       9055 MSHR_MERGE:          0
cpu0->LLC LOAD         ACCESS:      11166 HIT:       2856 MISS:       8310 MSHR_MERGE:          0
cpu0->LLC RFO          ACCESS:        467 HIT:          0 MISS:        467 MSHR_MERGE:          0
cpu0->LLC PREFETCH     ACCESS:          0 HIT:          0 MISS:          0 MSHR_MERGE:          0
cpu0->LLC WRITE        ACCESS:        168 HIT:        168 MISS:          0 MSHR_MERGE:          0
cpu0->LLC TRANSLATION  ACCESS:        278 HIT:          0 MISS:        278 MSHR_MERGE:          0
cpu0->LLC PREFETCH REQUESTED:          0 ISSUED:          0 USEFUL:          0 USELESS:          0
cpu0->LLC AVERAGE MISS LATENCY: 157.7 cycles

DRAM Statistics

Channel 0 RQ ROW_BUFFER_HIT:         78
  ROW_BUFFER_MISS:       8977
  AVG DBUS CONGESTED CYCLE: 2.907
Channel 0 WQ ROW_BUFFER_HIT:          0
  ROW_BUFFER_MISS:          0
  FULL:          0
Channel 0 REFRESHES ISSUED:       1533
