[VMEM] WARNING: physical memory size is smaller than virtual memory size.
WARNING: option --warmup_instructions is deprecated. Use --warmup-instructions instead.
WARNING: option --simulation_instructions is deprecated. Use --simulation-instructions instead.

*** ChampSim Multicore Out-of-Order Simulator ***
Warmup Instructions: 10000000
Simulation Instructions: 50000000
Number of CPUs: 1
Page size: 4096

Off-chip DRAM Size: 16 GiB Channels: 1 Width: 64-bit Data Rate: 3205 MT/s
Heartbeat CPU 0 instructions: 10000000 cycles: 2862811 heartbeat IPC: 3.493 cumulative IPC: 3.493 (Simulation time: 00 hr 00 min 23 sec)
Warmup finished CPU 0 instructions: 10000000 cycles: 2862811 cumulative IPC: 3.493 (Simulation time: 00 hr 00 min 23 sec)
Warmup complete CPU 0 instructions: 10000000 cycles: 2862811 cumulative IPC: 3.493 (Simulation time: 00 hr 00 min 23 sec)
Heartbeat CPU 0 instructions: 20000000 cycles: 10033287 heartbeat IPC: 1.395 cumulative IPC: 1.395 (Simulation time: 00 hr 01 min 06 sec)
Heartbeat CPU 0 instructions: 30000002 cycles: 19791352 heartbeat IPC: 1.025 cumulative IPC: 1.181 (Simulation time: 00 hr 02 min 02 sec)
Heartbeat CPU 0 instructions: 40000004 cycles: 27894233 heartbeat IPC: 1.234 cumulative IPC: 1.198 (Simulation time: 00 hr 02 min 49 sec)
Heartbeat CPU 0 instructions: 50000006 cycles: 37035274 heartbeat IPC: 1.094 cumulative IPC: 1.171 (Simulation time: 00 hr 03 min 43 sec)
Simulation finished CPU 0 instructions: 50000003 cycles: 43623930 cumulative IPC: 1.146 (Simulation time: 00 hr 04 min 37 sec)
Simulation complete CPU 0 instructions: 50000003 cycles: 43623930 cumulative IPC: 1.146 (Simulation time: 00 hr 04 min 37 sec)

ChampSim completed all CPUs

=== Simulation ===
CPU 0 runs /mnt/storage/mipt/microarch/data/traces/627.cam4_s-490B.champsimtrace.xz

Region of Interest Statistics

CPU 0 cumulative IPC: 1.146 instructions: 50000003 cycles: 43623930
CPU 0 Branch Prediction Accuracy: 95.24% MPKI: 4.601 Average ROB Occupancy at Mispredict: 74.4
Branch type MPKI
BRANCH_DIRECT_JUMP: 0.00628
BRANCH_INDIRECT: 0
BRANCH_CONDITIONAL: 4.594
BRANCH_DIRECT_CALL: 0.0001
BRANCH_INDIRECT_CALL: 0
BRANCH_RETURN: 0.00014

cpu0->cpu0_STLB TOTAL        ACCESS:      15735 HIT:      14878 MISS:        857 MSHR_MERGE:          0
cpu0->cpu0_STLB LOAD         ACCESS:      15735 HIT:      14878 MISS:        857 MSHR_MERGE:          0
cpu0->cpu0_STLB RFO          ACCESS:          0 HIT:          0 MISS:          0 MSHR_MERGE:          0
cpu0->cpu0_STLB PREFETCH     ACCESS:          0 HIT:          0 MISS:          0 MSHR_MERGE:          0
cpu0->cpu0_STLB WRITE        ACCESS:          0 HIT:          0 MISS:          0 MSHR_MERGE:          0
cpu0->cpu0_STLB TRANSLATION  ACCESS:          0 HIT:          0 MISS:          0 MSHR_MERGE:          0
cpu0->cpu0_STLB PREFETCH REQUESTED:          0 ISSUED:          0 USEFUL:          0 USELESS:          0
cpu0->cpu0_STLB AVERAGE MISS LATENCY: 697.9 cycles
cpu0->cpu0_L2C TOTAL        ACCESS:    1299482 HIT:     690150 MISS:     609332 MSHR_MERGE:          0
cpu0->cpu0_L2C LOAD         ACCESS:     630686 HIT:     286526 MISS:     344160 MSHR_MERGE:          0
cpu0->cpu0_L2C RFO          ACCESS:     279563 HIT:      16059 MISS:     263504 MSHR_MERGE:          0
cpu0->cpu0_L2C PREFETCH     ACCESS:          0 HIT:          0 MISS:          0 MSHR_MERGE:          0
cpu0->cpu0_L2C WRITE        ACCESS:     388163 HIT:     387561 MISS:        602 MSHR_MERGE:          0
cpu0->cpu0_L2C TRANSLATION  ACCESS:       1070 HIT:          4 MISS:       1066 MSHR_MERGE:          0
cpu0->cpu0_L2C PREFETCH REQUESTED:          0 ISSUED:          0 USEFUL:          0 USELESS:          0
cpu0->cpu0_L2C AVERAGE MISS LATENCY: 120.8 cycles
cpu0->cpu0_L1I TOTAL        ACCESS:    3499663 HIT:    3497251 MISS:       2412 MSHR_MERGE:       1204
cpu0->cpu0_L1I LOAD         ACCESS:    3499663 HIT:    3497251 MISS:       2412 MSHR_MERGE:       1204
cpu0->cpu0_L1I RFO          ACCESS:          0 HIT:          0 MISS:          0 MSHR_MERGE:          0
cpu0->cpu0_L1I PREFETCH     ACCESS:          0 HIT:          0 MISS:          0 MSHR_MERGE:          0
cpu0->cpu0_L1I WRITE        ACCESS:          0 HIT:          0 MISS:          0 MSHR_MERGE:          0
cpu0->cpu0_L1I TRANSLATION  ACCESS:          0 HIT:          0 MISS:          0 MSHR_MERGE:          0
cpu0->cpu0_L1I PREFETCH REQUESTED:          0 ISSUED:          0 USEFUL:          0 USELESS:          0
cpu0->cpu0_L1I AVERAGE MISS LATENCY: 263.9 cycles
cpu0->cpu0_L1D TOTAL        ACCESS:    9927663 HIT:    7244578 MISS:    2683085 MSHR_MERGE:    1772973
cpu0->cpu0_L1D LOAD         ACCESS:    6617330 HIT:    5256156 MISS:    1361174 MSHR_MERGE:     731696
cpu0->cpu0_L1D RFO          ACCESS:          0 HIT:          0 MISS:          0 MSHR_MERGE:          0
cpu0->cpu0_L1D PREFETCH     ACCESS:          0 HIT:          0 MISS:          0 MSHR_MERGE:          0
cpu0->cpu0_L1D WRITE        ACCESS:    3308614 HIT:    1987774 MISS:    1320840 MSHR_MERGE:    1041276
cpu0->cpu0_L1D TRANSLATION  ACCESS:       1719 HIT:        648 MISS:       1071 MSHR_MERGE:          1
cpu0->cpu0_L1D PREFETCH REQUESTED:          0 ISSUED:          0 USEFUL:          0 USELESS:          0
cpu0->cpu0_L1D AVERAGE MISS LATENCY: 89.23 cycles
cpu0->cpu0_ITLB TOTAL        ACCESS:    3149627 HIT:    3149605 MISS:         22 MSHR_MERGE:         16
cpu0->cpu0_ITLB LOAD         ACCESS:    3149627 HIT:    3149605 MISS:         22 MSHR_MERGE:         16
cpu0->cpu0_ITLB RFO          ACCESS:          0 HIT:          0 MISS:          0 MSHR_MERGE:          0
cpu0->cpu0_ITLB PREFETCH     ACCESS:          0 HIT:          0 MISS:          0 MSHR_MERGE:          0
cpu0->cpu0_ITLB WRITE        ACCESS:          0 HIT:          0 MISS:          0 MSHR_MERGE:          0
cpu0->cpu0_ITLB TRANSLATION  ACCESS:          0 HIT:          0 MISS:          0 MSHR_MERGE:          0
cpu0->cpu0_ITLB PREFETCH REQUESTED:          0 ISSUED:          0 USEFUL:          0 USELESS:          0
cpu0->cpu0_ITLB AVERAGE MISS LATENCY: 888.2 cycles
cpu0->cpu0_DTLB TOTAL        ACCESS:    9622297 HIT:    9594619 MISS:      27678 MSHR_MERGE:      11949
cpu0->cpu0_DTLB LOAD         ACCESS:    9622297 HIT:    9594619 MISS:      27678 MSHR_MERGE:      11949
cpu0->cpu0_DTLB RFO          ACCESS:          0 HIT:          0 MISS:          0 MSHR_MERGE:          0
cpu0->cpu0_DTLB PREFETCH     ACCESS:          0 HIT:          0 MISS:          0 MSHR_MERGE:          0
cpu0->cpu0_DTLB WRITE        ACCESS:          0 HIT:          0 MISS:          0 MSHR_MERGE:          0
cpu0->cpu0_DTLB TRANSLATION  ACCESS:          0 HIT:          0 MISS:          0 MSHR_MERGE:          0
cpu0->cpu0_DTLB PREFETCH REQUESTED:          0 ISSUED:          0 USEFUL:          0 USELESS:          0
cpu0->cpu0_DTLB AVERAGE MISS LATENCY: 42.75 cycles
cpu0->LLC TOTAL        ACCESS:     927007 HIT:     688500 MISS:     238507 MSHR_MERGE:          0
cpu0->LLC LOAD         ACCESS:     344160 HIT:     239800 MISS:     104360 MSHR_MERGE:          0
cpu0->LLC RFO          ACCESS:     263503 HIT:     130430 MISS:     133073 MSHR_MERGE:          0
cpu0->LLC PREFETCH     ACCESS:          0 HIT:          0 MISS:          0 MSHR_MERGE:          0
cpu0->LLC WRITE        ACCESS:     318278 HIT:     318264 MISS:         14 MSHR_MERGE:          0
cpu0->LLC TRANSLATION  ACCESS:       1066 HIT:          6 MISS:       1060 MSHR_MERGE:          0
cpu0->LLC PREFETCH REQUESTED:          0 ISSUED:          0 USEFUL:          0 USELESS:          0
cpu0->LLC AVERAGE MISS LATENCY: 269.1 cycles

DRAM Statistics

Channel 0 RQ ROW_BUFFER_HIT:      13562
  ROW_BUFFER_MISS:     224571
  AVG DBUS CONGESTED CYCLE: 9.596
Channel 0 WQ ROW_BUFFER_HIT:      42725
  ROW_BUFFER_MISS:     139283
  FULL:        105
Channel 0 REFRESHES ISSUED:       3635
