[VMEM] WARNING: physical memory size is smaller than virtual memory size.
WARNING: option --warmup_instructions is deprecated. Use --warmup-instructions instead.
WARNING: option --simulation_instructions is deprecated. Use --simulation-instructions instead.

*** ChampSim Multicore Out-of-Order Simulator ***
Warmup Instructions: 10000000
Simulation Instructions: 50000000
Number of CPUs: 1
Page size: 4096

Off-chip DRAM Size: 16 GiB Channels: 1 Width: 64-bit Data Rate: 3205 MT/s
Heartbeat CPU 0 instructions: 10000002 cycles: 2820846 heartbeat IPC: 3.545 cumulative IPC: 3.545 (Simulation time: 00 hr 00 min 23 sec)
Warmup finished CPU 0 instructions: 10000002 cycles: 2820846 cumulative IPC: 3.545 (Simulation time: 00 hr 00 min 23 sec)
Warmup complete CPU 0 instructions: 10000002 cycles: 2820846 cumulative IPC: 3.545 (Simulation time: 00 hr 00 min 23 sec)
Heartbeat CPU 0 instructions: 20000003 cycles: 10904381 heartbeat IPC: 1.237 cumulative IPC: 1.237 (Simulation time: 00 hr 01 min 08 sec)
Heartbeat CPU 0 instructions: 30000004 cycles: 18997774 heartbeat IPC: 1.236 cumulative IPC: 1.236 (Simulation time: 00 hr 01 min 54 sec)
Heartbeat CPU 0 instructions: 40000006 cycles: 27093328 heartbeat IPC: 1.235 cumulative IPC: 1.236 (Simulation time: 00 hr 02 min 40 sec)
Heartbeat CPU 0 instructions: 50000010 cycles: 35055248 heartbeat IPC: 1.256 cumulative IPC: 1.241 (Simulation time: 00 hr 03 min 25 sec)
Simulation finished CPU 0 instructions: 50000004 cycles: 40228032 cumulative IPC: 1.243 (Simulation time: 00 hr 04 min 10 sec)
Simulation complete CPU 0 instructions: 50000004 cycles: 40228032 cumulative IPC: 1.243 (Simulation time: 00 hr 04 min 10 sec)

ChampSim completed all CPUs

=== Simulation ===
CPU 0 runs /mnt/storage/mipt/microarch/data/traces/628.pop2_s-17B.champsimtrace.xz

Region of Interest Statistics

CPU 0 cumulative IPC: 1.243 instructions: 50000004 cycles: 40228032
CPU 0 Branch Prediction Accuracy: 97.04% MPKI: 3.386 Average ROB Occupancy at Mispredict: 106.8
Branch type MPKI
BRANCH_DIRECT_JUMP: 0.05126
BRANCH_INDIRECT: 0.00164
BRANCH_CONDITIONAL: 3.333
BRANCH_DIRECT_CALL: 0
BRANCH_INDIRECT_CALL: 0
BRANCH_RETURN: 0

cpu0->cpu0_STLB TOTAL        ACCESS:      43970 HIT:      41506 MISS:       2464 MSHR_MERGE:          0
cpu0->cpu0_STLB LOAD         ACCESS:      43970 HIT:      41506 MISS:       2464 MSHR_MERGE:          0
cpu0->cpu0_STLB RFO          ACCESS:          0 HIT:          0 MISS:          0 MSHR_MERGE:          0
cpu0->cpu0_STLB PREFETCH     ACCESS:          0 HIT:          0 MISS:          0 MSHR_MERGE:          0
cpu0->cpu0_STLB WRITE        ACCESS:          0 HIT:          0 MISS:          0 MSHR_MERGE:          0
cpu0->cpu0_STLB TRANSLATION  ACCESS:          0 HIT:          0 MISS:          0 MSHR_MERGE:          0
cpu0->cpu0_STLB PREFETCH REQUESTED:          0 ISSUED:          0 USEFUL:          0 USELESS:          0
cpu0->cpu0_STLB AVERAGE MISS LATENCY: 745.1 cycles
cpu0->cpu0_L2C TOTAL        ACCESS:    1496770 HIT:    1032110 MISS:     464660 MSHR_MERGE:          0
cpu0->cpu0_L2C LOAD         ACCESS:     812820 HIT:     463450 MISS:     349370 MSHR_MERGE:          0
cpu0->cpu0_L2C RFO          ACCESS:     273774 HIT:     163475 MISS:     110299 MSHR_MERGE:          0
cpu0->cpu0_L2C PREFETCH     ACCESS:          0 HIT:          0 MISS:          0 MSHR_MERGE:          0
cpu0->cpu0_L2C WRITE        ACCESS:     404949 HIT:     404926 MISS:         23 MSHR_MERGE:          0
cpu0->cpu0_L2C TRANSLATION  ACCESS:       5227 HIT:        259 MISS:       4968 MSHR_MERGE:          0
cpu0->cpu0_L2C PREFETCH REQUESTED:          0 ISSUED:          0 USEFUL:          0 USELESS:          0
cpu0->cpu0_L2C AVERAGE MISS LATENCY: 78.55 cycles
cpu0->cpu0_L1I TOTAL        ACCESS:    3856996 HIT:    3741557 MISS:     115439 MSHR_MERGE:      56295
cpu0->cpu0_L1I LOAD         ACCESS:    3856996 HIT:    3741557 MISS:     115439 MSHR_MERGE:      56295
cpu0->cpu0_L1I RFO          ACCESS:          0 HIT:          0 MISS:          0 MSHR_MERGE:          0
cpu0->cpu0_L1I PREFETCH     ACCESS:          0 HIT:          0 MISS:          0 MSHR_MERGE:          0
cpu0->cpu0_L1I WRITE        ACCESS:          0 HIT:          0 MISS:          0 MSHR_MERGE:          0
cpu0->cpu0_L1I TRANSLATION  ACCESS:          0 HIT:          0 MISS:          0 MSHR_MERGE:          0
cpu0->cpu0_L1I PREFETCH REQUESTED:          0 ISSUED:          0 USEFUL:          0 USELESS:          0
cpu0->cpu0_L1I AVERAGE MISS LATENCY: 21.89 cycles
cpu0->cpu0_L1D TOTAL        ACCESS:   13007426 HIT:   10656570 MISS:    2350856 MSHR_MERGE:    1318173
cpu0->cpu0_L1D LOAD         ACCESS:    9221897 HIT:    7796210 MISS:    1425687 MSHR_MERGE:     672010
cpu0->cpu0_L1D RFO          ACCESS:          0 HIT:          0 MISS:          0 MSHR_MERGE:          0
cpu0->cpu0_L1D PREFETCH     ACCESS:          0 HIT:          0 MISS:          0 MSHR_MERGE:          0
cpu0->cpu0_L1D WRITE        ACCESS:    3779784 HIT:    2859991 MISS:     919793 MSHR_MERGE:     646014
cpu0->cpu0_L1D TRANSLATION  ACCESS:       5745 HIT:        369 MISS:       5376 MSHR_MERGE:        149
cpu0->cpu0_L1D PREFETCH REQUESTED:          0 ISSUED:          0 USEFUL:          0 USELESS:          0
cpu0->cpu0_L1D AVERAGE MISS LATENCY: 43 cycles
cpu0->cpu0_ITLB TOTAL        ACCESS:    3151326 HIT:    3145033 MISS:       6293 MSHR_MERGE:       3814
cpu0->cpu0_ITLB LOAD         ACCESS:    3151326 HIT:    3145033 MISS:       6293 MSHR_MERGE:       3814
cpu0->cpu0_ITLB RFO          ACCESS:          0 HIT:          0 MISS:          0 MSHR_MERGE:          0
cpu0->cpu0_ITLB PREFETCH     ACCESS:          0 HIT:          0 MISS:          0 MSHR_MERGE:          0
cpu0->cpu0_ITLB WRITE        ACCESS:          0 HIT:          0 MISS:          0 MSHR_MERGE:          0
cpu0->cpu0_ITLB TRANSLATION  ACCESS:          0 HIT:          0 MISS:          0 MSHR_MERGE:          0
cpu0->cpu0_ITLB PREFETCH REQUESTED:          0 ISSUED:          0 USEFUL:          0 USELESS:          0
cpu0->cpu0_ITLB AVERAGE MISS LATENCY: 5 cycles
cpu0->cpu0_DTLB TOTAL        ACCESS:   12514057 HIT:   12441718 MISS:      72339 MSHR_MERGE:      30848
cpu0->cpu0_DTLB LOAD         ACCESS:   12514057 HIT:   12441718 MISS:      72339 MSHR_MERGE:      30848
cpu0->cpu0_DTLB RFO          ACCESS:          0 HIT:          0 MISS:          0 MSHR_MERGE:          0
cpu0->cpu0_DTLB PREFETCH     ACCESS:          0 HIT:          0 MISS:          0 MSHR_MERGE:          0
cpu0->cpu0_DTLB WRITE        ACCESS:          0 HIT:          0 MISS:          0 MSHR_MERGE:          0
cpu0->cpu0_DTLB TRANSLATION  ACCESS:          0 HIT:          0 MISS:          0 MSHR_MERGE:          0
cpu0->cpu0_DTLB PREFETCH REQUESTED:          0 ISSUED:          0 USEFUL:          0 USELESS:          0
cpu0->cpu0_DTLB AVERAGE MISS LATENCY: 49.31 cycles
cpu0->LLC TOTAL        ACCESS:     641276 HIT:     487001 MISS:     154275 MSHR_MERGE:          0
cpu0->LLC LOAD         ACCESS:     349370 HIT:     210660 MISS:     138710 MSHR_MERGE:          0
cpu0->LLC RFO          ACCESS:     110299 HIT:      99451 MISS:      10848 MSHR_MERGE:          0
cpu0->LLC PREFETCH     ACCESS:          0 HIT:          0 MISS:          0 MSHR_MERGE:          0
cpu0->LLC WRITE        ACCESS:     176639 HIT:     175466 MISS:       1173 MSHR_MERGE:          0
cpu0->LLC TRANSLATION  ACCESS:       4968 HIT:       1424 MISS:       3544 MSHR_MERGE:          0
cpu0->LLC PREFETCH REQUESTED:          0 ISSUED:          0 USEFUL:          0 USELESS:          0
cpu0->LLC AVERAGE MISS LATENCY: 190.4 cycles

DRAM Statistics

Channel 0 RQ ROW_BUFFER_HIT:       4213
  ROW_BUFFER_MISS:     148889
  AVG DBUS CONGESTED CYCLE: 15.86
Channel 0 WQ ROW_BUFFER_HIT:      12168
  ROW_BUFFER_MISS:      32372
  FULL:          0
Channel 0 REFRESHES ISSUED:       3352
