[VMEM] WARNING: physical memory size is smaller than virtual memory size.
WARNING: option --warmup_instructions is deprecated. Use --warmup-instructions instead.
WARNING: option --simulation_instructions is deprecated. Use --simulation-instructions instead.

*** ChampSim Multicore Out-of-Order Simulator ***
Warmup Instructions: 10000000
Simulation Instructions: 50000000
Number of CPUs: 1
Page size: 4096

Off-chip DRAM Size: 16 GiB Channels: 1 Width: 64-bit Data Rate: 3205 MT/s
Heartbeat CPU 0 instructions: 10000001 cycles: 3398657 heartbeat IPC: 2.942 cumulative IPC: 2.942 (Simulation time: 00 hr 00 min 30 sec)
Warmup finished CPU 0 instructions: 10000001 cycles: 3398657 cumulative IPC: 2.942 (Simulation time: 00 hr 00 min 30 sec)
Warmup complete CPU 0 instructions: 10000001 cycles: 3398657 cumulative IPC: 2.942 (Simulation time: 00 hr 00 min 30 sec)
Heartbeat CPU 0 instructions: 20000002 cycles: 11982667 heartbeat IPC: 1.165 cumulative IPC: 1.165 (Simulation time: 00 hr 01 min 17 sec)
Heartbeat CPU 0 instructions: 30000005 cycles: 20495908 heartbeat IPC: 1.175 cumulative IPC: 1.17 (Simulation time: 00 hr 02 min 03 sec)
Heartbeat CPU 0 instructions: 40000005 cycles: 28982583 heartbeat IPC: 1.178 cumulative IPC: 1.173 (Simulation time: 00 hr 02 min 49 sec)
Heartbeat CPU 0 instructions: 50000009 cycles: 37497831 heartbeat IPC: 1.174 cumulative IPC: 1.173 (Simulation time: 00 hr 03 min 35 sec)
Simulation finished CPU 0 instructions: 50000003 cycles: 42821661 cumulative IPC: 1.168 (Simulation time: 00 hr 04 min 22 sec)
Simulation complete CPU 0 instructions: 50000003 cycles: 42821661 cumulative IPC: 1.168 (Simulation time: 00 hr 04 min 22 sec)

ChampSim completed all CPUs

=== Simulation ===
CPU 0 runs /mnt/storage/mipt/microarch/data/traces/631.deepsjeng_s-928B.champsimtrace.xz

Region of Interest Statistics

CPU 0 cumulative IPC: 1.168 instructions: 50000003 cycles: 42821661
CPU 0 Branch Prediction Accuracy: 91.85% MPKI: 12.11 Average ROB Occupancy at Mispredict: 37.38
Branch type MPKI
BRANCH_DIRECT_JUMP: 0.01754
BRANCH_INDIRECT: 0.01102
BRANCH_CONDITIONAL: 11.58
BRANCH_DIRECT_CALL: 0.01738
BRANCH_INDIRECT_CALL: 0
BRANCH_RETURN: 0.4758

cpu0->cpu0_STLB TOTAL        ACCESS:      13767 HIT:       4628 MISS:       9139 MSHR_MERGE:          0
cpu0->cpu0_STLB LOAD         ACCESS:      13767 HIT:       4628 MISS:       9139 MSHR_MERGE:          0
cpu0->cpu0_STLB RFO          ACCESS:          0 HIT:          0 MISS:          0 MSHR_MERGE:          0
cpu0->cpu0_STLB PREFETCH     ACCESS:          0 HIT:          0 MISS:          0 MSHR_MERGE:          0
cpu0->cpu0_STLB WRITE        ACCESS:          0 HIT:          0 MISS:          0 MSHR_MERGE:          0
cpu0->cpu0_STLB TRANSLATION  ACCESS:          0 HIT:          0 MISS:          0 MSHR_MERGE:          0
cpu0->cpu0_STLB PREFETCH REQUESTED:          0 ISSUED:          0 USEFUL:          0 USELESS:          0
cpu0->cpu0_STLB AVERAGE MISS LATENCY: 852 cycles
cpu0->cpu0_L2C TOTAL        ACCESS:     144224 HIT:     104532 MISS:      39692 MSHR_MERGE:          0
cpu0->cpu0_L2C LOAD         ACCESS:      75363 HIT:      59998 MISS:      15365 MSHR_MERGE:          0
cpu0->cpu0_L2C RFO          ACCESS:      14818 HIT:      13875 MISS:        943 MSHR_MERGE:          0
cpu0->cpu0_L2C PREFETCH     ACCESS:          0 HIT:          0 MISS:          0 MSHR_MERGE:          0
cpu0->cpu0_L2C WRITE        ACCESS:      27229 HIT:      27180 MISS:         49 MSHR_MERGE:          0
cpu0->cpu0_L2C TRANSLATION  ACCESS:      26814 HIT:       3479 MISS:      23335 MSHR_MERGE:          0
cpu0->cpu0_L2C PREFETCH REQUESTED:          0 ISSUED:          0 USEFUL:          0 USELESS:          0
cpu0->cpu0_L2C AVERAGE MISS LATENCY: 154 cycles
cpu0->cpu0_L1I TOTAL        ACCESS:    5927710 HIT:    5868786 MISS:      58924 MSHR_MERGE:      13927
cpu0->cpu0_L1I LOAD         ACCESS:    5927710 HIT:    5868786 MISS:      58924 MSHR_MERGE:      13927
cpu0->cpu0_L1I RFO          ACCESS:          0 HIT:          0 MISS:          0 MSHR_MERGE:          0
cpu0->cpu0_L1I PREFETCH     ACCESS:          0 HIT:          0 MISS:          0 MSHR_MERGE:          0
cpu0->cpu0_L1I WRITE        ACCESS:          0 HIT:          0 MISS:          0 MSHR_MERGE:          0
cpu0->cpu0_L1I TRANSLATION  ACCESS:          0 HIT:          0 MISS:          0 MSHR_MERGE:          0
cpu0->cpu0_L1I PREFETCH REQUESTED:          0 ISSUED:          0 USEFUL:          0 USELESS:          0
cpu0->cpu0_L1I AVERAGE MISS LATENCY: 7.296 cycles
cpu0->cpu0_L1D TOTAL        ACCESS:   15024343 HIT:   14917716 MISS:     106627 MSHR_MERGE:      34625
cpu0->cpu0_L1D LOAD         ACCESS:    9030406 HIT:    8989814 MISS:      40592 MSHR_MERGE:      10222
cpu0->cpu0_L1D RFO          ACCESS:          0 HIT:          0 MISS:          0 MSHR_MERGE:          0
cpu0->cpu0_L1D PREFETCH     ACCESS:          0 HIT:          0 MISS:          0 MSHR_MERGE:          0
cpu0->cpu0_L1D WRITE        ACCESS:    5966388 HIT:    5927225 MISS:      39163 MSHR_MERGE:      24345
cpu0->cpu0_L1D TRANSLATION  ACCESS:      27549 HIT:        677 MISS:      26872 MSHR_MERGE:         58
cpu0->cpu0_L1D PREFETCH REQUESTED:          0 ISSUED:          0 USEFUL:          0 USELESS:          0
cpu0->cpu0_L1D AVERAGE MISS LATENCY: 93.31 cycles
cpu0->cpu0_ITLB TOTAL        ACCESS:    5034578 HIT:    5034578 MISS:          0 MSHR_MERGE:          0
cpu0->cpu0_ITLB LOAD         ACCESS:    5034578 HIT:    5034578 MISS:          0 MSHR_MERGE:          0
cpu0->cpu0_ITLB RFO          ACCESS:          0 HIT:          0 MISS:          0 MSHR_MERGE:          0
cpu0->cpu0_ITLB PREFETCH     ACCESS:          0 HIT:          0 MISS:          0 MSHR_MERGE:          0
cpu0->cpu0_ITLB WRITE        ACCESS:          0 HIT:          0 MISS:          0 MSHR_MERGE:          0
cpu0->cpu0_ITLB TRANSLATION  ACCESS:          0 HIT:          0 MISS:          0 MSHR_MERGE:          0
cpu0->cpu0_ITLB PREFETCH REQUESTED:          0 ISSUED:          0 USEFUL:          0 USELESS:          0
cpu0->cpu0_ITLB AVERAGE MISS LATENCY: - cycles
cpu0->cpu0_DTLB TOTAL        ACCESS:   14063222 HIT:   14036853 MISS:      26369 MSHR_MERGE:      12602
cpu0->cpu0_DTLB LOAD         ACCESS:   14063222 HIT:   14036853 MISS:      26369 MSHR_MERGE:      12602
cpu0->cpu0_DTLB RFO          ACCESS:          0 HIT:          0 MISS:          0 MSHR_MERGE:          0
cpu0->cpu0_DTLB PREFETCH     ACCESS:          0 HIT:          0 MISS:          0 MSHR_MERGE:          0
cpu0->cpu0_DTLB WRITE        ACCESS:          0 HIT:          0 MISS:          0 MSHR_MERGE:          0
cpu0->cpu0_DTLB TRANSLATION  ACCESS:          0 HIT:          0 MISS:          0 MSHR_MERGE:          0
cpu0->cpu0_DTLB PREFETCH REQUESTED:          0 ISSUED:          0 USEFUL:          0 USELESS:          0
cpu0->cpu0_DTLB AVERAGE MISS LATENCY: 571.3 cycles
cpu0->LLC TOTAL        ACCESS:      50448 HIT:      16455 MISS:      33993 MSHR_MERGE:          0
cpu0->LLC LOAD         ACCESS:      15365 HIT:       1073 MISS:      14292 MSHR_MERGE:          0
cpu0->LLC RFO          ACCESS:        943 HIT:        556 MISS:        387 MSHR_MERGE:          0
cpu0->LLC PREFETCH     ACCESS:          0 HIT:          0 MISS:          0 MSHR_MERGE:          0
cpu0->LLC WRITE        ACCESS:      10805 HIT:      10755 MISS:         50 MSHR_MERGE:          0
cpu0->LLC TRANSLATION  ACCESS:      23335 HIT:       4071 MISS:      19264 MSHR_MERGE:          0
cpu0->LLC PREFETCH REQUESTED:          0 ISSUED:          0 USEFUL:          0 USELESS:          0
cpu0->LLC AVERAGE MISS LATENCY: 161.3 cycles

DRAM Statistics

Channel 0 RQ ROW_BUFFER_HIT:         17
  ROW_BUFFER_MISS:      33926
  AVG DBUS CONGESTED CYCLE: 5.97
Channel 0 WQ ROW_BUFFER_HIT:         56
  ROW_BUFFER_MISS:       3203
  FULL:          0
Channel 0 REFRESHES ISSUED:       3568
