[VMEM] WARNING: physical memory size is smaller than virtual memory size.
WARNING: option --warmup_instructions is deprecated. Use --warmup-instructions instead.
WARNING: option --simulation_instructions is deprecated. Use --simulation-instructions instead.

*** ChampSim Multicore Out-of-Order Simulator ***
Warmup Instructions: 10000000
Simulation Instructions: 50000000
Number of CPUs: 1
Page size: 4096

Off-chip DRAM Size: 16 GiB Channels: 1 Width: 64-bit Data Rate: 3205 MT/s
Heartbeat CPU 0 instructions: 10000000 cycles: 2627408 heartbeat IPC: 3.806 cumulative IPC: 3.806 (Simulation time: 00 hr 00 min 24 sec)
Warmup finished CPU 0 instructions: 10000000 cycles: 2627408 cumulative IPC: 3.806 (Simulation time: 00 hr 00 min 24 sec)
Warmup complete CPU 0 instructions: 10000000 cycles: 2627408 cumulative IPC: 3.806 (Simulation time: 00 hr 00 min 24 sec)
Heartbeat CPU 0 instructions: 20000003 cycles: 16162029 heartbeat IPC: 0.7388 cumulative IPC: 0.7388 (Simulation time: 00 hr 01 min 32 sec)
Heartbeat CPU 0 instructions: 30000004 cycles: 25416082 heartbeat IPC: 1.081 cumulative IPC: 0.8776 (Simulation time: 00 hr 02 min 21 sec)
Heartbeat CPU 0 instructions: 40000004 cycles: 34251595 heartbeat IPC: 1.132 cumulative IPC: 0.9486 (Simulation time: 00 hr 03 min 06 sec)
Heartbeat CPU 0 instructions: 50000007 cycles: 43015323 heartbeat IPC: 1.141 cumulative IPC: 0.9904 (Simulation time: 00 hr 03 min 51 sec)
Simulation finished CPU 0 instructions: 50000000 cycles: 49255384 cumulative IPC: 1.015 (Simulation time: 00 hr 04 min 33 sec)
Simulation complete CPU 0 instructions: 50000000 cycles: 49255384 cumulative IPC: 1.015 (Simulation time: 00 hr 04 min 33 sec)

ChampSim completed all CPUs

=== Simulation ===
CPU 0 runs /mnt/storage/mipt/microarch/data/traces/641.leela_s-149B.champsimtrace.xz

Region of Interest Statistics

CPU 0 cumulative IPC: 1.015 instructions: 50000000 cycles: 49255384
CPU 0 Branch Prediction Accuracy: 90% MPKI: 16.91 Average ROB Occupancy at Mispredict: 24.16
Branch type MPKI
BRANCH_DIRECT_JUMP: 0.1049
BRANCH_INDIRECT: 0.0134
BRANCH_CONDITIONAL: 16.75
BRANCH_DIRECT_CALL: 0.00596
BRANCH_INDIRECT_CALL: 0.0036
BRANCH_RETURN: 0.0321

cpu0->cpu0_STLB TOTAL        ACCESS:      20374 HIT:      19824 MISS:        550 MSHR_MERGE:          0
cpu0->cpu0_STLB LOAD         ACCESS:      20374 HIT:      19824 MISS:        550 MSHR_MERGE:          0
cpu0->cpu0_STLB RFO          ACCESS:          0 HIT:          0 MISS:          0 MSHR_MERGE:          0
cpu0->cpu0_STLB PREFETCH     ACCESS:          0 HIT:          0 MISS:          0 MSHR_MERGE:          0
cpu0->cpu0_STLB WRITE        ACCESS:          0 HIT:          0 MISS:          0 MSHR_MERGE:          0
cpu0->cpu0_STLB TRANSLATION  ACCESS:          0 HIT:          0 MISS:          0 MSHR_MERGE:          0
cpu0->cpu0_STLB PREFETCH REQUESTED:          0 ISSUED:          0 USEFUL:          0 USELESS:          0
cpu0->cpu0_STLB AVERAGE MISS LATENCY: 739 cycles
cpu0->cpu0_L2C TOTAL        ACCESS:     308643 HIT:     209297 MISS:      99346 MSHR_MERGE:          0
cpu0->cpu0_L2C LOAD         ACCESS:     137342 HIT:      77696 MISS:      59646 MSHR_MERGE:          0
cpu0->cpu0_L2C RFO          ACCESS:      66587 HIT:      27798 MISS:      38789 MSHR_MERGE:          0
cpu0->cpu0_L2C PREFETCH     ACCESS:          0 HIT:          0 MISS:          0 MSHR_MERGE:          0
cpu0->cpu0_L2C WRITE        ACCESS:     103821 HIT:     103798 MISS:         23 MSHR_MERGE:          0
cpu0->cpu0_L2C TRANSLATION  ACCESS:        893 HIT:          5 MISS:        888 MSHR_MERGE:          0
cpu0->cpu0_L2C PREFETCH REQUESTED:          0 ISSUED:          0 USEFUL:          0 USELESS:          0
cpu0->cpu0_L2C AVERAGE MISS LATENCY: 64.4 cycles
cpu0->cpu0_L1I TOTAL        ACCESS:    5748032 HIT:    5727641 MISS:      20391 MSHR_MERGE:       7882
cpu0->cpu0_L1I LOAD         ACCESS:    5748032 HIT:    5727641 MISS:      20391 MSHR_MERGE:       7882
cpu0->cpu0_L1I RFO          ACCESS:          0 HIT:          0 MISS:          0 MSHR_MERGE:          0
cpu0->cpu0_L1I PREFETCH     ACCESS:          0 HIT:          0 MISS:          0 MSHR_MERGE:          0
cpu0->cpu0_L1I WRITE        ACCESS:          0 HIT:          0 MISS:          0 MSHR_MERGE:          0
cpu0->cpu0_L1I TRANSLATION  ACCESS:          0 HIT:          0 MISS:          0 MSHR_MERGE:          0
cpu0->cpu0_L1I PREFETCH REQUESTED:          0 ISSUED:          0 USEFUL:          0 USELESS:          0
cpu0->cpu0_L1I AVERAGE MISS LATENCY: 20.67 cycles
cpu0->cpu0_L1D TOTAL        ACCESS:   15750804 HIT:   15285456 MISS:     465348 MSHR_MERGE:     273034
cpu0->cpu0_L1D LOAD         ACCESS:    9140975 HIT:    8956406 MISS:     184569 MSHR_MERGE:      59735
cpu0->cpu0_L1D RFO          ACCESS:          0 HIT:          0 MISS:          0 MSHR_MERGE:          0
cpu0->cpu0_L1D PREFETCH     ACCESS:          0 HIT:          0 MISS:          0 MSHR_MERGE:          0
cpu0->cpu0_L1D WRITE        ACCESS:    6608728 HIT:    6328842 MISS:     279886 MSHR_MERGE:     213299
cpu0->cpu0_L1D TRANSLATION  ACCESS:       1101 HIT:        208 MISS:        893 MSHR_MERGE:          0
cpu0->cpu0_L1D PREFETCH REQUESTED:          0 ISSUED:          0 USEFUL:          0 USELESS:          0
cpu0->cpu0_L1D AVERAGE MISS LATENCY: 40.99 cycles
cpu0->cpu0_ITLB TOTAL        ACCESS:    5141145 HIT:    5140535 MISS:        610 MSHR_MERGE:        323
cpu0->cpu0_ITLB LOAD         ACCESS:    5141145 HIT:    5140535 MISS:        610 MSHR_MERGE:        323
cpu0->cpu0_ITLB RFO          ACCESS:          0 HIT:          0 MISS:          0 MSHR_MERGE:          0
cpu0->cpu0_ITLB PREFETCH     ACCESS:          0 HIT:          0 MISS:          0 MSHR_MERGE:          0
cpu0->cpu0_ITLB WRITE        ACCESS:          0 HIT:          0 MISS:          0 MSHR_MERGE:          0
cpu0->cpu0_ITLB TRANSLATION  ACCESS:          0 HIT:          0 MISS:          0 MSHR_MERGE:          0
cpu0->cpu0_ITLB PREFETCH REQUESTED:          0 ISSUED:          0 USEFUL:          0 USELESS:          0
cpu0->cpu0_ITLB AVERAGE MISS LATENCY: 121.2 cycles
cpu0->cpu0_DTLB TOTAL        ACCESS:   14915309 HIT:   14889242 MISS:      26067 MSHR_MERGE:       5980
cpu0->cpu0_DTLB LOAD         ACCESS:   14915309 HIT:   14889242 MISS:      26067 MSHR_MERGE:       5980
cpu0->cpu0_DTLB RFO          ACCESS:          0 HIT:          0 MISS:          0 MSHR_MERGE:          0
cpu0->cpu0_DTLB PREFETCH     ACCESS:          0 HIT:          0 MISS:          0 MSHR_MERGE:          0
cpu0->cpu0_DTLB WRITE        ACCESS:          0 HIT:          0 MISS:          0 MSHR_MERGE:          0
cpu0->cpu0_DTLB TRANSLATION  ACCESS:          0 HIT:          0 MISS:          0 MSHR_MERGE:          0
cpu0->cpu0_DTLB PREFETCH REQUESTED:          0 ISSUED:          0 USEFUL:          0 USELESS:          0
cpu0->cpu0_DTLB AVERAGE MISS LATENCY: 23.6 cycles
cpu0->LLC TOTAL        ACCESS:     160960 HIT:     132610 MISS:      28350 MSHR_MERGE:          0
cpu0->LLC LOAD         ACCESS:      59646 HIT:      40646 MISS:      19000 MSHR_MERGE:          0
cpu0->LLC RFO          ACCESS:      38789 HIT:      30324 MISS:       8465 MSHR_MERGE:          0
cpu0->LLC PREFETCH     ACCESS:          0 HIT:          0 MISS:          0 MSHR_MERGE:          0
cpu0->LLC WRITE        ACCESS:      61637 HIT:      61635 MISS:          2 MSHR_MERGE:          0
cpu0->LLC TRANSLATION  ACCESS:        888 HIT:          5 MISS:        883 MSHR_MERGE:          0
cpu0->LLC PREFETCH REQUESTED:          0 ISSUED:          0 USEFUL:          0 USELESS:          0
cpu0->LLC AVERAGE MISS LATENCY: 172.1 cycles

DRAM Statistics

Channel 0 RQ ROW_BUFFER_HIT:       2679
  ROW_BUFFER_MISS:      25655
  AVG DBUS CONGESTED CYCLE: 13.61
Channel 0 WQ ROW_BUFFER_HIT:        523
  ROW_BUFFER_MISS:       2232
  FULL:          0
Channel 0 REFRESHES ISSUED:       4105
