[VMEM] WARNING: physical memory size is smaller than virtual memory size.
WARNING: option --warmup_instructions is deprecated. Use --warmup-instructions instead.
WARNING: option --simulation_instructions is deprecated. Use --simulation-instructions instead.

*** ChampSim Multicore Out-of-Order Simulator ***
Warmup Instructions: 10000000
Simulation Instructions: 50000000
Number of CPUs: 1
Page size: 4096

Off-chip DRAM Size: 16 GiB Channels: 1 Width: 64-bit Data Rate: 3205 MT/s
Heartbeat CPU 0 instructions: 10000001 cycles: 2560982 heartbeat IPC: 3.905 cumulative IPC: 3.905 (Simulation time: 00 hr 00 min 23 sec)
Warmup finished CPU 0 instructions: 10000001 cycles: 2560982 cumulative IPC: 3.905 (Simulation time: 00 hr 00 min 23 sec)
Warmup complete CPU 0 instructions: 10000001 cycles: 2560982 cumulative IPC: 3.905 (Simulation time: 00 hr 00 min 23 sec)
Heartbeat CPU 0 instructions: 20000002 cycles: 9470666 heartbeat IPC: 1.447 cumulative IPC: 1.447 (Simulation time: 00 hr 00 min 59 sec)
Heartbeat CPU 0 instructions: 30000002 cycles: 16466134 heartbeat IPC: 1.429 cumulative IPC: 1.438 (Simulation time: 00 hr 01 min 35 sec)
Heartbeat CPU 0 instructions: 40000003 cycles: 23375691 heartbeat IPC: 1.447 cumulative IPC: 1.441 (Simulation time: 00 hr 02 min 11 sec)
Heartbeat CPU 0 instructions: 50000005 cycles: 30305508 heartbeat IPC: 1.443 cumulative IPC: 1.442 (Simulation time: 00 hr 02 min 47 sec)
Simulation finished CPU 0 instructions: 50000000 cycles: 34720137 cumulative IPC: 1.44 (Simulation time: 00 hr 03 min 23 sec)
Simulation complete CPU 0 instructions: 50000000 cycles: 34720137 cumulative IPC: 1.44 (Simulation time: 00 hr 03 min 23 sec)

ChampSim completed all CPUs

=== Simulation ===
CPU 0 runs /mnt/storage/mipt/microarch/data/traces/644.nab_s-12459B.champsimtrace.xz

Region of Interest Statistics

CPU 0 cumulative IPC: 1.44 instructions: 50000000 cycles: 34720137
CPU 0 Branch Prediction Accuracy: 91.87% MPKI: 11.62 Average ROB Occupancy at Mispredict: 46.19
Branch type MPKI
BRANCH_DIRECT_JUMP: 0.2759
BRANCH_INDIRECT: 0
BRANCH_CONDITIONAL: 11.35
BRANCH_DIRECT_CALL: 0
BRANCH_INDIRECT_CALL: 0
BRANCH_RETURN: 0

cpu0->cpu0_STLB TOTAL        ACCESS:      11014 HIT:      10874 MISS:        140 MSHR_MERGE:          0
cpu0->cpu0_STLB LOAD         ACCESS:      11014 HIT:      10874 MISS:        140 MSHR_MERGE:          0
cpu0->cpu0_STLB RFO          ACCESS:          0 HIT:          0 MISS:          0 MSHR_MERGE:          0
cpu0->cpu0_STLB PREFETCH     ACCESS:          0 HIT:          0 MISS:          0 MSHR_MERGE:          0
cpu0->cpu0_STLB WRITE        ACCESS:          0 HIT:          0 MISS:          0 MSHR_MERGE:          0
cpu0->cpu0_STLB TRANSLATION  ACCESS:          0 HIT:          0 MISS:          0 MSHR_MERGE:          0
cpu0->cpu0_STLB PREFETCH REQUESTED:          0 ISSUED:          0 USEFUL:          0 USELESS:          0
cpu0->cpu0_STLB AVERAGE MISS LATENCY: 705.8 cycles
cpu0->cpu0_L2C TOTAL        ACCESS:     332515 HIT:     282192 MISS:      50323 MSHR_MERGE:          0
cpu0->cpu0_L2C LOAD         ACCESS:     291392 HIT:     248960 MISS:      42432 MSHR_MERGE:          0
cpu0->cpu0_L2C RFO          ACCESS:      16389 HIT:       8705 MISS:       7684 MSHR_MERGE:          0
cpu0->cpu0_L2C PREFETCH     ACCESS:          0 HIT:          0 MISS:          0 MSHR_MERGE:          0
cpu0->cpu0_L2C WRITE        ACCESS:      24513 HIT:      24509 MISS:          4 MSHR_MERGE:          0
cpu0->cpu0_L2C TRANSLATION  ACCESS:        221 HIT:         18 MISS:        203 MSHR_MERGE:          0
cpu0->cpu0_L2C PREFETCH REQUESTED:          0 ISSUED:          0 USEFUL:          0 USELESS:          0
cpu0->cpu0_L2C AVERAGE MISS LATENCY: 44.6 cycles
cpu0->cpu0_L1I TOTAL        ACCESS:     125646 HIT:     125646 MISS:          0 MSHR_MERGE:          0
cpu0->cpu0_L1I LOAD         ACCESS:     125646 HIT:     125646 MISS:          0 MSHR_MERGE:          0
cpu0->cpu0_L1I RFO          ACCESS:          0 HIT:          0 MISS:          0 MSHR_MERGE:          0
cpu0->cpu0_L1I PREFETCH     ACCESS:          0 HIT:          0 MISS:          0 MSHR_MERGE:          0
cpu0->cpu0_L1I WRITE        ACCESS:          0 HIT:          0 MISS:          0 MSHR_MERGE:          0
cpu0->cpu0_L1I TRANSLATION  ACCESS:          0 HIT:          0 MISS:          0 MSHR_MERGE:          0
cpu0->cpu0_L1I PREFETCH REQUESTED:          0 ISSUED:          0 USEFUL:          0 USELESS:          0
cpu0->cpu0_L1I AVERAGE MISS LATENCY: - cycles
cpu0->cpu0_L1D TOTAL        ACCESS:   13861970 HIT:   13364296 MISS:     497674 MSHR_MERGE:     189671
cpu0->cpu0_L1D LOAD         ACCESS:    8855723 HIT:    8491605 MISS:     364118 MSHR_MERGE:      72725
cpu0->cpu0_L1D RFO          ACCESS:          0 HIT:          0 MISS:          0 MSHR_MERGE:          0
cpu0->cpu0_L1D PREFETCH     ACCESS:          0 HIT:          0 MISS:          0 MSHR_MERGE:          0
cpu0->cpu0_L1D WRITE        ACCESS:    5005967 HIT:    4872635 MISS:     133332 MSHR_MERGE:     116943
cpu0->cpu0_L1D TRANSLATION  ACCESS:        280 HIT:         56 MISS:        224 MSHR_MERGE:          3
cpu0->cpu0_L1D PREFETCH REQUESTED:          0 ISSUED:          0 USEFUL:          0 USELESS:          0
cpu0->cpu0_L1D AVERAGE MISS LATENCY: 15.46 cycles
cpu0->cpu0_ITLB TOTAL        ACCESS:     108662 HIT:     108662 MISS:          0 MSHR_MERGE:          0
cpu0->cpu0_ITLB LOAD         ACCESS:     108662 HIT:     108662 MISS:          0 MSHR_MERGE:          0
cpu0->cpu0_ITLB RFO          ACCESS:          0 HIT:          0 MISS:          0 MSHR_MERGE:          0
cpu0->cpu0_ITLB PREFETCH     ACCESS:          0 HIT:          0 MISS:          0 MSHR_MERGE:          0
cpu0->cpu0_ITLB WRITE        ACCESS:          0 HIT:          0 MISS:          0 MSHR_MERGE:          0
cpu0->cpu0_ITLB TRANSLATION  ACCESS:          0 HIT:          0 MISS:          0 MSHR_MERGE:          0
cpu0->cpu0_ITLB PREFETCH REQUESTED:          0 ISSUED:          0 USEFUL:          0 USELESS:          0
cpu0->cpu0_ITLB AVERAGE MISS LATENCY: - cycles
cpu0->cpu0_DTLB TOTAL        ACCESS:   13280952 HIT:   13266339 MISS:      14613 MSHR_MERGE:       3599
cpu0->cpu0_DTLB LOAD         ACCESS:   13280952 HIT:   13266339 MISS:      14613 MSHR_MERGE:       3599
cpu0->cpu0_DTLB RFO          ACCESS:          0 HIT:          0 MISS:          0 MSHR_MERGE:          0
cpu0->cpu0_DTLB PREFETCH     ACCESS:          0 HIT:          0 MISS:          0 MSHR_MERGE:          0
cpu0->cpu0_DTLB WRITE        ACCESS:          0 HIT:          0 MISS:          0 MSHR_MERGE:          0
cpu0->cpu0_DTLB TRANSLATION  ACCESS:          0 HIT:          0 MISS:          0 MSHR_MERGE:          0
cpu0->cpu0_DTLB PREFETCH REQUESTED:          0 ISSUED:          0 USEFUL:          0 USELESS:          0
cpu0->cpu0_DTLB AVERAGE MISS LATENCY: 13.98 cycles
cpu0->LLC TOTAL        ACCESS:      56977 HIT:      47580 MISS:       9397 MSHR_MERGE:          0
cpu0->LLC LOAD         ACCESS:      42432 HIT:      40796 MISS:       1636 MSHR_MERGE:          0
cpu0->LLC RFO          ACCESS:       7684 HIT:        110 MISS:       7574 MSHR_MERGE:          0
cpu0->LLC PREFETCH     ACCESS:          0 HIT:          0 MISS:          0 MSHR_MERGE:          0
cpu0->LLC WRITE        ACCESS:       6658 HIT:       6658 MISS:          0 MSHR_MERGE:          0
cpu0->LLC TRANSLATION  ACCESS:        203 HIT:         16 MISS:        187 MSHR_MERGE:          0
cpu0->LLC PREFETCH REQUESTED:          0 ISSUED:          0 USEFUL:          0 USELESS:          0
cpu0->LLC AVERAGE MISS LATENCY: 157.5 cycles

DRAM Statistics

Channel 0 RQ ROW_BUFFER_HIT:       2626
  ROW_BUFFER_MISS:       6771
  AVG DBUS CONGESTED CYCLE: 2.693
Channel 0 WQ ROW_BUFFER_HIT:          0
  ROW_BUFFER_MISS:          1
  FULL:          0
Channel 0 REFRESHES ISSUED:       2893
