[VMEM] WARNING: physical memory size is smaller than virtual memory size.
WARNING: option --warmup_instructions is deprecated. Use --warmup-instructions instead.
WARNING: option --simulation_instructions is deprecated. Use --simulation-instructions instead.

*** ChampSim Multicore Out-of-Order Simulator ***
Warmup Instructions: 10000000
Simulation Instructions: 50000000
Number of CPUs: 1
Page size: 4096

Off-chip DRAM Size: 16 GiB Channels: 1 Width: 64-bit Data Rate: 3205 MT/s
Heartbeat CPU 0 instructions: 10000001 cycles: 2524987 heartbeat IPC: 3.96 cumulative IPC: 3.96 (Simulation time: 00 hr 00 min 26 sec)
Warmup finished CPU 0 instructions: 10000001 cycles: 2524987 cumulative IPC: 3.96 (Simulation time: 00 hr 00 min 26 sec)
Warmup complete CPU 0 instructions: 10000001 cycles: 2524987 cumulative IPC: 3.96 (Simulation time: 00 hr 00 min 26 sec)
Heartbeat CPU 0 instructions: 20000001 cycles: 8509867 heartbeat IPC: 1.671 cumulative IPC: 1.671 (Simulation time: 00 hr 00 min 59 sec)
Heartbeat CPU 0 instructions: 30000005 cycles: 14271029 heartbeat IPC: 1.736 cumulative IPC: 1.703 (Simulation time: 00 hr 01 min 31 sec)
Heartbeat CPU 0 instructions: 40000006 cycles: 20035467 heartbeat IPC: 1.735 cumulative IPC: 1.713 (Simulation time: 00 hr 02 min 02 sec)
Heartbeat CPU 0 instructions: 50000006 cycles: 25812464 heartbeat IPC: 1.731 cumulative IPC: 1.718 (Simulation time: 00 hr 02 min 34 sec)
Simulation finished CPU 0 instructions: 50000002 cycles: 29175697 cumulative IPC: 1.714 (Simulation time: 00 hr 03 min 06 sec)
Simulation complete CPU 0 instructions: 50000002 cycles: 29175697 cumulative IPC: 1.714 (Simulation time: 00 hr 03 min 06 sec)

ChampSim completed all CPUs

=== Simulation ===
CPU 0 runs /mnt/storage/mipt/microarch/data/traces/648.exchange2_s-387B.champsimtrace.xz

Region of Interest Statistics

CPU 0 cumulative IPC: 1.714 instructions: 50000002 cycles: 29175697
CPU 0 Branch Prediction Accuracy: 92.98% MPKI: 11.82 Average ROB Occupancy at Mispredict: 37.39
Branch type MPKI
BRANCH_DIRECT_JUMP: 0.5307
BRANCH_INDIRECT: 0
BRANCH_CONDITIONAL: 11.29
BRANCH_DIRECT_CALL: 0.00166
BRANCH_INDIRECT_CALL: 0
BRANCH_RETURN: 0.00166

cpu0->cpu0_STLB TOTAL        ACCESS:         37 HIT:          0 MISS:         37 MSHR_MERGE:          0
cpu0->cpu0_STLB LOAD         ACCESS:         37 HIT:          0 MISS:         37 MSHR_MERGE:          0
cpu0->cpu0_STLB RFO          ACCESS:          0 HIT:          0 MISS:          0 MSHR_MERGE:          0
cpu0->cpu0_STLB PREFETCH     ACCESS:          0 HIT:          0 MISS:          0 MSHR_MERGE:          0
cpu0->cpu0_STLB WRITE        ACCESS:          0 HIT:          0 MISS:          0 MSHR_MERGE:          0
cpu0->cpu0_STLB TRANSLATION  ACCESS:          0 HIT:          0 MISS:          0 MSHR_MERGE:          0
cpu0->cpu0_STLB PREFETCH REQUESTED:          0 ISSUED:          0 USEFUL:          0 USELESS:          0
cpu0->cpu0_STLB AVERAGE MISS LATENCY: 718.6 cycles
cpu0->cpu0_L2C TOTAL        ACCESS:      22994 HIT:      21836 MISS:       1158 MSHR_MERGE:          0
cpu0->cpu0_L2C LOAD         ACCESS:      22851 HIT:      21820 MISS:       1031 MSHR_MERGE:          0
cpu0->cpu0_L2C RFO          ACCESS:         78 HIT:          8 MISS:         70 MSHR_MERGE:          0
cpu0->cpu0_L2C PREFETCH     ACCESS:          0 HIT:          0 MISS:          0 MSHR_MERGE:          0
cpu0->cpu0_L2C WRITE        ACCESS:          8 HIT:          8 MISS:          0 MSHR_MERGE:          0
cpu0->cpu0_L2C TRANSLATION  ACCESS:         57 HIT:          0 MISS:         57 MSHR_MERGE:          0
cpu0->cpu0_L2C PREFETCH REQUESTED:          0 ISSUED:          0 USEFUL:          0 USELESS:          0
cpu0->cpu0_L2C AVERAGE MISS LATENCY: 185.3 cycles
cpu0->cpu0_L1I TOTAL        ACCESS:    1368771 HIT:    1327206 MISS:      41565 MSHR_MERGE:      18758
cpu0->cpu0_L1I LOAD         ACCESS:    1368771 HIT:    1327206 MISS:      41565 MSHR_MERGE:      18758
cpu0->cpu0_L1I RFO          ACCESS:          0 HIT:          0 MISS:          0 MSHR_MERGE:          0
cpu0->cpu0_L1I PREFETCH     ACCESS:          0 HIT:          0 MISS:          0 MSHR_MERGE:          0
cpu0->cpu0_L1I WRITE        ACCESS:          0 HIT:          0 MISS:          0 MSHR_MERGE:          0
cpu0->cpu0_L1I TRANSLATION  ACCESS:          0 HIT:          0 MISS:          0 MSHR_MERGE:          0
cpu0->cpu0_L1I PREFETCH REQUESTED:          0 ISSUED:          0 USEFUL:          0 USELESS:          0
cpu0->cpu0_L1I AVERAGE MISS LATENCY: 14.94 cycles
cpu0->cpu0_L1D TOTAL        ACCESS:   13362448 HIT:   13361575 MISS:        873 MSHR_MERGE:        694
cpu0->cpu0_L1D LOAD         ACCESS:    7518125 HIT:    7518044 MISS:         81 MSHR_MERGE:         37
cpu0->cpu0_L1D RFO          ACCESS:          0 HIT:          0 MISS:          0 MSHR_MERGE:          0
cpu0->cpu0_L1D PREFETCH     ACCESS:          0 HIT:          0 MISS:          0 MSHR_MERGE:          0
cpu0->cpu0_L1D WRITE        ACCESS:    5844248 HIT:    5843513 MISS:        735 MSHR_MERGE:        657
cpu0->cpu0_L1D TRANSLATION  ACCESS:         75 HIT:         18 MISS:         57 MSHR_MERGE:          0
cpu0->cpu0_L1D PREFETCH REQUESTED:          0 ISSUED:          0 USEFUL:          0 USELESS:          0
cpu0->cpu0_L1D AVERAGE MISS LATENCY: 205.1 cycles
cpu0->cpu0_ITLB TOTAL        ACCESS:    1081970 HIT:    1081910 MISS:         60 MSHR_MERGE:         36
cpu0->cpu0_ITLB LOAD         ACCESS:    1081970 HIT:    1081910 MISS:         60 MSHR_MERGE:         36
cpu0->cpu0_ITLB RFO          ACCESS:          0 HIT:          0 MISS:          0 MSHR_MERGE:          0
cpu0->cpu0_ITLB PREFETCH     ACCESS:          0 HIT:          0 MISS:          0 MSHR_MERGE:          0
cpu0->cpu0_ITLB WRITE        ACCESS:          0 HIT:          0 MISS:          0 MSHR_MERGE:          0
cpu0->cpu0_ITLB TRANSLATION  ACCESS:          0 HIT:          0 MISS:          0 MSHR_MERGE:          0
cpu0->cpu0_ITLB PREFETCH REQUESTED:          0 ISSUED:          0 USEFUL:          0 USELESS:          0
cpu0->cpu0_ITLB AVERAGE MISS LATENCY: 711 cycles
cpu0->cpu0_DTLB TOTAL        ACCESS:   12309881 HIT:   12309837 MISS:         44 MSHR_MERGE:         31
cpu0->cpu0_DTLB LOAD         ACCESS:   12309881 HIT:   12309837 MISS:         44 MSHR_MERGE:         31
cpu0->cpu0_DTLB RFO          ACCESS:          0 HIT:          0 MISS:          0 MSHR_MERGE:          0
cpu0->cpu0_DTLB PREFETCH     ACCESS:          0 HIT:          0 MISS:          0 MSHR_MERGE:          0
cpu0->cpu0_DTLB WRITE        ACCESS:          0 HIT:          0 MISS:          0 MSHR_MERGE:          0
cpu0->cpu0_DTLB TRANSLATION  ACCESS:          0 HIT:          0 MISS:          0 MSHR_MERGE:          0
cpu0->cpu0_DTLB PREFETCH REQUESTED:          0 ISSUED:          0 USEFUL:          0 USELESS:          0
cpu0->cpu0_DTLB AVERAGE MISS LATENCY: 749.6 cycles
cpu0->LLC TOTAL        ACCESS:       1158 HIT:          0 MISS:       1158 MSHR_MERGE:          0
cpu0->LLC LOAD         ACCESS:       1031 HIT:          0 MISS:       1031 MSHR_MERGE:          0
cpu0->LLC RFO          ACCESS:         70 HIT:          0 MISS:         70 MSHR_MERGE:          0
cpu0->LLC PREFETCH     ACCESS:          0 HIT:          0 MISS:          0 MSHR_MERGE:          0
cpu0->LLC WRITE        ACCESS:          0 HIT:          0 MISS:          0 MSHR_MERGE:          0
cpu0->LLC TRANSLATION  ACCESS:         57 HIT:          0 MISS:         57 MSHR_MERGE:          0
cpu0->LLC PREFETCH REQUESTED:          0 ISSUED:          0 USEFUL:          0 USELESS:          0
cpu0->LLC AVERAGE MISS LATENCY: 169.3 cycles

DRAM Statistics

Channel 0 RQ ROW_BUFFER_HIT:         47
  ROW_BUFFER_MISS:       1111
  AVG DBUS CONGESTED CYCLE: 2.961
Channel 0 WQ ROW_BUFFER_HIT:          0
  ROW_BUFFER_MISS:          0
  FULL:          0
Channel 0 REFRESHES ISSUED:       2431
