[VMEM] WARNING: physical memory size is smaller than virtual memory size.
WARNING: option --warmup_instructions is deprecated. Use --warmup-instructions instead.
WARNING: option --simulation_instructions is deprecated. Use --simulation-instructions instead.

*** ChampSim Multicore Out-of-Order Simulator ***
Warmup Instructions: 10000000
Simulation Instructions: 50000000
Number of CPUs: 1
Page size: 4096

Off-chip DRAM Size: 16 GiB Channels: 1 Width: 64-bit Data Rate: 3205 MT/s
Heartbeat CPU 0 instructions: 10000002 cycles: 2777504 heartbeat IPC: 3.6 cumulative IPC: 3.6 (Simulation time: 00 hr 00 min 24 sec)
Warmup finished CPU 0 instructions: 10000002 cycles: 2777504 cumulative IPC: 3.6 (Simulation time: 00 hr 00 min 24 sec)
Warmup complete CPU 0 instructions: 10000002 cycles: 2777504 cumulative IPC: 3.6 (Simulation time: 00 hr 00 min 24 sec)
Heartbeat CPU 0 instructions: 20000005 cycles: 12112387 heartbeat IPC: 1.071 cumulative IPC: 1.071 (Simulation time: 00 hr 01 min 30 sec)
Heartbeat CPU 0 instructions: 30000007 cycles: 19349253 heartbeat IPC: 1.382 cumulative IPC: 1.207 (Simulation time: 00 hr 02 min 22 sec)
Heartbeat CPU 0 instructions: 40000010 cycles: 28757110 heartbeat IPC: 1.063 cumulative IPC: 1.155 (Simulation time: 00 hr 03 min 24 sec)
Heartbeat CPU 0 instructions: 50000011 cycles: 35861845 heartbeat IPC: 1.408 cumulative IPC: 1.209 (Simulation time: 00 hr 04 min 12 sec)
Simulation finished CPU 0 instructions: 50000001 cycles: 42402328 cumulative IPC: 1.179 (Simulation time: 00 hr 05 min 11 sec)
Simulation complete CPU 0 instructions: 50000001 cycles: 42402328 cumulative IPC: 1.179 (Simulation time: 00 hr 05 min 11 sec)

ChampSim completed all CPUs

=== Simulation ===
CPU 0 runs /mnt/storage/mipt/microarch/data/traces/654.roms_s-293B.champsimtrace.xz

Region of Interest Statistics

CPU 0 cumulative IPC: 1.179 instructions: 50000001 cycles: 42402328
CPU 0 Branch Prediction Accuracy: 99.79% MPKI: 0.02678 Average ROB Occupancy at Mispredict: 328.2
Branch type MPKI
BRANCH_DIRECT_JUMP: 0
BRANCH_INDIRECT: 0
BRANCH_CONDITIONAL: 0.02678
BRANCH_DIRECT_CALL: 0
BRANCH_INDIRECT_CALL: 0
BRANCH_RETURN: 0

cpu0->cpu0_STLB TOTAL        ACCESS:      14244 HIT:       9204 MISS:       5040 MSHR_MERGE:          0
cpu0->cpu0_STLB LOAD         ACCESS:      14244 HIT:       9204 MISS:       5040 MSHR_MERGE:          0
cpu0->cpu0_STLB RFO          ACCESS:          0 HIT:          0 MISS:          0 MSHR_MERGE:          0
cpu0->cpu0_STLB PREFETCH     ACCESS:          0 HIT:          0 MISS:          0 MSHR_MERGE:          0
cpu0->cpu0_STLB WRITE        ACCESS:          0 HIT:          0 MISS:          0 MSHR_MERGE:          0
cpu0->cpu0_STLB TRANSLATION  ACCESS:          0 HIT:          0 MISS:          0 MSHR_MERGE:          0
cpu0->cpu0_STLB PREFETCH REQUESTED:          0 ISSUED:          0 USEFUL:          0 USELESS:          0
cpu0->cpu0_STLB AVERAGE MISS LATENCY: 894.8 cycles
cpu0->cpu0_L2C TOTAL        ACCESS:     878773 HIT:     357169 MISS:     521604 MSHR_MERGE:          0
cpu0->cpu0_L2C LOAD         ACCESS:     366058 HIT:     103867 MISS:     262191 MSHR_MERGE:          0
cpu0->cpu0_L2C RFO          ACCESS:     250783 HIT:        896 MISS:     249887 MSHR_MERGE:          0
cpu0->cpu0_L2C PREFETCH     ACCESS:          0 HIT:          0 MISS:          0 MSHR_MERGE:          0
cpu0->cpu0_L2C WRITE        ACCESS:     251768 HIT:     251381 MISS:        387 MSHR_MERGE:          0
cpu0->cpu0_L2C TRANSLATION  ACCESS:      10164 HIT:       1025 MISS:       9139 MSHR_MERGE:          0
cpu0->cpu0_L2C PREFETCH REQUESTED:          0 ISSUED:          0 USEFUL:          0 USELESS:          0
cpu0->cpu0_L2C AVERAGE MISS LATENCY: 170.8 cycles
cpu0->cpu0_L1I TOTAL        ACCESS:   10012361 HIT:   10012361 MISS:          0 MSHR_MERGE:          0
cpu0->cpu0_L1I LOAD         ACCESS:   10012361 HIT:   10012361 MISS:          0 MSHR_MERGE:          0
cpu0->cpu0_L1I RFO          ACCESS:          0 HIT:          0 MISS:          0 MSHR_MERGE:          0
cpu0->cpu0_L1I PREFETCH     ACCESS:          0 HIT:          0 MISS:          0 MSHR_MERGE:          0
cpu0->cpu0_L1I WRITE        ACCESS:          0 HIT:          0 MISS:          0 MSHR_MERGE:          0
cpu0->cpu0_L1I TRANSLATION  ACCESS:          0 HIT:          0 MISS:          0 MSHR_MERGE:          0
cpu0->cpu0_L1I PREFETCH REQUESTED:          0 ISSUED:          0 USEFUL:          0 USELESS:          0
cpu0->cpu0_L1I AVERAGE MISS LATENCY: - cycles
cpu0->cpu0_L1D TOTAL        ACCESS:   15659384 HIT:   14160898 MISS:    1498486 MSHR_MERGE:     871428
cpu0->cpu0_L1D LOAD         ACCESS:   11022744 HIT:   10396575 MISS:     626169 MSHR_MERGE:     260111
cpu0->cpu0_L1D RFO          ACCESS:          0 HIT:          0 MISS:          0 MSHR_MERGE:          0
cpu0->cpu0_L1D PREFETCH     ACCESS:          0 HIT:          0 MISS:          0 MSHR_MERGE:          0
cpu0->cpu0_L1D WRITE        ACCESS:    4623968 HIT:    3761863 MISS:     862105 MSHR_MERGE:     611269
cpu0->cpu0_L1D TRANSLATION  ACCESS:      12672 HIT:       2460 MISS:      10212 MSHR_MERGE:         48
cpu0->cpu0_L1D PREFETCH REQUESTED:          0 ISSUED:          0 USEFUL:          0 USELESS:          0
cpu0->cpu0_L1D AVERAGE MISS LATENCY: 150.9 cycles
cpu0->cpu0_ITLB TOTAL        ACCESS:    7429814 HIT:    7429814 MISS:          0 MSHR_MERGE:          0
cpu0->cpu0_ITLB LOAD         ACCESS:    7429814 HIT:    7429814 MISS:          0 MSHR_MERGE:          0
cpu0->cpu0_ITLB RFO          ACCESS:          0 HIT:          0 MISS:          0 MSHR_MERGE:          0
cpu0->cpu0_ITLB PREFETCH     ACCESS:          0 HIT:          0 MISS:          0 MSHR_MERGE:          0
cpu0->cpu0_ITLB WRITE        ACCESS:          0 HIT:          0 MISS:          0 MSHR_MERGE:          0
cpu0->cpu0_ITLB TRANSLATION  ACCESS:          0 HIT:          0 MISS:          0 MSHR_MERGE:          0
cpu0->cpu0_ITLB PREFETCH REQUESTED:          0 ISSUED:          0 USEFUL:          0 USELESS:          0
cpu0->cpu0_ITLB AVERAGE MISS LATENCY: - cycles
cpu0->cpu0_DTLB TOTAL        ACCESS:   14814316 HIT:   14775958 MISS:      38358 MSHR_MERGE:      24114
cpu0->cpu0_DTLB LOAD         ACCESS:   14814316 HIT:   14775958 MISS:      38358 MSHR_MERGE:      24114
cpu0->cpu0_DTLB RFO          ACCESS:          0 HIT:          0 MISS:          0 MSHR_MERGE:          0
cpu0->cpu0_DTLB PREFETCH     ACCESS:          0 HIT:          0 MISS:          0 MSHR_MERGE:          0
cpu0->cpu0_DTLB WRITE        ACCESS:          0 HIT:          0 MISS:          0 MSHR_MERGE:          0
cpu0->cpu0_DTLB TRANSLATION  ACCESS:          0 HIT:          0 MISS:          0 MSHR_MERGE:          0
cpu0->cpu0_DTLB PREFETCH REQUESTED:          0 ISSUED:          0 USEFUL:          0 USELESS:          0
cpu0->cpu0_DTLB AVERAGE MISS LATENCY: 322 cycles
cpu0->LLC TOTAL        ACCESS:     773494 HIT:     431168 MISS:     342326 MSHR_MERGE:          0
cpu0->LLC LOAD         ACCESS:     262191 HIT:     119840 MISS:     142351 MSHR_MERGE:          0
cpu0->LLC RFO          ACCESS:     249887 HIT:      58998 MISS:     190889 MSHR_MERGE:          0
cpu0->LLC PREFETCH     ACCESS:          0 HIT:          0 MISS:          0 MSHR_MERGE:          0
cpu0->LLC WRITE        ACCESS:     252277 HIT:     252229 MISS:         48 MSHR_MERGE:          0
cpu0->LLC TRANSLATION  ACCESS:       9139 HIT:        101 MISS:       9038 MSHR_MERGE:          0
cpu0->LLC PREFETCH REQUESTED:          0 ISSUED:          0 USEFUL:          0 USELESS:          0
cpu0->LLC AVERAGE MISS LATENCY: 236.4 cycles

DRAM Statistics

Channel 0 RQ ROW_BUFFER_HIT:       1653
  ROW_BUFFER_MISS:     339909
  AVG DBUS CONGESTED CYCLE: 6.971
Channel 0 WQ ROW_BUFFER_HIT:      64598
  ROW_BUFFER_MISS:     150547
  FULL:          0
Channel 0 REFRESHES ISSUED:       3533
