[VMEM] WARNING: physical memory size is smaller than virtual memory size.
WARNING: option --warmup_instructions is deprecated. Use --warmup-instructions instead.
WARNING: option --simulation_instructions is deprecated. Use --simulation-instructions instead.

*** ChampSim Multicore Out-of-Order Simulator ***
Warmup Instructions: 10000000
Simulation Instructions: 50000000
Number of CPUs: 1
Page size: 4096

Off-chip DRAM Size: 16 GiB Channels: 1 Width: 64-bit Data Rate: 3205 MT/s
Heartbeat CPU 0 instructions: 10000000 cycles: 2534693 heartbeat IPC: 3.945 cumulative IPC: 3.945 (Simulation time: 00 hr 00 min 21 sec)
Warmup finished CPU 0 instructions: 10000000 cycles: 2534693 cumulative IPC: 3.945 (Simulation time: 00 hr 00 min 21 sec)
Warmup complete CPU 0 instructions: 10000000 cycles: 2534693 cumulative IPC: 3.945 (Simulation time: 00 hr 00 min 21 sec)
Heartbeat CPU 0 instructions: 20000001 cycles: 9470725 heartbeat IPC: 1.442 cumulative IPC: 1.442 (Simulation time: 00 hr 00 min 55 sec)
Heartbeat CPU 0 instructions: 30000001 cycles: 16579040 heartbeat IPC: 1.407 cumulative IPC: 1.424 (Simulation time: 00 hr 01 min 28 sec)
Heartbeat CPU 0 instructions: 40000004 cycles: 23705919 heartbeat IPC: 1.403 cumulative IPC: 1.417 (Simulation time: 00 hr 02 min 01 sec)
Heartbeat CPU 0 instructions: 50000007 cycles: 30747517 heartbeat IPC: 1.42 cumulative IPC: 1.418 (Simulation time: 00 hr 02 min 33 sec)
Simulation finished CPU 0 instructions: 50000002 cycles: 35367412 cumulative IPC: 1.414 (Simulation time: 00 hr 03 min 05 sec)
Simulation complete CPU 0 instructions: 50000002 cycles: 35367412 cumulative IPC: 1.414 (Simulation time: 00 hr 03 min 05 sec)

ChampSim completed all CPUs

=== Simulation ===
CPU 0 runs /mnt/storage/mipt/microarch/data/traces/657.xz_s-4994B.champsimtrace.xz

Region of Interest Statistics

CPU 0 cumulative IPC: 1.414 instructions: 50000002 cycles: 35367412
CPU 0 Branch Prediction Accuracy: 85.99% MPKI: 14.69 Average ROB Occupancy at Mispredict: 29.3
Branch type MPKI
BRANCH_DIRECT_JUMP: 0.00012
BRANCH_INDIRECT: 0.00102
BRANCH_CONDITIONAL: 14.69
BRANCH_DIRECT_CALL: 0
BRANCH_INDIRECT_CALL: 0
BRANCH_RETURN: 2e-05

cpu0->cpu0_STLB TOTAL        ACCESS:        308 HIT:        153 MISS:        155 MSHR_MERGE:          0
cpu0->cpu0_STLB LOAD         ACCESS:        308 HIT:        153 MISS:        155 MSHR_MERGE:          0
cpu0->cpu0_STLB RFO          ACCESS:          0 HIT:          0 MISS:          0 MSHR_MERGE:          0
cpu0->cpu0_STLB PREFETCH     ACCESS:          0 HIT:          0 MISS:          0 MSHR_MERGE:          0
cpu0->cpu0_STLB WRITE        ACCESS:          0 HIT:          0 MISS:          0 MSHR_MERGE:          0
cpu0->cpu0_STLB TRANSLATION  ACCESS:          0 HIT:          0 MISS:          0 MSHR_MERGE:          0
cpu0->cpu0_STLB PREFETCH REQUESTED:          0 ISSUED:          0 USEFUL:          0 USELESS:          0
cpu0->cpu0_STLB AVERAGE MISS LATENCY: 681.2 cycles
cpu0->cpu0_L2C TOTAL        ACCESS:      31360 HIT:      21979 MISS:       9381 MSHR_MERGE:          0
cpu0->cpu0_L2C LOAD         ACCESS:       9179 HIT:       6561 MISS:       2618 MSHR_MERGE:          0
cpu0->cpu0_L2C RFO          ACCESS:       9493 HIT:       2982 MISS:       6511 MSHR_MERGE:          0
cpu0->cpu0_L2C PREFETCH     ACCESS:          0 HIT:          0 MISS:          0 MSHR_MERGE:          0
cpu0->cpu0_L2C WRITE        ACCESS:      12436 HIT:      12378 MISS:         58 MSHR_MERGE:          0
cpu0->cpu0_L2C TRANSLATION  ACCESS:        252 HIT:         58 MISS:        194 MSHR_MERGE:          0
cpu0->cpu0_L2C PREFETCH REQUESTED:          0 ISSUED:          0 USEFUL:          0 USELESS:          0
cpu0->cpu0_L2C AVERAGE MISS LATENCY: 160.4 cycles
cpu0->cpu0_L1I TOTAL        ACCESS:    1217432 HIT:    1217425 MISS:          7 MSHR_MERGE:          1
cpu0->cpu0_L1I LOAD         ACCESS:    1217432 HIT:    1217425 MISS:          7 MSHR_MERGE:          1
cpu0->cpu0_L1I RFO          ACCESS:          0 HIT:          0 MISS:          0 MSHR_MERGE:          0
cpu0->cpu0_L1I PREFETCH     ACCESS:          0 HIT:          0 MISS:          0 MSHR_MERGE:          0
cpu0->cpu0_L1I WRITE        ACCESS:          0 HIT:          0 MISS:          0 MSHR_MERGE:          0
cpu0->cpu0_L1I TRANSLATION  ACCESS:          0 HIT:          0 MISS:          0 MSHR_MERGE:          0
cpu0->cpu0_L1I PREFETCH REQUESTED:          0 ISSUED:          0 USEFUL:          0 USELESS:          0
cpu0->cpu0_L1I AVERAGE MISS LATENCY: 350 cycles
cpu0->cpu0_L1D TOTAL        ACCESS:    7864986 HIT:    7799493 MISS:      65493 MSHR_MERGE:      46575
cpu0->cpu0_L1D LOAD         ACCESS:    4740354 HIT:    4728353 MISS:      12001 MSHR_MERGE:       2828
cpu0->cpu0_L1D RFO          ACCESS:          0 HIT:          0 MISS:          0 MSHR_MERGE:          0
cpu0->cpu0_L1D PREFETCH     ACCESS:          0 HIT:          0 MISS:          0 MSHR_MERGE:          0
cpu0->cpu0_L1D WRITE        ACCESS:    3124322 HIT:    3071082 MISS:      53240 MSHR_MERGE:      43747
cpu0->cpu0_L1D TRANSLATION  ACCESS:        310 HIT:         58 MISS:        252 MSHR_MERGE:          0
cpu0->cpu0_L1D PREFETCH REQUESTED:          0 ISSUED:          0 USEFUL:          0 USELESS:          0
cpu0->cpu0_L1D AVERAGE MISS LATENCY: 87.93 cycles
cpu0->cpu0_ITLB TOTAL        ACCESS:    1086132 HIT:    1086132 MISS:          0 MSHR_MERGE:          0
cpu0->cpu0_ITLB LOAD         ACCESS:    1086132 HIT:    1086132 MISS:          0 MSHR_MERGE:          0
cpu0->cpu0_ITLB RFO          ACCESS:          0 HIT:          0 MISS:          0 MSHR_MERGE:          0
cpu0->cpu0_ITLB PREFETCH     ACCESS:          0 HIT:          0 MISS:          0 MSHR_MERGE:          0
cpu0->cpu0_ITLB WRITE        ACCESS:          0 HIT:          0 MISS:          0 MSHR_MERGE:          0
cpu0->cpu0_ITLB TRANSLATION  ACCESS:          0 HIT:          0 MISS:          0 MSHR_MERGE:          0
cpu0->cpu0_ITLB PREFETCH REQUESTED:          0 ISSUED:          0 USEFUL:          0 USELESS:          0
cpu0->cpu0_ITLB AVERAGE MISS LATENCY: - cycles
cpu0->cpu0_DTLB TOTAL        ACCESS:    7405981 HIT:    7404875 MISS:       1106 MSHR_MERGE:        798
cpu0->cpu0_DTLB LOAD         ACCESS:    7405981 HIT:    7404875 MISS:       1106 MSHR_MERGE:        798
cpu0->cpu0_DTLB RFO          ACCESS:          0 HIT:          0 MISS:          0 MSHR_MERGE:          0
cpu0->cpu0_DTLB PREFETCH     ACCESS:          0 HIT:          0 MISS:          0 MSHR_MERGE:          0
cpu0->cpu0_DTLB WRITE        ACCESS:          0 HIT:          0 MISS:          0 MSHR_MERGE:          0
cpu0->cpu0_DTLB TRANSLATION  ACCESS:          0 HIT:          0 MISS:          0 MSHR_MERGE:          0
cpu0->cpu0_DTLB PREFETCH REQUESTED:          0 ISSUED:          0 USEFUL:          0 USELESS:          0
cpu0->cpu0_DTLB AVERAGE MISS LATENCY: 348.3 cycles
cpu0->LLC TOTAL        ACCESS:      11566 HIT:       2307 MISS:       9259 MSHR_MERGE:          0
cpu0->LLC LOAD         ACCESS:       2618 HIT:         64 MISS:       2554 MSHR_MERGE:          0
cpu0->LLC RFO          ACCESS:       6511 HIT:          0 MISS:       6511 MSHR_MERGE:          0
cpu0->LLC PREFETCH     ACCESS:          0 HIT:          0 MISS:          0 MSHR_MERGE:          0
cpu0->LLC WRITE        ACCESS:       2243 HIT:       2243 MISS:          0 MSHR_MERGE:          0
cpu0->LLC TRANSLATION  ACCESS:        194 HIT:          0 MISS:        194 MSHR_MERGE:          0
cpu0->LLC PREFETCH REQUESTED:          0 ISSUED:          0 USEFUL:          0 USELESS:          0
cpu0->LLC AVERAGE MISS LATENCY: 146.4 cycles

DRAM Statistics

Channel 0 RQ ROW_BUFFER_HIT:       2097
  ROW_BUFFER_MISS:       7162
  AVG DBUS CONGESTED CYCLE: 2.689
Channel 0 WQ ROW_BUFFER_HIT:          0
  ROW_BUFFER_MISS:          0
  FULL:          0
Channel 0 REFRESHES ISSUED:       2947
