[VMEM] WARNING: physical memory size is smaller than virtual memory size.
WARNING: option --warmup_instructions is deprecated. Use --warmup-instructions instead.
WARNING: option --simulation_instructions is deprecated. Use --simulation-instructions instead.

*** ChampSim Multicore Out-of-Order Simulator ***
Warmup Instructions: 5000000
Simulation Instructions: 25000000
Number of CPUs: 1
Page size: 4096

Off-chip DRAM Size: 16 GiB Channels: 1 Width: 64-bit Data Rate: 3205 MT/s
Warmup finished CPU 0 instructions: 5000003 cycles: 1406359 cumulative IPC: 3.555 (Simulation time: 00 hr 00 min 17 sec)
Warmup complete CPU 0 instructions: 5000003 cycles: 1406359 cumulative IPC: 3.555 (Simulation time: 00 hr 00 min 17 sec)
Heartbeat CPU 0 instructions: 10000004 cycles: 7079265 heartbeat IPC: 1.413 cumulative IPC: 0.8814 (Simulation time: 00 hr 01 min 05 sec)
Heartbeat CPU 0 instructions: 20000004 cycles: 18375421 heartbeat IPC: 0.8853 cumulative IPC: 0.884 (Simulation time: 00 hr 02 min 43 sec)
Heartbeat CPU 0 instructions: 30000005 cycles: 29779296 heartbeat IPC: 0.8769 cumulative IPC: 0.8811 (Simulation time: 00 hr 04 min 18 sec)
Simulation finished CPU 0 instructions: 25000002 cycles: 28372937 cumulative IPC: 0.8811 (Simulation time: 00 hr 04 min 18 sec)
Simulation complete CPU 0 instructions: 25000002 cycles: 28372937 cumulative IPC: 0.8811 (Simulation time: 00 hr 04 min 18 sec)

ChampSim completed all CPUs

=== Simulation ===
CPU 0 runs /mnt/storage/mipt/microarch/data/traces/603.bwaves_s-2931B.champsimtrace.xz

Region of Interest Statistics

CPU 0 cumulative IPC: 0.8811 instructions: 25000002 cycles: 28372937
CPU 0 Branch Prediction Accuracy: 80.62% MPKI: 1.636 Average ROB Occupancy at Mispredict: 300.3
Branch type MPKI
BRANCH_DIRECT_JUMP: 0
BRANCH_INDIRECT: 0
BRANCH_CONDITIONAL: 1.636
BRANCH_DIRECT_CALL: 0
BRANCH_INDIRECT_CALL: 0
BRANCH_RETURN: 0

cpu0->cpu0_STLB TOTAL        ACCESS:      42920 HIT:      37588 MISS:       5332 MSHR_MERGE:          0
cpu0->cpu0_STLB LOAD         ACCESS:      42920 HIT:      37588 MISS:       5332 MSHR_MERGE:          0
cpu0->cpu0_STLB RFO          ACCESS:          0 HIT:          0 MISS:          0 MSHR_MERGE:          0
cpu0->cpu0_STLB PREFETCH     ACCESS:          0 HIT:          0 MISS:          0 MSHR_MERGE:          0
cpu0->cpu0_STLB WRITE        ACCESS:          0 HIT:          0 MISS:          0 MSHR_MERGE:          0
cpu0->cpu0_STLB TRANSLATION  ACCESS:          0 HIT:          0 MISS:          0 MSHR_MERGE:          0
cpu0->cpu0_STLB PREFETCH REQUESTED:          0 ISSUED:          0 USEFUL:          0 USELESS:          0
cpu0->cpu0_STLB AVERAGE MISS LATENCY: 711.2 cycles
cpu0->cpu0_L2C TOTAL        ACCESS:     586584 HIT:     116242 MISS:     470342 MSHR_MERGE:          0
cpu0->cpu0_L2C LOAD         ACCESS:     259181 HIT:      13360 MISS:     245821 MSHR_MERGE:          0
cpu0->cpu0_L2C RFO          ACCESS:     157408 HIT:       8549 MISS:     148859 MSHR_MERGE:          0
cpu0->cpu0_L2C PREFETCH     ACCESS:          0 HIT:          0 MISS:          0 MSHR_MERGE:          0
cpu0->cpu0_L2C WRITE        ACCESS:     159360 HIT:      93084 MISS:      66276 MSHR_MERGE:          0
cpu0->cpu0_L2C TRANSLATION  ACCESS:      10635 HIT:       1249 MISS:       9386 MSHR_MERGE:          0
cpu0->cpu0_L2C PREFETCH REQUESTED:          0 ISSUED:          0 USEFUL:          0 USELESS:          0
cpu0->cpu0_L2C AVERAGE MISS LATENCY: 179.4 cycles
cpu0->cpu0_L1I TOTAL        ACCESS:    2837997 HIT:    2837989 MISS:          8 MSHR_MERGE:          1
cpu0->cpu0_L1I LOAD         ACCESS:    2837997 HIT:    2837989 MISS:          8 MSHR_MERGE:          1
cpu0->cpu0_L1I RFO          ACCESS:          0 HIT:          0 MISS:          0 MSHR_MERGE:          0
cpu0->cpu0_L1I PREFETCH     ACCESS:          0 HIT:          0 MISS:          0 MSHR_MERGE:          0
cpu0->cpu0_L1I WRITE        ACCESS:          0 HIT:          0 MISS:          0 MSHR_MERGE:          0
cpu0->cpu0_L1I TRANSLATION  ACCESS:          0 HIT:          0 MISS:          0 MSHR_MERGE:          0
cpu0->cpu0_L1I PREFETCH REQUESTED:          0 ISSUED:          0 USEFUL:          0 USELESS:          0
cpu0->cpu0_L1I AVERAGE MISS LATENCY: 239.9 cycles
cpu0->cpu0_L1D TOTAL        ACCESS:    8275954 HIT:    7464761 MISS:     811193 MSHR_MERGE:     383812
cpu0->cpu0_L1D LOAD         ACCESS:    3692142 HIT:    3430608 MISS:     261534 MSHR_MERGE:       2356
cpu0->cpu0_L1D RFO          ACCESS:          0 HIT:          0 MISS:          0 MSHR_MERGE:          0
cpu0->cpu0_L1D PREFETCH     ACCESS:          0 HIT:          0 MISS:          0 MSHR_MERGE:          0
cpu0->cpu0_L1D WRITE        ACCESS:    4573131 HIT:    4034107 MISS:     539024 MSHR_MERGE:     381456
cpu0->cpu0_L1D TRANSLATION  ACCESS:      10681 HIT:         46 MISS:      10635 MSHR_MERGE:          0
cpu0->cpu0_L1D PREFETCH REQUESTED:          0 ISSUED:          0 USEFUL:          0 USELESS:          0
cpu0->cpu0_L1D AVERAGE MISS LATENCY: 205.8 cycles
cpu0->cpu0_ITLB TOTAL        ACCESS:    2269157 HIT:    2269157 MISS:          0 MSHR_MERGE:          0
cpu0->cpu0_ITLB LOAD         ACCESS:    2269157 HIT:    2269157 MISS:          0 MSHR_MERGE:          0
cpu0->cpu0_ITLB RFO          ACCESS:          0 HIT:          0 MISS:          0 MSHR_MERGE:          0
cpu0->cpu0_ITLB PREFETCH     ACCESS:          0 HIT:          0 MISS:          0 MSHR_MERGE:          0
cpu0->cpu0_ITLB WRITE        ACCESS:          0 HIT:          0 MISS:          0 MSHR_MERGE:          0
cpu0->cpu0_ITLB TRANSLATION  ACCESS:          0 HIT:          0 MISS:          0 MSHR_MERGE:          0
cpu0->cpu0_ITLB PREFETCH REQUESTED:          0 ISSUED:          0 USEFUL:          0 USELESS:          0
cpu0->cpu0_ITLB AVERAGE MISS LATENCY: - cycles
cpu0->cpu0_DTLB TOTAL        ACCESS:    7580863 HIT:    7532779 MISS:      48084 MSHR_MERGE:       5164
cpu0->cpu0_DTLB LOAD         ACCESS:    7580863 HIT:    7532779 MISS:      48084 MSHR_MERGE:       5164
cpu0->cpu0_DTLB RFO          ACCESS:          0 HIT:          0 MISS:          0 MSHR_MERGE:          0
cpu0->cpu0_DTLB PREFETCH     ACCESS:          0 HIT:          0 MISS:          0 MSHR_MERGE:          0
cpu0->cpu0_DTLB WRITE        ACCESS:          0 HIT:          0 MISS:          0 MSHR_MERGE:          0
cpu0->cpu0_DTLB TRANSLATION  ACCESS:          0 HIT:          0 MISS:          0 MSHR_MERGE:          0
cpu0->cpu0_DTLB PREFETCH REQUESTED:          0 ISSUED:          0 USEFUL:          0 USELESS:          0
cpu0->cpu0_DTLB AVERAGE MISS LATENCY: 93.49 cycles
cpu0->LLC TOTAL        ACCESS:     552722 HIT:     169237 MISS:     383485 MSHR_MERGE:          0
cpu0->LLC LOAD         ACCESS:     245821 HIT:      53375 MISS:     192446 MSHR_MERGE:          0
cpu0->LLC RFO          ACCESS:     148859 HIT:         18 MISS:     148841 MSHR_MERGE:          0
cpu0->LLC PREFETCH     ACCESS:          0 HIT:          0 MISS:          0 MSHR_MERGE:          0
cpu0->LLC WRITE        ACCESS:     148656 HIT:     112611 MISS:      36045 MSHR_MERGE:          0
cpu0->LLC TRANSLATION  ACCESS:       9386 HIT:       3233 MISS:       6153 MSHR_MERGE:          0
cpu0->LLC PREFETCH REQUESTED:          0 ISSUED:          0 USEFUL:          0 USELESS:          0
cpu0->LLC AVERAGE MISS LATENCY: 203.4 cycles

DRAM Statistics

Channel 0 RQ ROW_BUFFER_HIT:          3
  ROW_BUFFER_MISS:     347436
  AVG DBUS CONGESTED CYCLE: 11.57
Channel 0 WQ ROW_BUFFER_HIT:      53069
  ROW_BUFFER_MISS:      94923
  FULL:          0
Channel 0 REFRESHES ISSUED:       2364
