[VMEM] WARNING: physical memory size is smaller than virtual memory size.
WARNING: option --warmup_instructions is deprecated. Use --warmup-instructions instead.
WARNING: option --simulation_instructions is deprecated. Use --simulation-instructions instead.

*** ChampSim Multicore Out-of-Order Simulator ***
Warmup Instructions: 5000000
Simulation Instructions: 25000000
Number of CPUs: 1
Page size: 4096

Off-chip DRAM Size: 16 GiB Channels: 1 Width: 64-bit Data Rate: 3205 MT/s
Warmup finished CPU 0 instructions: 5000001 cycles: 2093328 cumulative IPC: 2.389 (Simulation time: 00 hr 00 min 27 sec)
Warmup complete CPU 0 instructions: 5000001 cycles: 2093328 cumulative IPC: 2.389 (Simulation time: 00 hr 00 min 27 sec)
Heartbeat CPU 0 instructions: 10000004 cycles: 23458440 heartbeat IPC: 0.4263 cumulative IPC: 0.234 (Simulation time: 00 hr 03 min 24 sec)
Heartbeat CPU 0 instructions: 20000007 cycles: 65207518 heartbeat IPC: 0.2395 cumulative IPC: 0.2377 (Simulation time: 00 hr 07 min 59 sec)
Simulation finished CPU 0 instructions: 25000001 cycles: 104503374 cumulative IPC: 0.2392 (Simulation time: 00 hr 11 min 45 sec)
Simulation complete CPU 0 instructions: 25000001 cycles: 104503374 cumulative IPC: 0.2392 (Simulation time: 00 hr 11 min 45 sec)

ChampSim completed all CPUs

=== Simulation ===
CPU 0 runs /mnt/storage/mipt/microarch/data/traces/605.mcf_s-1536B.champsimtrace.xz

Region of Interest Statistics

CPU 0 cumulative IPC: 0.2392 instructions: 25000001 cycles: 104503374
CPU 0 Branch Prediction Accuracy: 99.98% MPKI: 0.03768 Average ROB Occupancy at Mispredict: 190.5
Branch type MPKI
BRANCH_DIRECT_JUMP: 0
BRANCH_INDIRECT: 0
BRANCH_CONDITIONAL: 0.03768
BRANCH_DIRECT_CALL: 0
BRANCH_INDIRECT_CALL: 0
BRANCH_RETURN: 0

cpu0->cpu0_STLB TOTAL        ACCESS:     691017 HIT:     130019 MISS:     560998 MSHR_MERGE:          0
cpu0->cpu0_STLB LOAD         ACCESS:     691017 HIT:     130019 MISS:     560998 MSHR_MERGE:          0
cpu0->cpu0_STLB RFO          ACCESS:          0 HIT:          0 MISS:          0 MSHR_MERGE:          0
cpu0->cpu0_STLB PREFETCH     ACCESS:          0 HIT:          0 MISS:          0 MSHR_MERGE:          0
cpu0->cpu0_STLB WRITE        ACCESS:          0 HIT:          0 MISS:          0 MSHR_MERGE:          0
cpu0->cpu0_STLB TRANSLATION  ACCESS:          0 HIT:          0 MISS:          0 MSHR_MERGE:          0
cpu0->cpu0_STLB PREFETCH REQUESTED:          0 ISSUED:          0 USEFUL:          0 USELESS:          0
cpu0->cpu0_STLB AVERAGE MISS LATENCY: 90.82 cycles
cpu0->cpu0_L2C TOTAL        ACCESS:    2901899 HIT:     655918 MISS:    2245981 MSHR_MERGE:          0
cpu0->cpu0_L2C LOAD         ACCESS:    1154631 HIT:     359671 MISS:     794960 MSHR_MERGE:          0
cpu0->cpu0_L2C RFO          ACCESS:      71352 HIT:       2059 MISS:      69293 MSHR_MERGE:          0
cpu0->cpu0_L2C PREFETCH     ACCESS:          0 HIT:          0 MISS:          0 MSHR_MERGE:          0
cpu0->cpu0_L2C WRITE        ACCESS:     556357 HIT:     255330 MISS:     301027 MSHR_MERGE:          0
cpu0->cpu0_L2C TRANSLATION  ACCESS:    1119559 HIT:      38858 MISS:    1080701 MSHR_MERGE:          0
cpu0->cpu0_L2C PREFETCH REQUESTED:          0 ISSUED:          0 USEFUL:          0 USELESS:          0
cpu0->cpu0_L2C AVERAGE MISS LATENCY: 82.44 cycles
cpu0->cpu0_L1I TOTAL        ACCESS:    5564585 HIT:    5564585 MISS:          0 MSHR_MERGE:          0
cpu0->cpu0_L1I LOAD         ACCESS:    5564585 HIT:    5564585 MISS:          0 MSHR_MERGE:          0
cpu0->cpu0_L1I RFO          ACCESS:          0 HIT:          0 MISS:          0 MSHR_MERGE:          0
cpu0->cpu0_L1I PREFETCH     ACCESS:          0 HIT:          0 MISS:          0 MSHR_MERGE:          0
cpu0->cpu0_L1I WRITE        ACCESS:          0 HIT:          0 MISS:          0 MSHR_MERGE:          0
cpu0->cpu0_L1I TRANSLATION  ACCESS:          0 HIT:          0 MISS:          0 MSHR_MERGE:          0
cpu0->cpu0_L1I PREFETCH REQUESTED:          0 ISSUED:          0 USEFUL:          0 USELESS:          0
cpu0->cpu0_L1I AVERAGE MISS LATENCY: - cycles
cpu0->cpu0_L1D TOTAL        ACCESS:    7305254 HIT:    4113663 MISS:    3191591 MSHR_MERGE:     846041
cpu0->cpu0_L1D LOAD         ACCESS:    4990523 HIT:    2999662 MISS:    1990861 MSHR_MERGE:     836229
cpu0->cpu0_L1D RFO          ACCESS:          0 HIT:          0 MISS:          0 MSHR_MERGE:          0
cpu0->cpu0_L1D PREFETCH     ACCESS:          0 HIT:          0 MISS:          0 MSHR_MERGE:          0
cpu0->cpu0_L1D WRITE        ACCESS:    1108562 HIT:    1037180 MISS:      71382 MSHR_MERGE:         23
cpu0->cpu0_L1D TRANSLATION  ACCESS:    1206169 HIT:      76821 MISS:    1129348 MSHR_MERGE:       9789
cpu0->cpu0_L1D PREFETCH REQUESTED:          0 ISSUED:          0 USEFUL:          0 USELESS:          0
cpu0->cpu0_L1D AVERAGE MISS LATENCY: 87.37 cycles
cpu0->cpu0_ITLB TOTAL        ACCESS:    4988646 HIT:    4988646 MISS:          0 MSHR_MERGE:          0
cpu0->cpu0_ITLB LOAD         ACCESS:    4988646 HIT:    4988646 MISS:          0 MSHR_MERGE:          0
cpu0->cpu0_ITLB RFO          ACCESS:          0 HIT:          0 MISS:          0 MSHR_MERGE:          0
cpu0->cpu0_ITLB PREFETCH     ACCESS:          0 HIT:          0 MISS:          0 MSHR_MERGE:          0
cpu0->cpu0_ITLB WRITE        ACCESS:          0 HIT:          0 MISS:          0 MSHR_MERGE:          0
cpu0->cpu0_ITLB TRANSLATION  ACCESS:          0 HIT:          0 MISS:          0 MSHR_MERGE:          0
cpu0->cpu0_ITLB PREFETCH REQUESTED:          0 ISSUED:          0 USEFUL:          0 USELESS:          0
cpu0->cpu0_ITLB AVERAGE MISS LATENCY: - cycles
cpu0->cpu0_DTLB TOTAL        ACCESS:    6052623 HIT:    4355288 MISS:    1697335 MSHR_MERGE:    1006318
cpu0->cpu0_DTLB LOAD         ACCESS:    6052623 HIT:    4355288 MISS:    1697335 MSHR_MERGE:    1006318
cpu0->cpu0_DTLB RFO          ACCESS:          0 HIT:          0 MISS:          0 MSHR_MERGE:          0
cpu0->cpu0_DTLB PREFETCH     ACCESS:          0 HIT:          0 MISS:          0 MSHR_MERGE:          0
cpu0->cpu0_DTLB WRITE        ACCESS:          0 HIT:          0 MISS:          0 MSHR_MERGE:          0
cpu0->cpu0_DTLB TRANSLATION  ACCESS:          0 HIT:          0 MISS:          0 MSHR_MERGE:          0
cpu0->cpu0_DTLB PREFETCH REQUESTED:          0 ISSUED:          0 USEFUL:          0 USELESS:          0
cpu0->cpu0_DTLB AVERAGE MISS LATENCY: 79.54 cycles
cpu0->LLC TOTAL        ACCESS:    2498752 HIT:    1733145 MISS:     765607 MSHR_MERGE:          0
cpu0->LLC LOAD         ACCESS:     794960 HIT:     159975 MISS:     634985 MSHR_MERGE:          0
cpu0->LLC RFO          ACCESS:      69293 HIT:      69281 MISS:         12 MSHR_MERGE:          0
cpu0->LLC PREFETCH     ACCESS:          0 HIT:          0 MISS:          0 MSHR_MERGE:          0
cpu0->LLC WRITE        ACCESS:     553798 HIT:     473764 MISS:      80034 MSHR_MERGE:          0
cpu0->LLC TRANSLATION  ACCESS:    1080701 HIT:    1030125 MISS:      50576 MSHR_MERGE:          0
cpu0->LLC PREFETCH REQUESTED:          0 ISSUED:          0 USEFUL:          0 USELESS:          0
cpu0->LLC AVERAGE MISS LATENCY: 202.2 cycles

DRAM Statistics

Channel 0 RQ ROW_BUFFER_HIT:        176
  ROW_BUFFER_MISS:     685397
  AVG DBUS CONGESTED CYCLE: 5.887
Channel 0 WQ ROW_BUFFER_HIT:     180861
  ROW_BUFFER_MISS:     373398
  FULL:          0
Channel 0 REFRESHES ISSUED:       8709
