[VMEM] WARNING: physical memory size is smaller than virtual memory size.
WARNING: option --warmup_instructions is deprecated. Use --warmup-instructions instead.
WARNING: option --simulation_instructions is deprecated. Use --simulation-instructions instead.

*** ChampSim Multicore Out-of-Order Simulator ***
Warmup Instructions: 5000000
Simulation Instructions: 25000000
Number of CPUs: 1
Page size: 4096

Off-chip DRAM Size: 16 GiB Channels: 1 Width: 64-bit Data Rate: 3205 MT/s
Warmup finished CPU 0 instructions: 5000000 cycles: 1496070 cumulative IPC: 3.342 (Simulation time: 00 hr 00 min 19 sec)
Warmup complete CPU 0 instructions: 5000000 cycles: 1496070 cumulative IPC: 3.342 (Simulation time: 00 hr 00 min 19 sec)
Heartbeat CPU 0 instructions: 10000002 cycles: 4542319 heartbeat IPC: 2.202 cumulative IPC: 1.641 (Simulation time: 00 hr 00 min 47 sec)
Heartbeat CPU 0 instructions: 20000002 cycles: 11022708 heartbeat IPC: 1.543 cumulative IPC: 1.575 (Simulation time: 00 hr 01 min 43 sec)
Simulation finished CPU 0 instructions: 25000001 cycles: 15969570 cumulative IPC: 1.565 (Simulation time: 00 hr 02 min 46 sec)
Simulation complete CPU 0 instructions: 25000001 cycles: 15969570 cumulative IPC: 1.565 (Simulation time: 00 hr 02 min 46 sec)

ChampSim completed all CPUs

=== Simulation ===
CPU 0 runs /mnt/storage/mipt/microarch/data/traces/607.cactuBSSN_s-2421B.champsimtrace.xz

Region of Interest Statistics

CPU 0 cumulative IPC: 1.565 instructions: 25000001 cycles: 15969570
CPU 0 Branch Prediction Accuracy: 91.63% MPKI: 0.7521 Average ROB Occupancy at Mispredict: 332.8
Branch type MPKI
BRANCH_DIRECT_JUMP: 0.00132
BRANCH_INDIRECT: 8e-05
BRANCH_CONDITIONAL: 0.3843
BRANCH_DIRECT_CALL: 0.00156
BRANCH_INDIRECT_CALL: 0
BRANCH_RETURN: 0.3649

cpu0->cpu0_STLB TOTAL        ACCESS:     962314 HIT:     961287 MISS:       1027 MSHR_MERGE:          0
cpu0->cpu0_STLB LOAD         ACCESS:     962314 HIT:     961287 MISS:       1027 MSHR_MERGE:          0
cpu0->cpu0_STLB RFO          ACCESS:          0 HIT:          0 MISS:          0 MSHR_MERGE:          0
cpu0->cpu0_STLB PREFETCH     ACCESS:          0 HIT:          0 MISS:          0 MSHR_MERGE:          0
cpu0->cpu0_STLB WRITE        ACCESS:          0 HIT:          0 MISS:          0 MSHR_MERGE:          0
cpu0->cpu0_STLB TRANSLATION  ACCESS:          0 HIT:          0 MISS:          0 MSHR_MERGE:          0
cpu0->cpu0_STLB PREFETCH REQUESTED:          0 ISSUED:          0 USEFUL:          0 USELESS:          0
cpu0->cpu0_STLB AVERAGE MISS LATENCY: 808 cycles
cpu0->cpu0_L2C TOTAL        ACCESS:    2660580 HIT:    1797677 MISS:     862903 MSHR_MERGE:          0
cpu0->cpu0_L2C LOAD         ACCESS:    2335427 HIT:    1548112 MISS:     787315 MSHR_MERGE:          0
cpu0->cpu0_L2C RFO          ACCESS:     153166 HIT:     111847 MISS:      41319 MSHR_MERGE:          0
cpu0->cpu0_L2C PREFETCH     ACCESS:          0 HIT:          0 MISS:          0 MSHR_MERGE:          0
cpu0->cpu0_L2C WRITE        ACCESS:     169433 HIT:     137714 MISS:      31719 MSHR_MERGE:          0
cpu0->cpu0_L2C TRANSLATION  ACCESS:       2554 HIT:          4 MISS:       2550 MSHR_MERGE:          0
cpu0->cpu0_L2C PREFETCH REQUESTED:          0 ISSUED:          0 USEFUL:          0 USELESS:          0
cpu0->cpu0_L2C AVERAGE MISS LATENCY: 31.81 cycles
cpu0->cpu0_L1I TOTAL        ACCESS:    5535322 HIT:    4255976 MISS:    1279346 MSHR_MERGE:     629239
cpu0->cpu0_L1I LOAD         ACCESS:    5535322 HIT:    4255976 MISS:    1279346 MSHR_MERGE:     629239
cpu0->cpu0_L1I RFO          ACCESS:          0 HIT:          0 MISS:          0 MSHR_MERGE:          0
cpu0->cpu0_L1I PREFETCH     ACCESS:          0 HIT:          0 MISS:          0 MSHR_MERGE:          0
cpu0->cpu0_L1I WRITE        ACCESS:          0 HIT:          0 MISS:          0 MSHR_MERGE:          0
cpu0->cpu0_L1I TRANSLATION  ACCESS:          0 HIT:          0 MISS:          0 MSHR_MERGE:          0
cpu0->cpu0_L1I PREFETCH REQUESTED:          0 ISSUED:          0 USEFUL:          0 USELESS:          0
cpu0->cpu0_L1I AVERAGE MISS LATENCY: 9.847 cycles
cpu0->cpu0_L1D TOTAL        ACCESS:    9701286 HIT:    7662949 MISS:    2038337 MSHR_MERGE:     197257
cpu0->cpu0_L1D LOAD         ACCESS:    7689816 HIT:    5824883 MISS:    1864933 MSHR_MERGE:     179580
cpu0->cpu0_L1D RFO          ACCESS:          0 HIT:          0 MISS:          0 MSHR_MERGE:          0
cpu0->cpu0_L1D PREFETCH     ACCESS:          0 HIT:          0 MISS:          0 MSHR_MERGE:          0
cpu0->cpu0_L1D WRITE        ACCESS:    2008898 HIT:    1838051 MISS:     170847 MSHR_MERGE:      17674
cpu0->cpu0_L1D TRANSLATION  ACCESS:       2572 HIT:         15 MISS:       2557 MSHR_MERGE:          3
cpu0->cpu0_L1D PREFETCH REQUESTED:          0 ISSUED:          0 USEFUL:          0 USELESS:          0
cpu0->cpu0_L1D AVERAGE MISS LATENCY: 23.29 cycles
cpu0->cpu0_ITLB TOTAL        ACCESS:    4380048 HIT:    4380033 MISS:         15 MSHR_MERGE:          5
cpu0->cpu0_ITLB LOAD         ACCESS:    4380048 HIT:    4380033 MISS:         15 MSHR_MERGE:          5
cpu0->cpu0_ITLB RFO          ACCESS:          0 HIT:          0 MISS:          0 MSHR_MERGE:          0
cpu0->cpu0_ITLB PREFETCH     ACCESS:          0 HIT:          0 MISS:          0 MSHR_MERGE:          0
cpu0->cpu0_ITLB WRITE        ACCESS:          0 HIT:          0 MISS:          0 MSHR_MERGE:          0
cpu0->cpu0_ITLB TRANSLATION  ACCESS:          0 HIT:          0 MISS:          0 MSHR_MERGE:          0
cpu0->cpu0_ITLB PREFETCH REQUESTED:          0 ISSUED:          0 USEFUL:          0 USELESS:          0
cpu0->cpu0_ITLB AVERAGE MISS LATENCY: 887.8 cycles
cpu0->cpu0_DTLB TOTAL        ACCESS:    9181788 HIT:    8118349 MISS:    1063439 MSHR_MERGE:     101135
cpu0->cpu0_DTLB LOAD         ACCESS:    9181788 HIT:    8118349 MISS:    1063439 MSHR_MERGE:     101135
cpu0->cpu0_DTLB RFO          ACCESS:          0 HIT:          0 MISS:          0 MSHR_MERGE:          0
cpu0->cpu0_DTLB PREFETCH     ACCESS:          0 HIT:          0 MISS:          0 MSHR_MERGE:          0
cpu0->cpu0_DTLB WRITE        ACCESS:          0 HIT:          0 MISS:          0 MSHR_MERGE:          0
cpu0->cpu0_DTLB TRANSLATION  ACCESS:          0 HIT:          0 MISS:          0 MSHR_MERGE:          0
cpu0->cpu0_DTLB PREFETCH REQUESTED:          0 ISSUED:          0 USEFUL:          0 USELESS:          0
cpu0->cpu0_DTLB AVERAGE MISS LATENCY: 5.893 cycles
cpu0->LLC TOTAL        ACCESS:     871954 HIT:     804568 MISS:      67386 MSHR_MERGE:          0
cpu0->LLC LOAD         ACCESS:     787315 HIT:     736325 MISS:      50990 MSHR_MERGE:          0
cpu0->LLC RFO          ACCESS:      41150 HIT:      26410 MISS:      14740 MSHR_MERGE:          0
cpu0->LLC PREFETCH     ACCESS:          0 HIT:          0 MISS:          0 MSHR_MERGE:          0
cpu0->LLC WRITE        ACCESS:      40939 HIT:      40896 MISS:         43 MSHR_MERGE:          0
cpu0->LLC TRANSLATION  ACCESS:       2550 HIT:        937 MISS:       1613 MSHR_MERGE:          0
cpu0->LLC PREFETCH REQUESTED:          0 ISSUED:          0 USEFUL:          0 USELESS:          0
cpu0->LLC AVERAGE MISS LATENCY: 219.3 cycles

DRAM Statistics

Channel 0 RQ ROW_BUFFER_HIT:         34
  ROW_BUFFER_MISS:      67309
  AVG DBUS CONGESTED CYCLE: 10.09
Channel 0 WQ ROW_BUFFER_HIT:        811
  ROW_BUFFER_MISS:      10557
  FULL:          0
Channel 0 REFRESHES ISSUED:       1331
