[VMEM] WARNING: physical memory size is smaller than virtual memory size.
WARNING: option --warmup_instructions is deprecated. Use --warmup-instructions instead.
WARNING: option --simulation_instructions is deprecated. Use --simulation-instructions instead.

*** ChampSim Multicore Out-of-Order Simulator ***
Warmup Instructions: 5000000
Simulation Instructions: 25000000
Number of CPUs: 1
Page size: 4096

Off-chip DRAM Size: 16 GiB Channels: 1 Width: 64-bit Data Rate: 3205 MT/s
Warmup finished CPU 0 instructions: 5000001 cycles: 1783944 cumulative IPC: 2.803 (Simulation time: 00 hr 00 min 19 sec)
Warmup complete CPU 0 instructions: 5000001 cycles: 1783944 cumulative IPC: 2.803 (Simulation time: 00 hr 00 min 19 sec)
Heartbeat CPU 0 instructions: 10000001 cycles: 12865278 heartbeat IPC: 0.7773 cumulative IPC: 0.4512 (Simulation time: 00 hr 01 min 56 sec)
Heartbeat CPU 0 instructions: 20000004 cycles: 34551627 heartbeat IPC: 0.4611 cumulative IPC: 0.4578 (Simulation time: 00 hr 05 min 13 sec)
Simulation finished CPU 0 instructions: 25000002 cycles: 53972229 cumulative IPC: 0.4632 (Simulation time: 00 hr 07 min 43 sec)
Simulation complete CPU 0 instructions: 25000002 cycles: 53972229 cumulative IPC: 0.4632 (Simulation time: 00 hr 07 min 43 sec)

ChampSim completed all CPUs

=== Simulation ===
CPU 0 runs /mnt/storage/mipt/microarch/data/traces/619.lbm_s-2676B.champsimtrace.xz

Region of Interest Statistics

CPU 0 cumulative IPC: 0.4632 instructions: 25000002 cycles: 53972229
CPU 0 Branch Prediction Accuracy: 95.63% MPKI: 0.7376 Average ROB Occupancy at Mispredict: 212
Branch type MPKI
BRANCH_DIRECT_JUMP: 0
BRANCH_INDIRECT: 0
BRANCH_CONDITIONAL: 0.7376
BRANCH_DIRECT_CALL: 0
BRANCH_INDIRECT_CALL: 0
BRANCH_RETURN: 0

cpu0->cpu0_STLB TOTAL        ACCESS:      31491 HIT:      14402 MISS:      17089 MSHR_MERGE:          0
cpu0->cpu0_STLB LOAD         ACCESS:      31491 HIT:      14402 MISS:      17089 MSHR_MERGE:          0
cpu0->cpu0_STLB RFO          ACCESS:          0 HIT:          0 MISS:          0 MSHR_MERGE:          0
cpu0->cpu0_STLB PREFETCH     ACCESS:          0 HIT:          0 MISS:          0 MSHR_MERGE:          0
cpu0->cpu0_STLB WRITE        ACCESS:          0 HIT:          0 MISS:          0 MSHR_MERGE:          0
cpu0->cpu0_STLB TRANSLATION  ACCESS:          0 HIT:          0 MISS:          0 MSHR_MERGE:          0
cpu0->cpu0_STLB PREFETCH REQUESTED:          0 ISSUED:          0 USEFUL:          0 USELESS:          0
cpu0->cpu0_STLB AVERAGE MISS LATENCY: 931.4 cycles
cpu0->cpu0_L2C TOTAL        ACCESS:    3375729 HIT:     933624 MISS:    2442105 MSHR_MERGE:          0
cpu0->cpu0_L2C LOAD         ACCESS:     273389 HIT:          0 MISS:     273389 MSHR_MERGE:          0
cpu0->cpu0_L2C RFO          ACCESS:    1541531 HIT:     288231 MISS:    1253300 MSHR_MERGE:          0
cpu0->cpu0_L2C PREFETCH     ACCESS:          0 HIT:          0 MISS:          0 MSHR_MERGE:          0
cpu0->cpu0_L2C WRITE        ACCESS:    1541565 HIT:     645393 MISS:     896172 MSHR_MERGE:          0
cpu0->cpu0_L2C TRANSLATION  ACCESS:      19244 HIT:          0 MISS:      19244 MSHR_MERGE:          0
cpu0->cpu0_L2C PREFETCH REQUESTED:          0 ISSUED:          0 USEFUL:          0 USELESS:          0
cpu0->cpu0_L2C AVERAGE MISS LATENCY: 228.3 cycles
cpu0->cpu0_L1I TOTAL        ACCESS:    3963282 HIT:    3963282 MISS:          0 MSHR_MERGE:          0
cpu0->cpu0_L1I LOAD         ACCESS:    3963282 HIT:    3963282 MISS:          0 MSHR_MERGE:          0
cpu0->cpu0_L1I RFO          ACCESS:          0 HIT:          0 MISS:          0 MSHR_MERGE:          0
cpu0->cpu0_L1I PREFETCH     ACCESS:          0 HIT:          0 MISS:          0 MSHR_MERGE:          0
cpu0->cpu0_L1I WRITE        ACCESS:          0 HIT:          0 MISS:          0 MSHR_MERGE:          0
cpu0->cpu0_L1I TRANSLATION  ACCESS:          0 HIT:          0 MISS:          0 MSHR_MERGE:          0
cpu0->cpu0_L1I PREFETCH REQUESTED:          0 ISSUED:          0 USEFUL:          0 USELESS:          0
cpu0->cpu0_L1I AVERAGE MISS LATENCY: - cycles
cpu0->cpu0_L1D TOTAL        ACCESS:    6075009 HIT:    3809745 MISS:    2265264 MSHR_MERGE:     431071
cpu0->cpu0_L1D LOAD         ACCESS:    1577977 HIT:     946699 MISS:     631278 MSHR_MERGE:     357889
cpu0->cpu0_L1D RFO          ACCESS:          0 HIT:          0 MISS:          0 MSHR_MERGE:          0
cpu0->cpu0_L1D PREFETCH     ACCESS:          0 HIT:          0 MISS:          0 MSHR_MERGE:          0
cpu0->cpu0_L1D WRITE        ACCESS:    4462836 HIT:    2848094 MISS:    1614742 MSHR_MERGE:      73182
cpu0->cpu0_L1D TRANSLATION  ACCESS:      34196 HIT:      14952 MISS:      19244 MSHR_MERGE:          0
cpu0->cpu0_L1D PREFETCH REQUESTED:          0 ISSUED:          0 USEFUL:          0 USELESS:          0
cpu0->cpu0_L1D AVERAGE MISS LATENCY: 311.6 cycles
cpu0->cpu0_ITLB TOTAL        ACCESS:    2943406 HIT:    2943406 MISS:          0 MSHR_MERGE:          0
cpu0->cpu0_ITLB LOAD         ACCESS:    2943406 HIT:    2943406 MISS:          0 MSHR_MERGE:          0
cpu0->cpu0_ITLB RFO          ACCESS:          0 HIT:          0 MISS:          0 MSHR_MERGE:          0
cpu0->cpu0_ITLB PREFETCH     ACCESS:          0 HIT:          0 MISS:          0 MSHR_MERGE:          0
cpu0->cpu0_ITLB WRITE        ACCESS:          0 HIT:          0 MISS:          0 MSHR_MERGE:          0
cpu0->cpu0_ITLB TRANSLATION  ACCESS:          0 HIT:          0 MISS:          0 MSHR_MERGE:          0
cpu0->cpu0_ITLB PREFETCH REQUESTED:          0 ISSUED:          0 USEFUL:          0 USELESS:          0
cpu0->cpu0_ITLB AVERAGE MISS LATENCY: - cycles
cpu0->cpu0_DTLB TOTAL        ACCESS:    5691102 HIT:    5597046 MISS:      94056 MSHR_MERGE:      62565
cpu0->cpu0_DTLB LOAD         ACCESS:    5691102 HIT:    5597046 MISS:      94056 MSHR_MERGE:      62565
cpu0->cpu0_DTLB RFO          ACCESS:          0 HIT:          0 MISS:          0 MSHR_MERGE:          0
cpu0->cpu0_DTLB PREFETCH     ACCESS:          0 HIT:          0 MISS:          0 MSHR_MERGE:          0
cpu0->cpu0_DTLB WRITE        ACCESS:          0 HIT:          0 MISS:          0 MSHR_MERGE:          0
cpu0->cpu0_DTLB TRANSLATION  ACCESS:          0 HIT:          0 MISS:          0 MSHR_MERGE:          0
cpu0->cpu0_DTLB PREFETCH REQUESTED:          0 ISSUED:          0 USEFUL:          0 USELESS:          0
cpu0->cpu0_DTLB AVERAGE MISS LATENCY: 511 cycles
cpu0->LLC TOTAL        ACCESS:    2799347 HIT:    1591925 MISS:    1207422 MSHR_MERGE:          0
cpu0->LLC LOAD         ACCESS:     273389 HIT:         27 MISS:     273362 MSHR_MERGE:          0
cpu0->LLC RFO          ACCESS:    1253299 HIT:     433283 MISS:     820016 MSHR_MERGE:          0
cpu0->LLC PREFETCH     ACCESS:          0 HIT:          0 MISS:          0 MSHR_MERGE:          0
cpu0->LLC WRITE        ACCESS:    1253415 HIT:    1158615 MISS:      94800 MSHR_MERGE:          0
cpu0->LLC TRANSLATION  ACCESS:      19244 HIT:          0 MISS:      19244 MSHR_MERGE:          0
cpu0->LLC PREFETCH REQUESTED:          0 ISSUED:          0 USEFUL:          0 USELESS:          0
cpu0->LLC AVERAGE MISS LATENCY: 439.2 cycles

DRAM Statistics

Channel 0 RQ ROW_BUFFER_HIT:      59939
  ROW_BUFFER_MISS:    1052683
  AVG DBUS CONGESTED CYCLE: 7.276
Channel 0 WQ ROW_BUFFER_HIT:     131281
  ROW_BUFFER_MISS:     710939
  FULL:          0
Channel 0 REFRESHES ISSUED:       4498
