[VMEM] WARNING: physical memory size is smaller than virtual memory size.
WARNING: option --warmup_instructions is deprecated. Use --warmup-instructions instead.
WARNING: option --simulation_instructions is deprecated. Use --simulation-instructions instead.

*** ChampSim Multicore Out-of-Order Simulator ***
Warmup Instructions: 5000000
Simulation Instructions: 25000000
Number of CPUs: 1
Page size: 4096

Off-chip DRAM Size: 16 GiB Channels: 1 Width: 64-bit Data Rate: 3205 MT/s
Warmup finished CPU 0 instructions: 5000003 cycles: 3494015 cumulative IPC: 1.431 (Simulation time: 00 hr 00 min 40 sec)
Warmup complete CPU 0 instructions: 5000003 cycles: 3494015 cumulative IPC: 1.431 (Simulation time: 00 hr 00 min 40 sec)
Heartbeat CPU 0 instructions: 10000004 cycles: 21771541 heartbeat IPC: 0.4593 cumulative IPC: 0.2736 (Simulation time: 00 hr 02 min 29 sec)
Heartbeat CPU 0 instructions: 20000007 cycles: 59211394 heartbeat IPC: 0.2671 cumulative IPC: 0.2692 (Simulation time: 00 hr 05 min 59 sec)
Simulation finished CPU 0 instructions: 25000001 cycles: 90756210 cumulative IPC: 0.2755 (Simulation time: 00 hr 08 min 28 sec)
Simulation complete CPU 0 instructions: 25000001 cycles: 90756210 cumulative IPC: 0.2755 (Simulation time: 00 hr 08 min 28 sec)

ChampSim completed all CPUs

=== Simulation ===
CPU 0 runs /mnt/storage/mipt/microarch/data/traces/620.omnetpp_s-141B.champsimtrace.xz

Region of Interest Statistics

CPU 0 cumulative IPC: 0.2755 instructions: 25000001 cycles: 90756210
CPU 0 Branch Prediction Accuracy: 92.89% MPKI: 14.98 Average ROB Occupancy at Mispredict: 42.8
Branch type MPKI
BRANCH_DIRECT_JUMP: 0.8414
BRANCH_INDIRECT: 0.3648
BRANCH_CONDITIONAL: 12.48
BRANCH_DIRECT_CALL: 0.00052
BRANCH_INDIRECT_CALL: 0.8609
BRANCH_RETURN: 0.4358

cpu0->cpu0_STLB TOTAL        ACCESS:     562915 HIT:     442441 MISS:     120474 MSHR_MERGE:          0
cpu0->cpu0_STLB LOAD         ACCESS:     562915 HIT:     442441 MISS:     120474 MSHR_MERGE:          0
cpu0->cpu0_STLB RFO          ACCESS:          0 HIT:          0 MISS:          0 MSHR_MERGE:          0
cpu0->cpu0_STLB PREFETCH     ACCESS:          0 HIT:          0 MISS:          0 MSHR_MERGE:          0
cpu0->cpu0_STLB WRITE        ACCESS:          0 HIT:          0 MISS:          0 MSHR_MERGE:          0
cpu0->cpu0_STLB TRANSLATION  ACCESS:          0 HIT:          0 MISS:          0 MSHR_MERGE:          0
cpu0->cpu0_STLB PREFETCH REQUESTED:          0 ISSUED:          0 USEFUL:          0 USELESS:          0
cpu0->cpu0_STLB AVERAGE MISS LATENCY: 364.4 cycles
cpu0->cpu0_L2C TOTAL        ACCESS:    1017892 HIT:     374225 MISS:     643667 MSHR_MERGE:          0
cpu0->cpu0_L2C LOAD         ACCESS:     451659 HIT:     131788 MISS:     319871 MSHR_MERGE:          0
cpu0->cpu0_L2C RFO          ACCESS:      58121 HIT:      20665 MISS:      37456 MSHR_MERGE:          0
cpu0->cpu0_L2C PREFETCH     ACCESS:          0 HIT:          0 MISS:          0 MSHR_MERGE:          0
cpu0->cpu0_L2C WRITE        ACCESS:     240265 HIT:     164614 MISS:      75651 MSHR_MERGE:          0
cpu0->cpu0_L2C TRANSLATION  ACCESS:     267847 HIT:      57158 MISS:     210689 MSHR_MERGE:          0
cpu0->cpu0_L2C PREFETCH REQUESTED:          0 ISSUED:          0 USEFUL:          0 USELESS:          0
cpu0->cpu0_L2C AVERAGE MISS LATENCY: 136.8 cycles
cpu0->cpu0_L1I TOTAL        ACCESS:    3343211 HIT:    3324892 MISS:      18319 MSHR_MERGE:       4456
cpu0->cpu0_L1I LOAD         ACCESS:    3343211 HIT:    3324892 MISS:      18319 MSHR_MERGE:       4456
cpu0->cpu0_L1I RFO          ACCESS:          0 HIT:          0 MISS:          0 MSHR_MERGE:          0
cpu0->cpu0_L1I PREFETCH     ACCESS:          0 HIT:          0 MISS:          0 MSHR_MERGE:          0
cpu0->cpu0_L1I WRITE        ACCESS:          0 HIT:          0 MISS:          0 MSHR_MERGE:          0
cpu0->cpu0_L1I TRANSLATION  ACCESS:          0 HIT:          0 MISS:          0 MSHR_MERGE:          0
cpu0->cpu0_L1I PREFETCH REQUESTED:          0 ISSUED:          0 USEFUL:          0 USELESS:          0
cpu0->cpu0_L1I AVERAGE MISS LATENCY: 18.19 cycles
cpu0->cpu0_L1D TOTAL        ACCESS:   10262051 HIT:    9251601 MISS:    1010450 MSHR_MERGE:     246686
cpu0->cpu0_L1D LOAD         ACCESS:    5444964 HIT:    4882324 MISS:     562640 MSHR_MERGE:     124844
cpu0->cpu0_L1D RFO          ACCESS:          0 HIT:          0 MISS:          0 MSHR_MERGE:          0
cpu0->cpu0_L1D PREFETCH     ACCESS:          0 HIT:          0 MISS:          0 MSHR_MERGE:          0
cpu0->cpu0_L1D WRITE        ACCESS:    4526936 HIT:    4347731 MISS:     179205 MSHR_MERGE:     121084
cpu0->cpu0_L1D TRANSLATION  ACCESS:     290151 HIT:      21546 MISS:     268605 MSHR_MERGE:        758
cpu0->cpu0_L1D PREFETCH REQUESTED:          0 ISSUED:          0 USEFUL:          0 USELESS:          0
cpu0->cpu0_L1D AVERAGE MISS LATENCY: 123.4 cycles
cpu0->cpu0_ITLB TOTAL        ACCESS:    2949273 HIT:    2871654 MISS:      77619 MSHR_MERGE:      37474
cpu0->cpu0_ITLB LOAD         ACCESS:    2949273 HIT:    2871654 MISS:      77619 MSHR_MERGE:      37474
cpu0->cpu0_ITLB RFO          ACCESS:          0 HIT:          0 MISS:          0 MSHR_MERGE:          0
cpu0->cpu0_ITLB PREFETCH     ACCESS:          0 HIT:          0 MISS:          0 MSHR_MERGE:          0
cpu0->cpu0_ITLB WRITE        ACCESS:          0 HIT:          0 MISS:          0 MSHR_MERGE:          0
cpu0->cpu0_ITLB TRANSLATION  ACCESS:          0 HIT:          0 MISS:          0 MSHR_MERGE:          0
cpu0->cpu0_ITLB PREFETCH REQUESTED:          0 ISSUED:          0 USEFUL:          0 USELESS:          0
cpu0->cpu0_ITLB AVERAGE MISS LATENCY: 7.322 cycles
cpu0->cpu0_DTLB TOTAL        ACCESS:    9479721 HIT:    8869534 MISS:     610187 MSHR_MERGE:      87417
cpu0->cpu0_DTLB LOAD         ACCESS:    9479721 HIT:    8869534 MISS:     610187 MSHR_MERGE:      87417
cpu0->cpu0_DTLB RFO          ACCESS:          0 HIT:          0 MISS:          0 MSHR_MERGE:          0
cpu0->cpu0_DTLB PREFETCH     ACCESS:          0 HIT:          0 MISS:          0 MSHR_MERGE:          0
cpu0->cpu0_DTLB WRITE        ACCESS:          0 HIT:          0 MISS:          0 MSHR_MERGE:          0
cpu0->cpu0_DTLB TRANSLATION  ACCESS:          0 HIT:          0 MISS:          0 MSHR_MERGE:          0
cpu0->cpu0_DTLB PREFETCH REQUESTED:          0 ISSUED:          0 USEFUL:          0 USELESS:          0
cpu0->cpu0_DTLB AVERAGE MISS LATENCY: 89.03 cycles
cpu0->LLC TOTAL        ACCESS:     724020 HIT:     262001 MISS:     462019 MSHR_MERGE:          0
cpu0->LLC LOAD         ACCESS:     319871 HIT:      75846 MISS:     244025 MSHR_MERGE:          0
cpu0->LLC RFO          ACCESS:      37456 HIT:       8986 MISS:      28470 MSHR_MERGE:          0
cpu0->LLC PREFETCH     ACCESS:          0 HIT:          0 MISS:          0 MSHR_MERGE:          0
cpu0->LLC WRITE        ACCESS:     156004 HIT:     109046 MISS:      46958 MSHR_MERGE:          0
cpu0->LLC TRANSLATION  ACCESS:     210689 HIT:      68123 MISS:     142566 MSHR_MERGE:          0
cpu0->LLC PREFETCH REQUESTED:          0 ISSUED:          0 USEFUL:          0 USELESS:          0
cpu0->LLC AVERAGE MISS LATENCY: 171.5 cycles

DRAM Statistics

Channel 0 RQ ROW_BUFFER_HIT:       1473
  ROW_BUFFER_MISS:     413582
  AVG DBUS CONGESTED CYCLE: 19.96
Channel 0 WQ ROW_BUFFER_HIT:      45639
  ROW_BUFFER_MISS:      90638
  FULL:          0
Channel 0 REFRESHES ISSUED:       7563
