[VMEM] WARNING: physical memory size is smaller than virtual memory size.
WARNING: option --warmup_instructions is deprecated. Use --warmup-instructions instead.
WARNING: option --simulation_instructions is deprecated. Use --simulation-instructions instead.

*** ChampSim Multicore Out-of-Order Simulator ***
Warmup Instructions: 5000000
Simulation Instructions: 25000000
Number of CPUs: 1
Page size: 4096

Off-chip DRAM Size: 16 GiB Channels: 1 Width: 64-bit Data Rate: 3205 MT/s
Warmup finished CPU 0 instructions: 5000000 cycles: 1482071 cumulative IPC: 3.374 (Simulation time: 00 hr 00 min 16 sec)
Warmup complete CPU 0 instructions: 5000000 cycles: 1482071 cumulative IPC: 3.374 (Simulation time: 00 hr 00 min 16 sec)
Heartbeat CPU 0 instructions: 10000000 cycles: 6269715 heartbeat IPC: 1.595 cumulative IPC: 1.044 (Simulation time: 00 hr 00 min 53 sec)
Heartbeat CPU 0 instructions: 20000000 cycles: 13557650 heartbeat IPC: 1.372 cumulative IPC: 1.242 (Simulation time: 00 hr 01 min 54 sec)
Heartbeat CPU 0 instructions: 30000002 cycles: 23461508 heartbeat IPC: 1.01 cumulative IPC: 1.137 (Simulation time: 00 hr 03 min 15 sec)
Simulation finished CPU 0 instructions: 25000002 cycles: 21979437 cumulative IPC: 1.137 (Simulation time: 00 hr 03 min 15 sec)
Simulation complete CPU 0 instructions: 25000002 cycles: 21979437 cumulative IPC: 1.137 (Simulation time: 00 hr 03 min 15 sec)

ChampSim completed all CPUs

=== Simulation ===
CPU 0 runs /mnt/storage/mipt/microarch/data/traces/627.cam4_s-490B.champsimtrace.xz

Region of Interest Statistics

CPU 0 cumulative IPC: 1.137 instructions: 25000002 cycles: 21979437
CPU 0 Branch Prediction Accuracy: 88.99% MPKI: 10.5 Average ROB Occupancy at Mispredict: 31.07
Branch type MPKI
BRANCH_DIRECT_JUMP: 0.00488
BRANCH_INDIRECT: 0
BRANCH_CONDITIONAL: 10.5
BRANCH_DIRECT_CALL: 0.00032
BRANCH_INDIRECT_CALL: 0
BRANCH_RETURN: 0.00044

cpu0->cpu0_STLB TOTAL        ACCESS:       8024 HIT:       7373 MISS:        651 MSHR_MERGE:          0
cpu0->cpu0_STLB LOAD         ACCESS:       8024 HIT:       7373 MISS:        651 MSHR_MERGE:          0
cpu0->cpu0_STLB RFO          ACCESS:          0 HIT:          0 MISS:          0 MSHR_MERGE:          0
cpu0->cpu0_STLB PREFETCH     ACCESS:          0 HIT:          0 MISS:          0 MSHR_MERGE:          0
cpu0->cpu0_STLB WRITE        ACCESS:          0 HIT:          0 MISS:          0 MSHR_MERGE:          0
cpu0->cpu0_STLB TRANSLATION  ACCESS:          0 HIT:          0 MISS:          0 MSHR_MERGE:          0
cpu0->cpu0_STLB PREFETCH REQUESTED:          0 ISSUED:          0 USEFUL:          0 USELESS:          0
cpu0->cpu0_STLB AVERAGE MISS LATENCY: 710.7 cycles
cpu0->cpu0_L2C TOTAL        ACCESS:     667943 HIT:     213393 MISS:     454550 MSHR_MERGE:          0
cpu0->cpu0_L2C LOAD         ACCESS:     330481 HIT:     104261 MISS:     226220 MSHR_MERGE:          0
cpu0->cpu0_L2C RFO          ACCESS:     136464 HIT:      14886 MISS:     121578 MSHR_MERGE:          0
cpu0->cpu0_L2C PREFETCH     ACCESS:          0 HIT:          0 MISS:          0 MSHR_MERGE:          0
cpu0->cpu0_L2C WRITE        ACCESS:     200177 HIT:      94246 MISS:     105931 MSHR_MERGE:          0
cpu0->cpu0_L2C TRANSLATION  ACCESS:        821 HIT:          0 MISS:        821 MSHR_MERGE:          0
cpu0->cpu0_L2C PREFETCH REQUESTED:          0 ISSUED:          0 USEFUL:          0 USELESS:          0
cpu0->cpu0_L2C AVERAGE MISS LATENCY: 76.95 cycles
cpu0->cpu0_L1I TOTAL        ACCESS:    1754335 HIT:    1753303 MISS:       1032 MSHR_MERGE:        495
cpu0->cpu0_L1I LOAD         ACCESS:    1754335 HIT:    1753303 MISS:       1032 MSHR_MERGE:        495
cpu0->cpu0_L1I RFO          ACCESS:          0 HIT:          0 MISS:          0 MSHR_MERGE:          0
cpu0->cpu0_L1I PREFETCH     ACCESS:          0 HIT:          0 MISS:          0 MSHR_MERGE:          0
cpu0->cpu0_L1I WRITE        ACCESS:          0 HIT:          0 MISS:          0 MSHR_MERGE:          0
cpu0->cpu0_L1I TRANSLATION  ACCESS:          0 HIT:          0 MISS:          0 MSHR_MERGE:          0
cpu0->cpu0_L1I PREFETCH REQUESTED:          0 ISSUED:          0 USEFUL:          0 USELESS:          0
cpu0->cpu0_L1I AVERAGE MISS LATENCY: 251.7 cycles
cpu0->cpu0_L1D TOTAL        ACCESS:    4982806 HIT:    3617902 MISS:    1364904 MSHR_MERGE:     897674
cpu0->cpu0_L1D LOAD         ACCESS:    3324812 HIT:    2592355 MISS:     732457 MSHR_MERGE:     402512
cpu0->cpu0_L1D RFO          ACCESS:          0 HIT:          0 MISS:          0 MSHR_MERGE:          0
cpu0->cpu0_L1D PREFETCH     ACCESS:          0 HIT:          0 MISS:          0 MSHR_MERGE:          0
cpu0->cpu0_L1D WRITE        ACCESS:    1656680 HIT:    1025056 MISS:     631624 MSHR_MERGE:     495160
cpu0->cpu0_L1D TRANSLATION  ACCESS:       1314 HIT:        491 MISS:        823 MSHR_MERGE:          2
cpu0->cpu0_L1D PREFETCH REQUESTED:          0 ISSUED:          0 USEFUL:          0 USELESS:          0
cpu0->cpu0_L1D AVERAGE MISS LATENCY: 82.47 cycles
cpu0->cpu0_ITLB TOTAL        ACCESS:    1578013 HIT:    1577991 MISS:         22 MSHR_MERGE:         16
cpu0->cpu0_ITLB LOAD         ACCESS:    1578013 HIT:    1577991 MISS:         22 MSHR_MERGE:         16
cpu0->cpu0_ITLB RFO          ACCESS:          0 HIT:          0 MISS:          0 MSHR_MERGE:          0
cpu0->cpu0_ITLB PREFETCH     ACCESS:          0 HIT:          0 MISS:          0 MSHR_MERGE:          0
cpu0->cpu0_ITLB WRITE        ACCESS:          0 HIT:          0 MISS:          0 MSHR_MERGE:          0
cpu0->cpu0_ITLB TRANSLATION  ACCESS:          0 HIT:          0 MISS:          0 MSHR_MERGE:          0
cpu0->cpu0_ITLB PREFETCH REQUESTED:          0 ISSUED:          0 USEFUL:          0 USELESS:          0
cpu0->cpu0_ITLB AVERAGE MISS LATENCY: 899.3 cycles
cpu0->cpu0_DTLB TOTAL        ACCESS:    4826064 HIT:    4810558 MISS:      15506 MSHR_MERGE:       7488
cpu0->cpu0_DTLB LOAD         ACCESS:    4826064 HIT:    4810558 MISS:      15506 MSHR_MERGE:       7488
cpu0->cpu0_DTLB RFO          ACCESS:          0 HIT:          0 MISS:          0 MSHR_MERGE:          0
cpu0->cpu0_DTLB PREFETCH     ACCESS:          0 HIT:          0 MISS:          0 MSHR_MERGE:          0
cpu0->cpu0_DTLB WRITE        ACCESS:          0 HIT:          0 MISS:          0 MSHR_MERGE:          0
cpu0->cpu0_DTLB TRANSLATION  ACCESS:          0 HIT:          0 MISS:          0 MSHR_MERGE:          0
cpu0->cpu0_DTLB PREFETCH REQUESTED:          0 ISSUED:          0 USEFUL:          0 USELESS:          0
cpu0->cpu0_DTLB AVERAGE MISS LATENCY: 62.11 cycles
cpu0->LLC TOTAL        ACCESS:     512474 HIT:     385549 MISS:     126925 MSHR_MERGE:          0
cpu0->LLC LOAD         ACCESS:     226220 HIT:     176731 MISS:      49489 MSHR_MERGE:          0
cpu0->LLC RFO          ACCESS:     121578 HIT:      58796 MISS:      62782 MSHR_MERGE:          0
cpu0->LLC PREFETCH     ACCESS:          0 HIT:          0 MISS:          0 MSHR_MERGE:          0
cpu0->LLC WRITE        ACCESS:     163855 HIT:     150014 MISS:      13841 MSHR_MERGE:          0
cpu0->LLC TRANSLATION  ACCESS:        821 HIT:          8 MISS:        813 MSHR_MERGE:          0
cpu0->LLC PREFETCH REQUESTED:          0 ISSUED:          0 USEFUL:          0 USELESS:          0
cpu0->LLC AVERAGE MISS LATENCY: 231 cycles

DRAM Statistics

Channel 0 RQ ROW_BUFFER_HIT:       6740
  ROW_BUFFER_MISS:     106275
  AVG DBUS CONGESTED CYCLE: 10.26
Channel 0 WQ ROW_BUFFER_HIT:      19178
  ROW_BUFFER_MISS:      67840
  FULL:          2
Channel 0 REFRESHES ISSUED:       1832
