[VMEM] WARNING: physical memory size is smaller than virtual memory size.
WARNING: option --warmup_instructions is deprecated. Use --warmup-instructions instead.
WARNING: option --simulation_instructions is deprecated. Use --simulation-instructions instead.

*** ChampSim Multicore Out-of-Order Simulator ***
Warmup Instructions: 5000000
Simulation Instructions: 25000000
Number of CPUs: 1
Page size: 4096

Off-chip DRAM Size: 16 GiB Channels: 1 Width: 64-bit Data Rate: 3205 MT/s
Warmup finished CPU 0 instructions: 5000001 cycles: 1465416 cumulative IPC: 3.412 (Simulation time: 00 hr 00 min 18 sec)
Warmup complete CPU 0 instructions: 5000001 cycles: 1465416 cumulative IPC: 3.412 (Simulation time: 00 hr 00 min 18 sec)
Heartbeat CPU 0 instructions: 10000002 cycles: 5357618 heartbeat IPC: 1.867 cumulative IPC: 1.285 (Simulation time: 00 hr 00 min 50 sec)
Heartbeat CPU 0 instructions: 20000003 cycles: 13269351 heartbeat IPC: 1.264 cumulative IPC: 1.271 (Simulation time: 00 hr 01 min 43 sec)
Simulation finished CPU 0 instructions: 25000001 cycles: 19713097 cumulative IPC: 1.268 (Simulation time: 00 hr 02 min 44 sec)
Simulation complete CPU 0 instructions: 25000001 cycles: 19713097 cumulative IPC: 1.268 (Simulation time: 00 hr 02 min 44 sec)

ChampSim completed all CPUs

=== Simulation ===
CPU 0 runs /mnt/storage/mipt/microarch/data/traces/628.pop2_s-17B.champsimtrace.xz

Region of Interest Statistics

CPU 0 cumulative IPC: 1.268 instructions: 25000001 cycles: 19713097
CPU 0 Branch Prediction Accuracy: 96.44% MPKI: 4.069 Average ROB Occupancy at Mispredict: 91.46
Branch type MPKI
BRANCH_DIRECT_JUMP: 0.05124
BRANCH_INDIRECT: 0.0016
BRANCH_CONDITIONAL: 4.016
BRANCH_DIRECT_CALL: 0
BRANCH_INDIRECT_CALL: 0
BRANCH_RETURN: 0

cpu0->cpu0_STLB TOTAL        ACCESS:      21989 HIT:      20759 MISS:       1230 MSHR_MERGE:          0
cpu0->cpu0_STLB LOAD         ACCESS:      21989 HIT:      20759 MISS:       1230 MSHR_MERGE:          0
cpu0->cpu0_STLB RFO          ACCESS:          0 HIT:          0 MISS:          0 MSHR_MERGE:          0
cpu0->cpu0_STLB PREFETCH     ACCESS:          0 HIT:          0 MISS:          0 MSHR_MERGE:          0
cpu0->cpu0_STLB WRITE        ACCESS:          0 HIT:          0 MISS:          0 MSHR_MERGE:          0
cpu0->cpu0_STLB TRANSLATION  ACCESS:          0 HIT:          0 MISS:          0 MSHR_MERGE:          0
cpu0->cpu0_STLB PREFETCH REQUESTED:          0 ISSUED:          0 USEFUL:          0 USELESS:          0
cpu0->cpu0_STLB AVERAGE MISS LATENCY: 749.7 cycles
cpu0->cpu0_L2C TOTAL        ACCESS:     753557 HIT:     513276 MISS:     240281 MSHR_MERGE:          0
cpu0->cpu0_L2C LOAD         ACCESS:     410742 HIT:     208504 MISS:     202238 MSHR_MERGE:          0
cpu0->cpu0_L2C RFO          ACCESS:     136412 HIT:     118243 MISS:      18169 MSHR_MERGE:          0
cpu0->cpu0_L2C PREFETCH     ACCESS:          0 HIT:          0 MISS:          0 MSHR_MERGE:          0
cpu0->cpu0_L2C WRITE        ACCESS:     203805 HIT:     186465 MISS:      17340 MSHR_MERGE:          0
cpu0->cpu0_L2C TRANSLATION  ACCESS:       2598 HIT:         64 MISS:       2534 MSHR_MERGE:          0
cpu0->cpu0_L2C PREFETCH REQUESTED:          0 ISSUED:          0 USEFUL:          0 USELESS:          0
cpu0->cpu0_L2C AVERAGE MISS LATENCY: 76.15 cycles
cpu0->cpu0_L1I TOTAL        ACCESS:    1899039 HIT:    1844439 MISS:      54600 MSHR_MERGE:      25059
cpu0->cpu0_L1I LOAD         ACCESS:    1899039 HIT:    1844439 MISS:      54600 MSHR_MERGE:      25059
cpu0->cpu0_L1I RFO          ACCESS:          0 HIT:          0 MISS:          0 MSHR_MERGE:          0
cpu0->cpu0_L1I PREFETCH     ACCESS:          0 HIT:          0 MISS:          0 MSHR_MERGE:          0
cpu0->cpu0_L1I WRITE        ACCESS:          0 HIT:          0 MISS:          0 MSHR_MERGE:          0
cpu0->cpu0_L1I TRANSLATION  ACCESS:          0 HIT:          0 MISS:          0 MSHR_MERGE:          0
cpu0->cpu0_L1I PREFETCH REQUESTED:          0 ISSUED:          0 USEFUL:          0 USELESS:          0
cpu0->cpu0_L1I AVERAGE MISS LATENCY: 21.99 cycles
cpu0->cpu0_L1D TOTAL        ACCESS:    6520622 HIT:    5364533 MISS:    1156089 MSHR_MERGE:     635876
cpu0->cpu0_L1D LOAD         ACCESS:    4625605 HIT:    3896878 MISS:     728727 MSHR_MERGE:     347526
cpu0->cpu0_L1D RFO          ACCESS:          0 HIT:          0 MISS:          0 MSHR_MERGE:          0
cpu0->cpu0_L1D PREFETCH     ACCESS:          0 HIT:          0 MISS:          0 MSHR_MERGE:          0
cpu0->cpu0_L1D WRITE        ACCESS:    1892155 HIT:    1467464 MISS:     424691 MSHR_MERGE:     288277
cpu0->cpu0_L1D TRANSLATION  ACCESS:       2862 HIT:        191 MISS:       2671 MSHR_MERGE:         73
cpu0->cpu0_L1D PREFETCH REQUESTED:          0 ISSUED:          0 USEFUL:          0 USELESS:          0
cpu0->cpu0_L1D AVERAGE MISS LATENCY: 42.68 cycles
cpu0->cpu0_ITLB TOTAL        ACCESS:    1547837 HIT:    1544710 MISS:       3127 MSHR_MERGE:       1888
cpu0->cpu0_ITLB LOAD         ACCESS:    1547837 HIT:    1544710 MISS:       3127 MSHR_MERGE:       1888
cpu0->cpu0_ITLB RFO          ACCESS:          0 HIT:          0 MISS:          0 MSHR_MERGE:          0
cpu0->cpu0_ITLB PREFETCH     ACCESS:          0 HIT:          0 MISS:          0 MSHR_MERGE:          0
cpu0->cpu0_ITLB WRITE        ACCESS:          0 HIT:          0 MISS:          0 MSHR_MERGE:          0
cpu0->cpu0_ITLB TRANSLATION  ACCESS:          0 HIT:          0 MISS:          0 MSHR_MERGE:          0
cpu0->cpu0_ITLB PREFETCH REQUESTED:          0 ISSUED:          0 USEFUL:          0 USELESS:          0
cpu0->cpu0_ITLB AVERAGE MISS LATENCY: 5 cycles
cpu0->cpu0_DTLB TOTAL        ACCESS:    6267308 HIT:    6231853 MISS:      35455 MSHR_MERGE:      14705
cpu0->cpu0_DTLB LOAD         ACCESS:    6267308 HIT:    6231853 MISS:      35455 MSHR_MERGE:      14705
cpu0->cpu0_DTLB RFO          ACCESS:          0 HIT:          0 MISS:          0 MSHR_MERGE:          0
cpu0->cpu0_DTLB PREFETCH     ACCESS:          0 HIT:          0 MISS:          0 MSHR_MERGE:          0
cpu0->cpu0_DTLB WRITE        ACCESS:          0 HIT:          0 MISS:          0 MSHR_MERGE:          0
cpu0->cpu0_DTLB TRANSLATION  ACCESS:          0 HIT:          0 MISS:          0 MSHR_MERGE:          0
cpu0->cpu0_DTLB PREFETCH REQUESTED:          0 ISSUED:          0 USEFUL:          0 USELESS:          0
cpu0->cpu0_DTLB AVERAGE MISS LATENCY: 49.5 cycles
cpu0->LLC TOTAL        ACCESS:     262648 HIT:     183884 MISS:      78764 MSHR_MERGE:          0
cpu0->LLC LOAD         ACCESS:     202238 HIT:     132264 MISS:      69974 MSHR_MERGE:          0
cpu0->LLC RFO          ACCESS:      18169 HIT:      12732 MISS:       5437 MSHR_MERGE:          0
cpu0->LLC PREFETCH     ACCESS:          0 HIT:          0 MISS:          0 MSHR_MERGE:          0
cpu0->LLC WRITE        ACCESS:      39707 HIT:      38112 MISS:       1595 MSHR_MERGE:          0
cpu0->LLC TRANSLATION  ACCESS:       2534 HIT:        776 MISS:       1758 MSHR_MERGE:          0
cpu0->LLC PREFETCH REQUESTED:          0 ISSUED:          0 USEFUL:          0 USELESS:          0
cpu0->LLC AVERAGE MISS LATENCY: 188.2 cycles

DRAM Statistics

Channel 0 RQ ROW_BUFFER_HIT:       2234
  ROW_BUFFER_MISS:      74935
  AVG DBUS CONGESTED CYCLE: 15.11
Channel 0 WQ ROW_BUFFER_HIT:       5004
  ROW_BUFFER_MISS:      15669
  FULL:          0
Channel 0 REFRESHES ISSUED:       1642
