[VMEM] WARNING: physical memory size is smaller than virtual memory size.
WARNING: option --warmup_instructions is deprecated. Use --warmup-instructions instead.
WARNING: option --simulation_instructions is deprecated. Use --simulation-instructions instead.

*** ChampSim Multicore Out-of-Order Simulator ***
Warmup Instructions: 5000000
Simulation Instructions: 25000000
Number of CPUs: 1
Page size: 4096

Off-chip DRAM Size: 16 GiB Channels: 1 Width: 64-bit Data Rate: 3205 MT/s
Warmup finished CPU 0 instructions: 5000002 cycles: 1766146 cumulative IPC: 2.831 (Simulation time: 00 hr 00 min 24 sec)
Warmup complete CPU 0 instructions: 5000002 cycles: 1766146 cumulative IPC: 2.831 (Simulation time: 00 hr 00 min 24 sec)
Heartbeat CPU 0 instructions: 10000001 cycles: 5591347 heartbeat IPC: 1.788 cumulative IPC: 1.307 (Simulation time: 00 hr 00 min 56 sec)
Heartbeat CPU 0 instructions: 20000002 cycles: 13374689 heartbeat IPC: 1.285 cumulative IPC: 1.292 (Simulation time: 00 hr 02 min 00 sec)
Heartbeat CPU 0 instructions: 30000004 cycles: 21040360 heartbeat IPC: 1.305 cumulative IPC: 1.297 (Simulation time: 00 hr 02 min 54 sec)
Simulation finished CPU 0 instructions: 25000002 cycles: 19274214 cumulative IPC: 1.297 (Simulation time: 00 hr 02 min 54 sec)
Simulation complete CPU 0 instructions: 25000002 cycles: 19274214 cumulative IPC: 1.297 (Simulation time: 00 hr 02 min 54 sec)

ChampSim completed all CPUs

=== Simulation ===
CPU 0 runs /mnt/storage/mipt/microarch/data/traces/631.deepsjeng_s-928B.champsimtrace.xz

Region of Interest Statistics

CPU 0 cumulative IPC: 1.297 instructions: 25000002 cycles: 19274214
CPU 0 Branch Prediction Accuracy: 90.01% MPKI: 14.97 Average ROB Occupancy at Mispredict: 32.65
Branch type MPKI
BRANCH_DIRECT_JUMP: 0.02156
BRANCH_INDIRECT: 0.00908
BRANCH_CONDITIONAL: 14.48
BRANCH_DIRECT_CALL: 0.02132
BRANCH_INDIRECT_CALL: 0
BRANCH_RETURN: 0.432

cpu0->cpu0_STLB TOTAL        ACCESS:       6386 HIT:       2006 MISS:       4380 MSHR_MERGE:          0
cpu0->cpu0_STLB LOAD         ACCESS:       6386 HIT:       2006 MISS:       4380 MSHR_MERGE:          0
cpu0->cpu0_STLB RFO          ACCESS:          0 HIT:          0 MISS:          0 MSHR_MERGE:          0
cpu0->cpu0_STLB PREFETCH     ACCESS:          0 HIT:          0 MISS:          0 MSHR_MERGE:          0
cpu0->cpu0_STLB WRITE        ACCESS:          0 HIT:          0 MISS:          0 MSHR_MERGE:          0
cpu0->cpu0_STLB TRANSLATION  ACCESS:          0 HIT:          0 MISS:          0 MSHR_MERGE:          0
cpu0->cpu0_STLB PREFETCH REQUESTED:          0 ISSUED:          0 USEFUL:          0 USELESS:          0
cpu0->cpu0_STLB AVERAGE MISS LATENCY: 935.1 cycles
cpu0->cpu0_L2C TOTAL        ACCESS:      70876 HIT:      50160 MISS:      20716 MSHR_MERGE:          0
cpu0->cpu0_L2C LOAD         ACCESS:      36340 HIT:      28841 MISS:       7499 MSHR_MERGE:          0
cpu0->cpu0_L2C RFO          ACCESS:       7709 HIT:       7160 MISS:        549 MSHR_MERGE:          0
cpu0->cpu0_L2C PREFETCH     ACCESS:          0 HIT:          0 MISS:          0 MSHR_MERGE:          0
cpu0->cpu0_L2C WRITE        ACCESS:      13997 HIT:      12735 MISS:       1262 MSHR_MERGE:          0
cpu0->cpu0_L2C TRANSLATION  ACCESS:      12830 HIT:       1424 MISS:      11406 MSHR_MERGE:          0
cpu0->cpu0_L2C PREFETCH REQUESTED:          0 ISSUED:          0 USEFUL:          0 USELESS:          0
cpu0->cpu0_L2C AVERAGE MISS LATENCY: 152.5 cycles
cpu0->cpu0_L1I TOTAL        ACCESS:    2891753 HIT:    2864090 MISS:      27663 MSHR_MERGE:       6381
cpu0->cpu0_L1I LOAD         ACCESS:    2891753 HIT:    2864090 MISS:      27663 MSHR_MERGE:       6381
cpu0->cpu0_L1I RFO          ACCESS:          0 HIT:          0 MISS:          0 MSHR_MERGE:          0
cpu0->cpu0_L1I PREFETCH     ACCESS:          0 HIT:          0 MISS:          0 MSHR_MERGE:          0
cpu0->cpu0_L1I WRITE        ACCESS:          0 HIT:          0 MISS:          0 MSHR_MERGE:          0
cpu0->cpu0_L1I TRANSLATION  ACCESS:          0 HIT:          0 MISS:          0 MSHR_MERGE:          0
cpu0->cpu0_L1I PREFETCH REQUESTED:          0 ISSUED:          0 USEFUL:          0 USELESS:          0
cpu0->cpu0_L1I AVERAGE MISS LATENCY: 7.195 cycles
cpu0->cpu0_L1D TOTAL        ACCESS:    7636693 HIT:    7583050 MISS:      53643 MSHR_MERGE:      18043
cpu0->cpu0_L1D LOAD         ACCESS:    4591690 HIT:    4571667 MISS:      20023 MSHR_MERGE:       4962
cpu0->cpu0_L1D RFO          ACCESS:          0 HIT:          0 MISS:          0 MSHR_MERGE:          0
cpu0->cpu0_L1D PREFETCH     ACCESS:          0 HIT:          0 MISS:          0 MSHR_MERGE:          0
cpu0->cpu0_L1D WRITE        ACCESS:    3031811 HIT:    3011055 MISS:      20756 MSHR_MERGE:      13047
cpu0->cpu0_L1D TRANSLATION  ACCESS:      13192 HIT:        328 MISS:      12864 MSHR_MERGE:         34
cpu0->cpu0_L1D PREFETCH REQUESTED:          0 ISSUED:          0 USEFUL:          0 USELESS:          0
cpu0->cpu0_L1D AVERAGE MISS LATENCY: 97.06 cycles
cpu0->cpu0_ITLB TOTAL        ACCESS:    2451744 HIT:    2451744 MISS:          0 MSHR_MERGE:          0
cpu0->cpu0_ITLB LOAD         ACCESS:    2451744 HIT:    2451744 MISS:          0 MSHR_MERGE:          0
cpu0->cpu0_ITLB RFO          ACCESS:          0 HIT:          0 MISS:          0 MSHR_MERGE:          0
cpu0->cpu0_ITLB PREFETCH     ACCESS:          0 HIT:          0 MISS:          0 MSHR_MERGE:          0
cpu0->cpu0_ITLB WRITE        ACCESS:          0 HIT:          0 MISS:          0 MSHR_MERGE:          0
cpu0->cpu0_ITLB TRANSLATION  ACCESS:          0 HIT:          0 MISS:          0 MSHR_MERGE:          0
cpu0->cpu0_ITLB PREFETCH REQUESTED:          0 ISSUED:          0 USEFUL:          0 USELESS:          0
cpu0->cpu0_ITLB AVERAGE MISS LATENCY: - cycles
cpu0->cpu0_DTLB TOTAL        ACCESS:    7140522 HIT:    7128589 MISS:      11933 MSHR_MERGE:       5547
cpu0->cpu0_DTLB LOAD         ACCESS:    7140522 HIT:    7128589 MISS:      11933 MSHR_MERGE:       5547
cpu0->cpu0_DTLB RFO          ACCESS:          0 HIT:          0 MISS:          0 MSHR_MERGE:          0
cpu0->cpu0_DTLB PREFETCH     ACCESS:          0 HIT:          0 MISS:          0 MSHR_MERGE:          0
cpu0->cpu0_DTLB WRITE        ACCESS:          0 HIT:          0 MISS:          0 MSHR_MERGE:          0
cpu0->cpu0_DTLB TRANSLATION  ACCESS:          0 HIT:          0 MISS:          0 MSHR_MERGE:          0
cpu0->cpu0_DTLB PREFETCH REQUESTED:          0 ISSUED:          0 USEFUL:          0 USELESS:          0
cpu0->cpu0_DTLB AVERAGE MISS LATENCY: 647 cycles
cpu0->LLC TOTAL        ACCESS:      21265 HIT:       3699 MISS:      17566 MSHR_MERGE:          0
cpu0->LLC LOAD         ACCESS:       7499 HIT:        531 MISS:       6968 MSHR_MERGE:          0
cpu0->LLC RFO          ACCESS:        549 HIT:        100 MISS:        449 MSHR_MERGE:          0
cpu0->LLC PREFETCH     ACCESS:          0 HIT:          0 MISS:          0 MSHR_MERGE:          0
cpu0->LLC WRITE        ACCESS:       1811 HIT:       1798 MISS:         13 MSHR_MERGE:          0
cpu0->LLC TRANSLATION  ACCESS:      11406 HIT:       1270 MISS:      10136 MSHR_MERGE:          0
cpu0->LLC PREFETCH REQUESTED:          0 ISSUED:          0 USEFUL:          0 USELESS:          0
cpu0->LLC AVERAGE MISS LATENCY: 161.9 cycles

DRAM Statistics

Channel 0 RQ ROW_BUFFER_HIT:         28
  ROW_BUFFER_MISS:      17525
  AVG DBUS CONGESTED CYCLE: 3.005
Channel 0 WQ ROW_BUFFER_HIT:          0
  ROW_BUFFER_MISS:         17
  FULL:          0
Channel 0 REFRESHES ISSUED:       1606
