[VMEM] WARNING: physical memory size is smaller than virtual memory size.
WARNING: option --warmup_instructions is deprecated. Use --warmup-instructions instead.
WARNING: option --simulation_instructions is deprecated. Use --simulation-instructions instead.

*** ChampSim Multicore Out-of-Order Simulator ***
Warmup Instructions: 5000000
Simulation Instructions: 25000000
Number of CPUs: 1
Page size: 4096

Off-chip DRAM Size: 16 GiB Channels: 1 Width: 64-bit Data Rate: 3205 MT/s
Warmup finished CPU 0 instructions: 5000001 cycles: 1343832 cumulative IPC: 3.721 (Simulation time: 00 hr 00 min 19 sec)
Warmup complete CPU 0 instructions: 5000001 cycles: 1343832 cumulative IPC: 3.721 (Simulation time: 00 hr 00 min 19 sec)
Heartbeat CPU 0 instructions: 10000002 cycles: 5043312 heartbeat IPC: 1.983 cumulative IPC: 1.352 (Simulation time: 00 hr 00 min 43 sec)
Heartbeat CPU 0 instructions: 20000003 cycles: 17257521 heartbeat IPC: 0.8187 cumulative IPC: 0.9426 (Simulation time: 00 hr 02 min 15 sec)
Simulation finished CPU 0 instructions: 25000000 cycles: 23692219 cumulative IPC: 1.055 (Simulation time: 00 hr 03 min 00 sec)
Simulation complete CPU 0 instructions: 25000000 cycles: 23692219 cumulative IPC: 1.055 (Simulation time: 00 hr 03 min 00 sec)

ChampSim completed all CPUs

=== Simulation ===
CPU 0 runs /mnt/storage/mipt/microarch/data/traces/641.leela_s-149B.champsimtrace.xz

Region of Interest Statistics

CPU 0 cumulative IPC: 1.055 instructions: 25000000 cycles: 23692219
CPU 0 Branch Prediction Accuracy: 89.11% MPKI: 18.82 Average ROB Occupancy at Mispredict: 21.74
Branch type MPKI
BRANCH_DIRECT_JUMP: 0.1037
BRANCH_INDIRECT: 0.02064
BRANCH_CONDITIONAL: 18.64
BRANCH_DIRECT_CALL: 0.01192
BRANCH_INDIRECT_CALL: 0.0072
BRANCH_RETURN: 0.03844

cpu0->cpu0_STLB TOTAL        ACCESS:      12551 HIT:      12073 MISS:        478 MSHR_MERGE:          0
cpu0->cpu0_STLB LOAD         ACCESS:      12551 HIT:      12073 MISS:        478 MSHR_MERGE:          0
cpu0->cpu0_STLB RFO          ACCESS:          0 HIT:          0 MISS:          0 MSHR_MERGE:          0
cpu0->cpu0_STLB PREFETCH     ACCESS:          0 HIT:          0 MISS:          0 MSHR_MERGE:          0
cpu0->cpu0_STLB WRITE        ACCESS:          0 HIT:          0 MISS:          0 MSHR_MERGE:          0
cpu0->cpu0_STLB TRANSLATION  ACCESS:          0 HIT:          0 MISS:          0 MSHR_MERGE:          0
cpu0->cpu0_STLB PREFETCH REQUESTED:          0 ISSUED:          0 USEFUL:          0 USELESS:          0
cpu0->cpu0_STLB AVERAGE MISS LATENCY: 734 cycles
cpu0->cpu0_L2C TOTAL        ACCESS:     292667 HIT:     163459 MISS:     129208 MSHR_MERGE:          0
cpu0->cpu0_L2C LOAD         ACCESS:     124387 HIT:      66819 MISS:      57568 MSHR_MERGE:          0
cpu0->cpu0_L2C RFO          ACCESS:      63892 HIT:      35966 MISS:      27926 MSHR_MERGE:          0
cpu0->cpu0_L2C PREFETCH     ACCESS:          0 HIT:          0 MISS:          0 MSHR_MERGE:          0
cpu0->cpu0_L2C WRITE        ACCESS:     103637 HIT:      60670 MISS:      42967 MSHR_MERGE:          0
cpu0->cpu0_L2C TRANSLATION  ACCESS:        751 HIT:          4 MISS:        747 MSHR_MERGE:          0
cpu0->cpu0_L2C PREFETCH REQUESTED:          0 ISSUED:          0 USEFUL:          0 USELESS:          0
cpu0->cpu0_L2C AVERAGE MISS LATENCY: 47.16 cycles
cpu0->cpu0_L1I TOTAL        ACCESS:    3051653 HIT:    3040468 MISS:      11185 MSHR_MERGE:       3915
cpu0->cpu0_L1I LOAD         ACCESS:    3051653 HIT:    3040468 MISS:      11185 MSHR_MERGE:       3915
cpu0->cpu0_L1I RFO          ACCESS:          0 HIT:          0 MISS:          0 MSHR_MERGE:          0
cpu0->cpu0_L1I PREFETCH     ACCESS:          0 HIT:          0 MISS:          0 MSHR_MERGE:          0
cpu0->cpu0_L1I WRITE        ACCESS:          0 HIT:          0 MISS:          0 MSHR_MERGE:          0
cpu0->cpu0_L1I TRANSLATION  ACCESS:          0 HIT:          0 MISS:          0 MSHR_MERGE:          0
cpu0->cpu0_L1I PREFETCH REQUESTED:          0 ISSUED:          0 USEFUL:          0 USELESS:          0
cpu0->cpu0_L1I AVERAGE MISS LATENCY: 29.62 cycles
cpu0->cpu0_L1D TOTAL        ACCESS:    8178593 HIT:    7749892 MISS:     428701 MSHR_MERGE:     246941
cpu0->cpu0_L1D LOAD         ACCESS:    4620831 HIT:    4438486 MISS:     182345 MSHR_MERGE:      65228
cpu0->cpu0_L1D RFO          ACCESS:          0 HIT:          0 MISS:          0 MSHR_MERGE:          0
cpu0->cpu0_L1D PREFETCH     ACCESS:          0 HIT:          0 MISS:          0 MSHR_MERGE:          0
cpu0->cpu0_L1D WRITE        ACCESS:    3556805 HIT:    3311200 MISS:     245605 MSHR_MERGE:     181713
cpu0->cpu0_L1D TRANSLATION  ACCESS:        957 HIT:        206 MISS:        751 MSHR_MERGE:          0
cpu0->cpu0_L1D PREFETCH REQUESTED:          0 ISSUED:          0 USEFUL:          0 USELESS:          0
cpu0->cpu0_L1D AVERAGE MISS LATENCY: 40.22 cycles
cpu0->cpu0_ITLB TOTAL        ACCESS:    2773364 HIT:    2772743 MISS:        621 MSHR_MERGE:        335
cpu0->cpu0_ITLB LOAD         ACCESS:    2773364 HIT:    2772743 MISS:        621 MSHR_MERGE:        335
cpu0->cpu0_ITLB RFO          ACCESS:          0 HIT:          0 MISS:          0 MSHR_MERGE:          0
cpu0->cpu0_ITLB PREFETCH     ACCESS:          0 HIT:          0 MISS:          0 MSHR_MERGE:          0
cpu0->cpu0_ITLB WRITE        ACCESS:          0 HIT:          0 MISS:          0 MSHR_MERGE:          0
cpu0->cpu0_ITLB TRANSLATION  ACCESS:          0 HIT:          0 MISS:          0 MSHR_MERGE:          0
cpu0->cpu0_ITLB PREFETCH REQUESTED:          0 ISSUED:          0 USEFUL:          0 USELESS:          0
cpu0->cpu0_ITLB AVERAGE MISS LATENCY: 122.1 cycles
cpu0->cpu0_DTLB TOTAL        ACCESS:    7745076 HIT:    7727485 MISS:      17591 MSHR_MERGE:       5326
cpu0->cpu0_DTLB LOAD         ACCESS:    7745076 HIT:    7727485 MISS:      17591 MSHR_MERGE:       5326
cpu0->cpu0_DTLB RFO          ACCESS:          0 HIT:          0 MISS:          0 MSHR_MERGE:          0
cpu0->cpu0_DTLB PREFETCH     ACCESS:          0 HIT:          0 MISS:          0 MSHR_MERGE:          0
cpu0->cpu0_DTLB WRITE        ACCESS:          0 HIT:          0 MISS:          0 MSHR_MERGE:          0
cpu0->cpu0_DTLB TRANSLATION  ACCESS:          0 HIT:          0 MISS:          0 MSHR_MERGE:          0
cpu0->cpu0_DTLB PREFETCH REQUESTED:          0 ISSUED:          0 USEFUL:          0 USELESS:          0
cpu0->cpu0_DTLB AVERAGE MISS LATENCY: 30.92 cycles
cpu0->LLC TOTAL        ACCESS:     134762 HIT:     107334 MISS:      27428 MSHR_MERGE:          0
cpu0->LLC LOAD         ACCESS:      57568 HIT:      39258 MISS:      18310 MSHR_MERGE:          0
cpu0->LLC RFO          ACCESS:      27926 HIT:      20090 MISS:       7836 MSHR_MERGE:          0
cpu0->LLC PREFETCH     ACCESS:          0 HIT:          0 MISS:          0 MSHR_MERGE:          0
cpu0->LLC WRITE        ACCESS:      48521 HIT:      47981 MISS:        540 MSHR_MERGE:          0
cpu0->LLC TRANSLATION  ACCESS:        747 HIT:          5 MISS:        742 MSHR_MERGE:          0
cpu0->LLC PREFETCH REQUESTED:          0 ISSUED:          0 USEFUL:          0 USELESS:          0
cpu0->LLC AVERAGE MISS LATENCY: 167.9 cycles

DRAM Statistics

Channel 0 RQ ROW_BUFFER_HIT:       2687
  ROW_BUFFER_MISS:      24201
  AVG DBUS CONGESTED CYCLE: 17.07
Channel 0 WQ ROW_BUFFER_HIT:        220
  ROW_BUFFER_MISS:        917
  FULL:          0
Channel 0 REFRESHES ISSUED:       1975
