[VMEM] WARNING: physical memory size is smaller than virtual memory size.
WARNING: option --warmup_instructions is deprecated. Use --warmup-instructions instead.
WARNING: option --simulation_instructions is deprecated. Use --simulation-instructions instead.

*** ChampSim Multicore Out-of-Order Simulator ***
Warmup Instructions: 5000000
Simulation Instructions: 25000000
Number of CPUs: 1
Page size: 4096

Off-chip DRAM Size: 16 GiB Channels: 1 Width: 64-bit Data Rate: 3205 MT/s
Warmup finished CPU 0 instructions: 5000002 cycles: 1300178 cumulative IPC: 3.846 (Simulation time: 00 hr 00 min 16 sec)
Warmup complete CPU 0 instructions: 5000002 cycles: 1300178 cumulative IPC: 3.846 (Simulation time: 00 hr 00 min 16 sec)
Heartbeat CPU 0 instructions: 10000001 cycles: 4156579 heartbeat IPC: 2.406 cumulative IPC: 1.75 (Simulation time: 00 hr 00 min 39 sec)
Heartbeat CPU 0 instructions: 20000002 cycles: 10141866 heartbeat IPC: 1.671 cumulative IPC: 1.697 (Simulation time: 00 hr 01 min 26 sec)
Heartbeat CPU 0 instructions: 30000002 cycles: 16155352 heartbeat IPC: 1.663 cumulative IPC: 1.683 (Simulation time: 00 hr 02 min 13 sec)
Simulation finished CPU 0 instructions: 25000000 cycles: 14855174 cumulative IPC: 1.683 (Simulation time: 00 hr 02 min 13 sec)
Simulation complete CPU 0 instructions: 25000000 cycles: 14855174 cumulative IPC: 1.683 (Simulation time: 00 hr 02 min 13 sec)

ChampSim completed all CPUs

=== Simulation ===
CPU 0 runs /mnt/storage/mipt/microarch/data/traces/644.nab_s-12459B.champsimtrace.xz

Region of Interest Statistics

CPU 0 cumulative IPC: 1.683 instructions: 25000000 cycles: 14855174
CPU 0 Branch Prediction Accuracy: 91.2% MPKI: 12.64 Average ROB Occupancy at Mispredict: 42.9
Branch type MPKI
BRANCH_DIRECT_JUMP: 0.2805
BRANCH_INDIRECT: 0
BRANCH_CONDITIONAL: 12.36
BRANCH_DIRECT_CALL: 0
BRANCH_INDIRECT_CALL: 0
BRANCH_RETURN: 0

cpu0->cpu0_STLB TOTAL        ACCESS:       5230 HIT:       5150 MISS:         80 MSHR_MERGE:          0
cpu0->cpu0_STLB LOAD         ACCESS:       5230 HIT:       5150 MISS:         80 MSHR_MERGE:          0
cpu0->cpu0_STLB RFO          ACCESS:          0 HIT:          0 MISS:          0 MSHR_MERGE:          0
cpu0->cpu0_STLB PREFETCH     ACCESS:          0 HIT:          0 MISS:          0 MSHR_MERGE:          0
cpu0->cpu0_STLB WRITE        ACCESS:          0 HIT:          0 MISS:          0 MSHR_MERGE:          0
cpu0->cpu0_STLB TRANSLATION  ACCESS:          0 HIT:          0 MISS:          0 MSHR_MERGE:          0
cpu0->cpu0_STLB PREFETCH REQUESTED:          0 ISSUED:          0 USEFUL:          0 USELESS:          0
cpu0->cpu0_STLB AVERAGE MISS LATENCY: 689.9 cycles
cpu0->cpu0_L2C TOTAL        ACCESS:     159961 HIT:     127312 MISS:      32649 MSHR_MERGE:          0
cpu0->cpu0_L2C LOAD         ACCESS:     139535 HIT:     111451 MISS:      28084 MSHR_MERGE:          0
cpu0->cpu0_L2C RFO          ACCESS:       8186 HIT:       4309 MISS:       3877 MSHR_MERGE:          0
cpu0->cpu0_L2C PREFETCH     ACCESS:          0 HIT:          0 MISS:          0 MSHR_MERGE:          0
cpu0->cpu0_L2C WRITE        ACCESS:      12114 HIT:      11549 MISS:        565 MSHR_MERGE:          0
cpu0->cpu0_L2C TRANSLATION  ACCESS:        126 HIT:          3 MISS:        123 MSHR_MERGE:          0
cpu0->cpu0_L2C PREFETCH REQUESTED:          0 ISSUED:          0 USEFUL:          0 USELESS:          0
cpu0->cpu0_L2C AVERAGE MISS LATENCY: 41.45 cycles
cpu0->cpu0_L1I TOTAL        ACCESS:      81113 HIT:      81113 MISS:          0 MSHR_MERGE:          0
cpu0->cpu0_L1I LOAD         ACCESS:      81113 HIT:      81113 MISS:          0 MSHR_MERGE:          0
cpu0->cpu0_L1I RFO          ACCESS:          0 HIT:          0 MISS:          0 MSHR_MERGE:          0
cpu0->cpu0_L1I PREFETCH     ACCESS:          0 HIT:          0 MISS:          0 MSHR_MERGE:          0
cpu0->cpu0_L1I WRITE        ACCESS:          0 HIT:          0 MISS:          0 MSHR_MERGE:          0
cpu0->cpu0_L1I TRANSLATION  ACCESS:          0 HIT:          0 MISS:          0 MSHR_MERGE:          0
cpu0->cpu0_L1I PREFETCH REQUESTED:          0 ISSUED:          0 USEFUL:          0 USELESS:          0
cpu0->cpu0_L1I AVERAGE MISS LATENCY: - cycles
cpu0->cpu0_L1D TOTAL        ACCESS:    6819627 HIT:    6585118 MISS:     234509 MSHR_MERGE:      86662
cpu0->cpu0_L1D LOAD         ACCESS:    4356800 HIT:    4189717 MISS:     167083 MSHR_MERGE:      27548
cpu0->cpu0_L1D RFO          ACCESS:          0 HIT:          0 MISS:          0 MSHR_MERGE:          0
cpu0->cpu0_L1D PREFETCH     ACCESS:          0 HIT:          0 MISS:          0 MSHR_MERGE:          0
cpu0->cpu0_L1D WRITE        ACCESS:    2462667 HIT:    2395368 MISS:      67299 MSHR_MERGE:      59113
cpu0->cpu0_L1D TRANSLATION  ACCESS:        160 HIT:         33 MISS:        127 MSHR_MERGE:          1
cpu0->cpu0_L1D PREFETCH REQUESTED:          0 ISSUED:          0 USEFUL:          0 USELESS:          0
cpu0->cpu0_L1D AVERAGE MISS LATENCY: 17.36 cycles
cpu0->cpu0_ITLB TOTAL        ACCESS:      66944 HIT:      66944 MISS:          0 MSHR_MERGE:          0
cpu0->cpu0_ITLB LOAD         ACCESS:      66944 HIT:      66944 MISS:          0 MSHR_MERGE:          0
cpu0->cpu0_ITLB RFO          ACCESS:          0 HIT:          0 MISS:          0 MSHR_MERGE:          0
cpu0->cpu0_ITLB PREFETCH     ACCESS:          0 HIT:          0 MISS:          0 MSHR_MERGE:          0
cpu0->cpu0_ITLB WRITE        ACCESS:          0 HIT:          0 MISS:          0 MSHR_MERGE:          0
cpu0->cpu0_ITLB TRANSLATION  ACCESS:          0 HIT:          0 MISS:          0 MSHR_MERGE:          0
cpu0->cpu0_ITLB PREFETCH REQUESTED:          0 ISSUED:          0 USEFUL:          0 USELESS:          0
cpu0->cpu0_ITLB AVERAGE MISS LATENCY: - cycles
cpu0->cpu0_DTLB TOTAL        ACCESS:    6509630 HIT:    6502829 MISS:       6801 MSHR_MERGE:       1571
cpu0->cpu0_DTLB LOAD         ACCESS:    6509630 HIT:    6502829 MISS:       6801 MSHR_MERGE:       1571
cpu0->cpu0_DTLB RFO          ACCESS:          0 HIT:          0 MISS:          0 MSHR_MERGE:          0
cpu0->cpu0_DTLB PREFETCH     ACCESS:          0 HIT:          0 MISS:          0 MSHR_MERGE:          0
cpu0->cpu0_DTLB WRITE        ACCESS:          0 HIT:          0 MISS:          0 MSHR_MERGE:          0
cpu0->cpu0_DTLB TRANSLATION  ACCESS:          0 HIT:          0 MISS:          0 MSHR_MERGE:          0
cpu0->cpu0_DTLB PREFETCH REQUESTED:          0 ISSUED:          0 USEFUL:          0 USELESS:          0
cpu0->cpu0_DTLB AVERAGE MISS LATENCY: 15.57 cycles
cpu0->LLC TOTAL        ACCESS:      34190 HIT:      28800 MISS:       5390 MSHR_MERGE:          0
cpu0->LLC LOAD         ACCESS:      28084 HIT:      26635 MISS:       1449 MSHR_MERGE:          0
cpu0->LLC RFO          ACCESS:       3877 HIT:         44 MISS:       3833 MSHR_MERGE:          0
cpu0->LLC PREFETCH     ACCESS:          0 HIT:          0 MISS:          0 MSHR_MERGE:          0
cpu0->LLC WRITE        ACCESS:       2106 HIT:       2106 MISS:          0 MSHR_MERGE:          0
cpu0->LLC TRANSLATION  ACCESS:        123 HIT:         15 MISS:        108 MSHR_MERGE:          0
cpu0->LLC PREFETCH REQUESTED:          0 ISSUED:          0 USEFUL:          0 USELESS:          0
cpu0->LLC AVERAGE MISS LATENCY: 160.4 cycles

DRAM Statistics

Channel 0 RQ ROW_BUFFER_HIT:       1393
  ROW_BUFFER_MISS:       3997
  AVG DBUS CONGESTED CYCLE: 2.662
Channel 0 WQ ROW_BUFFER_HIT:          0
  ROW_BUFFER_MISS:          0
  FULL:          0
Channel 0 REFRESHES ISSUED:       1238
