[VMEM] WARNING: physical memory size is smaller than virtual memory size.
WARNING: option --warmup_instructions is deprecated. Use --warmup-instructions instead.
WARNING: option --simulation_instructions is deprecated. Use --simulation-instructions instead.

*** ChampSim Multicore Out-of-Order Simulator ***
Warmup Instructions: 5000000
Simulation Instructions: 25000000
Number of CPUs: 1
Page size: 4096

Off-chip DRAM Size: 16 GiB Channels: 1 Width: 64-bit Data Rate: 3205 MT/s
Warmup finished CPU 0 instructions: 5000001 cycles: 1471384 cumulative IPC: 3.398 (Simulation time: 00 hr 00 min 20 sec)
Warmup complete CPU 0 instructions: 5000001 cycles: 1471384 cumulative IPC: 3.398 (Simulation time: 00 hr 00 min 20 sec)
Heartbeat CPU 0 instructions: 10000004 cycles: 3930363 heartbeat IPC: 2.544 cumulative IPC: 2.033 (Simulation time: 00 hr 00 min 51 sec)
Heartbeat CPU 0 instructions: 20000005 cycles: 12801950 heartbeat IPC: 1.127 cumulative IPC: 1.324 (Simulation time: 00 hr 02 min 06 sec)
Simulation finished CPU 0 instructions: 25000001 cycles: 18195227 cumulative IPC: 1.374 (Simulation time: 00 hr 02 min 57 sec)
Simulation complete CPU 0 instructions: 25000001 cycles: 18195227 cumulative IPC: 1.374 (Simulation time: 00 hr 02 min 57 sec)

ChampSim completed all CPUs

=== Simulation ===
CPU 0 runs /mnt/storage/mipt/microarch/data/traces/654.roms_s-293B.champsimtrace.xz

Region of Interest Statistics

CPU 0 cumulative IPC: 1.374 instructions: 25000001 cycles: 18195227
CPU 0 Branch Prediction Accuracy: 99.8% MPKI: 0.02152 Average ROB Occupancy at Mispredict: 337.1
Branch type MPKI
BRANCH_DIRECT_JUMP: 0
BRANCH_INDIRECT: 0
BRANCH_CONDITIONAL: 0.02152
BRANCH_DIRECT_CALL: 0
BRANCH_INDIRECT_CALL: 0
BRANCH_RETURN: 0

cpu0->cpu0_STLB TOTAL        ACCESS:       6444 HIT:       4192 MISS:       2252 MSHR_MERGE:          0
cpu0->cpu0_STLB LOAD         ACCESS:       6444 HIT:       4192 MISS:       2252 MSHR_MERGE:          0
cpu0->cpu0_STLB RFO          ACCESS:          0 HIT:          0 MISS:          0 MSHR_MERGE:          0
cpu0->cpu0_STLB PREFETCH     ACCESS:          0 HIT:          0 MISS:          0 MSHR_MERGE:          0
cpu0->cpu0_STLB WRITE        ACCESS:          0 HIT:          0 MISS:          0 MSHR_MERGE:          0
cpu0->cpu0_STLB TRANSLATION  ACCESS:          0 HIT:          0 MISS:          0 MSHR_MERGE:          0
cpu0->cpu0_STLB PREFETCH REQUESTED:          0 ISSUED:          0 USEFUL:          0 USELESS:          0
cpu0->cpu0_STLB AVERAGE MISS LATENCY: 885.5 cycles
cpu0->cpu0_L2C TOTAL        ACCESS:     401612 HIT:      82963 MISS:     318649 MSHR_MERGE:          0
cpu0->cpu0_L2C LOAD         ACCESS:     146928 HIT:      32884 MISS:     114044 MSHR_MERGE:          0
cpu0->cpu0_L2C RFO          ACCESS:     124931 HIT:       7879 MISS:     117052 MSHR_MERGE:          0
cpu0->cpu0_L2C PREFETCH     ACCESS:          0 HIT:          0 MISS:          0 MSHR_MERGE:          0
cpu0->cpu0_L2C WRITE        ACCESS:     125180 HIT:      42032 MISS:      83148 MSHR_MERGE:          0
cpu0->cpu0_L2C TRANSLATION  ACCESS:       4573 HIT:        168 MISS:       4405 MSHR_MERGE:          0
cpu0->cpu0_L2C PREFETCH REQUESTED:          0 ISSUED:          0 USEFUL:          0 USELESS:          0
cpu0->cpu0_L2C AVERAGE MISS LATENCY: 120.3 cycles
cpu0->cpu0_L1I TOTAL        ACCESS:    4959865 HIT:    4959857 MISS:          8 MSHR_MERGE:          2
cpu0->cpu0_L1I LOAD         ACCESS:    4959865 HIT:    4959857 MISS:          8 MSHR_MERGE:          2
cpu0->cpu0_L1I RFO          ACCESS:          0 HIT:          0 MISS:          0 MSHR_MERGE:          0
cpu0->cpu0_L1I PREFETCH     ACCESS:          0 HIT:          0 MISS:          0 MSHR_MERGE:          0
cpu0->cpu0_L1I WRITE        ACCESS:          0 HIT:          0 MISS:          0 MSHR_MERGE:          0
cpu0->cpu0_L1I TRANSLATION  ACCESS:          0 HIT:          0 MISS:          0 MSHR_MERGE:          0
cpu0->cpu0_L1I PREFETCH REQUESTED:          0 ISSUED:          0 USEFUL:          0 USELESS:          0
cpu0->cpu0_L1I AVERAGE MISS LATENCY: 225 cycles
cpu0->cpu0_L1D TOTAL        ACCESS:    7637908 HIT:    7008163 MISS:     629745 MSHR_MERGE:     353293
cpu0->cpu0_L1D LOAD         ACCESS:    5265657 HIT:    5024328 MISS:     241329 MSHR_MERGE:      94407
cpu0->cpu0_L1D RFO          ACCESS:          0 HIT:          0 MISS:          0 MSHR_MERGE:          0
cpu0->cpu0_L1D PREFETCH     ACCESS:          0 HIT:          0 MISS:          0 MSHR_MERGE:          0
cpu0->cpu0_L1D WRITE        ACCESS:    2366627 HIT:    1982803 MISS:     383824 MSHR_MERGE:     258867
cpu0->cpu0_L1D TRANSLATION  ACCESS:       5624 HIT:       1032 MISS:       4592 MSHR_MERGE:         19
cpu0->cpu0_L1D PREFETCH REQUESTED:          0 ISSUED:          0 USEFUL:          0 USELESS:          0
cpu0->cpu0_L1D AVERAGE MISS LATENCY: 146.4 cycles
cpu0->cpu0_ITLB TOTAL        ACCESS:    3644295 HIT:    3644295 MISS:          0 MSHR_MERGE:          0
cpu0->cpu0_ITLB LOAD         ACCESS:    3644295 HIT:    3644295 MISS:          0 MSHR_MERGE:          0
cpu0->cpu0_ITLB RFO          ACCESS:          0 HIT:          0 MISS:          0 MSHR_MERGE:          0
cpu0->cpu0_ITLB PREFETCH     ACCESS:          0 HIT:          0 MISS:          0 MSHR_MERGE:          0
cpu0->cpu0_ITLB WRITE        ACCESS:          0 HIT:          0 MISS:          0 MSHR_MERGE:          0
cpu0->cpu0_ITLB TRANSLATION  ACCESS:          0 HIT:          0 MISS:          0 MSHR_MERGE:          0
cpu0->cpu0_ITLB PREFETCH REQUESTED:          0 ISSUED:          0 USEFUL:          0 USELESS:          0
cpu0->cpu0_ITLB AVERAGE MISS LATENCY: - cycles
cpu0->cpu0_DTLB TOTAL        ACCESS:    7196850 HIT:    7180691 MISS:      16159 MSHR_MERGE:       9715
cpu0->cpu0_DTLB LOAD         ACCESS:    7196850 HIT:    7180691 MISS:      16159 MSHR_MERGE:       9715
cpu0->cpu0_DTLB RFO          ACCESS:          0 HIT:          0 MISS:          0 MSHR_MERGE:          0
cpu0->cpu0_DTLB PREFETCH     ACCESS:          0 HIT:          0 MISS:          0 MSHR_MERGE:          0
cpu0->cpu0_DTLB WRITE        ACCESS:          0 HIT:          0 MISS:          0 MSHR_MERGE:          0
cpu0->cpu0_DTLB TRANSLATION  ACCESS:          0 HIT:          0 MISS:          0 MSHR_MERGE:          0
cpu0->cpu0_DTLB PREFETCH REQUESTED:          0 ISSUED:          0 USEFUL:          0 USELESS:          0
cpu0->cpu0_DTLB AVERAGE MISS LATENCY: 314.8 cycles
cpu0->LLC TOTAL        ACCESS:     351775 HIT:     192710 MISS:     159065 MSHR_MERGE:          0
cpu0->LLC LOAD         ACCESS:     114044 HIT:      55396 MISS:      58648 MSHR_MERGE:          0
cpu0->LLC RFO          ACCESS:     117052 HIT:      31950 MISS:      85102 MSHR_MERGE:          0
cpu0->LLC PREFETCH     ACCESS:          0 HIT:          0 MISS:          0 MSHR_MERGE:          0
cpu0->LLC WRITE        ACCESS:     116274 HIT:     104963 MISS:      11311 MSHR_MERGE:          0
cpu0->LLC TRANSLATION  ACCESS:       4405 HIT:        401 MISS:       4004 MSHR_MERGE:          0
cpu0->LLC PREFETCH REQUESTED:          0 ISSUED:          0 USEFUL:          0 USELESS:          0
cpu0->LLC AVERAGE MISS LATENCY: 216.4 cycles

DRAM Statistics

Channel 0 RQ ROW_BUFFER_HIT:        788
  ROW_BUFFER_MISS:     146706
  AVG DBUS CONGESTED CYCLE: 7.341
Channel 0 WQ ROW_BUFFER_HIT:      26835
  ROW_BUFFER_MISS:      63184
  FULL:          0
Channel 0 REFRESHES ISSUED:       1516
