[VMEM] WARNING: physical memory size is smaller than virtual memory size.
WARNING: option --warmup_instructions is deprecated. Use --warmup-instructions instead.
WARNING: option --simulation_instructions is deprecated. Use --simulation-instructions instead.

*** ChampSim Multicore Out-of-Order Simulator ***
Warmup Instructions: 10000000
Simulation Instructions: 50000000
Number of CPUs: 1
Page size: 4096

Off-chip DRAM Size: 16 GiB Channels: 1 Width: 64-bit Data Rate: 3205 MT/s
Heartbeat CPU 0 instructions: 10000000 cycles: 2857162 heartbeat IPC: 3.5 cumulative IPC: 3.5 (Simulation time: 00 hr 00 min 36 sec)
Warmup finished CPU 0 instructions: 10000000 cycles: 2857162 cumulative IPC: 3.5 (Simulation time: 00 hr 00 min 36 sec)
Warmup complete CPU 0 instructions: 10000000 cycles: 2857162 cumulative IPC: 3.5 (Simulation time: 00 hr 00 min 36 sec)
Heartbeat CPU 0 instructions: 20000004 cycles: 7572547 heartbeat IPC: 2.121 cumulative IPC: 2.121 (Simulation time: 00 hr 01 min 23 sec)
Heartbeat CPU 0 instructions: 30000006 cycles: 12346903 heartbeat IPC: 2.095 cumulative IPC: 2.108 (Simulation time: 00 hr 02 min 10 sec)
Heartbeat CPU 0 instructions: 40000010 cycles: 17156447 heartbeat IPC: 2.079 cumulative IPC: 2.098 (Simulation time: 00 hr 02 min 58 sec)
Heartbeat CPU 0 instructions: 50000013 cycles: 21717614 heartbeat IPC: 2.192 cumulative IPC: 2.121 (Simulation time: 00 hr 03 min 45 sec)
Simulation finished CPU 0 instructions: 50000001 cycles: 22937301 cumulative IPC: 2.18 (Simulation time: 00 hr 04 min 29 sec)
Simulation complete CPU 0 instructions: 50000001 cycles: 22937301 cumulative IPC: 2.18 (Simulation time: 00 hr 04 min 29 sec)

ChampSim completed all CPUs

=== Simulation ===
CPU 0 runs /mnt/storage/mipt/microarch/data/traces/600.perlbench_s-1273B.champsimtrace.xz

Region of Interest Statistics

CPU 0 cumulative IPC: 2.18 instructions: 50000001 cycles: 22937301
CPU 0 Branch Prediction Accuracy: 97.63% MPKI: 3.208 Average ROB Occupancy at Mispredict: 118.8
Branch type MPKI
BRANCH_DIRECT_JUMP: 0.01212
BRANCH_INDIRECT: 0.379
BRANCH_CONDITIONAL: 2.815
BRANCH_DIRECT_CALL: 0.00112
BRANCH_INDIRECT_CALL: 0.00022
BRANCH_RETURN: 0.00112

cpu0->cpu0_STLB TOTAL        ACCESS:      13661 HIT:      13365 MISS:        296 MSHR_MERGE:          0
cpu0->cpu0_STLB LOAD         ACCESS:      13661 HIT:      13365 MISS:        296 MSHR_MERGE:          0
cpu0->cpu0_STLB RFO          ACCESS:          0 HIT:          0 MISS:          0 MSHR_MERGE:          0
cpu0->cpu0_STLB PREFETCH     ACCESS:          0 HIT:          0 MISS:          0 MSHR_MERGE:          0
cpu0->cpu0_STLB WRITE        ACCESS:          0 HIT:          0 MISS:          0 MSHR_MERGE:          0
cpu0->cpu0_STLB TRANSLATION  ACCESS:          0 HIT:          0 MISS:          0 MSHR_MERGE:          0
cpu0->cpu0_STLB PREFETCH REQUESTED:          0 ISSUED:          0 USEFUL:          0 USELESS:          0
cpu0->cpu0_STLB AVERAGE MISS LATENCY: 794.8 cycles
cpu0->cpu0_L2C TOTAL        ACCESS:       4497 HIT:       1462 MISS:       3035 MSHR_MERGE:          0
cpu0->cpu0_L2C LOAD         ACCESS:       3585 HIT:       1163 MISS:       2422 MSHR_MERGE:          0
cpu0->cpu0_L2C RFO          ACCESS:         95 HIT:         25 MISS:         70 MSHR_MERGE:          0
cpu0->cpu0_L2C PREFETCH     ACCESS:          0 HIT:          0 MISS:          0 MSHR_MERGE:          0
cpu0->cpu0_L2C WRITE        ACCESS:        262 HIT:        262 MISS:          0 MSHR_MERGE:          0
cpu0->cpu0_L2C TRANSLATION  ACCESS:        555 HIT:         12 MISS:        543 MSHR_MERGE:          0
cpu0->cpu0_L2C PREFETCH REQUESTED:          0 ISSUED:          0 USEFUL:          0 USELESS:          0
cpu0->cpu0_L2C AVERAGE MISS LATENCY: 188.9 cycles
cpu0->cpu0_L1I TOTAL        ACCESS:    3231186 HIT:    3229693 MISS:       1493 MSHR_MERGE:        206
cpu0->cpu0_L1I LOAD         ACCESS:    3231186 HIT:    3229693 MISS:       1493 MSHR_MERGE:        206
cpu0->cpu0_L1I RFO          ACCESS:          0 HIT:          0 MISS:          0 MSHR_MERGE:          0
cpu0->cpu0_L1I PREFETCH     ACCESS:          0 HIT:          0 MISS:          0 MSHR_MERGE:          0
cpu0->cpu0_L1I WRITE        ACCESS:          0 HIT:          0 MISS:          0 MSHR_MERGE:          0
cpu0->cpu0_L1I TRANSLATION  ACCESS:          0 HIT:          0 MISS:          0 MSHR_MERGE:          0
cpu0->cpu0_L1I PREFETCH REQUESTED:          0 ISSUED:          0 USEFUL:          0 USELESS:          0
cpu0->cpu0_L1I AVERAGE MISS LATENCY: 35.02 cycles
cpu0->cpu0_L1D TOTAL        ACCESS:   16329969 HIT:   16326009 MISS:       3960 MSHR_MERGE:       1012
cpu0->cpu0_L1D LOAD         ACCESS:    6356155 HIT:    6353065 MISS:       3090 MSHR_MERGE:        792
cpu0->cpu0_L1D RFO          ACCESS:          0 HIT:          0 MISS:          0 MSHR_MERGE:          0
cpu0->cpu0_L1D PREFETCH     ACCESS:          0 HIT:          0 MISS:          0 MSHR_MERGE:          0
cpu0->cpu0_L1D WRITE        ACCESS:    9973197 HIT:    9972883 MISS:        314 MSHR_MERGE:        219
cpu0->cpu0_L1D TRANSLATION  ACCESS:        617 HIT:         61 MISS:        556 MSHR_MERGE:          1
cpu0->cpu0_L1D PREFETCH REQUESTED:          0 ISSUED:          0 USEFUL:          0 USELESS:          0
cpu0->cpu0_L1D AVERAGE MISS LATENCY: 191.3 cycles
cpu0->cpu0_ITLB TOTAL        ACCESS:    2766218 HIT:    2765806 MISS:        412 MSHR_MERGE:        285
cpu0->cpu0_ITLB LOAD         ACCESS:    2766218 HIT:    2765806 MISS:        412 MSHR_MERGE:        285
cpu0->cpu0_ITLB RFO          ACCESS:          0 HIT:          0 MISS:          0 MSHR_MERGE:          0
cpu0->cpu0_ITLB PREFETCH     ACCESS:          0 HIT:          0 MISS:          0 MSHR_MERGE:          0
cpu0->cpu0_ITLB WRITE        ACCESS:          0 HIT:          0 MISS:          0 MSHR_MERGE:          0
cpu0->cpu0_ITLB TRANSLATION  ACCESS:          0 HIT:          0 MISS:          0 MSHR_MERGE:          0
cpu0->cpu0_ITLB PREFETCH REQUESTED:          0 ISSUED:          0 USEFUL:          0 USELESS:          0
cpu0->cpu0_ITLB AVERAGE MISS LATENCY: 54.2 cycles
cpu0->cpu0_DTLB TOTAL        ACCESS:   14683719 HIT:   14668909 MISS:      14810 MSHR_MERGE:       1276
cpu0->cpu0_DTLB LOAD         ACCESS:   14683719 HIT:   14668909 MISS:      14810 MSHR_MERGE:       1276
cpu0->cpu0_DTLB RFO          ACCESS:          0 HIT:          0 MISS:          0 MSHR_MERGE:          0
cpu0->cpu0_DTLB PREFETCH     ACCESS:          0 HIT:          0 MISS:          0 MSHR_MERGE:          0
cpu0->cpu0_DTLB WRITE        ACCESS:          0 HIT:          0 MISS:          0 MSHR_MERGE:          0
cpu0->cpu0_DTLB TRANSLATION  ACCESS:          0 HIT:          0 MISS:          0 MSHR_MERGE:          0
cpu0->cpu0_DTLB PREFETCH REQUESTED:          0 ISSUED:          0 USEFUL:          0 USELESS:          0
cpu0->cpu0_DTLB AVERAGE MISS LATENCY: 21.94 cycles
cpu0->LLC TOTAL        ACCESS:       3041 HIT:          6 MISS:       3035 MSHR_MERGE:          0
cpu0->LLC LOAD         ACCESS:       2422 HIT:          0 MISS:       2422 MSHR_MERGE:          0
cpu0->LLC RFO          ACCESS:         70 HIT:          0 MISS:         70 MSHR_MERGE:          0
cpu0->LLC PREFETCH     ACCESS:          0 HIT:          0 MISS:          0 MSHR_MERGE:          0
cpu0->LLC WRITE        ACCESS:          6 HIT:          6 MISS:          0 MSHR_MERGE:          0
cpu0->LLC TRANSLATION  ACCESS:        543 HIT:          0 MISS:        543 MSHR_MERGE:          0
cpu0->LLC PREFETCH REQUESTED:          0 ISSUED:          0 USEFUL:          0 USELESS:          0
cpu0->LLC AVERAGE MISS LATENCY: 172.9 cycles

DRAM Statistics

Channel 0 RQ ROW_BUFFER_HIT:         31
  ROW_BUFFER_MISS:       3004
  AVG DBUS CONGESTED CYCLE: 2.726
Channel 0 WQ ROW_BUFFER_HIT:          0
  ROW_BUFFER_MISS:          0
  FULL:          0
Channel 0 REFRESHES ISSUED:       1911
