[VMEM] WARNING: physical memory size is smaller than virtual memory size.
WARNING: option --warmup_instructions is deprecated. Use --warmup-instructions instead.
WARNING: option --simulation_instructions is deprecated. Use --simulation-instructions instead.

*** ChampSim Multicore Out-of-Order Simulator ***
Warmup Instructions: 10000000
Simulation Instructions: 50000000
Number of CPUs: 1
Page size: 4096

Off-chip DRAM Size: 16 GiB Channels: 1 Width: 64-bit Data Rate: 3205 MT/s
Heartbeat CPU 0 instructions: 10000003 cycles: 3488201 heartbeat IPC: 2.867 cumulative IPC: 2.867 (Simulation time: 00 hr 00 min 41 sec)
Warmup finished CPU 0 instructions: 10000003 cycles: 3488201 cumulative IPC: 2.867 (Simulation time: 00 hr 00 min 41 sec)
Warmup complete CPU 0 instructions: 10000003 cycles: 3488201 cumulative IPC: 2.867 (Simulation time: 00 hr 00 min 41 sec)
Heartbeat CPU 0 instructions: 20000004 cycles: 40067884 heartbeat IPC: 0.2734 cumulative IPC: 0.2734 (Simulation time: 00 hr 04 min 01 sec)
Heartbeat CPU 0 instructions: 30000004 cycles: 76501931 heartbeat IPC: 0.2745 cumulative IPC: 0.2739 (Simulation time: 00 hr 07 min 11 sec)
Heartbeat CPU 0 instructions: 40000005 cycles: 112934791 heartbeat IPC: 0.2745 cumulative IPC: 0.2741 (Simulation time: 00 hr 10 min 34 sec)
Heartbeat CPU 0 instructions: 50000009 cycles: 149284387 heartbeat IPC: 0.2751 cumulative IPC: 0.2744 (Simulation time: 00 hr 13 min 11 sec)
Simulation finished CPU 0 instructions: 50000000 cycles: 182118920 cumulative IPC: 0.2745 (Simulation time: 00 hr 15 min 37 sec)
Simulation complete CPU 0 instructions: 50000000 cycles: 182118920 cumulative IPC: 0.2745 (Simulation time: 00 hr 15 min 37 sec)

ChampSim completed all CPUs

=== Simulation ===
CPU 0 runs /mnt/storage/mipt/microarch/data/traces/602.gcc_s-1850B.champsimtrace.xz

Region of Interest Statistics

CPU 0 cumulative IPC: 0.2745 instructions: 50000000 cycles: 182118920
CPU 0 Branch Prediction Accuracy: 96.27% MPKI: 9.566 Average ROB Occupancy at Mispredict: 53.39
Branch type MPKI
BRANCH_DIRECT_JUMP: 0.01114
BRANCH_INDIRECT: 0
BRANCH_CONDITIONAL: 9.555
BRANCH_DIRECT_CALL: 0
BRANCH_INDIRECT_CALL: 0
BRANCH_RETURN: 0

cpu0->cpu0_STLB TOTAL        ACCESS:      16358 HIT:       1140 MISS:      15218 MSHR_MERGE:          0
cpu0->cpu0_STLB LOAD         ACCESS:      16358 HIT:       1140 MISS:      15218 MSHR_MERGE:          0
cpu0->cpu0_STLB RFO          ACCESS:          0 HIT:          0 MISS:          0 MSHR_MERGE:          0
cpu0->cpu0_STLB PREFETCH     ACCESS:          0 HIT:          0 MISS:          0 MSHR_MERGE:          0
cpu0->cpu0_STLB WRITE        ACCESS:          0 HIT:          0 MISS:          0 MSHR_MERGE:          0
cpu0->cpu0_STLB TRANSLATION  ACCESS:          0 HIT:          0 MISS:          0 MSHR_MERGE:          0
cpu0->cpu0_STLB PREFETCH REQUESTED:          0 ISSUED:          0 USEFUL:          0 USELESS:          0
cpu0->cpu0_STLB AVERAGE MISS LATENCY: 688.1 cycles
cpu0->cpu0_L2C TOTAL        ACCESS:    1228906 HIT:     320627 MISS:     908279 MSHR_MERGE:          0
cpu0->cpu0_L2C LOAD         ACCESS:    1206584 HIT:     316898 MISS:     889686 MSHR_MERGE:          0
cpu0->cpu0_L2C RFO          ACCESS:        396 HIT:          0 MISS:        396 MSHR_MERGE:          0
cpu0->cpu0_L2C PREFETCH     ACCESS:          0 HIT:          0 MISS:          0 MSHR_MERGE:          0
cpu0->cpu0_L2C WRITE        ACCESS:       3143 HIT:       3143 MISS:          0 MSHR_MERGE:          0
cpu0->cpu0_L2C TRANSLATION  ACCESS:      18783 HIT:        586 MISS:      18197 MSHR_MERGE:          0
cpu0->cpu0_L2C PREFETCH REQUESTED:          0 ISSUED:          0 USEFUL:          0 USELESS:          0
cpu0->cpu0_L2C AVERAGE MISS LATENCY: 154 cycles
cpu0->cpu0_L1I TOTAL        ACCESS:    1624656 HIT:    1624656 MISS:          0 MSHR_MERGE:          0
cpu0->cpu0_L1I LOAD         ACCESS:    1624656 HIT:    1624656 MISS:          0 MSHR_MERGE:          0
cpu0->cpu0_L1I RFO          ACCESS:          0 HIT:          0 MISS:          0 MSHR_MERGE:          0
cpu0->cpu0_L1I PREFETCH     ACCESS:          0 HIT:          0 MISS:          0 MSHR_MERGE:          0
cpu0->cpu0_L1I WRITE        ACCESS:          0 HIT:          0 MISS:          0 MSHR_MERGE:          0
cpu0->cpu0_L1I TRANSLATION  ACCESS:          0 HIT:          0 MISS:          0 MSHR_MERGE:          0
cpu0->cpu0_L1I PREFETCH REQUESTED:          0 ISSUED:          0 USEFUL:          0 USELESS:          0
cpu0->cpu0_L1I AVERAGE MISS LATENCY: - cycles
cpu0->cpu0_L1D TOTAL        ACCESS:   13411582 HIT:   11107573 MISS:    2304009 MSHR_MERGE:    1078246
cpu0->cpu0_L1D LOAD         ACCESS:    9065414 HIT:    6780584 MISS:    2284830 MSHR_MERGE:    1078246
cpu0->cpu0_L1D RFO          ACCESS:          0 HIT:          0 MISS:          0 MSHR_MERGE:          0
cpu0->cpu0_L1D PREFETCH     ACCESS:          0 HIT:          0 MISS:          0 MSHR_MERGE:          0
cpu0->cpu0_L1D WRITE        ACCESS:    4315581 HIT:    4315185 MISS:        396 MSHR_MERGE:          0
cpu0->cpu0_L1D TRANSLATION  ACCESS:      30587 HIT:      11804 MISS:      18783 MSHR_MERGE:          0
cpu0->cpu0_L1D PREFETCH REQUESTED:          0 ISSUED:          0 USEFUL:          0 USELESS:          0
cpu0->cpu0_L1D AVERAGE MISS LATENCY: 122.9 cycles
cpu0->cpu0_ITLB TOTAL        ACCESS:    1359137 HIT:    1359137 MISS:          0 MSHR_MERGE:          0
cpu0->cpu0_ITLB LOAD         ACCESS:    1359137 HIT:    1359137 MISS:          0 MSHR_MERGE:          0
cpu0->cpu0_ITLB RFO          ACCESS:          0 HIT:          0 MISS:          0 MSHR_MERGE:          0
cpu0->cpu0_ITLB PREFETCH     ACCESS:          0 HIT:          0 MISS:          0 MSHR_MERGE:          0
cpu0->cpu0_ITLB WRITE        ACCESS:          0 HIT:          0 MISS:          0 MSHR_MERGE:          0
cpu0->cpu0_ITLB TRANSLATION  ACCESS:          0 HIT:          0 MISS:          0 MSHR_MERGE:          0
cpu0->cpu0_ITLB PREFETCH REQUESTED:          0 ISSUED:          0 USEFUL:          0 USELESS:          0
cpu0->cpu0_ITLB AVERAGE MISS LATENCY: - cycles
cpu0->cpu0_DTLB TOTAL        ACCESS:   12377226 HIT:   12343901 MISS:      33325 MSHR_MERGE:      16967
cpu0->cpu0_DTLB LOAD         ACCESS:   12377226 HIT:   12343901 MISS:      33325 MSHR_MERGE:      16967
cpu0->cpu0_DTLB RFO          ACCESS:          0 HIT:          0 MISS:          0 MSHR_MERGE:          0
cpu0->cpu0_DTLB PREFETCH     ACCESS:          0 HIT:          0 MISS:          0 MSHR_MERGE:          0
cpu0->cpu0_DTLB WRITE        ACCESS:          0 HIT:          0 MISS:          0 MSHR_MERGE:          0
cpu0->cpu0_DTLB TRANSLATION  ACCESS:          0 HIT:          0 MISS:          0 MSHR_MERGE:          0
cpu0->cpu0_DTLB PREFETCH REQUESTED:          0 ISSUED:          0 USEFUL:          0 USELESS:          0
cpu0->cpu0_DTLB AVERAGE MISS LATENCY: 646.1 cycles
cpu0->LLC TOTAL        ACCESS:     909541 HIT:       2571 MISS:     906970 MSHR_MERGE:          0
cpu0->LLC LOAD         ACCESS:     889686 HIT:       1219 MISS:     888467 MSHR_MERGE:          0
cpu0->LLC RFO          ACCESS:        396 HIT:          0 MISS:        396 MSHR_MERGE:          0
cpu0->LLC PREFETCH     ACCESS:          0 HIT:          0 MISS:          0 MSHR_MERGE:          0
cpu0->LLC WRITE        ACCESS:       1262 HIT:       1261 MISS:          1 MSHR_MERGE:          0
cpu0->LLC TRANSLATION  ACCESS:      18197 HIT:         91 MISS:      18106 MSHR_MERGE:          0
cpu0->LLC PREFETCH REQUESTED:          0 ISSUED:          0 USEFUL:          0 USELESS:          0
cpu0->LLC AVERAGE MISS LATENCY: 138.2 cycles

DRAM Statistics

Channel 0 RQ ROW_BUFFER_HIT:     287020
  ROW_BUFFER_MISS:     619949
  AVG DBUS CONGESTED CYCLE: 24.36
Channel 0 WQ ROW_BUFFER_HIT:        387
  ROW_BUFFER_MISS:        854
  FULL:          0
Channel 0 REFRESHES ISSUED:      15177
