[VMEM] WARNING: physical memory size is smaller than virtual memory size.
WARNING: option --warmup_instructions is deprecated. Use --warmup-instructions instead.
WARNING: option --simulation_instructions is deprecated. Use --simulation-instructions instead.

*** ChampSim Multicore Out-of-Order Simulator ***
Warmup Instructions: 10000000
Simulation Instructions: 50000000
Number of CPUs: 1
Page size: 4096

Off-chip DRAM Size: 16 GiB Channels: 1 Width: 64-bit Data Rate: 3205 MT/s
Heartbeat CPU 0 instructions: 10000001 cycles: 2804500 heartbeat IPC: 3.566 cumulative IPC: 3.566 (Simulation time: 00 hr 00 min 39 sec)
Warmup finished CPU 0 instructions: 10000001 cycles: 2804500 cumulative IPC: 3.566 (Simulation time: 00 hr 00 min 39 sec)
Warmup complete CPU 0 instructions: 10000001 cycles: 2804500 cumulative IPC: 3.566 (Simulation time: 00 hr 00 min 39 sec)
Heartbeat CPU 0 instructions: 20000001 cycles: 13964551 heartbeat IPC: 0.8961 cumulative IPC: 0.8961 (Simulation time: 00 hr 02 min 17 sec)
Heartbeat CPU 0 instructions: 30000005 cycles: 25227631 heartbeat IPC: 0.8879 cumulative IPC: 0.8919 (Simulation time: 00 hr 03 min 55 sec)
Heartbeat CPU 0 instructions: 40000008 cycles: 36450142 heartbeat IPC: 0.8911 cumulative IPC: 0.8916 (Simulation time: 00 hr 05 min 33 sec)
Heartbeat CPU 0 instructions: 50000009 cycles: 47614047 heartbeat IPC: 0.8957 cumulative IPC: 0.8927 (Simulation time: 00 hr 07 min 00 sec)
Simulation finished CPU 0 instructions: 50000004 cycles: 56053875 cumulative IPC: 0.892 (Simulation time: 00 hr 08 min 38 sec)
Simulation complete CPU 0 instructions: 50000004 cycles: 56053875 cumulative IPC: 0.892 (Simulation time: 00 hr 08 min 38 sec)

ChampSim completed all CPUs

=== Simulation ===
CPU 0 runs /mnt/storage/mipt/microarch/data/traces/603.bwaves_s-2931B.champsimtrace.xz

Region of Interest Statistics

CPU 0 cumulative IPC: 0.892 instructions: 50000004 cycles: 56053875
CPU 0 Branch Prediction Accuracy: 99.97% MPKI: 0.00266 Average ROB Occupancy at Mispredict: 334.2
Branch type MPKI
BRANCH_DIRECT_JUMP: 0
BRANCH_INDIRECT: 0
BRANCH_CONDITIONAL: 0.00266
BRANCH_DIRECT_CALL: 0
BRANCH_INDIRECT_CALL: 0
BRANCH_RETURN: 0

cpu0->cpu0_STLB TOTAL        ACCESS:      92414 HIT:      81770 MISS:      10644 MSHR_MERGE:          0
cpu0->cpu0_STLB LOAD         ACCESS:      92414 HIT:      81770 MISS:      10644 MSHR_MERGE:          0
cpu0->cpu0_STLB RFO          ACCESS:          0 HIT:          0 MISS:          0 MSHR_MERGE:          0
cpu0->cpu0_STLB PREFETCH     ACCESS:          0 HIT:          0 MISS:          0 MSHR_MERGE:          0
cpu0->cpu0_STLB WRITE        ACCESS:          0 HIT:          0 MISS:          0 MSHR_MERGE:          0
cpu0->cpu0_STLB TRANSLATION  ACCESS:          0 HIT:          0 MISS:          0 MSHR_MERGE:          0
cpu0->cpu0_STLB PREFETCH REQUESTED:          0 ISSUED:          0 USEFUL:          0 USELESS:          0
cpu0->cpu0_STLB AVERAGE MISS LATENCY: 699 cycles
cpu0->cpu0_L2C TOTAL        ACCESS:    1175592 HIT:     430040 MISS:     745552 MSHR_MERGE:          0
cpu0->cpu0_L2C LOAD         ACCESS:     518834 HIT:      83296 MISS:     435538 MSHR_MERGE:          0
cpu0->cpu0_L2C RFO          ACCESS:     315869 HIT:      18173 MISS:     297696 MSHR_MERGE:          0
cpu0->cpu0_L2C PREFETCH     ACCESS:          0 HIT:          0 MISS:          0 MSHR_MERGE:          0
cpu0->cpu0_L2C WRITE        ACCESS:     319648 HIT:     319599 MISS:         49 MSHR_MERGE:          0
cpu0->cpu0_L2C TRANSLATION  ACCESS:      21241 HIT:       8972 MISS:      12269 MSHR_MERGE:          0
cpu0->cpu0_L2C PREFETCH REQUESTED:          0 ISSUED:          0 USEFUL:          0 USELESS:          0
cpu0->cpu0_L2C AVERAGE MISS LATENCY: 224.1 cycles
cpu0->cpu0_L1I TOTAL        ACCESS:    9765271 HIT:    9765263 MISS:          8 MSHR_MERGE:          1
cpu0->cpu0_L1I LOAD         ACCESS:    9765271 HIT:    9765263 MISS:          8 MSHR_MERGE:          1
cpu0->cpu0_L1I RFO          ACCESS:          0 HIT:          0 MISS:          0 MSHR_MERGE:          0
cpu0->cpu0_L1I PREFETCH     ACCESS:          0 HIT:          0 MISS:          0 MSHR_MERGE:          0
cpu0->cpu0_L1I WRITE        ACCESS:          0 HIT:          0 MISS:          0 MSHR_MERGE:          0
cpu0->cpu0_L1I TRANSLATION  ACCESS:          0 HIT:          0 MISS:          0 MSHR_MERGE:          0
cpu0->cpu0_L1I PREFETCH REQUESTED:          0 ISSUED:          0 USEFUL:          0 USELESS:          0
cpu0->cpu0_L1I AVERAGE MISS LATENCY: 236.3 cycles
cpu0->cpu0_L1D TOTAL        ACCESS:   16450913 HIT:   14816226 MISS:    1634687 MSHR_MERGE:     778478
cpu0->cpu0_L1D LOAD         ACCESS:    7285229 HIT:    6764395 MISS:     520834 MSHR_MERGE:       2004
cpu0->cpu0_L1D RFO          ACCESS:          0 HIT:          0 MISS:          0 MSHR_MERGE:          0
cpu0->cpu0_L1D PREFETCH     ACCESS:          0 HIT:          0 MISS:          0 MSHR_MERGE:          0
cpu0->cpu0_L1D WRITE        ACCESS:    9144369 HIT:    8051760 MISS:    1092609 MSHR_MERGE:     776471
cpu0->cpu0_L1D TRANSLATION  ACCESS:      21315 HIT:         71 MISS:      21244 MSHR_MERGE:          3
cpu0->cpu0_L1D PREFETCH REQUESTED:          0 ISSUED:          0 USEFUL:          0 USELESS:          0
cpu0->cpu0_L1D AVERAGE MISS LATENCY: 204.1 cycles
cpu0->cpu0_ITLB TOTAL        ACCESS:    7732827 HIT:    7732827 MISS:          0 MSHR_MERGE:          0
cpu0->cpu0_ITLB LOAD         ACCESS:    7732827 HIT:    7732827 MISS:          0 MSHR_MERGE:          0
cpu0->cpu0_ITLB RFO          ACCESS:          0 HIT:          0 MISS:          0 MSHR_MERGE:          0
cpu0->cpu0_ITLB PREFETCH     ACCESS:          0 HIT:          0 MISS:          0 MSHR_MERGE:          0
cpu0->cpu0_ITLB WRITE        ACCESS:          0 HIT:          0 MISS:          0 MSHR_MERGE:          0
cpu0->cpu0_ITLB TRANSLATION  ACCESS:          0 HIT:          0 MISS:          0 MSHR_MERGE:          0
cpu0->cpu0_ITLB PREFETCH REQUESTED:          0 ISSUED:          0 USEFUL:          0 USELESS:          0
cpu0->cpu0_ITLB AVERAGE MISS LATENCY: - cycles
cpu0->cpu0_DTLB TOTAL        ACCESS:   15158127 HIT:   15055274 MISS:     102853 MSHR_MERGE:      10439
cpu0->cpu0_DTLB LOAD         ACCESS:   15158127 HIT:   15055274 MISS:     102853 MSHR_MERGE:      10439
cpu0->cpu0_DTLB RFO          ACCESS:          0 HIT:          0 MISS:          0 MSHR_MERGE:          0
cpu0->cpu0_DTLB PREFETCH     ACCESS:          0 HIT:          0 MISS:          0 MSHR_MERGE:          0
cpu0->cpu0_DTLB WRITE        ACCESS:          0 HIT:          0 MISS:          0 MSHR_MERGE:          0
cpu0->cpu0_DTLB TRANSLATION  ACCESS:          0 HIT:          0 MISS:          0 MSHR_MERGE:          0
cpu0->cpu0_DTLB PREFETCH REQUESTED:          0 ISSUED:          0 USEFUL:          0 USELESS:          0
cpu0->cpu0_DTLB AVERAGE MISS LATENCY: 85.63 cycles
cpu0->LLC TOTAL        ACCESS:    1043262 HIT:     349392 MISS:     693870 MSHR_MERGE:          0
cpu0->LLC LOAD         ACCESS:     435538 HIT:      51662 MISS:     383876 MSHR_MERGE:          0
cpu0->LLC RFO          ACCESS:     297696 HIT:          0 MISS:     297696 MSHR_MERGE:          0
cpu0->LLC PREFETCH     ACCESS:          0 HIT:          0 MISS:          0 MSHR_MERGE:          0
cpu0->LLC WRITE        ACCESS:     297759 HIT:     297730 MISS:         29 MSHR_MERGE:          0
cpu0->LLC TRANSLATION  ACCESS:      12269 HIT:          0 MISS:      12269 MSHR_MERGE:          0
cpu0->LLC PREFETCH REQUESTED:          0 ISSUED:          0 USEFUL:          0 USELESS:          0
cpu0->LLC AVERAGE MISS LATENCY: 223.7 cycles

DRAM Statistics

Channel 0 RQ ROW_BUFFER_HIT:         24
  ROW_BUFFER_MISS:     693813
  AVG DBUS CONGESTED CYCLE: 11.15
Channel 0 WQ ROW_BUFFER_HIT:     105776
  ROW_BUFFER_MISS:     192260
  FULL:          0
Channel 0 REFRESHES ISSUED:       4671
