[VMEM] WARNING: physical memory size is smaller than virtual memory size.
WARNING: option --warmup_instructions is deprecated. Use --warmup-instructions instead.
WARNING: option --simulation_instructions is deprecated. Use --simulation-instructions instead.

*** ChampSim Multicore Out-of-Order Simulator ***
Warmup Instructions: 10000000
Simulation Instructions: 50000000
Number of CPUs: 1
Page size: 4096

Off-chip DRAM Size: 16 GiB Channels: 1 Width: 64-bit Data Rate: 3205 MT/s
Heartbeat CPU 0 instructions: 10000001 cycles: 4024569 heartbeat IPC: 2.485 cumulative IPC: 2.485 (Simulation time: 00 hr 00 min 40 sec)
Warmup finished CPU 0 instructions: 10000001 cycles: 4024569 cumulative IPC: 2.485 (Simulation time: 00 hr 00 min 40 sec)
Warmup complete CPU 0 instructions: 10000001 cycles: 4024569 cumulative IPC: 2.485 (Simulation time: 00 hr 00 min 40 sec)
Heartbeat CPU 0 instructions: 20000001 cycles: 45570772 heartbeat IPC: 0.2407 cumulative IPC: 0.2407 (Simulation time: 00 hr 06 min 43 sec)
Heartbeat CPU 0 instructions: 30000002 cycles: 86805932 heartbeat IPC: 0.2425 cumulative IPC: 0.2416 (Simulation time: 00 hr 11 min 58 sec)
Heartbeat CPU 0 instructions: 40000003 cycles: 129241342 heartbeat IPC: 0.2357 cumulative IPC: 0.2396 (Simulation time: 00 hr 16 min 11 sec)
Heartbeat CPU 0 instructions: 50000006 cycles: 170643971 heartbeat IPC: 0.2415 cumulative IPC: 0.2401 (Simulation time: 00 hr 20 min 01 sec)
Simulation finished CPU 0 instructions: 50000002 cycles: 208089733 cumulative IPC: 0.2403 (Simulation time: 00 hr 23 min 45 sec)
Simulation complete CPU 0 instructions: 50000002 cycles: 208089733 cumulative IPC: 0.2403 (Simulation time: 00 hr 23 min 45 sec)

ChampSim completed all CPUs

=== Simulation ===
CPU 0 runs /mnt/storage/mipt/microarch/data/traces/605.mcf_s-1536B.champsimtrace.xz

Region of Interest Statistics

CPU 0 cumulative IPC: 0.2403 instructions: 50000002 cycles: 208089733
CPU 0 Branch Prediction Accuracy: 99.98% MPKI: 0.02982 Average ROB Occupancy at Mispredict: 245.7
Branch type MPKI
BRANCH_DIRECT_JUMP: 0
BRANCH_INDIRECT: 0
BRANCH_CONDITIONAL: 0.02982
BRANCH_DIRECT_CALL: 0
BRANCH_INDIRECT_CALL: 0
BRANCH_RETURN: 0

cpu0->cpu0_STLB TOTAL        ACCESS:    1310356 HIT:     188919 MISS:    1121437 MSHR_MERGE:          0
cpu0->cpu0_STLB LOAD         ACCESS:    1310356 HIT:     188919 MISS:    1121437 MSHR_MERGE:          0
cpu0->cpu0_STLB RFO          ACCESS:          0 HIT:          0 MISS:          0 MSHR_MERGE:          0
cpu0->cpu0_STLB PREFETCH     ACCESS:          0 HIT:          0 MISS:          0 MSHR_MERGE:          0
cpu0->cpu0_STLB WRITE        ACCESS:          0 HIT:          0 MISS:          0 MSHR_MERGE:          0
cpu0->cpu0_STLB TRANSLATION  ACCESS:          0 HIT:          0 MISS:          0 MSHR_MERGE:          0
cpu0->cpu0_STLB PREFETCH REQUESTED:          0 ISSUED:          0 USEFUL:          0 USELESS:          0
cpu0->cpu0_STLB AVERAGE MISS LATENCY: 84.67 cycles
cpu0->cpu0_L2C TOTAL        ACCESS:    5934880 HIT:    2496907 MISS:    3437973 MSHR_MERGE:          0
cpu0->cpu0_L2C LOAD         ACCESS:    2443073 HIT:     907623 MISS:    1535450 MSHR_MERGE:          0
cpu0->cpu0_L2C RFO          ACCESS:     143255 HIT:      36486 MISS:     106769 MSHR_MERGE:          0
cpu0->cpu0_L2C PREFETCH     ACCESS:          0 HIT:          0 MISS:          0 MSHR_MERGE:          0
cpu0->cpu0_L2C WRITE        ACCESS:    1113261 HIT:    1113261 MISS:          0 MSHR_MERGE:          0
cpu0->cpu0_L2C TRANSLATION  ACCESS:    2235291 HIT:     439537 MISS:    1795754 MSHR_MERGE:          0
cpu0->cpu0_L2C PREFETCH REQUESTED:          0 ISSUED:          0 USEFUL:          0 USELESS:          0
cpu0->cpu0_L2C AVERAGE MISS LATENCY: 106.4 cycles
cpu0->cpu0_L1I TOTAL        ACCESS:   11118644 HIT:   11118644 MISS:          0 MSHR_MERGE:          0
cpu0->cpu0_L1I LOAD         ACCESS:   11118644 HIT:   11118644 MISS:          0 MSHR_MERGE:          0
cpu0->cpu0_L1I RFO          ACCESS:          0 HIT:          0 MISS:          0 MSHR_MERGE:          0
cpu0->cpu0_L1I PREFETCH     ACCESS:          0 HIT:          0 MISS:          0 MSHR_MERGE:          0
cpu0->cpu0_L1I WRITE        ACCESS:          0 HIT:          0 MISS:          0 MSHR_MERGE:          0
cpu0->cpu0_L1I TRANSLATION  ACCESS:          0 HIT:          0 MISS:          0 MSHR_MERGE:          0
cpu0->cpu0_L1I PREFETCH REQUESTED:          0 ISSUED:          0 USEFUL:          0 USELESS:          0
cpu0->cpu0_L1I AVERAGE MISS LATENCY: - cycles
cpu0->cpu0_L1D TOTAL        ACCESS:   14594746 HIT:    8096149 MISS:    6498597 MSHR_MERGE:    1676957
cpu0->cpu0_L1D LOAD         ACCESS:    9964506 HIT:    5866082 MISS:    4098424 MSHR_MERGE:    1655351
cpu0->cpu0_L1D RFO          ACCESS:          0 HIT:          0 MISS:          0 MSHR_MERGE:          0
cpu0->cpu0_L1D PREFETCH     ACCESS:          0 HIT:          0 MISS:          0 MSHR_MERGE:          0
cpu0->cpu0_L1D WRITE        ACCESS:    2217254 HIT:    2073917 MISS:     143337 MSHR_MERGE:         61
cpu0->cpu0_L1D TRANSLATION  ACCESS:    2412986 HIT:     156150 MISS:    2256836 MSHR_MERGE:      21545
cpu0->cpu0_L1D PREFETCH REQUESTED:          0 ISSUED:          0 USEFUL:          0 USELESS:          0
cpu0->cpu0_L1D AVERAGE MISS LATENCY: 84.7 cycles
cpu0->cpu0_ITLB TOTAL        ACCESS:    9963129 HIT:    9963129 MISS:          0 MSHR_MERGE:          0
cpu0->cpu0_ITLB LOAD         ACCESS:    9963129 HIT:    9963129 MISS:          0 MSHR_MERGE:          0
cpu0->cpu0_ITLB RFO          ACCESS:          0 HIT:          0 MISS:          0 MSHR_MERGE:          0
cpu0->cpu0_ITLB PREFETCH     ACCESS:          0 HIT:          0 MISS:          0 MSHR_MERGE:          0
cpu0->cpu0_ITLB WRITE        ACCESS:          0 HIT:          0 MISS:          0 MSHR_MERGE:          0
cpu0->cpu0_ITLB TRANSLATION  ACCESS:          0 HIT:          0 MISS:          0 MSHR_MERGE:          0
cpu0->cpu0_ITLB PREFETCH REQUESTED:          0 ISSUED:          0 USEFUL:          0 USELESS:          0
cpu0->cpu0_ITLB AVERAGE MISS LATENCY: - cycles
cpu0->cpu0_DTLB TOTAL        ACCESS:   12087764 HIT:    8793297 MISS:    3294467 MSHR_MERGE:    1984111
cpu0->cpu0_DTLB LOAD         ACCESS:   12087764 HIT:    8793297 MISS:    3294467 MSHR_MERGE:    1984111
cpu0->cpu0_DTLB RFO          ACCESS:          0 HIT:          0 MISS:          0 MSHR_MERGE:          0
cpu0->cpu0_DTLB PREFETCH     ACCESS:          0 HIT:          0 MISS:          0 MSHR_MERGE:          0
cpu0->cpu0_DTLB WRITE        ACCESS:          0 HIT:          0 MISS:          0 MSHR_MERGE:          0
cpu0->cpu0_DTLB TRANSLATION  ACCESS:          0 HIT:          0 MISS:          0 MSHR_MERGE:          0
cpu0->cpu0_DTLB PREFETCH REQUESTED:          0 ISSUED:          0 USEFUL:          0 USELESS:          0
cpu0->cpu0_DTLB AVERAGE MISS LATENCY: 78.32 cycles
cpu0->LLC TOTAL        ACCESS:    4546906 HIT:    3174731 MISS:    1372175 MSHR_MERGE:          0
cpu0->LLC LOAD         ACCESS:    1535450 HIT:     259686 MISS:    1275764 MSHR_MERGE:          0
cpu0->LLC RFO          ACCESS:     106769 HIT:     106752 MISS:         17 MSHR_MERGE:          0
cpu0->LLC PREFETCH     ACCESS:          0 HIT:          0 MISS:          0 MSHR_MERGE:          0
cpu0->LLC WRITE        ACCESS:    1108933 HIT:    1108933 MISS:          0 MSHR_MERGE:          0
cpu0->LLC TRANSLATION  ACCESS:    1795754 HIT:    1699360 MISS:      96394 MSHR_MERGE:          0
cpu0->LLC PREFETCH REQUESTED:          0 ISSUED:          0 USEFUL:          0 USELESS:          0
cpu0->LLC AVERAGE MISS LATENCY: 228 cycles

DRAM Statistics

Channel 0 RQ ROW_BUFFER_HIT:        390
  ROW_BUFFER_MISS:    1371785
  AVG DBUS CONGESTED CYCLE: 5.815
Channel 0 WQ ROW_BUFFER_HIT:     361759
  ROW_BUFFER_MISS:     746359
  FULL:          0
Channel 0 REFRESHES ISSUED:      17341
