[VMEM] WARNING: physical memory size is smaller than virtual memory size.
WARNING: option --warmup_instructions is deprecated. Use --warmup-instructions instead.
WARNING: option --simulation_instructions is deprecated. Use --simulation-instructions instead.

*** ChampSim Multicore Out-of-Order Simulator ***
Warmup Instructions: 10000000
Simulation Instructions: 50000000
Number of CPUs: 1
Page size: 4096

Off-chip DRAM Size: 16 GiB Channels: 1 Width: 64-bit Data Rate: 3205 MT/s
Heartbeat CPU 0 instructions: 10000001 cycles: 2964776 heartbeat IPC: 3.373 cumulative IPC: 3.373 (Simulation time: 00 hr 00 min 46 sec)
Warmup finished CPU 0 instructions: 10000001 cycles: 2964776 cumulative IPC: 3.373 (Simulation time: 00 hr 00 min 46 sec)
Warmup complete CPU 0 instructions: 10000001 cycles: 2964776 cumulative IPC: 3.373 (Simulation time: 00 hr 00 min 46 sec)
Heartbeat CPU 0 instructions: 20000002 cycles: 9164897 heartbeat IPC: 1.613 cumulative IPC: 1.613 (Simulation time: 00 hr 01 min 55 sec)
Heartbeat CPU 0 instructions: 30000006 cycles: 15305394 heartbeat IPC: 1.629 cumulative IPC: 1.621 (Simulation time: 00 hr 03 min 08 sec)
Heartbeat CPU 0 instructions: 40000007 cycles: 21394619 heartbeat IPC: 1.642 cumulative IPC: 1.628 (Simulation time: 00 hr 04 min 10 sec)
Heartbeat CPU 0 instructions: 50000007 cycles: 27524030 heartbeat IPC: 1.631 cumulative IPC: 1.629 (Simulation time: 00 hr 05 min 10 sec)
Simulation finished CPU 0 instructions: 50000001 cycles: 34100103 cumulative IPC: 1.466 (Simulation time: 00 hr 06 min 45 sec)
Simulation complete CPU 0 instructions: 50000001 cycles: 34100103 cumulative IPC: 1.466 (Simulation time: 00 hr 06 min 45 sec)

ChampSim completed all CPUs

=== Simulation ===
CPU 0 runs /mnt/storage/mipt/microarch/data/traces/607.cactuBSSN_s-2421B.champsimtrace.xz

Region of Interest Statistics

CPU 0 cumulative IPC: 1.466 instructions: 50000001 cycles: 34100103
CPU 0 Branch Prediction Accuracy: 91.78% MPKI: 0.6769 Average ROB Occupancy at Mispredict: 302.8
Branch type MPKI
BRANCH_DIRECT_JUMP: 0.00124
BRANCH_INDIRECT: 0.00164
BRANCH_CONDITIONAL: 0.3461
BRANCH_DIRECT_CALL: 0.01318
BRANCH_INDIRECT_CALL: 6e-05
BRANCH_RETURN: 0.3147

cpu0->cpu0_STLB TOTAL        ACCESS:    2211660 HIT:    2208602 MISS:       3058 MSHR_MERGE:          0
cpu0->cpu0_STLB LOAD         ACCESS:    2211660 HIT:    2208602 MISS:       3058 MSHR_MERGE:          0
cpu0->cpu0_STLB RFO          ACCESS:          0 HIT:          0 MISS:          0 MSHR_MERGE:          0
cpu0->cpu0_STLB PREFETCH     ACCESS:          0 HIT:          0 MISS:          0 MSHR_MERGE:          0
cpu0->cpu0_STLB WRITE        ACCESS:          0 HIT:          0 MISS:          0 MSHR_MERGE:          0
cpu0->cpu0_STLB TRANSLATION  ACCESS:          0 HIT:          0 MISS:          0 MSHR_MERGE:          0
cpu0->cpu0_STLB PREFETCH REQUESTED:          0 ISSUED:          0 USEFUL:          0 USELESS:          0
cpu0->cpu0_STLB AVERAGE MISS LATENCY: 827.1 cycles
cpu0->cpu0_L2C TOTAL        ACCESS:    5468979 HIT:    5133440 MISS:     335539 MSHR_MERGE:          0
cpu0->cpu0_L2C LOAD         ACCESS:    4784875 HIT:    4486377 MISS:     298498 MSHR_MERGE:          0
cpu0->cpu0_L2C RFO          ACCESS:     321661 HIT:     291767 MISS:      29894 MSHR_MERGE:          0
cpu0->cpu0_L2C PREFETCH     ACCESS:          0 HIT:          0 MISS:          0 MSHR_MERGE:          0
cpu0->cpu0_L2C WRITE        ACCESS:     355003 HIT:     354954 MISS:         49 MSHR_MERGE:          0
cpu0->cpu0_L2C TRANSLATION  ACCESS:       7440 HIT:        342 MISS:       7098 MSHR_MERGE:          0
cpu0->cpu0_L2C PREFETCH REQUESTED:          0 ISSUED:          0 USEFUL:          0 USELESS:          0
cpu0->cpu0_L2C AVERAGE MISS LATENCY: 132.1 cycles
cpu0->cpu0_L1I TOTAL        ACCESS:   10856668 HIT:    8697171 MISS:    2159497 MSHR_MERGE:    1069743
cpu0->cpu0_L1I LOAD         ACCESS:   10856668 HIT:    8697171 MISS:    2159497 MSHR_MERGE:    1069743
cpu0->cpu0_L1I RFO          ACCESS:          0 HIT:          0 MISS:          0 MSHR_MERGE:          0
cpu0->cpu0_L1I PREFETCH     ACCESS:          0 HIT:          0 MISS:          0 MSHR_MERGE:          0
cpu0->cpu0_L1I WRITE        ACCESS:          0 HIT:          0 MISS:          0 MSHR_MERGE:          0
cpu0->cpu0_L1I TRANSLATION  ACCESS:          0 HIT:          0 MISS:          0 MSHR_MERGE:          0
cpu0->cpu0_L1I PREFETCH REQUESTED:          0 ISSUED:          0 USEFUL:          0 USELESS:          0
cpu0->cpu0_L1I AVERAGE MISS LATENCY: 7.332 cycles
cpu0->cpu0_L1D TOTAL        ACCESS:   18692133 HIT:   14287180 MISS:    4404953 MSHR_MERGE:     378197
cpu0->cpu0_L1D LOAD         ACCESS:   14393065 HIT:   10352582 MISS:    4040483 MSHR_MERGE:     342868
cpu0->cpu0_L1D RFO          ACCESS:          0 HIT:          0 MISS:          0 MSHR_MERGE:          0
cpu0->cpu0_L1D PREFETCH     ACCESS:          0 HIT:          0 MISS:          0 MSHR_MERGE:          0
cpu0->cpu0_L1D WRITE        ACCESS:    4291426 HIT:    3934459 MISS:     356967 MSHR_MERGE:      35266
cpu0->cpu0_L1D TRANSLATION  ACCESS:       7642 HIT:        139 MISS:       7503 MSHR_MERGE:         63
cpu0->cpu0_L1D PREFETCH REQUESTED:          0 ISSUED:          0 USEFUL:          0 USELESS:          0
cpu0->cpu0_L1D AVERAGE MISS LATENCY: 19.89 cycles
cpu0->cpu0_ITLB TOTAL        ACCESS:    8680968 HIT:    8680840 MISS:        128 MSHR_MERGE:         68
cpu0->cpu0_ITLB LOAD         ACCESS:    8680968 HIT:    8680840 MISS:        128 MSHR_MERGE:         68
cpu0->cpu0_ITLB RFO          ACCESS:          0 HIT:          0 MISS:          0 MSHR_MERGE:          0
cpu0->cpu0_ITLB PREFETCH     ACCESS:          0 HIT:          0 MISS:          0 MSHR_MERGE:          0
cpu0->cpu0_ITLB WRITE        ACCESS:          0 HIT:          0 MISS:          0 MSHR_MERGE:          0
cpu0->cpu0_ITLB TRANSLATION  ACCESS:          0 HIT:          0 MISS:          0 MSHR_MERGE:          0
cpu0->cpu0_ITLB PREFETCH REQUESTED:          0 ISSUED:          0 USEFUL:          0 USELESS:          0
cpu0->cpu0_ITLB AVERAGE MISS LATENCY: 793.2 cycles
cpu0->cpu0_DTLB TOTAL        ACCESS:   17628061 HIT:   15029734 MISS:    2598327 MSHR_MERGE:     386727
cpu0->cpu0_DTLB LOAD         ACCESS:   17628061 HIT:   15029734 MISS:    2598327 MSHR_MERGE:     386727
cpu0->cpu0_DTLB RFO          ACCESS:          0 HIT:          0 MISS:          0 MSHR_MERGE:          0
cpu0->cpu0_DTLB PREFETCH     ACCESS:          0 HIT:          0 MISS:          0 MSHR_MERGE:          0
cpu0->cpu0_DTLB WRITE        ACCESS:          0 HIT:          0 MISS:          0 MSHR_MERGE:          0
cpu0->cpu0_DTLB TRANSLATION  ACCESS:          0 HIT:          0 MISS:          0 MSHR_MERGE:          0
cpu0->cpu0_DTLB PREFETCH REQUESTED:          0 ISSUED:          0 USEFUL:          0 USELESS:          0
cpu0->cpu0_DTLB AVERAGE MISS LATENCY: 6.163 cycles
cpu0->LLC TOTAL        ACCESS:     372745 HIT:     192175 MISS:     180570 MSHR_MERGE:          0
cpu0->LLC LOAD         ACCESS:     298497 HIT:     147622 MISS:     150875 MSHR_MERGE:          0
cpu0->LLC RFO          ACCESS:      29817 HIT:       5143 MISS:      24674 MSHR_MERGE:          0
cpu0->LLC PREFETCH     ACCESS:          0 HIT:          0 MISS:          0 MSHR_MERGE:          0
cpu0->LLC WRITE        ACCESS:      37333 HIT:      37216 MISS:        117 MSHR_MERGE:          0
cpu0->LLC TRANSLATION  ACCESS:       7098 HIT:       2194 MISS:       4904 MSHR_MERGE:          0
cpu0->LLC PREFETCH REQUESTED:          0 ISSUED:          0 USEFUL:          0 USELESS:          0
cpu0->LLC AVERAGE MISS LATENCY: 216.5 cycles

DRAM Statistics

Channel 0 RQ ROW_BUFFER_HIT:         96
  ROW_BUFFER_MISS:     180354
  AVG DBUS CONGESTED CYCLE: 9.467
Channel 0 WQ ROW_BUFFER_HIT:       3845
  ROW_BUFFER_MISS:      30182
  FULL:          0
Channel 0 REFRESHES ISSUED:       2841
