[VMEM] WARNING: physical memory size is smaller than virtual memory size.
WARNING: option --warmup_instructions is deprecated. Use --warmup-instructions instead.
WARNING: option --simulation_instructions is deprecated. Use --simulation-instructions instead.

*** ChampSim Multicore Out-of-Order Simulator ***
Warmup Instructions: 10000000
Simulation Instructions: 50000000
Number of CPUs: 1
Page size: 4096

Off-chip DRAM Size: 16 GiB Channels: 1 Width: 64-bit Data Rate: 3205 MT/s
Heartbeat CPU 0 instructions: 10000000 cycles: 3547766 heartbeat IPC: 2.819 cumulative IPC: 2.819 (Simulation time: 00 hr 00 min 46 sec)
Warmup finished CPU 0 instructions: 10000000 cycles: 3547766 cumulative IPC: 2.819 (Simulation time: 00 hr 00 min 46 sec)
Warmup complete CPU 0 instructions: 10000000 cycles: 3547766 cumulative IPC: 2.819 (Simulation time: 00 hr 00 min 46 sec)
Heartbeat CPU 0 instructions: 20000004 cycles: 24942652 heartbeat IPC: 0.4674 cumulative IPC: 0.4674 (Simulation time: 00 hr 04 min 30 sec)
Heartbeat CPU 0 instructions: 30000008 cycles: 45899842 heartbeat IPC: 0.4772 cumulative IPC: 0.4722 (Simulation time: 00 hr 07 min 52 sec)
Heartbeat CPU 0 instructions: 40000010 cycles: 66038626 heartbeat IPC: 0.4966 cumulative IPC: 0.4801 (Simulation time: 00 hr 10 min 55 sec)
Heartbeat CPU 0 instructions: 50000010 cycles: 85461913 heartbeat IPC: 0.5148 cumulative IPC: 0.4883 (Simulation time: 00 hr 13 min 15 sec)
Simulation finished CPU 0 instructions: 50000000 cycles: 100541723 cumulative IPC: 0.4973 (Simulation time: 00 hr 15 min 23 sec)
Simulation complete CPU 0 instructions: 50000000 cycles: 100541723 cumulative IPC: 0.4973 (Simulation time: 00 hr 15 min 23 sec)

ChampSim completed all CPUs

=== Simulation ===
CPU 0 runs /mnt/storage/mipt/microarch/data/traces/619.lbm_s-2676B.champsimtrace.xz

Region of Interest Statistics

CPU 0 cumulative IPC: 0.4973 instructions: 50000000 cycles: 100541723
CPU 0 Branch Prediction Accuracy: 97.53% MPKI: 0.3961 Average ROB Occupancy at Mispredict: 244
Branch type MPKI
BRANCH_DIRECT_JUMP: 0
BRANCH_INDIRECT: 0
BRANCH_CONDITIONAL: 0.3961
BRANCH_DIRECT_CALL: 0
BRANCH_INDIRECT_CALL: 0
BRANCH_RETURN: 0

cpu0->cpu0_STLB TOTAL        ACCESS:      58518 HIT:      26765 MISS:      31753 MSHR_MERGE:          0
cpu0->cpu0_STLB LOAD         ACCESS:      58518 HIT:      26765 MISS:      31753 MSHR_MERGE:          0
cpu0->cpu0_STLB RFO          ACCESS:          0 HIT:          0 MISS:          0 MSHR_MERGE:          0
cpu0->cpu0_STLB PREFETCH     ACCESS:          0 HIT:          0 MISS:          0 MSHR_MERGE:          0
cpu0->cpu0_STLB WRITE        ACCESS:          0 HIT:          0 MISS:          0 MSHR_MERGE:          0
cpu0->cpu0_STLB TRANSLATION  ACCESS:          0 HIT:          0 MISS:          0 MSHR_MERGE:          0
cpu0->cpu0_STLB PREFETCH REQUESTED:          0 ISSUED:          0 USEFUL:          0 USELESS:          0
cpu0->cpu0_STLB AVERAGE MISS LATENCY: 891.8 cycles
cpu0->cpu0_L2C TOTAL        ACCESS:    6272899 HIT:    4156682 MISS:    2116217 MSHR_MERGE:          0
cpu0->cpu0_L2C LOAD         ACCESS:     507944 HIT:         14 MISS:     507930 MSHR_MERGE:          0
cpu0->cpu0_L2C RFO          ACCESS:    2864571 HIT:    1292037 MISS:    1572534 MSHR_MERGE:          0
cpu0->cpu0_L2C PREFETCH     ACCESS:          0 HIT:          0 MISS:          0 MSHR_MERGE:          0
cpu0->cpu0_L2C WRITE        ACCESS:    2864631 HIT:    2864631 MISS:          0 MSHR_MERGE:          0
cpu0->cpu0_L2C TRANSLATION  ACCESS:      35753 HIT:          0 MISS:      35753 MSHR_MERGE:          0
cpu0->cpu0_L2C PREFETCH REQUESTED:          0 ISSUED:          0 USEFUL:          0 USELESS:          0
cpu0->cpu0_L2C AVERAGE MISS LATENCY: 474.1 cycles
cpu0->cpu0_L1I TOTAL        ACCESS:    8229494 HIT:    8229494 MISS:          0 MSHR_MERGE:          0
cpu0->cpu0_L1I LOAD         ACCESS:    8229494 HIT:    8229494 MISS:          0 MSHR_MERGE:          0
cpu0->cpu0_L1I RFO          ACCESS:          0 HIT:          0 MISS:          0 MSHR_MERGE:          0
cpu0->cpu0_L1I PREFETCH     ACCESS:          0 HIT:          0 MISS:          0 MSHR_MERGE:          0
cpu0->cpu0_L1I WRITE        ACCESS:          0 HIT:          0 MISS:          0 MSHR_MERGE:          0
cpu0->cpu0_L1I TRANSLATION  ACCESS:          0 HIT:          0 MISS:          0 MSHR_MERGE:          0
cpu0->cpu0_L1I PREFETCH REQUESTED:          0 ISSUED:          0 USEFUL:          0 USELESS:          0
cpu0->cpu0_L1I AVERAGE MISS LATENCY: - cycles
cpu0->cpu0_L1D TOTAL        ACCESS:   11842511 HIT:    7646702 MISS:    4195809 MSHR_MERGE:     787478
cpu0->cpu0_L1D LOAD         ACCESS:    3072009 HIT:    1905078 MISS:    1166931 MSHR_MERGE:     658987
cpu0->cpu0_L1D RFO          ACCESS:          0 HIT:          0 MISS:          0 MSHR_MERGE:          0
cpu0->cpu0_L1D PREFETCH     ACCESS:          0 HIT:          0 MISS:          0 MSHR_MERGE:          0
cpu0->cpu0_L1D WRITE        ACCESS:    8706964 HIT:    5713839 MISS:    2993125 MSHR_MERGE:     128491
cpu0->cpu0_L1D TRANSLATION  ACCESS:      63538 HIT:      27785 MISS:      35753 MSHR_MERGE:          0
cpu0->cpu0_L1D PREFETCH REQUESTED:          0 ISSUED:          0 USEFUL:          0 USELESS:          0
cpu0->cpu0_L1D AVERAGE MISS LATENCY: 303.9 cycles
cpu0->cpu0_ITLB TOTAL        ACCESS:    6158376 HIT:    6158376 MISS:          0 MSHR_MERGE:          0
cpu0->cpu0_ITLB LOAD         ACCESS:    6158376 HIT:    6158376 MISS:          0 MSHR_MERGE:          0
cpu0->cpu0_ITLB RFO          ACCESS:          0 HIT:          0 MISS:          0 MSHR_MERGE:          0
cpu0->cpu0_ITLB PREFETCH     ACCESS:          0 HIT:          0 MISS:          0 MSHR_MERGE:          0
cpu0->cpu0_ITLB WRITE        ACCESS:          0 HIT:          0 MISS:          0 MSHR_MERGE:          0
cpu0->cpu0_ITLB TRANSLATION  ACCESS:          0 HIT:          0 MISS:          0 MSHR_MERGE:          0
cpu0->cpu0_ITLB PREFETCH REQUESTED:          0 ISSUED:          0 USEFUL:          0 USELESS:          0
cpu0->cpu0_ITLB AVERAGE MISS LATENCY: - cycles
cpu0->cpu0_DTLB TOTAL        ACCESS:   11065064 HIT:   10899378 MISS:     165686 MSHR_MERGE:     107168
cpu0->cpu0_DTLB LOAD         ACCESS:   11065064 HIT:   10899378 MISS:     165686 MSHR_MERGE:     107168
cpu0->cpu0_DTLB RFO          ACCESS:          0 HIT:          0 MISS:          0 MSHR_MERGE:          0
cpu0->cpu0_DTLB PREFETCH     ACCESS:          0 HIT:          0 MISS:          0 MSHR_MERGE:          0
cpu0->cpu0_DTLB WRITE        ACCESS:          0 HIT:          0 MISS:          0 MSHR_MERGE:          0
cpu0->cpu0_DTLB TRANSLATION  ACCESS:          0 HIT:          0 MISS:          0 MSHR_MERGE:          0
cpu0->cpu0_DTLB PREFETCH REQUESTED:          0 ISSUED:          0 USEFUL:          0 USELESS:          0
cpu0->cpu0_DTLB AVERAGE MISS LATENCY: 489.4 cycles
cpu0->LLC TOTAL        ACCESS:    3688479 HIT:    1621097 MISS:    2067382 MSHR_MERGE:          0
cpu0->LLC LOAD         ACCESS:     507930 HIT:          5 MISS:     507925 MSHR_MERGE:          0
cpu0->LLC RFO          ACCESS:    1572534 HIT:      48837 MISS:    1523697 MSHR_MERGE:          0
cpu0->LLC PREFETCH     ACCESS:          0 HIT:          0 MISS:          0 MSHR_MERGE:          0
cpu0->LLC WRITE        ACCESS:    1572262 HIT:    1572255 MISS:          7 MSHR_MERGE:          0
cpu0->LLC TRANSLATION  ACCESS:      35753 HIT:          0 MISS:      35753 MSHR_MERGE:          0
cpu0->LLC PREFETCH REQUESTED:          0 ISSUED:          0 USEFUL:          0 USELESS:          0
cpu0->LLC AVERAGE MISS LATENCY: 468.8 cycles

DRAM Statistics

Channel 0 RQ ROW_BUFFER_HIT:     101133
  ROW_BUFFER_MISS:    1966242
  AVG DBUS CONGESTED CYCLE: 7.102
Channel 0 WQ ROW_BUFFER_HIT:     249104
  ROW_BUFFER_MISS:    1274688
  FULL:          0
Channel 0 REFRESHES ISSUED:       8379
