[VMEM] WARNING: physical memory size is smaller than virtual memory size.
WARNING: option --warmup_instructions is deprecated. Use --warmup-instructions instead.
WARNING: option --simulation_instructions is deprecated. Use --simulation-instructions instead.

*** ChampSim Multicore Out-of-Order Simulator ***
Warmup Instructions: 10000000
Simulation Instructions: 50000000
Number of CPUs: 1
Page size: 4096

Off-chip DRAM Size: 16 GiB Channels: 1 Width: 64-bit Data Rate: 3205 MT/s
Heartbeat CPU 0 instructions: 10000002 cycles: 6365013 heartbeat IPC: 1.571 cumulative IPC: 1.571 (Simulation time: 00 hr 01 min 16 sec)
Warmup finished CPU 0 instructions: 10000002 cycles: 6365013 cumulative IPC: 1.571 (Simulation time: 00 hr 01 min 16 sec)
Warmup complete CPU 0 instructions: 10000002 cycles: 6365013 cumulative IPC: 1.571 (Simulation time: 00 hr 01 min 16 sec)
Heartbeat CPU 0 instructions: 20000002 cycles: 46360367 heartbeat IPC: 0.25 cumulative IPC: 0.25 (Simulation time: 00 hr 05 min 13 sec)
Heartbeat CPU 0 instructions: 30000003 cycles: 84229176 heartbeat IPC: 0.2641 cumulative IPC: 0.2569 (Simulation time: 00 hr 09 min 00 sec)
Heartbeat CPU 0 instructions: 40000003 cycles: 122874048 heartbeat IPC: 0.2588 cumulative IPC: 0.2575 (Simulation time: 00 hr 12 min 19 sec)
Heartbeat CPU 0 instructions: 50000003 cycles: 160574633 heartbeat IPC: 0.2652 cumulative IPC: 0.2594 (Simulation time: 00 hr 15 min 00 sec)
Heartbeat CPU 0 instructions: 60000006 cycles: 196571452 heartbeat IPC: 0.2778 cumulative IPC: 0.2629 (Simulation time: 00 hr 17 min 29 sec)
Simulation finished CPU 0 instructions: 50000004 cycles: 190206439 cumulative IPC: 0.2629 (Simulation time: 00 hr 17 min 29 sec)
Simulation complete CPU 0 instructions: 50000004 cycles: 190206439 cumulative IPC: 0.2629 (Simulation time: 00 hr 17 min 29 sec)

ChampSim completed all CPUs

=== Simulation ===
CPU 0 runs /mnt/storage/mipt/microarch/data/traces/620.omnetpp_s-141B.champsimtrace.xz

Region of Interest Statistics

CPU 0 cumulative IPC: 0.2629 instructions: 50000004 cycles: 190206439
CPU 0 Branch Prediction Accuracy: 92.47% MPKI: 15.84 Average ROB Occupancy at Mispredict: 36.36
Branch type MPKI
BRANCH_DIRECT_JUMP: 0.8368
BRANCH_INDIRECT: 0.3548
BRANCH_CONDITIONAL: 13.35
BRANCH_DIRECT_CALL: 0.00142
BRANCH_INDIRECT_CALL: 0.8572
BRANCH_RETURN: 0.4452

cpu0->cpu0_STLB TOTAL        ACCESS:    1112676 HIT:     867835 MISS:     244841 MSHR_MERGE:          0
cpu0->cpu0_STLB LOAD         ACCESS:    1112676 HIT:     867835 MISS:     244841 MSHR_MERGE:          0
cpu0->cpu0_STLB RFO          ACCESS:          0 HIT:          0 MISS:          0 MSHR_MERGE:          0
cpu0->cpu0_STLB PREFETCH     ACCESS:          0 HIT:          0 MISS:          0 MSHR_MERGE:          0
cpu0->cpu0_STLB WRITE        ACCESS:          0 HIT:          0 MISS:          0 MSHR_MERGE:          0
cpu0->cpu0_STLB TRANSLATION  ACCESS:          0 HIT:          0 MISS:          0 MSHR_MERGE:          0
cpu0->cpu0_STLB PREFETCH REQUESTED:          0 ISSUED:          0 USEFUL:          0 USELESS:          0
cpu0->cpu0_STLB AVERAGE MISS LATENCY: 324.8 cycles
cpu0->cpu0_L2C TOTAL        ACCESS:    2041807 HIT:     892128 MISS:    1149679 MSHR_MERGE:          0
cpu0->cpu0_L2C LOAD         ACCESS:     901086 HIT:     259783 MISS:     641303 MSHR_MERGE:          0
cpu0->cpu0_L2C RFO          ACCESS:     118732 HIT:      24123 MISS:      94609 MSHR_MERGE:          0
cpu0->cpu0_L2C PREFETCH     ACCESS:          0 HIT:          0 MISS:          0 MSHR_MERGE:          0
cpu0->cpu0_L2C WRITE        ACCESS:     477884 HIT:     476691 MISS:       1193 MSHR_MERGE:          0
cpu0->cpu0_L2C TRANSLATION  ACCESS:     544105 HIT:     131531 MISS:     412574 MSHR_MERGE:          0
cpu0->cpu0_L2C PREFETCH REQUESTED:          0 ISSUED:          0 USEFUL:          0 USELESS:          0
cpu0->cpu0_L2C AVERAGE MISS LATENCY: 155.4 cycles
cpu0->cpu0_L1I TOTAL        ACCESS:    6913851 HIT:    6880514 MISS:      33337 MSHR_MERGE:       5725
cpu0->cpu0_L1I LOAD         ACCESS:    6913851 HIT:    6880514 MISS:      33337 MSHR_MERGE:       5725
cpu0->cpu0_L1I RFO          ACCESS:          0 HIT:          0 MISS:          0 MSHR_MERGE:          0
cpu0->cpu0_L1I PREFETCH     ACCESS:          0 HIT:          0 MISS:          0 MSHR_MERGE:          0
cpu0->cpu0_L1I WRITE        ACCESS:          0 HIT:          0 MISS:          0 MSHR_MERGE:          0
cpu0->cpu0_L1I TRANSLATION  ACCESS:          0 HIT:          0 MISS:          0 MSHR_MERGE:          0
cpu0->cpu0_L1I PREFETCH REQUESTED:          0 ISSUED:          0 USEFUL:          0 USELESS:          0
cpu0->cpu0_L1I AVERAGE MISS LATENCY: 22.77 cycles
cpu0->cpu0_L1D TOTAL        ACCESS:   20396874 HIT:   18340496 MISS:    2056378 MSHR_MERGE:     520066
cpu0->cpu0_L1D LOAD         ACCESS:   10719382 HIT:    9581594 MISS:    1137788 MSHR_MERGE:     264314
cpu0->cpu0_L1D RFO          ACCESS:          0 HIT:          0 MISS:          0 MSHR_MERGE:          0
cpu0->cpu0_L1D PREFETCH     ACCESS:          0 HIT:          0 MISS:          0 MSHR_MERGE:          0
cpu0->cpu0_L1D WRITE        ACCESS:    9088013 HIT:    8714410 MISS:     373603 MSHR_MERGE:     254870
cpu0->cpu0_L1D TRANSLATION  ACCESS:     589479 HIT:      44492 MISS:     544987 MSHR_MERGE:        882
cpu0->cpu0_L1D PREFETCH REQUESTED:          0 ISSUED:          0 USEFUL:          0 USELESS:          0
cpu0->cpu0_L1D AVERAGE MISS LATENCY: 124.8 cycles
cpu0->cpu0_ITLB TOTAL        ACCESS:    6139234 HIT:    5994759 MISS:     144475 MSHR_MERGE:      65179
cpu0->cpu0_ITLB LOAD         ACCESS:    6139234 HIT:    5994759 MISS:     144475 MSHR_MERGE:      65179
cpu0->cpu0_ITLB RFO          ACCESS:          0 HIT:          0 MISS:          0 MSHR_MERGE:          0
cpu0->cpu0_ITLB PREFETCH     ACCESS:          0 HIT:          0 MISS:          0 MSHR_MERGE:          0
cpu0->cpu0_ITLB WRITE        ACCESS:          0 HIT:          0 MISS:          0 MSHR_MERGE:          0
cpu0->cpu0_ITLB TRANSLATION  ACCESS:          0 HIT:          0 MISS:          0 MSHR_MERGE:          0
cpu0->cpu0_ITLB PREFETCH REQUESTED:          0 ISSUED:          0 USEFUL:          0 USELESS:          0
cpu0->cpu0_ITLB AVERAGE MISS LATENCY: 7.683 cycles
cpu0->cpu0_DTLB TOTAL        ACCESS:   18798809 HIT:   17563286 MISS:    1235523 MSHR_MERGE:     202143
cpu0->cpu0_DTLB LOAD         ACCESS:   18798809 HIT:   17563286 MISS:    1235523 MSHR_MERGE:     202143
cpu0->cpu0_DTLB RFO          ACCESS:          0 HIT:          0 MISS:          0 MSHR_MERGE:          0
cpu0->cpu0_DTLB PREFETCH     ACCESS:          0 HIT:          0 MISS:          0 MSHR_MERGE:          0
cpu0->cpu0_DTLB WRITE        ACCESS:          0 HIT:          0 MISS:          0 MSHR_MERGE:          0
cpu0->cpu0_DTLB TRANSLATION  ACCESS:          0 HIT:          0 MISS:          0 MSHR_MERGE:          0
cpu0->cpu0_DTLB PREFETCH REQUESTED:          0 ISSUED:          0 USEFUL:          0 USELESS:          0
cpu0->cpu0_DTLB AVERAGE MISS LATENCY: 82 cycles
cpu0->LLC TOTAL        ACCESS:    1510923 HIT:     662472 MISS:     848451 MSHR_MERGE:          0
cpu0->LLC LOAD         ACCESS:     641303 HIT:     143828 MISS:     497475 MSHR_MERGE:          0
cpu0->LLC RFO          ACCESS:      94609 HIT:      33938 MISS:      60671 MSHR_MERGE:          0
cpu0->LLC PREFETCH     ACCESS:          0 HIT:          0 MISS:          0 MSHR_MERGE:          0
cpu0->LLC WRITE        ACCESS:     362437 HIT:     361019 MISS:       1418 MSHR_MERGE:          0
cpu0->LLC TRANSLATION  ACCESS:     412574 HIT:     123687 MISS:     288887 MSHR_MERGE:          0
cpu0->LLC PREFETCH REQUESTED:          0 ISSUED:          0 USEFUL:          0 USELESS:          0
cpu0->LLC AVERAGE MISS LATENCY: 189.3 cycles

DRAM Statistics

Channel 0 RQ ROW_BUFFER_HIT:       3047
  ROW_BUFFER_MISS:     843966
  AVG DBUS CONGESTED CYCLE: 19.67
Channel 0 WQ ROW_BUFFER_HIT:      88673
  ROW_BUFFER_MISS:     176318
  FULL:          0
Channel 0 REFRESHES ISSUED:      15850
