[VMEM] WARNING: physical memory size is smaller than virtual memory size.
WARNING: option --warmup_instructions is deprecated. Use --warmup-instructions instead.
WARNING: option --simulation_instructions is deprecated. Use --simulation-instructions instead.

*** ChampSim Multicore Out-of-Order Simulator ***
Warmup Instructions: 10000000
Simulation Instructions: 50000000
Number of CPUs: 1
Page size: 4096

Off-chip DRAM Size: 16 GiB Channels: 1 Width: 64-bit Data Rate: 3205 MT/s
Heartbeat CPU 0 instructions: 10000002 cycles: 2515362 heartbeat IPC: 3.976 cumulative IPC: 3.976 (Simulation time: 00 hr 00 min 31 sec)
Warmup finished CPU 0 instructions: 10000002 cycles: 2515362 cumulative IPC: 3.976 (Simulation time: 00 hr 00 min 31 sec)
Warmup complete CPU 0 instructions: 10000002 cycles: 2515362 cumulative IPC: 3.976 (Simulation time: 00 hr 00 min 31 sec)
Heartbeat CPU 0 instructions: 20000002 cycles: 10563450 heartbeat IPC: 1.243 cumulative IPC: 1.243 (Simulation time: 00 hr 01 min 32 sec)
Heartbeat CPU 0 instructions: 30000002 cycles: 18681685 heartbeat IPC: 1.232 cumulative IPC: 1.237 (Simulation time: 00 hr 02 min 28 sec)
Heartbeat CPU 0 instructions: 40000003 cycles: 26765357 heartbeat IPC: 1.237 cumulative IPC: 1.237 (Simulation time: 00 hr 03 min 17 sec)
Heartbeat CPU 0 instructions: 50000007 cycles: 34828174 heartbeat IPC: 1.24 cumulative IPC: 1.238 (Simulation time: 00 hr 04 min 15 sec)
Simulation finished CPU 0 instructions: 50000001 cycles: 40384149 cumulative IPC: 1.238 (Simulation time: 00 hr 05 min 11 sec)
Simulation complete CPU 0 instructions: 50000001 cycles: 40384149 cumulative IPC: 1.238 (Simulation time: 00 hr 05 min 11 sec)

ChampSim completed all CPUs

=== Simulation ===
CPU 0 runs /mnt/storage/mipt/microarch/data/traces/621.wrf_s-575B.champsimtrace.xz

Region of Interest Statistics

CPU 0 cumulative IPC: 1.238 instructions: 50000001 cycles: 40384149
CPU 0 Branch Prediction Accuracy: 95.15% MPKI: 6.462 Average ROB Occupancy at Mispredict: 95.78
Branch type MPKI
BRANCH_DIRECT_JUMP: 0
BRANCH_INDIRECT: 0
BRANCH_CONDITIONAL: 6.447
BRANCH_DIRECT_CALL: 0
BRANCH_INDIRECT_CALL: 0
BRANCH_RETURN: 0.01462

cpu0->cpu0_STLB TOTAL        ACCESS:       1959 HIT:       1911 MISS:         48 MSHR_MERGE:          0
cpu0->cpu0_STLB LOAD         ACCESS:       1959 HIT:       1911 MISS:         48 MSHR_MERGE:          0
cpu0->cpu0_STLB RFO          ACCESS:          0 HIT:          0 MISS:          0 MSHR_MERGE:          0
cpu0->cpu0_STLB PREFETCH     ACCESS:          0 HIT:          0 MISS:          0 MSHR_MERGE:          0
cpu0->cpu0_STLB WRITE        ACCESS:          0 HIT:          0 MISS:          0 MSHR_MERGE:          0
cpu0->cpu0_STLB TRANSLATION  ACCESS:          0 HIT:          0 MISS:          0 MSHR_MERGE:          0
cpu0->cpu0_STLB PREFETCH REQUESTED:          0 ISSUED:          0 USEFUL:          0 USELESS:          0
cpu0->cpu0_STLB AVERAGE MISS LATENCY: 745.3 cycles
cpu0->cpu0_L2C TOTAL        ACCESS:       2425 HIT:       1147 MISS:       1278 MSHR_MERGE:          0
cpu0->cpu0_L2C LOAD         ACCESS:        813 HIT:        356 MISS:        457 MSHR_MERGE:          0
cpu0->cpu0_L2C RFO          ACCESS:        772 HIT:         26 MISS:        746 MSHR_MERGE:          0
cpu0->cpu0_L2C PREFETCH     ACCESS:          0 HIT:          0 MISS:          0 MSHR_MERGE:          0
cpu0->cpu0_L2C WRITE        ACCESS:        760 HIT:        760 MISS:          0 MSHR_MERGE:          0
cpu0->cpu0_L2C TRANSLATION  ACCESS:         80 HIT:          5 MISS:         75 MSHR_MERGE:          0
cpu0->cpu0_L2C PREFETCH REQUESTED:          0 ISSUED:          0 USEFUL:          0 USELESS:          0
cpu0->cpu0_L2C AVERAGE MISS LATENCY: 196.3 cycles
cpu0->cpu0_L1I TOTAL        ACCESS:    1197774 HIT:    1197361 MISS:        413 MSHR_MERGE:         88
cpu0->cpu0_L1I LOAD         ACCESS:    1197774 HIT:    1197361 MISS:        413 MSHR_MERGE:         88
cpu0->cpu0_L1I RFO          ACCESS:          0 HIT:          0 MISS:          0 MSHR_MERGE:          0
cpu0->cpu0_L1I PREFETCH     ACCESS:          0 HIT:          0 MISS:          0 MSHR_MERGE:          0
cpu0->cpu0_L1I WRITE        ACCESS:          0 HIT:          0 MISS:          0 MSHR_MERGE:          0
cpu0->cpu0_L1I TRANSLATION  ACCESS:          0 HIT:          0 MISS:          0 MSHR_MERGE:          0
cpu0->cpu0_L1I PREFETCH REQUESTED:          0 ISSUED:          0 USEFUL:          0 USELESS:          0
cpu0->cpu0_L1I AVERAGE MISS LATENCY: 7.046 cycles
cpu0->cpu0_L1D TOTAL        ACCESS:    9094614 HIT:    9091780 MISS:       2834 MSHR_MERGE:       1494
cpu0->cpu0_L1D LOAD         ACCESS:    7159584 HIT:    7158414 MISS:       1170 MSHR_MERGE:        682
cpu0->cpu0_L1D RFO          ACCESS:          0 HIT:          0 MISS:          0 MSHR_MERGE:          0
cpu0->cpu0_L1D PREFETCH     ACCESS:          0 HIT:          0 MISS:          0 MSHR_MERGE:          0
cpu0->cpu0_L1D WRITE        ACCESS:    1934934 HIT:    1933353 MISS:       1581 MSHR_MERGE:        809
cpu0->cpu0_L1D TRANSLATION  ACCESS:         96 HIT:         13 MISS:         83 MSHR_MERGE:          3
cpu0->cpu0_L1D PREFETCH REQUESTED:          0 ISSUED:          0 USEFUL:          0 USELESS:          0
cpu0->cpu0_L1D AVERAGE MISS LATENCY: 196.2 cycles
cpu0->cpu0_ITLB TOTAL        ACCESS:     996427 HIT:     996427 MISS:          0 MSHR_MERGE:          0
cpu0->cpu0_ITLB LOAD         ACCESS:     996427 HIT:     996427 MISS:          0 MSHR_MERGE:          0
cpu0->cpu0_ITLB RFO          ACCESS:          0 HIT:          0 MISS:          0 MSHR_MERGE:          0
cpu0->cpu0_ITLB PREFETCH     ACCESS:          0 HIT:          0 MISS:          0 MSHR_MERGE:          0
cpu0->cpu0_ITLB WRITE        ACCESS:          0 HIT:          0 MISS:          0 MSHR_MERGE:          0
cpu0->cpu0_ITLB TRANSLATION  ACCESS:          0 HIT:          0 MISS:          0 MSHR_MERGE:          0
cpu0->cpu0_ITLB PREFETCH REQUESTED:          0 ISSUED:          0 USEFUL:          0 USELESS:          0
cpu0->cpu0_ITLB AVERAGE MISS LATENCY: - cycles
cpu0->cpu0_DTLB TOTAL        ACCESS:    8934958 HIT:    8932513 MISS:       2445 MSHR_MERGE:        486
cpu0->cpu0_DTLB LOAD         ACCESS:    8934958 HIT:    8932513 MISS:       2445 MSHR_MERGE:        486
cpu0->cpu0_DTLB RFO          ACCESS:          0 HIT:          0 MISS:          0 MSHR_MERGE:          0
cpu0->cpu0_DTLB PREFETCH     ACCESS:          0 HIT:          0 MISS:          0 MSHR_MERGE:          0
cpu0->cpu0_DTLB WRITE        ACCESS:          0 HIT:          0 MISS:          0 MSHR_MERGE:          0
cpu0->cpu0_DTLB TRANSLATION  ACCESS:          0 HIT:          0 MISS:          0 MSHR_MERGE:          0
cpu0->cpu0_DTLB PREFETCH REQUESTED:          0 ISSUED:          0 USEFUL:          0 USELESS:          0
cpu0->cpu0_DTLB AVERAGE MISS LATENCY: 23.29 cycles
cpu0->LLC TOTAL        ACCESS:       1278 HIT:          0 MISS:       1278 MSHR_MERGE:          0
cpu0->LLC LOAD         ACCESS:        457 HIT:          0 MISS:        457 MSHR_MERGE:          0
cpu0->LLC RFO          ACCESS:        746 HIT:          0 MISS:        746 MSHR_MERGE:          0
cpu0->LLC PREFETCH     ACCESS:          0 HIT:          0 MISS:          0 MSHR_MERGE:          0
cpu0->LLC WRITE        ACCESS:          0 HIT:          0 MISS:          0 MSHR_MERGE:          0
cpu0->LLC TRANSLATION  ACCESS:         75 HIT:          0 MISS:         75 MSHR_MERGE:          0
cpu0->LLC PREFETCH REQUESTED:          0 ISSUED:          0 USEFUL:          0 USELESS:          0
cpu0->LLC AVERAGE MISS LATENCY: 180.3 cycles

DRAM Statistics

Channel 0 RQ ROW_BUFFER_HIT:          0
  ROW_BUFFER_MISS:       1278
  AVG DBUS CONGESTED CYCLE: 2.909
Channel 0 WQ ROW_BUFFER_HIT:          0
  ROW_BUFFER_MISS:          0
  FULL:          0
Channel 0 REFRESHES ISSUED:       3365
