[VMEM] WARNING: physical memory size is smaller than virtual memory size.
WARNING: option --warmup_instructions is deprecated. Use --warmup-instructions instead.
WARNING: option --simulation_instructions is deprecated. Use --simulation-instructions instead.

*** ChampSim Multicore Out-of-Order Simulator ***
Warmup Instructions: 10000000
Simulation Instructions: 50000000
Number of CPUs: 1
Page size: 4096

Off-chip DRAM Size: 16 GiB Channels: 1 Width: 64-bit Data Rate: 3205 MT/s
Heartbeat CPU 0 instructions: 10000000 cycles: 2700688 heartbeat IPC: 3.703 cumulative IPC: 3.703 (Simulation time: 00 hr 00 min 27 sec)
Warmup finished CPU 0 instructions: 10000000 cycles: 2700688 cumulative IPC: 3.703 (Simulation time: 00 hr 00 min 27 sec)
Warmup complete CPU 0 instructions: 10000000 cycles: 2700688 cumulative IPC: 3.703 (Simulation time: 00 hr 00 min 27 sec)
Heartbeat CPU 0 instructions: 20000000 cycles: 22666203 heartbeat IPC: 0.5009 cumulative IPC: 0.5009 (Simulation time: 00 hr 02 min 18 sec)
Heartbeat CPU 0 instructions: 30000001 cycles: 42643091 heartbeat IPC: 0.5006 cumulative IPC: 0.5007 (Simulation time: 00 hr 04 min 17 sec)
Heartbeat CPU 0 instructions: 40000002 cycles: 62647495 heartbeat IPC: 0.4999 cumulative IPC: 0.5004 (Simulation time: 00 hr 06 min 06 sec)
Heartbeat CPU 0 instructions: 50000003 cycles: 82714626 heartbeat IPC: 0.4983 cumulative IPC: 0.4999 (Simulation time: 00 hr 07 min 58 sec)
Simulation finished CPU 0 instructions: 50000000 cycles: 100211551 cumulative IPC: 0.4989 (Simulation time: 00 hr 09 min 58 sec)
Simulation complete CPU 0 instructions: 50000000 cycles: 100211551 cumulative IPC: 0.4989 (Simulation time: 00 hr 09 min 58 sec)

ChampSim completed all CPUs

=== Simulation ===
CPU 0 runs /mnt/storage/mipt/microarch/data/traces/623.xalancbmk_s-165B.champsimtrace.xz

Region of Interest Statistics

CPU 0 cumulative IPC: 0.4989 instructions: 50000000 cycles: 100211551
CPU 0 Branch Prediction Accuracy: 96.52% MPKI: 9.706 Average ROB Occupancy at Mispredict: 59.23
Branch type MPKI
BRANCH_DIRECT_JUMP: 0
BRANCH_INDIRECT: 0
BRANCH_CONDITIONAL: 9.706
BRANCH_DIRECT_CALL: 0
BRANCH_INDIRECT_CALL: 0
BRANCH_RETURN: 0

cpu0->cpu0_STLB TOTAL        ACCESS:      17753 HIT:      17693 MISS:         60 MSHR_MERGE:          0
cpu0->cpu0_STLB LOAD         ACCESS:      17753 HIT:      17693 MISS:         60 MSHR_MERGE:          0
cpu0->cpu0_STLB RFO          ACCESS:          0 HIT:          0 MISS:          0 MSHR_MERGE:          0
cpu0->cpu0_STLB PREFETCH     ACCESS:          0 HIT:          0 MISS:          0 MSHR_MERGE:          0
cpu0->cpu0_STLB WRITE        ACCESS:          0 HIT:          0 MISS:          0 MSHR_MERGE:          0
cpu0->cpu0_STLB TRANSLATION  ACCESS:          0 HIT:          0 MISS:          0 MSHR_MERGE:          0
cpu0->cpu0_STLB PREFETCH REQUESTED:          0 ISSUED:          0 USEFUL:          0 USELESS:          0
cpu0->cpu0_STLB AVERAGE MISS LATENCY: 767.7 cycles
cpu0->cpu0_L2C TOTAL        ACCESS:     951705 HIT:        658 MISS:     951047 MSHR_MERGE:          0
cpu0->cpu0_L2C LOAD         ACCESS:     950908 HIT:        246 MISS:     950662 MSHR_MERGE:          0
cpu0->cpu0_L2C RFO          ACCESS:        280 HIT:          0 MISS:        280 MSHR_MERGE:          0
cpu0->cpu0_L2C PREFETCH     ACCESS:          0 HIT:          0 MISS:          0 MSHR_MERGE:          0
cpu0->cpu0_L2C WRITE        ACCESS:        412 HIT:        412 MISS:          0 MSHR_MERGE:          0
cpu0->cpu0_L2C TRANSLATION  ACCESS:        105 HIT:          0 MISS:        105 MSHR_MERGE:          0
cpu0->cpu0_L2C PREFETCH REQUESTED:          0 ISSUED:          0 USEFUL:          0 USELESS:          0
cpu0->cpu0_L2C AVERAGE MISS LATENCY: 128.3 cycles
cpu0->cpu0_L1I TOTAL        ACCESS:       2022 HIT:       2022 MISS:          0 MSHR_MERGE:          0
cpu0->cpu0_L1I LOAD         ACCESS:       2022 HIT:       2022 MISS:          0 MSHR_MERGE:          0
cpu0->cpu0_L1I RFO          ACCESS:          0 HIT:          0 MISS:          0 MSHR_MERGE:          0
cpu0->cpu0_L1I PREFETCH     ACCESS:          0 HIT:          0 MISS:          0 MSHR_MERGE:          0
cpu0->cpu0_L1I WRITE        ACCESS:          0 HIT:          0 MISS:          0 MSHR_MERGE:          0
cpu0->cpu0_L1I TRANSLATION  ACCESS:          0 HIT:          0 MISS:          0 MSHR_MERGE:          0
cpu0->cpu0_L1I PREFETCH REQUESTED:          0 ISSUED:          0 USEFUL:          0 USELESS:          0
cpu0->cpu0_L1I AVERAGE MISS LATENCY: - cycles
cpu0->cpu0_L1D TOTAL        ACCESS:   14062294 HIT:   10847868 MISS:    3214426 MSHR_MERGE:    2263133
cpu0->cpu0_L1D LOAD         ACCESS:   13405935 HIT:   10193214 MISS:    3212721 MSHR_MERGE:    2261813
cpu0->cpu0_L1D RFO          ACCESS:          0 HIT:          0 MISS:          0 MSHR_MERGE:          0
cpu0->cpu0_L1D PREFETCH     ACCESS:          0 HIT:          0 MISS:          0 MSHR_MERGE:          0
cpu0->cpu0_L1D WRITE        ACCESS:     656239 HIT:     654639 MISS:       1600 MSHR_MERGE:       1320
cpu0->cpu0_L1D TRANSLATION  ACCESS:        120 HIT:         15 MISS:        105 MSHR_MERGE:          0
cpu0->cpu0_L1D PREFETCH REQUESTED:          0 ISSUED:          0 USEFUL:          0 USELESS:          0
cpu0->cpu0_L1D AVERAGE MISS LATENCY: 137.3 cycles
cpu0->cpu0_ITLB TOTAL        ACCESS:       1720 HIT:       1720 MISS:          0 MSHR_MERGE:          0
cpu0->cpu0_ITLB LOAD         ACCESS:       1720 HIT:       1720 MISS:          0 MSHR_MERGE:          0
cpu0->cpu0_ITLB RFO          ACCESS:          0 HIT:          0 MISS:          0 MSHR_MERGE:          0
cpu0->cpu0_ITLB PREFETCH     ACCESS:          0 HIT:          0 MISS:          0 MSHR_MERGE:          0
cpu0->cpu0_ITLB WRITE        ACCESS:          0 HIT:          0 MISS:          0 MSHR_MERGE:          0
cpu0->cpu0_ITLB TRANSLATION  ACCESS:          0 HIT:          0 MISS:          0 MSHR_MERGE:          0
cpu0->cpu0_ITLB PREFETCH REQUESTED:          0 ISSUED:          0 USEFUL:          0 USELESS:          0
cpu0->cpu0_ITLB AVERAGE MISS LATENCY: - cycles
cpu0->cpu0_DTLB TOTAL        ACCESS:   13969066 HIT:   13926786 MISS:      42280 MSHR_MERGE:      24527
cpu0->cpu0_DTLB LOAD         ACCESS:   13969066 HIT:   13926786 MISS:      42280 MSHR_MERGE:      24527
cpu0->cpu0_DTLB RFO          ACCESS:          0 HIT:          0 MISS:          0 MSHR_MERGE:          0
cpu0->cpu0_DTLB PREFETCH     ACCESS:          0 HIT:          0 MISS:          0 MSHR_MERGE:          0
cpu0->cpu0_DTLB WRITE        ACCESS:          0 HIT:          0 MISS:          0 MSHR_MERGE:          0
cpu0->cpu0_DTLB TRANSLATION  ACCESS:          0 HIT:          0 MISS:          0 MSHR_MERGE:          0
cpu0->cpu0_DTLB PREFETCH REQUESTED:          0 ISSUED:          0 USEFUL:          0 USELESS:          0
cpu0->cpu0_DTLB AVERAGE MISS LATENCY: 7.598 cycles
cpu0->LLC TOTAL        ACCESS:     951462 HIT:     266854 MISS:     684608 MSHR_MERGE:          0
cpu0->LLC LOAD         ACCESS:     950662 HIT:     266435 MISS:     684227 MSHR_MERGE:          0
cpu0->LLC RFO          ACCESS:        280 HIT:          0 MISS:        280 MSHR_MERGE:          0
cpu0->LLC PREFETCH     ACCESS:          0 HIT:          0 MISS:          0 MSHR_MERGE:          0
cpu0->LLC WRITE        ACCESS:        415 HIT:        414 MISS:          1 MSHR_MERGE:          0
cpu0->LLC TRANSLATION  ACCESS:        105 HIT:          5 MISS:        100 MSHR_MERGE:          0
cpu0->LLC PREFETCH REQUESTED:          0 ISSUED:          0 USEFUL:          0 USELESS:          0
cpu0->LLC AVERAGE MISS LATENCY: 156.4 cycles

DRAM Statistics

Channel 0 RQ ROW_BUFFER_HIT:     193421
  ROW_BUFFER_MISS:     491186
  AVG DBUS CONGESTED CYCLE: 3.039
Channel 0 WQ ROW_BUFFER_HIT:         96
  ROW_BUFFER_MISS:        179
  FULL:          0
Channel 0 REFRESHES ISSUED:       8351
