[VMEM] WARNING: physical memory size is smaller than virtual memory size.
WARNING: option --warmup_instructions is deprecated. Use --warmup-instructions instead.
WARNING: option --simulation_instructions is deprecated. Use --simulation-instructions instead.

*** ChampSim Multicore Out-of-Order Simulator ***
Warmup Instructions: 10000000
Simulation Instructions: 50000000
Number of CPUs: 1
Page size: 4096

Off-chip DRAM Size: 16 GiB Channels: 1 Width: 64-bit Data Rate: 3205 MT/s
Heartbeat CPU 0 instructions: 10000000 cycles: 2862801 heartbeat IPC: 3.493 cumulative IPC: 3.493 (Simulation time: 00 hr 00 min 27 sec)
Warmup finished CPU 0 instructions: 10000000 cycles: 2862801 cumulative IPC: 3.493 (Simulation time: 00 hr 00 min 27 sec)
Warmup complete CPU 0 instructions: 10000000 cycles: 2862801 cumulative IPC: 3.493 (Simulation time: 00 hr 00 min 27 sec)
Heartbeat CPU 0 instructions: 20000000 cycles: 10425882 heartbeat IPC: 1.322 cumulative IPC: 1.322 (Simulation time: 00 hr 01 min 19 sec)
Heartbeat CPU 0 instructions: 30000002 cycles: 21135410 heartbeat IPC: 0.9337 cumulative IPC: 1.095 (Simulation time: 00 hr 02 min 38 sec)
Heartbeat CPU 0 instructions: 40000004 cycles: 29811555 heartbeat IPC: 1.153 cumulative IPC: 1.113 (Simulation time: 00 hr 03 min 43 sec)
Heartbeat CPU 0 instructions: 50000006 cycles: 39587305 heartbeat IPC: 1.023 cumulative IPC: 1.089 (Simulation time: 00 hr 04 min 55 sec)
Simulation finished CPU 0 instructions: 50000003 cycles: 46831250 cumulative IPC: 1.068 (Simulation time: 00 hr 06 min 14 sec)
Simulation complete CPU 0 instructions: 50000003 cycles: 46831250 cumulative IPC: 1.068 (Simulation time: 00 hr 06 min 14 sec)

ChampSim completed all CPUs

=== Simulation ===
CPU 0 runs /mnt/storage/mipt/microarch/data/traces/627.cam4_s-490B.champsimtrace.xz

Region of Interest Statistics

CPU 0 cumulative IPC: 1.068 instructions: 50000003 cycles: 46831250
CPU 0 Branch Prediction Accuracy: 92.34% MPKI: 7.403 Average ROB Occupancy at Mispredict: 44.79
Branch type MPKI
BRANCH_DIRECT_JUMP: 0.00628
BRANCH_INDIRECT: 0
BRANCH_CONDITIONAL: 7.396
BRANCH_DIRECT_CALL: 0.0001
BRANCH_INDIRECT_CALL: 0
BRANCH_RETURN: 0.00014

cpu0->cpu0_STLB TOTAL        ACCESS:      15734 HIT:      14877 MISS:        857 MSHR_MERGE:          0
cpu0->cpu0_STLB LOAD         ACCESS:      15734 HIT:      14877 MISS:        857 MSHR_MERGE:          0
cpu0->cpu0_STLB RFO          ACCESS:          0 HIT:          0 MISS:          0 MSHR_MERGE:          0
cpu0->cpu0_STLB PREFETCH     ACCESS:          0 HIT:          0 MISS:          0 MSHR_MERGE:          0
cpu0->cpu0_STLB WRITE        ACCESS:          0 HIT:          0 MISS:          0 MSHR_MERGE:          0
cpu0->cpu0_STLB TRANSLATION  ACCESS:          0 HIT:          0 MISS:          0 MSHR_MERGE:          0
cpu0->cpu0_STLB PREFETCH REQUESTED:          0 ISSUED:          0 USEFUL:          0 USELESS:          0
cpu0->cpu0_STLB AVERAGE MISS LATENCY: 698.4 cycles
cpu0->cpu0_L2C TOTAL        ACCESS:    1299491 HIT:     690335 MISS:     609156 MSHR_MERGE:          0
cpu0->cpu0_L2C LOAD         ACCESS:     630679 HIT:     286714 MISS:     343965 MSHR_MERGE:          0
cpu0->cpu0_L2C RFO          ACCESS:     279577 HIT:      16054 MISS:     263523 MSHR_MERGE:          0
cpu0->cpu0_L2C PREFETCH     ACCESS:          0 HIT:          0 MISS:          0 MSHR_MERGE:          0
cpu0->cpu0_L2C WRITE        ACCESS:     388165 HIT:     387563 MISS:        602 MSHR_MERGE:          0
cpu0->cpu0_L2C TRANSLATION  ACCESS:       1070 HIT:          4 MISS:       1066 MSHR_MERGE:          0
cpu0->cpu0_L2C PREFETCH REQUESTED:          0 ISSUED:          0 USEFUL:          0 USELESS:          0
cpu0->cpu0_L2C AVERAGE MISS LATENCY: 120.5 cycles
cpu0->cpu0_L1I TOTAL        ACCESS:    3412678 HIT:    3410425 MISS:       2253 MSHR_MERGE:       1045
cpu0->cpu0_L1I LOAD         ACCESS:    3412678 HIT:    3410425 MISS:       2253 MSHR_MERGE:       1045
cpu0->cpu0_L1I RFO          ACCESS:          0 HIT:          0 MISS:          0 MSHR_MERGE:          0
cpu0->cpu0_L1I PREFETCH     ACCESS:          0 HIT:          0 MISS:          0 MSHR_MERGE:          0
cpu0->cpu0_L1I WRITE        ACCESS:          0 HIT:          0 MISS:          0 MSHR_MERGE:          0
cpu0->cpu0_L1I TRANSLATION  ACCESS:          0 HIT:          0 MISS:          0 MSHR_MERGE:          0
cpu0->cpu0_L1I PREFETCH REQUESTED:          0 ISSUED:          0 USEFUL:          0 USELESS:          0
cpu0->cpu0_L1I AVERAGE MISS LATENCY: 260.8 cycles
cpu0->cpu0_L1D TOTAL        ACCESS:    9939705 HIT:    7261766 MISS:    2677939 MSHR_MERGE:    1767820
cpu0->cpu0_L1D LOAD         ACCESS:    6629346 HIT:    5270612 MISS:    1358734 MSHR_MERGE:     729263
cpu0->cpu0_L1D RFO          ACCESS:          0 HIT:          0 MISS:          0 MSHR_MERGE:          0
cpu0->cpu0_L1D PREFETCH     ACCESS:          0 HIT:          0 MISS:          0 MSHR_MERGE:          0
cpu0->cpu0_L1D WRITE        ACCESS:    3308640 HIT:    1990506 MISS:    1318134 MSHR_MERGE:    1038556
cpu0->cpu0_L1D TRANSLATION  ACCESS:       1719 HIT:        648 MISS:       1071 MSHR_MERGE:          1
cpu0->cpu0_L1D PREFETCH REQUESTED:          0 ISSUED:          0 USEFUL:          0 USELESS:          0
cpu0->cpu0_L1D AVERAGE MISS LATENCY: 89.06 cycles
cpu0->cpu0_ITLB TOTAL        ACCESS:    3074672 HIT:    3074655 MISS:         17 MSHR_MERGE:         11
cpu0->cpu0_ITLB LOAD         ACCESS:    3074672 HIT:    3074655 MISS:         17 MSHR_MERGE:         11
cpu0->cpu0_ITLB RFO          ACCESS:          0 HIT:          0 MISS:          0 MSHR_MERGE:          0
cpu0->cpu0_ITLB PREFETCH     ACCESS:          0 HIT:          0 MISS:          0 MSHR_MERGE:          0
cpu0->cpu0_ITLB WRITE        ACCESS:          0 HIT:          0 MISS:          0 MSHR_MERGE:          0
cpu0->cpu0_ITLB TRANSLATION  ACCESS:          0 HIT:          0 MISS:          0 MSHR_MERGE:          0
cpu0->cpu0_ITLB PREFETCH REQUESTED:          0 ISSUED:          0 USEFUL:          0 USELESS:          0
cpu0->cpu0_ITLB AVERAGE MISS LATENCY: 898.5 cycles
cpu0->cpu0_DTLB TOTAL        ACCESS:    9643687 HIT:    9615977 MISS:      27710 MSHR_MERGE:      11982
cpu0->cpu0_DTLB LOAD         ACCESS:    9643687 HIT:    9615977 MISS:      27710 MSHR_MERGE:      11982
cpu0->cpu0_DTLB RFO          ACCESS:          0 HIT:          0 MISS:          0 MSHR_MERGE:          0
cpu0->cpu0_DTLB PREFETCH     ACCESS:          0 HIT:          0 MISS:          0 MSHR_MERGE:          0
cpu0->cpu0_DTLB WRITE        ACCESS:          0 HIT:          0 MISS:          0 MSHR_MERGE:          0
cpu0->cpu0_DTLB TRANSLATION  ACCESS:          0 HIT:          0 MISS:          0 MSHR_MERGE:          0
cpu0->cpu0_DTLB PREFETCH REQUESTED:          0 ISSUED:          0 USEFUL:          0 USELESS:          0
cpu0->cpu0_DTLB AVERAGE MISS LATENCY: 42.77 cycles
cpu0->LLC TOTAL        ACCESS:     926704 HIT:     688147 MISS:     238557 MSHR_MERGE:          0
cpu0->LLC LOAD         ACCESS:     343965 HIT:     239590 MISS:     104375 MSHR_MERGE:          0
cpu0->LLC RFO          ACCESS:     263522 HIT:     130414 MISS:     133108 MSHR_MERGE:          0
cpu0->LLC PREFETCH     ACCESS:          0 HIT:          0 MISS:          0 MSHR_MERGE:          0
cpu0->LLC WRITE        ACCESS:     318151 HIT:     318137 MISS:         14 MSHR_MERGE:          0
cpu0->LLC TRANSLATION  ACCESS:       1066 HIT:          6 MISS:       1060 MSHR_MERGE:          0
cpu0->LLC PREFETCH REQUESTED:          0 ISSUED:          0 USEFUL:          0 USELESS:          0
cpu0->LLC AVERAGE MISS LATENCY: 268.4 cycles

DRAM Statistics

Channel 0 RQ ROW_BUFFER_HIT:      13505
  ROW_BUFFER_MISS:     224685
  AVG DBUS CONGESTED CYCLE: 9.672
Channel 0 WQ ROW_BUFFER_HIT:      42853
  ROW_BUFFER_MISS:     139110
  FULL:          0
Channel 0 REFRESHES ISSUED:       3903
