[VMEM] WARNING: physical memory size is smaller than virtual memory size.
WARNING: option --warmup_instructions is deprecated. Use --warmup-instructions instead.
WARNING: option --simulation_instructions is deprecated. Use --simulation-instructions instead.

*** ChampSim Multicore Out-of-Order Simulator ***
Warmup Instructions: 10000000
Simulation Instructions: 50000000
Number of CPUs: 1
Page size: 4096

Off-chip DRAM Size: 16 GiB Channels: 1 Width: 64-bit Data Rate: 3205 MT/s
Heartbeat CPU 0 instructions: 10000002 cycles: 2820595 heartbeat IPC: 3.545 cumulative IPC: 3.545 (Simulation time: 00 hr 00 min 32 sec)
Warmup finished CPU 0 instructions: 10000002 cycles: 2820595 cumulative IPC: 3.545 (Simulation time: 00 hr 00 min 32 sec)
Warmup complete CPU 0 instructions: 10000002 cycles: 2820595 cumulative IPC: 3.545 (Simulation time: 00 hr 00 min 32 sec)
Heartbeat CPU 0 instructions: 20000003 cycles: 10992009 heartbeat IPC: 1.224 cumulative IPC: 1.224 (Simulation time: 00 hr 01 min 29 sec)
Heartbeat CPU 0 instructions: 30000007 cycles: 19156295 heartbeat IPC: 1.225 cumulative IPC: 1.224 (Simulation time: 00 hr 02 min 28 sec)
Heartbeat CPU 0 instructions: 40000011 cycles: 27364959 heartbeat IPC: 1.218 cumulative IPC: 1.222 (Simulation time: 00 hr 03 min 31 sec)
Heartbeat CPU 0 instructions: 50000015 cycles: 35399187 heartbeat IPC: 1.245 cumulative IPC: 1.228 (Simulation time: 00 hr 04 min 28 sec)
Simulation finished CPU 0 instructions: 50000004 cycles: 40606077 cumulative IPC: 1.231 (Simulation time: 00 hr 05 min 35 sec)
Simulation complete CPU 0 instructions: 50000004 cycles: 40606077 cumulative IPC: 1.231 (Simulation time: 00 hr 05 min 35 sec)

ChampSim completed all CPUs

=== Simulation ===
CPU 0 runs /mnt/storage/mipt/microarch/data/traces/628.pop2_s-17B.champsimtrace.xz

Region of Interest Statistics

CPU 0 cumulative IPC: 1.231 instructions: 50000004 cycles: 40606077
CPU 0 Branch Prediction Accuracy: 96.83% MPKI: 3.628 Average ROB Occupancy at Mispredict: 99.07
Branch type MPKI
BRANCH_DIRECT_JUMP: 0.05126
BRANCH_INDIRECT: 0.00164
BRANCH_CONDITIONAL: 3.575
BRANCH_DIRECT_CALL: 0
BRANCH_INDIRECT_CALL: 0
BRANCH_RETURN: 0

cpu0->cpu0_STLB TOTAL        ACCESS:      43961 HIT:      41496 MISS:       2465 MSHR_MERGE:          0
cpu0->cpu0_STLB LOAD         ACCESS:      43961 HIT:      41496 MISS:       2465 MSHR_MERGE:          0
cpu0->cpu0_STLB RFO          ACCESS:          0 HIT:          0 MISS:          0 MSHR_MERGE:          0
cpu0->cpu0_STLB PREFETCH     ACCESS:          0 HIT:          0 MISS:          0 MSHR_MERGE:          0
cpu0->cpu0_STLB WRITE        ACCESS:          0 HIT:          0 MISS:          0 MSHR_MERGE:          0
cpu0->cpu0_STLB TRANSLATION  ACCESS:          0 HIT:          0 MISS:          0 MSHR_MERGE:          0
cpu0->cpu0_STLB PREFETCH REQUESTED:          0 ISSUED:          0 USEFUL:          0 USELESS:          0
cpu0->cpu0_STLB AVERAGE MISS LATENCY: 745.5 cycles
cpu0->cpu0_L2C TOTAL        ACCESS:    1496675 HIT:    1032619 MISS:     464056 MSHR_MERGE:          0
cpu0->cpu0_L2C LOAD         ACCESS:     812786 HIT:     464160 MISS:     348626 MSHR_MERGE:          0
cpu0->cpu0_L2C RFO          ACCESS:     273755 HIT:     163342 MISS:     110413 MSHR_MERGE:          0
cpu0->cpu0_L2C PREFETCH     ACCESS:          0 HIT:          0 MISS:          0 MSHR_MERGE:          0
cpu0->cpu0_L2C WRITE        ACCESS:     404903 HIT:     404893 MISS:         10 MSHR_MERGE:          0
cpu0->cpu0_L2C TRANSLATION  ACCESS:       5231 HIT:        224 MISS:       5007 MSHR_MERGE:          0
cpu0->cpu0_L2C PREFETCH REQUESTED:          0 ISSUED:          0 USEFUL:          0 USELESS:          0
cpu0->cpu0_L2C AVERAGE MISS LATENCY: 78.51 cycles
cpu0->cpu0_L1I TOTAL        ACCESS:    3802264 HIT:    3692783 MISS:     109481 MSHR_MERGE:      50353
cpu0->cpu0_L1I LOAD         ACCESS:    3802264 HIT:    3692783 MISS:     109481 MSHR_MERGE:      50353
cpu0->cpu0_L1I RFO          ACCESS:          0 HIT:          0 MISS:          0 MSHR_MERGE:          0
cpu0->cpu0_L1I PREFETCH     ACCESS:          0 HIT:          0 MISS:          0 MSHR_MERGE:          0
cpu0->cpu0_L1I WRITE        ACCESS:          0 HIT:          0 MISS:          0 MSHR_MERGE:          0
cpu0->cpu0_L1I TRANSLATION  ACCESS:          0 HIT:          0 MISS:          0 MSHR_MERGE:          0
cpu0->cpu0_L1I PREFETCH REQUESTED:          0 ISSUED:          0 USEFUL:          0 USELESS:          0
cpu0->cpu0_L1I AVERAGE MISS LATENCY: 21.87 cycles
cpu0->cpu0_L1D TOTAL        ACCESS:   13016814 HIT:   10670777 MISS:    2346037 MSHR_MERGE:    1313386
cpu0->cpu0_L1D LOAD         ACCESS:    9230652 HIT:    7805949 MISS:    1424703 MSHR_MERGE:     671044
cpu0->cpu0_L1D RFO          ACCESS:          0 HIT:          0 MISS:          0 MSHR_MERGE:          0
cpu0->cpu0_L1D PREFETCH     ACCESS:          0 HIT:          0 MISS:          0 MSHR_MERGE:          0
cpu0->cpu0_L1D WRITE        ACCESS:    3780411 HIT:    2864458 MISS:     915953 MSHR_MERGE:     642192
cpu0->cpu0_L1D TRANSLATION  ACCESS:       5751 HIT:        370 MISS:       5381 MSHR_MERGE:        150
cpu0->cpu0_L1D PREFETCH REQUESTED:          0 ISSUED:          0 USEFUL:          0 USELESS:          0
cpu0->cpu0_L1D AVERAGE MISS LATENCY: 42.95 cycles
cpu0->cpu0_ITLB TOTAL        ACCESS:    3100654 HIT:    3094799 MISS:       5855 MSHR_MERGE:       3376
cpu0->cpu0_ITLB LOAD         ACCESS:    3100654 HIT:    3094799 MISS:       5855 MSHR_MERGE:       3376
cpu0->cpu0_ITLB RFO          ACCESS:          0 HIT:          0 MISS:          0 MSHR_MERGE:          0
cpu0->cpu0_ITLB PREFETCH     ACCESS:          0 HIT:          0 MISS:          0 MSHR_MERGE:          0
cpu0->cpu0_ITLB WRITE        ACCESS:          0 HIT:          0 MISS:          0 MSHR_MERGE:          0
cpu0->cpu0_ITLB TRANSLATION  ACCESS:          0 HIT:          0 MISS:          0 MSHR_MERGE:          0
cpu0->cpu0_ITLB PREFETCH REQUESTED:          0 ISSUED:          0 USEFUL:          0 USELESS:          0
cpu0->cpu0_ITLB AVERAGE MISS LATENCY: 5 cycles
cpu0->cpu0_DTLB TOTAL        ACCESS:   12524486 HIT:   12453345 MISS:      71141 MSHR_MERGE:      29659
cpu0->cpu0_DTLB LOAD         ACCESS:   12524486 HIT:   12453345 MISS:      71141 MSHR_MERGE:      29659
cpu0->cpu0_DTLB RFO          ACCESS:          0 HIT:          0 MISS:          0 MSHR_MERGE:          0
cpu0->cpu0_DTLB PREFETCH     ACCESS:          0 HIT:          0 MISS:          0 MSHR_MERGE:          0
cpu0->cpu0_DTLB WRITE        ACCESS:          0 HIT:          0 MISS:          0 MSHR_MERGE:          0
cpu0->cpu0_DTLB TRANSLATION  ACCESS:          0 HIT:          0 MISS:          0 MSHR_MERGE:          0
cpu0->cpu0_DTLB PREFETCH REQUESTED:          0 ISSUED:          0 USEFUL:          0 USELESS:          0
cpu0->cpu0_DTLB AVERAGE MISS LATENCY: 49.36 cycles
cpu0->LLC TOTAL        ACCESS:     640323 HIT:     486005 MISS:     154318 MSHR_MERGE:          0
cpu0->LLC LOAD         ACCESS:     348626 HIT:     209844 MISS:     138782 MSHR_MERGE:          0
cpu0->LLC RFO          ACCESS:     110413 HIT:      99526 MISS:      10887 MSHR_MERGE:          0
cpu0->LLC PREFETCH     ACCESS:          0 HIT:          0 MISS:          0 MSHR_MERGE:          0
cpu0->LLC WRITE        ACCESS:     176277 HIT:     175168 MISS:       1109 MSHR_MERGE:          0
cpu0->LLC TRANSLATION  ACCESS:       5007 HIT:       1467 MISS:       3540 MSHR_MERGE:          0
cpu0->LLC PREFETCH REQUESTED:          0 ISSUED:          0 USEFUL:          0 USELESS:          0
cpu0->LLC AVERAGE MISS LATENCY: 190 cycles

DRAM Statistics

Channel 0 RQ ROW_BUFFER_HIT:       4416
  ROW_BUFFER_MISS:     148793
  AVG DBUS CONGESTED CYCLE: 15.73
Channel 0 WQ ROW_BUFFER_HIT:      12750
  ROW_BUFFER_MISS:      31931
  FULL:          0
Channel 0 REFRESHES ISSUED:       3383
