[VMEM] WARNING: physical memory size is smaller than virtual memory size.
WARNING: option --warmup_instructions is deprecated. Use --warmup-instructions instead.
WARNING: option --simulation_instructions is deprecated. Use --simulation-instructions instead.

*** ChampSim Multicore Out-of-Order Simulator ***
Warmup Instructions: 10000000
Simulation Instructions: 50000000
Number of CPUs: 1
Page size: 4096

Off-chip DRAM Size: 16 GiB Channels: 1 Width: 64-bit Data Rate: 3205 MT/s
Heartbeat CPU 0 instructions: 10000001 cycles: 3398527 heartbeat IPC: 2.942 cumulative IPC: 2.942 (Simulation time: 00 hr 00 min 46 sec)
Warmup finished CPU 0 instructions: 10000001 cycles: 3398527 cumulative IPC: 2.942 (Simulation time: 00 hr 00 min 46 sec)
Warmup complete CPU 0 instructions: 10000001 cycles: 3398527 cumulative IPC: 2.942 (Simulation time: 00 hr 00 min 46 sec)
Heartbeat CPU 0 instructions: 20000003 cycles: 13630020 heartbeat IPC: 0.9774 cumulative IPC: 0.9774 (Simulation time: 00 hr 02 min 01 sec)
Heartbeat CPU 0 instructions: 30000005 cycles: 23606929 heartbeat IPC: 1.002 cumulative IPC: 0.9897 (Simulation time: 00 hr 03 min 14 sec)
Heartbeat CPU 0 instructions: 40000006 cycles: 33544181 heartbeat IPC: 1.006 cumulative IPC: 0.9952 (Simulation time: 00 hr 04 min 15 sec)
Heartbeat CPU 0 instructions: 50000008 cycles: 43457420 heartbeat IPC: 1.009 cumulative IPC: 0.9985 (Simulation time: 00 hr 05 min 25 sec)
Simulation finished CPU 0 instructions: 50000003 cycles: 50219569 cumulative IPC: 0.9956 (Simulation time: 00 hr 06 min 38 sec)
Simulation complete CPU 0 instructions: 50000003 cycles: 50219569 cumulative IPC: 0.9956 (Simulation time: 00 hr 06 min 38 sec)

ChampSim completed all CPUs

=== Simulation ===
CPU 0 runs /mnt/storage/mipt/microarch/data/traces/631.deepsjeng_s-928B.champsimtrace.xz

Region of Interest Statistics

CPU 0 cumulative IPC: 0.9956 instructions: 50000003 cycles: 50219569
CPU 0 Branch Prediction Accuracy: 87.65% MPKI: 18.35 Average ROB Occupancy at Mispredict: 23.39
Branch type MPKI
BRANCH_DIRECT_JUMP: 0.01754
BRANCH_INDIRECT: 0.01102
BRANCH_CONDITIONAL: 17.83
BRANCH_DIRECT_CALL: 0.01738
BRANCH_INDIRECT_CALL: 0
BRANCH_RETURN: 0.4758

cpu0->cpu0_STLB TOTAL        ACCESS:      13750 HIT:       4610 MISS:       9140 MSHR_MERGE:          0
cpu0->cpu0_STLB LOAD         ACCESS:      13750 HIT:       4610 MISS:       9140 MSHR_MERGE:          0
cpu0->cpu0_STLB RFO          ACCESS:          0 HIT:          0 MISS:          0 MSHR_MERGE:          0
cpu0->cpu0_STLB PREFETCH     ACCESS:          0 HIT:          0 MISS:          0 MSHR_MERGE:          0
cpu0->cpu0_STLB WRITE        ACCESS:          0 HIT:          0 MISS:          0 MSHR_MERGE:          0
cpu0->cpu0_STLB TRANSLATION  ACCESS:          0 HIT:          0 MISS:          0 MSHR_MERGE:          0
cpu0->cpu0_STLB PREFETCH REQUESTED:          0 ISSUED:          0 USEFUL:          0 USELESS:          0
cpu0->cpu0_STLB AVERAGE MISS LATENCY: 849.5 cycles
cpu0->cpu0_L2C TOTAL        ACCESS:     144091 HIT:     104416 MISS:      39675 MSHR_MERGE:          0
cpu0->cpu0_L2C LOAD         ACCESS:      75538 HIT:      60169 MISS:      15369 MSHR_MERGE:          0
cpu0->cpu0_L2C RFO          ACCESS:      14661 HIT:      13714 MISS:        947 MSHR_MERGE:          0
cpu0->cpu0_L2C PREFETCH     ACCESS:          0 HIT:          0 MISS:          0 MSHR_MERGE:          0
cpu0->cpu0_L2C WRITE        ACCESS:      27071 HIT:      27020 MISS:         51 MSHR_MERGE:          0
cpu0->cpu0_L2C TRANSLATION  ACCESS:      26821 HIT:       3513 MISS:      23308 MSHR_MERGE:          0
cpu0->cpu0_L2C PREFETCH REQUESTED:          0 ISSUED:          0 USEFUL:          0 USELESS:          0
cpu0->cpu0_L2C AVERAGE MISS LATENCY: 153.2 cycles
cpu0->cpu0_L1I TOTAL        ACCESS:    5883011 HIT:    5826044 MISS:      56967 MSHR_MERGE:      11827
cpu0->cpu0_L1I LOAD         ACCESS:    5883011 HIT:    5826044 MISS:      56967 MSHR_MERGE:      11827
cpu0->cpu0_L1I RFO          ACCESS:          0 HIT:          0 MISS:          0 MSHR_MERGE:          0
cpu0->cpu0_L1I PREFETCH     ACCESS:          0 HIT:          0 MISS:          0 MSHR_MERGE:          0
cpu0->cpu0_L1I WRITE        ACCESS:          0 HIT:          0 MISS:          0 MSHR_MERGE:          0
cpu0->cpu0_L1I TRANSLATION  ACCESS:          0 HIT:          0 MISS:          0 MSHR_MERGE:          0
cpu0->cpu0_L1I PREFETCH REQUESTED:          0 ISSUED:          0 USEFUL:          0 USELESS:          0
cpu0->cpu0_L1I AVERAGE MISS LATENCY: 7.262 cycles
cpu0->cpu0_L1D TOTAL        ACCESS:   15438468 HIT:   15328655 MISS:     109813 MSHR_MERGE:      37930
cpu0->cpu0_L1D LOAD         ACCESS:    9438617 HIT:    9392932 MISS:      45685 MSHR_MERGE:      15284
cpu0->cpu0_L1D RFO          ACCESS:          0 HIT:          0 MISS:          0 MSHR_MERGE:          0
cpu0->cpu0_L1D PREFETCH     ACCESS:          0 HIT:          0 MISS:          0 MSHR_MERGE:          0
cpu0->cpu0_L1D WRITE        ACCESS:    5972290 HIT:    5935042 MISS:      37248 MSHR_MERGE:      22587
cpu0->cpu0_L1D TRANSLATION  ACCESS:      27561 HIT:        681 MISS:      26880 MSHR_MERGE:         59
cpu0->cpu0_L1D PREFETCH REQUESTED:          0 ISSUED:          0 USEFUL:          0 USELESS:          0
cpu0->cpu0_L1D AVERAGE MISS LATENCY: 92.97 cycles
cpu0->cpu0_ITLB TOTAL        ACCESS:    5012807 HIT:    5012807 MISS:          0 MSHR_MERGE:          0
cpu0->cpu0_ITLB LOAD         ACCESS:    5012807 HIT:    5012807 MISS:          0 MSHR_MERGE:          0
cpu0->cpu0_ITLB RFO          ACCESS:          0 HIT:          0 MISS:          0 MSHR_MERGE:          0
cpu0->cpu0_ITLB PREFETCH     ACCESS:          0 HIT:          0 MISS:          0 MSHR_MERGE:          0
cpu0->cpu0_ITLB WRITE        ACCESS:          0 HIT:          0 MISS:          0 MSHR_MERGE:          0
cpu0->cpu0_ITLB TRANSLATION  ACCESS:          0 HIT:          0 MISS:          0 MSHR_MERGE:          0
cpu0->cpu0_ITLB PREFETCH REQUESTED:          0 ISSUED:          0 USEFUL:          0 USELESS:          0
cpu0->cpu0_ITLB AVERAGE MISS LATENCY: - cycles
cpu0->cpu0_DTLB TOTAL        ACCESS:   14576028 HIT:   14544629 MISS:      31399 MSHR_MERGE:      17649
cpu0->cpu0_DTLB LOAD         ACCESS:   14576028 HIT:   14544629 MISS:      31399 MSHR_MERGE:      17649
cpu0->cpu0_DTLB RFO          ACCESS:          0 HIT:          0 MISS:          0 MSHR_MERGE:          0
cpu0->cpu0_DTLB PREFETCH     ACCESS:          0 HIT:          0 MISS:          0 MSHR_MERGE:          0
cpu0->cpu0_DTLB WRITE        ACCESS:          0 HIT:          0 MISS:          0 MSHR_MERGE:          0
cpu0->cpu0_DTLB TRANSLATION  ACCESS:          0 HIT:          0 MISS:          0 MSHR_MERGE:          0
cpu0->cpu0_DTLB PREFETCH REQUESTED:          0 ISSUED:          0 USEFUL:          0 USELESS:          0
cpu0->cpu0_DTLB AVERAGE MISS LATENCY: 570.4 cycles
cpu0->LLC TOTAL        ACCESS:      50455 HIT:      16462 MISS:      33993 MSHR_MERGE:          0
cpu0->LLC LOAD         ACCESS:      15369 HIT:       1083 MISS:      14286 MSHR_MERGE:          0
cpu0->LLC RFO          ACCESS:        947 HIT:        559 MISS:        388 MSHR_MERGE:          0
cpu0->LLC PREFETCH     ACCESS:          0 HIT:          0 MISS:          0 MSHR_MERGE:          0
cpu0->LLC WRITE        ACCESS:      10831 HIT:      10781 MISS:         50 MSHR_MERGE:          0
cpu0->LLC TRANSLATION  ACCESS:      23308 HIT:       4039 MISS:      19269 MSHR_MERGE:          0
cpu0->LLC PREFETCH REQUESTED:          0 ISSUED:          0 USEFUL:          0 USELESS:          0
cpu0->LLC AVERAGE MISS LATENCY: 160.3 cycles

DRAM Statistics

Channel 0 RQ ROW_BUFFER_HIT:         20
  ROW_BUFFER_MISS:      33923
  AVG DBUS CONGESTED CYCLE: 5.443
Channel 0 WQ ROW_BUFFER_HIT:         39
  ROW_BUFFER_MISS:       3267
  FULL:          0
Channel 0 REFRESHES ISSUED:       4185
