[VMEM] WARNING: physical memory size is smaller than virtual memory size.
WARNING: option --warmup_instructions is deprecated. Use --warmup-instructions instead.
WARNING: option --simulation_instructions is deprecated. Use --simulation-instructions instead.

*** ChampSim Multicore Out-of-Order Simulator ***
Warmup Instructions: 10000000
Simulation Instructions: 50000000
Number of CPUs: 1
Page size: 4096

Off-chip DRAM Size: 16 GiB Channels: 1 Width: 64-bit Data Rate: 3205 MT/s
Heartbeat CPU 0 instructions: 10000003 cycles: 2555766 heartbeat IPC: 3.913 cumulative IPC: 3.913 (Simulation time: 00 hr 00 min 31 sec)
Warmup finished CPU 0 instructions: 10000003 cycles: 2555766 cumulative IPC: 3.913 (Simulation time: 00 hr 00 min 31 sec)
Warmup complete CPU 0 instructions: 10000003 cycles: 2555766 cumulative IPC: 3.913 (Simulation time: 00 hr 00 min 31 sec)
Heartbeat CPU 0 instructions: 20000004 cycles: 5547112 heartbeat IPC: 3.343 cumulative IPC: 3.343 (Simulation time: 00 hr 01 min 03 sec)
Heartbeat CPU 0 instructions: 30000005 cycles: 8536599 heartbeat IPC: 3.345 cumulative IPC: 3.344 (Simulation time: 00 hr 01 min 32 sec)
Heartbeat CPU 0 instructions: 40000007 cycles: 11527285 heartbeat IPC: 3.344 cumulative IPC: 3.344 (Simulation time: 00 hr 02 min 06 sec)
Heartbeat CPU 0 instructions: 50000007 cycles: 14517386 heartbeat IPC: 3.344 cumulative IPC: 3.344 (Simulation time: 00 hr 02 min 40 sec)
Simulation finished CPU 0 instructions: 50000002 cycles: 14951346 cumulative IPC: 3.344 (Simulation time: 00 hr 03 min 14 sec)
Simulation complete CPU 0 instructions: 50000002 cycles: 14951346 cumulative IPC: 3.344 (Simulation time: 00 hr 03 min 14 sec)

ChampSim completed all CPUs

=== Simulation ===
CPU 0 runs /mnt/storage/mipt/microarch/data/traces/638.imagick_s-10316B.champsimtrace.xz

Region of Interest Statistics

CPU 0 cumulative IPC: 3.344 instructions: 50000002 cycles: 14951346
CPU 0 Branch Prediction Accuracy: 99.7% MPKI: 0.3133 Average ROB Occupancy at Mispredict: 347.9
Branch type MPKI
BRANCH_DIRECT_JUMP: 2e-05
BRANCH_INDIRECT: 0
BRANCH_CONDITIONAL: 0.3133
BRANCH_DIRECT_CALL: 0
BRANCH_INDIRECT_CALL: 0
BRANCH_RETURN: 0

cpu0->cpu0_STLB TOTAL        ACCESS:      23197 HIT:      23166 MISS:         31 MSHR_MERGE:          0
cpu0->cpu0_STLB LOAD         ACCESS:      23197 HIT:      23166 MISS:         31 MSHR_MERGE:          0
cpu0->cpu0_STLB RFO          ACCESS:          0 HIT:          0 MISS:          0 MSHR_MERGE:          0
cpu0->cpu0_STLB PREFETCH     ACCESS:          0 HIT:          0 MISS:          0 MSHR_MERGE:          0
cpu0->cpu0_STLB WRITE        ACCESS:          0 HIT:          0 MISS:          0 MSHR_MERGE:          0
cpu0->cpu0_STLB TRANSLATION  ACCESS:          0 HIT:          0 MISS:          0 MSHR_MERGE:          0
cpu0->cpu0_STLB PREFETCH REQUESTED:          0 ISSUED:          0 USEFUL:          0 USELESS:          0
cpu0->cpu0_STLB AVERAGE MISS LATENCY: 744.4 cycles
cpu0->cpu0_L2C TOTAL        ACCESS:     445773 HIT:     443759 MISS:       2014 MSHR_MERGE:          0
cpu0->cpu0_L2C LOAD         ACCESS:     444702 HIT:     442766 MISS:       1936 MSHR_MERGE:          0
cpu0->cpu0_L2C RFO          ACCESS:        295 HIT:        278 MISS:         17 MSHR_MERGE:          0
cpu0->cpu0_L2C PREFETCH     ACCESS:          0 HIT:          0 MISS:          0 MSHR_MERGE:          0
cpu0->cpu0_L2C WRITE        ACCESS:        714 HIT:        714 MISS:          0 MSHR_MERGE:          0
cpu0->cpu0_L2C TRANSLATION  ACCESS:         62 HIT:          1 MISS:         61 MSHR_MERGE:          0
cpu0->cpu0_L2C PREFETCH REQUESTED:          0 ISSUED:          0 USEFUL:          0 USELESS:          0
cpu0->cpu0_L2C AVERAGE MISS LATENCY: 168.9 cycles
cpu0->cpu0_L1I TOTAL        ACCESS:    6472703 HIT:    6472703 MISS:          0 MSHR_MERGE:          0
cpu0->cpu0_L1I LOAD         ACCESS:    6472703 HIT:    6472703 MISS:          0 MSHR_MERGE:          0
cpu0->cpu0_L1I RFO          ACCESS:          0 HIT:          0 MISS:          0 MSHR_MERGE:          0
cpu0->cpu0_L1I PREFETCH     ACCESS:          0 HIT:          0 MISS:          0 MSHR_MERGE:          0
cpu0->cpu0_L1I WRITE        ACCESS:          0 HIT:          0 MISS:          0 MSHR_MERGE:          0
cpu0->cpu0_L1I TRANSLATION  ACCESS:          0 HIT:          0 MISS:          0 MSHR_MERGE:          0
cpu0->cpu0_L1I PREFETCH REQUESTED:          0 ISSUED:          0 USEFUL:          0 USELESS:          0
cpu0->cpu0_L1I AVERAGE MISS LATENCY: - cycles
cpu0->cpu0_L1D TOTAL        ACCESS:    5581917 HIT:    4207377 MISS:    1374540 MSHR_MERGE:     929481
cpu0->cpu0_L1D LOAD         ACCESS:    5579419 HIT:    4205542 MISS:    1373877 MSHR_MERGE:     929175
cpu0->cpu0_L1D RFO          ACCESS:          0 HIT:          0 MISS:          0 MSHR_MERGE:          0
cpu0->cpu0_L1D PREFETCH     ACCESS:          0 HIT:          0 MISS:          0 MSHR_MERGE:          0
cpu0->cpu0_L1D WRITE        ACCESS:       2436 HIT:       1835 MISS:        601 MSHR_MERGE:        306
cpu0->cpu0_L1D TRANSLATION  ACCESS:         62 HIT:          0 MISS:         62 MSHR_MERGE:          0
cpu0->cpu0_L1D PREFETCH REQUESTED:          0 ISSUED:          0 USEFUL:          0 USELESS:          0
cpu0->cpu0_L1D AVERAGE MISS LATENCY: 8.77 cycles
cpu0->cpu0_ITLB TOTAL        ACCESS:    5038095 HIT:    5038095 MISS:          0 MSHR_MERGE:          0
cpu0->cpu0_ITLB LOAD         ACCESS:    5038095 HIT:    5038095 MISS:          0 MSHR_MERGE:          0
cpu0->cpu0_ITLB RFO          ACCESS:          0 HIT:          0 MISS:          0 MSHR_MERGE:          0
cpu0->cpu0_ITLB PREFETCH     ACCESS:          0 HIT:          0 MISS:          0 MSHR_MERGE:          0
cpu0->cpu0_ITLB WRITE        ACCESS:          0 HIT:          0 MISS:          0 MSHR_MERGE:          0
cpu0->cpu0_ITLB TRANSLATION  ACCESS:          0 HIT:          0 MISS:          0 MSHR_MERGE:          0
cpu0->cpu0_ITLB PREFETCH REQUESTED:          0 ISSUED:          0 USEFUL:          0 USELESS:          0
cpu0->cpu0_ITLB AVERAGE MISS LATENCY: - cycles
cpu0->cpu0_DTLB TOTAL        ACCESS:    5581480 HIT:    5490185 MISS:      91295 MSHR_MERGE:      68098
cpu0->cpu0_DTLB LOAD         ACCESS:    5581480 HIT:    5490185 MISS:      91295 MSHR_MERGE:      68098
cpu0->cpu0_DTLB RFO          ACCESS:          0 HIT:          0 MISS:          0 MSHR_MERGE:          0
cpu0->cpu0_DTLB PREFETCH     ACCESS:          0 HIT:          0 MISS:          0 MSHR_MERGE:          0
cpu0->cpu0_DTLB WRITE        ACCESS:          0 HIT:          0 MISS:          0 MSHR_MERGE:          0
cpu0->cpu0_DTLB TRANSLATION  ACCESS:          0 HIT:          0 MISS:          0 MSHR_MERGE:          0
cpu0->cpu0_DTLB PREFETCH REQUESTED:          0 ISSUED:          0 USEFUL:          0 USELESS:          0
cpu0->cpu0_DTLB AVERAGE MISS LATENCY: 5.996 cycles
cpu0->LLC TOTAL        ACCESS:       2014 HIT:          0 MISS:       2014 MSHR_MERGE:          0
cpu0->LLC LOAD         ACCESS:       1936 HIT:          0 MISS:       1936 MSHR_MERGE:          0
cpu0->LLC RFO          ACCESS:         17 HIT:          0 MISS:         17 MSHR_MERGE:          0
cpu0->LLC PREFETCH     ACCESS:          0 HIT:          0 MISS:          0 MSHR_MERGE:          0
cpu0->LLC WRITE        ACCESS:          0 HIT:          0 MISS:          0 MSHR_MERGE:          0
cpu0->LLC TRANSLATION  ACCESS:         61 HIT:          0 MISS:         61 MSHR_MERGE:          0
cpu0->LLC PREFETCH REQUESTED:          0 ISSUED:          0 USEFUL:          0 USELESS:          0
cpu0->LLC AVERAGE MISS LATENCY: 152.9 cycles

DRAM Statistics

Channel 0 RQ ROW_BUFFER_HIT:          0
  ROW_BUFFER_MISS:       2014
  AVG DBUS CONGESTED CYCLE: -
Channel 0 WQ ROW_BUFFER_HIT:          0
  ROW_BUFFER_MISS:          0
  FULL:          0
Channel 0 REFRESHES ISSUED:       1246
