[VMEM] WARNING: physical memory size is smaller than virtual memory size.
WARNING: option --warmup_instructions is deprecated. Use --warmup-instructions instead.
WARNING: option --simulation_instructions is deprecated. Use --simulation-instructions instead.

*** ChampSim Multicore Out-of-Order Simulator ***
Warmup Instructions: 10000000
Simulation Instructions: 50000000
Number of CPUs: 1
Page size: 4096

Off-chip DRAM Size: 16 GiB Channels: 1 Width: 64-bit Data Rate: 3205 MT/s
Heartbeat CPU 0 instructions: 10000000 cycles: 2627348 heartbeat IPC: 3.806 cumulative IPC: 3.806 (Simulation time: 00 hr 00 min 34 sec)
Warmup finished CPU 0 instructions: 10000000 cycles: 2627348 cumulative IPC: 3.806 (Simulation time: 00 hr 00 min 34 sec)
Warmup complete CPU 0 instructions: 10000000 cycles: 2627348 cumulative IPC: 3.806 (Simulation time: 00 hr 00 min 34 sec)
Heartbeat CPU 0 instructions: 20000003 cycles: 17032337 heartbeat IPC: 0.6942 cumulative IPC: 0.6942 (Simulation time: 00 hr 02 min 07 sec)
Heartbeat CPU 0 instructions: 30000004 cycles: 27425163 heartbeat IPC: 0.9622 cumulative IPC: 0.8065 (Simulation time: 00 hr 03 min 13 sec)
Heartbeat CPU 0 instructions: 40000004 cycles: 37467422 heartbeat IPC: 0.9958 cumulative IPC: 0.8611 (Simulation time: 00 hr 04 min 24 sec)
Heartbeat CPU 0 instructions: 50000007 cycles: 47413865 heartbeat IPC: 1.005 cumulative IPC: 0.8931 (Simulation time: 00 hr 05 min 33 sec)
Simulation finished CPU 0 instructions: 50000000 cycles: 54845612 cumulative IPC: 0.9116 (Simulation time: 00 hr 06 min 25 sec)
Simulation complete CPU 0 instructions: 50000000 cycles: 54845612 cumulative IPC: 0.9116 (Simulation time: 00 hr 06 min 25 sec)

ChampSim completed all CPUs

=== Simulation ===
CPU 0 runs /mnt/storage/mipt/microarch/data/traces/641.leela_s-149B.champsimtrace.xz

Region of Interest Statistics

CPU 0 cumulative IPC: 0.9116 instructions: 50000000 cycles: 54845612
CPU 0 Branch Prediction Accuracy: 87.18% MPKI: 21.7 Average ROB Occupancy at Mispredict: 18.53
Branch type MPKI
BRANCH_DIRECT_JUMP: 0.1049
BRANCH_INDIRECT: 0.0134
BRANCH_CONDITIONAL: 21.54
BRANCH_DIRECT_CALL: 0.00596
BRANCH_INDIRECT_CALL: 0.0036
BRANCH_RETURN: 0.0321

cpu0->cpu0_STLB TOTAL        ACCESS:      20376 HIT:      19826 MISS:        550 MSHR_MERGE:          0
cpu0->cpu0_STLB LOAD         ACCESS:      20376 HIT:      19826 MISS:        550 MSHR_MERGE:          0
cpu0->cpu0_STLB RFO          ACCESS:          0 HIT:          0 MISS:          0 MSHR_MERGE:          0
cpu0->cpu0_STLB PREFETCH     ACCESS:          0 HIT:          0 MISS:          0 MSHR_MERGE:          0
cpu0->cpu0_STLB WRITE        ACCESS:          0 HIT:          0 MISS:          0 MSHR_MERGE:          0
cpu0->cpu0_STLB TRANSLATION  ACCESS:          0 HIT:          0 MISS:          0 MSHR_MERGE:          0
cpu0->cpu0_STLB PREFETCH REQUESTED:          0 ISSUED:          0 USEFUL:          0 USELESS:          0
cpu0->cpu0_STLB AVERAGE MISS LATENCY: 735.4 cycles
cpu0->cpu0_L2C TOTAL        ACCESS:     308625 HIT:     209003 MISS:      99622 MSHR_MERGE:          0
cpu0->cpu0_L2C LOAD         ACCESS:     137349 HIT:      77597 MISS:      59752 MSHR_MERGE:          0
cpu0->cpu0_L2C RFO          ACCESS:      66574 HIT:      27618 MISS:      38956 MSHR_MERGE:          0
cpu0->cpu0_L2C PREFETCH     ACCESS:          0 HIT:          0 MISS:          0 MSHR_MERGE:          0
cpu0->cpu0_L2C WRITE        ACCESS:     103809 HIT:     103783 MISS:         26 MSHR_MERGE:          0
cpu0->cpu0_L2C TRANSLATION  ACCESS:        893 HIT:          5 MISS:        888 MSHR_MERGE:          0
cpu0->cpu0_L2C PREFETCH REQUESTED:          0 ISSUED:          0 USEFUL:          0 USELESS:          0
cpu0->cpu0_L2C AVERAGE MISS LATENCY: 64.6 cycles
cpu0->cpu0_L1I TOTAL        ACCESS:    5637249 HIT:    5618016 MISS:      19233 MSHR_MERGE:       6711
cpu0->cpu0_L1I LOAD         ACCESS:    5637249 HIT:    5618016 MISS:      19233 MSHR_MERGE:       6711
cpu0->cpu0_L1I RFO          ACCESS:          0 HIT:          0 MISS:          0 MSHR_MERGE:          0
cpu0->cpu0_L1I PREFETCH     ACCESS:          0 HIT:          0 MISS:          0 MSHR_MERGE:          0
cpu0->cpu0_L1I WRITE        ACCESS:          0 HIT:          0 MISS:          0 MSHR_MERGE:          0
cpu0->cpu0_L1I TRANSLATION  ACCESS:          0 HIT:          0 MISS:          0 MSHR_MERGE:          0
cpu0->cpu0_L1I PREFETCH REQUESTED:          0 ISSUED:          0 USEFUL:          0 USELESS:          0
cpu0->cpu0_L1I AVERAGE MISS LATENCY: 20.79 cycles
cpu0->cpu0_L1D TOTAL        ACCESS:   15945912 HIT:   15480278 MISS:     465634 MSHR_MERGE:     273340
cpu0->cpu0_L1D LOAD         ACCESS:    9311915 HIT:    9127551 MISS:     184364 MSHR_MERGE:      59537
cpu0->cpu0_L1D RFO          ACCESS:          0 HIT:          0 MISS:          0 MSHR_MERGE:          0
cpu0->cpu0_L1D PREFETCH     ACCESS:          0 HIT:          0 MISS:          0 MSHR_MERGE:          0
cpu0->cpu0_L1D WRITE        ACCESS:    6632896 HIT:    6352519 MISS:     280377 MSHR_MERGE:     213803
cpu0->cpu0_L1D TRANSLATION  ACCESS:       1101 HIT:        208 MISS:        893 MSHR_MERGE:          0
cpu0->cpu0_L1D PREFETCH REQUESTED:          0 ISSUED:          0 USEFUL:          0 USELESS:          0
cpu0->cpu0_L1D AVERAGE MISS LATENCY: 41.18 cycles
cpu0->cpu0_ITLB TOTAL        ACCESS:    5052792 HIT:    5052242 MISS:        550 MSHR_MERGE:        260
cpu0->cpu0_ITLB LOAD         ACCESS:    5052792 HIT:    5052242 MISS:        550 MSHR_MERGE:        260
cpu0->cpu0_ITLB RFO          ACCESS:          0 HIT:          0 MISS:          0 MSHR_MERGE:          0
cpu0->cpu0_ITLB PREFETCH     ACCESS:          0 HIT:          0 MISS:          0 MSHR_MERGE:          0
cpu0->cpu0_ITLB WRITE        ACCESS:          0 HIT:          0 MISS:          0 MSHR_MERGE:          0
cpu0->cpu0_ITLB TRANSLATION  ACCESS:          0 HIT:          0 MISS:          0 MSHR_MERGE:          0
cpu0->cpu0_ITLB PREFETCH REQUESTED:          0 ISSUED:          0 USEFUL:          0 USELESS:          0
cpu0->cpu0_ITLB AVERAGE MISS LATENCY: 118.4 cycles
cpu0->cpu0_DTLB TOTAL        ACCESS:   15144766 HIT:   15118967 MISS:      25799 MSHR_MERGE:       5713
cpu0->cpu0_DTLB LOAD         ACCESS:   15144766 HIT:   15118967 MISS:      25799 MSHR_MERGE:       5713
cpu0->cpu0_DTLB RFO          ACCESS:          0 HIT:          0 MISS:          0 MSHR_MERGE:          0
cpu0->cpu0_DTLB PREFETCH     ACCESS:          0 HIT:          0 MISS:          0 MSHR_MERGE:          0
cpu0->cpu0_DTLB WRITE        ACCESS:          0 HIT:          0 MISS:          0 MSHR_MERGE:          0
cpu0->cpu0_DTLB TRANSLATION  ACCESS:          0 HIT:          0 MISS:          0 MSHR_MERGE:          0
cpu0->cpu0_DTLB PREFETCH REQUESTED:          0 ISSUED:          0 USEFUL:          0 USELESS:          0
cpu0->cpu0_DTLB AVERAGE MISS LATENCY: 23.53 cycles
cpu0->LLC TOTAL        ACCESS:     161359 HIT:     133026 MISS:      28333 MSHR_MERGE:          0
cpu0->LLC LOAD         ACCESS:      59752 HIT:      40757 MISS:      18995 MSHR_MERGE:          0
cpu0->LLC RFO          ACCESS:      38956 HIT:      30503 MISS:       8453 MSHR_MERGE:          0
cpu0->LLC PREFETCH     ACCESS:          0 HIT:          0 MISS:          0 MSHR_MERGE:          0
cpu0->LLC WRITE        ACCESS:      61763 HIT:      61761 MISS:          2 MSHR_MERGE:          0
cpu0->LLC TRANSLATION  ACCESS:        888 HIT:          5 MISS:        883 MSHR_MERGE:          0
cpu0->LLC PREFETCH REQUESTED:          0 ISSUED:          0 USEFUL:          0 USELESS:          0
cpu0->LLC AVERAGE MISS LATENCY: 173.4 cycles

DRAM Statistics

Channel 0 RQ ROW_BUFFER_HIT:       2665
  ROW_BUFFER_MISS:      25653
  AVG DBUS CONGESTED CYCLE: 14.46
Channel 0 WQ ROW_BUFFER_HIT:        504
  ROW_BUFFER_MISS:       2220
  FULL:          0
Channel 0 REFRESHES ISSUED:       4571
