[VMEM] WARNING: physical memory size is smaller than virtual memory size.
WARNING: option --warmup_instructions is deprecated. Use --warmup-instructions instead.
WARNING: option --simulation_instructions is deprecated. Use --simulation-instructions instead.

*** ChampSim Multicore Out-of-Order Simulator ***
Warmup Instructions: 10000000
Simulation Instructions: 50000000
Number of CPUs: 1
Page size: 4096

Off-chip DRAM Size: 16 GiB Channels: 1 Width: 64-bit Data Rate: 3205 MT/s
Heartbeat CPU 0 instructions: 10000001 cycles: 2524987 heartbeat IPC: 3.96 cumulative IPC: 3.96 (Simulation time: 00 hr 00 min 39 sec)
Warmup finished CPU 0 instructions: 10000001 cycles: 2524987 cumulative IPC: 3.96 (Simulation time: 00 hr 00 min 39 sec)
Warmup complete CPU 0 instructions: 10000001 cycles: 2524987 cumulative IPC: 3.96 (Simulation time: 00 hr 00 min 39 sec)
Heartbeat CPU 0 instructions: 20000001 cycles: 8924920 heartbeat IPC: 1.563 cumulative IPC: 1.563 (Simulation time: 00 hr 01 min 29 sec)
Heartbeat CPU 0 instructions: 30000005 cycles: 15125680 heartbeat IPC: 1.613 cumulative IPC: 1.587 (Simulation time: 00 hr 02 min 13 sec)
Heartbeat CPU 0 instructions: 40000006 cycles: 21351352 heartbeat IPC: 1.606 cumulative IPC: 1.594 (Simulation time: 00 hr 03 min 00 sec)
Heartbeat CPU 0 instructions: 50000006 cycles: 27541658 heartbeat IPC: 1.615 cumulative IPC: 1.599 (Simulation time: 00 hr 03 min 40 sec)
Simulation finished CPU 0 instructions: 50000003 cycles: 31256723 cumulative IPC: 1.6 (Simulation time: 00 hr 04 min 18 sec)
Simulation complete CPU 0 instructions: 50000003 cycles: 31256723 cumulative IPC: 1.6 (Simulation time: 00 hr 04 min 18 sec)

ChampSim completed all CPUs

=== Simulation ===
CPU 0 runs /mnt/storage/mipt/microarch/data/traces/648.exchange2_s-387B.champsimtrace.xz

Region of Interest Statistics

CPU 0 cumulative IPC: 1.6 instructions: 50000003 cycles: 31256723
CPU 0 Branch Prediction Accuracy: 91.94% MPKI: 13.58 Average ROB Occupancy at Mispredict: 32.14
Branch type MPKI
BRANCH_DIRECT_JUMP: 0.5307
BRANCH_INDIRECT: 0
BRANCH_CONDITIONAL: 13.04
BRANCH_DIRECT_CALL: 0.00166
BRANCH_INDIRECT_CALL: 0
BRANCH_RETURN: 0.00166

cpu0->cpu0_STLB TOTAL        ACCESS:         37 HIT:          0 MISS:         37 MSHR_MERGE:          0
cpu0->cpu0_STLB LOAD         ACCESS:         37 HIT:          0 MISS:         37 MSHR_MERGE:          0
cpu0->cpu0_STLB RFO          ACCESS:          0 HIT:          0 MISS:          0 MSHR_MERGE:          0
cpu0->cpu0_STLB PREFETCH     ACCESS:          0 HIT:          0 MISS:          0 MSHR_MERGE:          0
cpu0->cpu0_STLB WRITE        ACCESS:          0 HIT:          0 MISS:          0 MSHR_MERGE:          0
cpu0->cpu0_STLB TRANSLATION  ACCESS:          0 HIT:          0 MISS:          0 MSHR_MERGE:          0
cpu0->cpu0_STLB PREFETCH REQUESTED:          0 ISSUED:          0 USEFUL:          0 USELESS:          0
cpu0->cpu0_STLB AVERAGE MISS LATENCY: 733.1 cycles
cpu0->cpu0_L2C TOTAL        ACCESS:      23000 HIT:      21842 MISS:       1158 MSHR_MERGE:          0
cpu0->cpu0_L2C LOAD         ACCESS:      22857 HIT:      21826 MISS:       1031 MSHR_MERGE:          0
cpu0->cpu0_L2C RFO          ACCESS:         78 HIT:          8 MISS:         70 MSHR_MERGE:          0
cpu0->cpu0_L2C PREFETCH     ACCESS:          0 HIT:          0 MISS:          0 MSHR_MERGE:          0
cpu0->cpu0_L2C WRITE        ACCESS:          8 HIT:          8 MISS:          0 MSHR_MERGE:          0
cpu0->cpu0_L2C TRANSLATION  ACCESS:         57 HIT:          0 MISS:         57 MSHR_MERGE:          0
cpu0->cpu0_L2C PREFETCH REQUESTED:          0 ISSUED:          0 USEFUL:          0 USELESS:          0
cpu0->cpu0_L2C AVERAGE MISS LATENCY: 187.5 cycles
cpu0->cpu0_L1I TOTAL        ACCESS:    1424265 HIT:    1387472 MISS:      36793 MSHR_MERGE:      13980
cpu0->cpu0_L1I LOAD         ACCESS:    1424265 HIT:    1387472 MISS:      36793 MSHR_MERGE:      13980
cpu0->cpu0_L1I RFO          ACCESS:          0 HIT:          0 MISS:          0 MSHR_MERGE:          0
cpu0->cpu0_L1I PREFETCH     ACCESS:          0 HIT:          0 MISS:          0 MSHR_MERGE:          0
cpu0->cpu0_L1I WRITE        ACCESS:          0 HIT:          0 MISS:          0 MSHR_MERGE:          0
cpu0->cpu0_L1I TRANSLATION  ACCESS:          0 HIT:          0 MISS:          0 MSHR_MERGE:          0
cpu0->cpu0_L1I PREFETCH REQUESTED:          0 ISSUED:          0 USEFUL:          0 USELESS:          0
cpu0->cpu0_L1I AVERAGE MISS LATENCY: 15.02 cycles
cpu0->cpu0_L1D TOTAL        ACCESS:   13507334 HIT:   13506473 MISS:        861 MSHR_MERGE:        682
cpu0->cpu0_L1D LOAD         ACCESS:    7661270 HIT:    7661189 MISS:         81 MSHR_MERGE:         37
cpu0->cpu0_L1D RFO          ACCESS:          0 HIT:          0 MISS:          0 MSHR_MERGE:          0
cpu0->cpu0_L1D PREFETCH     ACCESS:          0 HIT:          0 MISS:          0 MSHR_MERGE:          0
cpu0->cpu0_L1D WRITE        ACCESS:    5845989 HIT:    5845266 MISS:        723 MSHR_MERGE:        645
cpu0->cpu0_L1D TRANSLATION  ACCESS:         75 HIT:         18 MISS:         57 MSHR_MERGE:          0
cpu0->cpu0_L1D PREFETCH REQUESTED:          0 ISSUED:          0 USEFUL:          0 USELESS:          0
cpu0->cpu0_L1D AVERAGE MISS LATENCY: 209.5 cycles
cpu0->cpu0_ITLB TOTAL        ACCESS:    1140566 HIT:    1140510 MISS:         56 MSHR_MERGE:         32
cpu0->cpu0_ITLB LOAD         ACCESS:    1140566 HIT:    1140510 MISS:         56 MSHR_MERGE:         32
cpu0->cpu0_ITLB RFO          ACCESS:          0 HIT:          0 MISS:          0 MSHR_MERGE:          0
cpu0->cpu0_ITLB PREFETCH     ACCESS:          0 HIT:          0 MISS:          0 MSHR_MERGE:          0
cpu0->cpu0_ITLB WRITE        ACCESS:          0 HIT:          0 MISS:          0 MSHR_MERGE:          0
cpu0->cpu0_ITLB TRANSLATION  ACCESS:          0 HIT:          0 MISS:          0 MSHR_MERGE:          0
cpu0->cpu0_ITLB PREFETCH REQUESTED:          0 ISSUED:          0 USEFUL:          0 USELESS:          0
cpu0->cpu0_ITLB AVERAGE MISS LATENCY: 716 cycles
cpu0->cpu0_DTLB TOTAL        ACCESS:   12483517 HIT:   12483473 MISS:         44 MSHR_MERGE:         31
cpu0->cpu0_DTLB LOAD         ACCESS:   12483517 HIT:   12483473 MISS:         44 MSHR_MERGE:         31
cpu0->cpu0_DTLB RFO          ACCESS:          0 HIT:          0 MISS:          0 MSHR_MERGE:          0
cpu0->cpu0_DTLB PREFETCH     ACCESS:          0 HIT:          0 MISS:          0 MSHR_MERGE:          0
cpu0->cpu0_DTLB WRITE        ACCESS:          0 HIT:          0 MISS:          0 MSHR_MERGE:          0
cpu0->cpu0_DTLB TRANSLATION  ACCESS:          0 HIT:          0 MISS:          0 MSHR_MERGE:          0
cpu0->cpu0_DTLB PREFETCH REQUESTED:          0 ISSUED:          0 USEFUL:          0 USELESS:          0
cpu0->cpu0_DTLB AVERAGE MISS LATENCY: 781.8 cycles
cpu0->LLC TOTAL        ACCESS:       1158 HIT:          0 MISS:       1158 MSHR_MERGE:          0
cpu0->LLC LOAD         ACCESS:       1031 HIT:          0 MISS:       1031 MSHR_MERGE:          0
cpu0->LLC RFO          ACCESS:         70 HIT:          0 MISS:         70 MSHR_MERGE:          0
cpu0->LLC PREFETCH     ACCESS:          0 HIT:          0 MISS:          0 MSHR_MERGE:          0
cpu0->LLC WRITE        ACCESS:          0 HIT:          0 MISS:          0 MSHR_MERGE:          0
cpu0->LLC TRANSLATION  ACCESS:         57 HIT:          0 MISS:         57 MSHR_MERGE:          0
cpu0->LLC PREFETCH REQUESTED:          0 ISSUED:          0 USEFUL:          0 USELESS:          0
cpu0->LLC AVERAGE MISS LATENCY: 171.5 cycles

DRAM Statistics

Channel 0 RQ ROW_BUFFER_HIT:         45
  ROW_BUFFER_MISS:       1113
  AVG DBUS CONGESTED CYCLE: 2.974
Channel 0 WQ ROW_BUFFER_HIT:          0
  ROW_BUFFER_MISS:          0
  FULL:          0
Channel 0 REFRESHES ISSUED:       2605
