[VMEM] WARNING: physical memory size is smaller than virtual memory size.
WARNING: option --warmup_instructions is deprecated. Use --warmup-instructions instead.
WARNING: option --simulation_instructions is deprecated. Use --simulation-instructions instead.

*** ChampSim Multicore Out-of-Order Simulator ***
Warmup Instructions: 10000000
Simulation Instructions: 50000000
Number of CPUs: 1
Page size: 4096

Off-chip DRAM Size: 16 GiB Channels: 1 Width: 64-bit Data Rate: 3205 MT/s
Heartbeat CPU 0 instructions: 10000002 cycles: 2777504 heartbeat IPC: 3.6 cumulative IPC: 3.6 (Simulation time: 00 hr 00 min 34 sec)
Warmup finished CPU 0 instructions: 10000002 cycles: 2777504 cumulative IPC: 3.6 (Simulation time: 00 hr 00 min 34 sec)
Warmup complete CPU 0 instructions: 10000002 cycles: 2777504 cumulative IPC: 3.6 (Simulation time: 00 hr 00 min 34 sec)
Heartbeat CPU 0 instructions: 20000005 cycles: 12097827 heartbeat IPC: 1.073 cumulative IPC: 1.073 (Simulation time: 00 hr 02 min 10 sec)
Heartbeat CPU 0 instructions: 30000007 cycles: 19333330 heartbeat IPC: 1.382 cumulative IPC: 1.208 (Simulation time: 00 hr 03 min 20 sec)
Heartbeat CPU 0 instructions: 40000010 cycles: 28752472 heartbeat IPC: 1.062 cumulative IPC: 1.155 (Simulation time: 00 hr 04 min 29 sec)
Heartbeat CPU 0 instructions: 50000012 cycles: 35858088 heartbeat IPC: 1.407 cumulative IPC: 1.209 (Simulation time: 00 hr 05 min 22 sec)
Simulation finished CPU 0 instructions: 50000001 cycles: 42444121 cumulative IPC: 1.178 (Simulation time: 00 hr 06 min 28 sec)
Simulation complete CPU 0 instructions: 50000001 cycles: 42444121 cumulative IPC: 1.178 (Simulation time: 00 hr 06 min 28 sec)

ChampSim completed all CPUs

=== Simulation ===
CPU 0 runs /mnt/storage/mipt/microarch/data/traces/654.roms_s-293B.champsimtrace.xz

Region of Interest Statistics

CPU 0 cumulative IPC: 1.178 instructions: 50000001 cycles: 42444121
CPU 0 Branch Prediction Accuracy: 99.79% MPKI: 0.02736 Average ROB Occupancy at Mispredict: 321.4
Branch type MPKI
BRANCH_DIRECT_JUMP: 0
BRANCH_INDIRECT: 0
BRANCH_CONDITIONAL: 0.02736
BRANCH_DIRECT_CALL: 0
BRANCH_INDIRECT_CALL: 0
BRANCH_RETURN: 0

cpu0->cpu0_STLB TOTAL        ACCESS:      14245 HIT:       9205 MISS:       5040 MSHR_MERGE:          0
cpu0->cpu0_STLB LOAD         ACCESS:      14245 HIT:       9205 MISS:       5040 MSHR_MERGE:          0
cpu0->cpu0_STLB RFO          ACCESS:          0 HIT:          0 MISS:          0 MSHR_MERGE:          0
cpu0->cpu0_STLB PREFETCH     ACCESS:          0 HIT:          0 MISS:          0 MSHR_MERGE:          0
cpu0->cpu0_STLB WRITE        ACCESS:          0 HIT:          0 MISS:          0 MSHR_MERGE:          0
cpu0->cpu0_STLB TRANSLATION  ACCESS:          0 HIT:          0 MISS:          0 MSHR_MERGE:          0
cpu0->cpu0_STLB PREFETCH REQUESTED:          0 ISSUED:          0 USEFUL:          0 USELESS:          0
cpu0->cpu0_STLB AVERAGE MISS LATENCY: 886.7 cycles
cpu0->cpu0_L2C TOTAL        ACCESS:     878798 HIT:     357055 MISS:     521743 MSHR_MERGE:          0
cpu0->cpu0_L2C LOAD         ACCESS:     366073 HIT:     103741 MISS:     262332 MSHR_MERGE:          0
cpu0->cpu0_L2C RFO          ACCESS:     250792 HIT:        900 MISS:     249892 MSHR_MERGE:          0
cpu0->cpu0_L2C PREFETCH     ACCESS:          0 HIT:          0 MISS:          0 MSHR_MERGE:          0
cpu0->cpu0_L2C WRITE        ACCESS:     251769 HIT:     251389 MISS:        380 MSHR_MERGE:          0
cpu0->cpu0_L2C TRANSLATION  ACCESS:      10164 HIT:       1025 MISS:       9139 MSHR_MERGE:          0
cpu0->cpu0_L2C PREFETCH REQUESTED:          0 ISSUED:          0 USEFUL:          0 USELESS:          0
cpu0->cpu0_L2C AVERAGE MISS LATENCY: 171.4 cycles
cpu0->cpu0_L1I TOTAL        ACCESS:   10012494 HIT:   10012494 MISS:          0 MSHR_MERGE:          0
cpu0->cpu0_L1I LOAD         ACCESS:   10012494 HIT:   10012494 MISS:          0 MSHR_MERGE:          0
cpu0->cpu0_L1I RFO          ACCESS:          0 HIT:          0 MISS:          0 MSHR_MERGE:          0
cpu0->cpu0_L1I PREFETCH     ACCESS:          0 HIT:          0 MISS:          0 MSHR_MERGE:          0
cpu0->cpu0_L1I WRITE        ACCESS:          0 HIT:          0 MISS:          0 MSHR_MERGE:          0
cpu0->cpu0_L1I TRANSLATION  ACCESS:          0 HIT:          0 MISS:          0 MSHR_MERGE:          0
cpu0->cpu0_L1I PREFETCH REQUESTED:          0 ISSUED:          0 USEFUL:          0 USELESS:          0
cpu0->cpu0_L1I AVERAGE MISS LATENCY: - cycles
cpu0->cpu0_L1D TOTAL        ACCESS:   15663018 HIT:   14164714 MISS:    1498304 MSHR_MERGE:     871231
cpu0->cpu0_L1D LOAD         ACCESS:   11026381 HIT:   10399932 MISS:     626449 MSHR_MERGE:     260376
cpu0->cpu0_L1D RFO          ACCESS:          0 HIT:          0 MISS:          0 MSHR_MERGE:          0
cpu0->cpu0_L1D PREFETCH     ACCESS:          0 HIT:          0 MISS:          0 MSHR_MERGE:          0
cpu0->cpu0_L1D WRITE        ACCESS:    4623968 HIT:    3762326 MISS:     861642 MSHR_MERGE:     610806
cpu0->cpu0_L1D TRANSLATION  ACCESS:      12669 HIT:       2456 MISS:      10213 MSHR_MERGE:         49
cpu0->cpu0_L1D PREFETCH REQUESTED:          0 ISSUED:          0 USEFUL:          0 USELESS:          0
cpu0->cpu0_L1D AVERAGE MISS LATENCY: 151.5 cycles
cpu0->cpu0_ITLB TOTAL        ACCESS:    7429650 HIT:    7429650 MISS:          0 MSHR_MERGE:          0
cpu0->cpu0_ITLB LOAD         ACCESS:    7429650 HIT:    7429650 MISS:          0 MSHR_MERGE:          0
cpu0->cpu0_ITLB RFO          ACCESS:          0 HIT:          0 MISS:          0 MSHR_MERGE:          0
cpu0->cpu0_ITLB PREFETCH     ACCESS:          0 HIT:          0 MISS:          0 MSHR_MERGE:          0
cpu0->cpu0_ITLB WRITE        ACCESS:          0 HIT:          0 MISS:          0 MSHR_MERGE:          0
cpu0->cpu0_ITLB TRANSLATION  ACCESS:          0 HIT:          0 MISS:          0 MSHR_MERGE:          0
cpu0->cpu0_ITLB PREFETCH REQUESTED:          0 ISSUED:          0 USEFUL:          0 USELESS:          0
cpu0->cpu0_ITLB AVERAGE MISS LATENCY: - cycles
cpu0->cpu0_DTLB TOTAL        ACCESS:   14817059 HIT:   14778708 MISS:      38351 MSHR_MERGE:      24106
cpu0->cpu0_DTLB LOAD         ACCESS:   14817059 HIT:   14778708 MISS:      38351 MSHR_MERGE:      24106
cpu0->cpu0_DTLB RFO          ACCESS:          0 HIT:          0 MISS:          0 MSHR_MERGE:          0
cpu0->cpu0_DTLB PREFETCH     ACCESS:          0 HIT:          0 MISS:          0 MSHR_MERGE:          0
cpu0->cpu0_DTLB WRITE        ACCESS:          0 HIT:          0 MISS:          0 MSHR_MERGE:          0
cpu0->cpu0_DTLB TRANSLATION  ACCESS:          0 HIT:          0 MISS:          0 MSHR_MERGE:          0
cpu0->cpu0_DTLB PREFETCH REQUESTED:          0 ISSUED:          0 USEFUL:          0 USELESS:          0
cpu0->cpu0_DTLB AVERAGE MISS LATENCY: 319.1 cycles
cpu0->LLC TOTAL        ACCESS:     773669 HIT:     430967 MISS:     342702 MSHR_MERGE:          0
cpu0->LLC LOAD         ACCESS:     262332 HIT:     119321 MISS:     143011 MSHR_MERGE:          0
cpu0->LLC RFO          ACCESS:     249892 HIT:      59294 MISS:     190598 MSHR_MERGE:          0
cpu0->LLC PREFETCH     ACCESS:          0 HIT:          0 MISS:          0 MSHR_MERGE:          0
cpu0->LLC WRITE        ACCESS:     252306 HIT:     252258 MISS:         48 MSHR_MERGE:          0
cpu0->LLC TRANSLATION  ACCESS:       9139 HIT:         94 MISS:       9045 MSHR_MERGE:          0
cpu0->LLC PREFETCH REQUESTED:          0 ISSUED:          0 USEFUL:          0 USELESS:          0
cpu0->LLC AVERAGE MISS LATENCY: 237.1 cycles

DRAM Statistics

Channel 0 RQ ROW_BUFFER_HIT:       1722
  ROW_BUFFER_MISS:     340226
  AVG DBUS CONGESTED CYCLE: 6.917
Channel 0 WQ ROW_BUFFER_HIT:      64231
  ROW_BUFFER_MISS:     150641
  FULL:          0
Channel 0 REFRESHES ISSUED:       3537
