[VMEM] WARNING: physical memory size is smaller than virtual memory size.
WARNING: option --warmup_instructions is deprecated. Use --warmup-instructions instead.
WARNING: option --simulation_instructions is deprecated. Use --simulation-instructions instead.

*** ChampSim Multicore Out-of-Order Simulator ***
Warmup Instructions: 10000000
Simulation Instructions: 50000000
Number of CPUs: 1
Page size: 4096

Off-chip DRAM Size: 16 GiB Channels: 1 Width: 64-bit Data Rate: 3205 MT/s
Heartbeat CPU 0 instructions: 10000000 cycles: 2534693 heartbeat IPC: 3.945 cumulative IPC: 3.945 (Simulation time: 00 hr 00 min 25 sec)
Warmup finished CPU 0 instructions: 10000000 cycles: 2534693 cumulative IPC: 3.945 (Simulation time: 00 hr 00 min 25 sec)
Warmup complete CPU 0 instructions: 10000000 cycles: 2534693 cumulative IPC: 3.945 (Simulation time: 00 hr 00 min 25 sec)
Heartbeat CPU 0 instructions: 20000001 cycles: 9518268 heartbeat IPC: 1.432 cumulative IPC: 1.432 (Simulation time: 00 hr 01 min 15 sec)
Heartbeat CPU 0 instructions: 30000001 cycles: 16672139 heartbeat IPC: 1.398 cumulative IPC: 1.415 (Simulation time: 00 hr 01 min 55 sec)
Heartbeat CPU 0 instructions: 40000004 cycles: 23838960 heartbeat IPC: 1.395 cumulative IPC: 1.408 (Simulation time: 00 hr 02 min 33 sec)
Heartbeat CPU 0 instructions: 50000007 cycles: 30952491 heartbeat IPC: 1.406 cumulative IPC: 1.408 (Simulation time: 00 hr 03 min 11 sec)
Simulation finished CPU 0 instructions: 50000001 cycles: 35622406 cumulative IPC: 1.404 (Simulation time: 00 hr 03 min 47 sec)
Simulation complete CPU 0 instructions: 50000001 cycles: 35622406 cumulative IPC: 1.404 (Simulation time: 00 hr 03 min 47 sec)

ChampSim completed all CPUs

=== Simulation ===
CPU 0 runs /mnt/storage/mipt/microarch/data/traces/657.xz_s-4994B.champsimtrace.xz

Region of Interest Statistics

CPU 0 cumulative IPC: 1.404 instructions: 50000001 cycles: 35622406
CPU 0 Branch Prediction Accuracy: 85.84% MPKI: 14.84 Average ROB Occupancy at Mispredict: 29.04
Branch type MPKI
BRANCH_DIRECT_JUMP: 0.00012
BRANCH_INDIRECT: 0.00102
BRANCH_CONDITIONAL: 14.84
BRANCH_DIRECT_CALL: 0
BRANCH_INDIRECT_CALL: 0
BRANCH_RETURN: 2e-05

cpu0->cpu0_STLB TOTAL        ACCESS:        308 HIT:        153 MISS:        155 MSHR_MERGE:          0
cpu0->cpu0_STLB LOAD         ACCESS:        308 HIT:        153 MISS:        155 MSHR_MERGE:          0
cpu0->cpu0_STLB RFO          ACCESS:          0 HIT:          0 MISS:          0 MSHR_MERGE:          0
cpu0->cpu0_STLB PREFETCH     ACCESS:          0 HIT:          0 MISS:          0 MSHR_MERGE:          0
cpu0->cpu0_STLB WRITE        ACCESS:          0 HIT:          0 MISS:          0 MSHR_MERGE:          0
cpu0->cpu0_STLB TRANSLATION  ACCESS:          0 HIT:          0 MISS:          0 MSHR_MERGE:          0
cpu0->cpu0_STLB PREFETCH REQUESTED:          0 ISSUED:          0 USEFUL:          0 USELESS:          0
cpu0->cpu0_STLB AVERAGE MISS LATENCY: 675.6 cycles
cpu0->cpu0_L2C TOTAL        ACCESS:      31336 HIT:      21956 MISS:       9380 MSHR_MERGE:          0
cpu0->cpu0_L2C LOAD         ACCESS:       9173 HIT:       6555 MISS:       2618 MSHR_MERGE:          0
cpu0->cpu0_L2C RFO          ACCESS:       9494 HIT:       2983 MISS:       6511 MSHR_MERGE:          0
cpu0->cpu0_L2C PREFETCH     ACCESS:          0 HIT:          0 MISS:          0 MSHR_MERGE:          0
cpu0->cpu0_L2C WRITE        ACCESS:      12417 HIT:      12360 MISS:         57 MSHR_MERGE:          0
cpu0->cpu0_L2C TRANSLATION  ACCESS:        252 HIT:         58 MISS:        194 MSHR_MERGE:          0
cpu0->cpu0_L2C PREFETCH REQUESTED:          0 ISSUED:          0 USEFUL:          0 USELESS:          0
cpu0->cpu0_L2C AVERAGE MISS LATENCY: 163.6 cycles
cpu0->cpu0_L1I TOTAL        ACCESS:    1213092 HIT:    1213085 MISS:          7 MSHR_MERGE:          1
cpu0->cpu0_L1I LOAD         ACCESS:    1213092 HIT:    1213085 MISS:          7 MSHR_MERGE:          1
cpu0->cpu0_L1I RFO          ACCESS:          0 HIT:          0 MISS:          0 MSHR_MERGE:          0
cpu0->cpu0_L1I PREFETCH     ACCESS:          0 HIT:          0 MISS:          0 MSHR_MERGE:          0
cpu0->cpu0_L1I WRITE        ACCESS:          0 HIT:          0 MISS:          0 MSHR_MERGE:          0
cpu0->cpu0_L1I TRANSLATION  ACCESS:          0 HIT:          0 MISS:          0 MSHR_MERGE:          0
cpu0->cpu0_L1I PREFETCH REQUESTED:          0 ISSUED:          0 USEFUL:          0 USELESS:          0
cpu0->cpu0_L1I AVERAGE MISS LATENCY: 234.5 cycles
cpu0->cpu0_L1D TOTAL        ACCESS:    7872428 HIT:    7806999 MISS:      65429 MSHR_MERGE:      46516
cpu0->cpu0_L1D LOAD         ACCESS:    4747787 HIT:    4735792 MISS:      11995 MSHR_MERGE:       2828
cpu0->cpu0_L1D RFO          ACCESS:          0 HIT:          0 MISS:          0 MSHR_MERGE:          0
cpu0->cpu0_L1D PREFETCH     ACCESS:          0 HIT:          0 MISS:          0 MSHR_MERGE:          0
cpu0->cpu0_L1D WRITE        ACCESS:    3124331 HIT:    3071149 MISS:      53182 MSHR_MERGE:      43688
cpu0->cpu0_L1D TRANSLATION  ACCESS:        310 HIT:         58 MISS:        252 MSHR_MERGE:          0
cpu0->cpu0_L1D PREFETCH REQUESTED:          0 ISSUED:          0 USEFUL:          0 USELESS:          0
cpu0->cpu0_L1D AVERAGE MISS LATENCY: 89.54 cycles
cpu0->cpu0_ITLB TOTAL        ACCESS:    1082801 HIT:    1082801 MISS:          0 MSHR_MERGE:          0
cpu0->cpu0_ITLB LOAD         ACCESS:    1082801 HIT:    1082801 MISS:          0 MSHR_MERGE:          0
cpu0->cpu0_ITLB RFO          ACCESS:          0 HIT:          0 MISS:          0 MSHR_MERGE:          0
cpu0->cpu0_ITLB PREFETCH     ACCESS:          0 HIT:          0 MISS:          0 MSHR_MERGE:          0
cpu0->cpu0_ITLB WRITE        ACCESS:          0 HIT:          0 MISS:          0 MSHR_MERGE:          0
cpu0->cpu0_ITLB TRANSLATION  ACCESS:          0 HIT:          0 MISS:          0 MSHR_MERGE:          0
cpu0->cpu0_ITLB PREFETCH REQUESTED:          0 ISSUED:          0 USEFUL:          0 USELESS:          0
cpu0->cpu0_ITLB AVERAGE MISS LATENCY: - cycles
cpu0->cpu0_DTLB TOTAL        ACCESS:    7421071 HIT:    7419950 MISS:       1121 MSHR_MERGE:        813
cpu0->cpu0_DTLB LOAD         ACCESS:    7421071 HIT:    7419950 MISS:       1121 MSHR_MERGE:        813
cpu0->cpu0_DTLB RFO          ACCESS:          0 HIT:          0 MISS:          0 MSHR_MERGE:          0
cpu0->cpu0_DTLB PREFETCH     ACCESS:          0 HIT:          0 MISS:          0 MSHR_MERGE:          0
cpu0->cpu0_DTLB WRITE        ACCESS:          0 HIT:          0 MISS:          0 MSHR_MERGE:          0
cpu0->cpu0_DTLB TRANSLATION  ACCESS:          0 HIT:          0 MISS:          0 MSHR_MERGE:          0
cpu0->cpu0_DTLB PREFETCH REQUESTED:          0 ISSUED:          0 USEFUL:          0 USELESS:          0
cpu0->cpu0_DTLB AVERAGE MISS LATENCY: 345.5 cycles
cpu0->LLC TOTAL        ACCESS:      11554 HIT:       2295 MISS:       9259 MSHR_MERGE:          0
cpu0->LLC LOAD         ACCESS:       2618 HIT:         64 MISS:       2554 MSHR_MERGE:          0
cpu0->LLC RFO          ACCESS:       6511 HIT:          0 MISS:       6511 MSHR_MERGE:          0
cpu0->LLC PREFETCH     ACCESS:          0 HIT:          0 MISS:          0 MSHR_MERGE:          0
cpu0->LLC WRITE        ACCESS:       2231 HIT:       2231 MISS:          0 MSHR_MERGE:          0
cpu0->LLC TRANSLATION  ACCESS:        194 HIT:          0 MISS:        194 MSHR_MERGE:          0
cpu0->LLC PREFETCH REQUESTED:          0 ISSUED:          0 USEFUL:          0 USELESS:          0
cpu0->LLC AVERAGE MISS LATENCY: 149.6 cycles

DRAM Statistics

Channel 0 RQ ROW_BUFFER_HIT:       2081
  ROW_BUFFER_MISS:       7178
  AVG DBUS CONGESTED CYCLE: 2.72
Channel 0 WQ ROW_BUFFER_HIT:          0
  ROW_BUFFER_MISS:          0
  FULL:          0
Channel 0 REFRESHES ISSUED:       2968
